seed123_E0_step14500 0 0 0 0.8529449090128765
seed123_E0_step14500 0 0 1 0.09362858405802399
seed123_E0_step14500 0 0 2 0.09103433007840067
seed123_E0_step14500 0 0 3 0.08917260309681296
seed123_E0_step14500 0 0 4 0.08889034506864846
seed123_E0_step14500 0 0 5 0.09044754900969565
seed123_E0_step14500 0 0 6 0.09151273302268237
seed123_E0_step14500 0 0 7 0.09157551394309849
seed123_E0_step14500 0 0 8 0.09434363001491874
seed123_E0_step14500 0 0 9 0.10259022994432598
seed123_E0_step14500 0 1 0 0.10736836597789079
seed123_E0_step14500 0 1 1 0.09537356696091592
seed123_E0_step14500 0 1 2 0.09323161595966667
seed123_E0_step14500 0 1 3 0.09182883810717613
seed123_E0_step14500 0 1 4 0.08974800200667232
seed123_E0_step14500 0 1 5 0.10174653900321573
seed123_E0_step14500 0 1 6 0.09211902099195868
seed123_E0_step14500 0 1 7 0.08956339000724256
seed123_E0_step14500 0 1 8 0.08918395405635238
seed123_E0_step14500 0 1 9 0.08959280711133033
seed123_E0_step14500 0 2 0 0.08932683803141117
seed123_E0_step14500 0 2 1 0.0924677369184792
seed123_E0_step14500 0 2 2 0.09651028702501208
seed123_E0_step14500 0 2 3 0.09201163600664586
seed123_E0_step14500 0 2 4 0.09343656804412603
seed123_E0_step14500 0 2 5 0.09349137195385993
seed123_E0_step14500 0 2 6 0.09552837209776044
seed123_E0_step14500 0 2 7 0.09045899996999651
seed123_E0_step14500 0 2 8 0.090169706963934
seed123_E0_step14500 0 2 9 0.09930686792358756
seed123_E0_step14500 0 3 0 0.09123320889193565
seed123_E0_step14500 0 3 1 0.0917277040425688
seed123_E0_step14500 0 3 2 0.09226583002600819
seed123_E0_step14500 0 3 3 0.0903069389751181
seed123_E0_step14500 0 3 4 0.09384308301378042
seed123_E0_step14500 0 3 5 0.0938295479863882
seed123_E0_step14500 0 3 6 0.09188806894235313
seed123_E0_step14500 0 3 7 0.09341150894761086
seed123_E0_step14500 0 3 8 0.09404148207977414
seed123_E0_step14500 0 3 9 0.0931656090542674
seed123_E0_step14500 0 4 0 0.09162122895941138
seed123_E0_step14500 0 4 1 0.08880768704693764
seed123_E0_step14500 0 4 2 0.09038904507178813
seed123_E0_step14500 0 4 3 0.09194006898906082
seed123_E0_step14500 0 4 4 0.09264873201027513
seed123_E0_step14500 0 4 5 0.09139178204350173
seed123_E0_step14500 0 4 6 0.09055160696152598
seed123_E0_step14500 0 4 7 0.09534868900664151
seed123_E0_step14500 0 4 8 0.08932008501142263
seed123_E0_step14500 0 4 9 0.0898335250094533
seed123_E0_step14500 0 5 0 0.09027914691250771
seed123_E0_step14500 0 5 1 0.08807743096258491
seed123_E0_step14500 0 5 2 0.10455673502292484
seed123_E0_step14500 0 5 3 0.0940437070094049
seed123_E0_step14500 0 5 4 0.0920640459517017
seed123_E0_step14500 0 5 5 0.09058221499435604
seed123_E0_step14500 0 5 6 0.09250483708456159
seed123_E0_step14500 0 5 7 0.0914665040327236
seed123_E0_step14500 0 5 8 0.08988582494203001
seed123_E0_step14500 0 5 9 0.08953711797948927
seed123_E0_step14500 0 6 0 0.09017746103927493
seed123_E0_step14500 0 6 1 0.08993480796925724
seed123_E0_step14500 0 6 2 0.09565831010695547
seed123_E0_step14500 0 6 3 0.09375951299443841
seed123_E0_step14500 0 6 4 0.09195991605520248
seed123_E0_step14500 0 6 5 0.09679602307733148
seed123_E0_step14500 0 6 6 0.09381469897925854
seed123_E0_step14500 0 6 7 0.09479589201509953
seed123_E0_step14500 0 6 8 0.09201563301030546
seed123_E0_step14500 0 6 9 0.09021777904126793
seed123_E0_step14500 0 7 0 0.09473553800489753
seed123_E0_step14500 0 7 1 0.09189662395510823
seed123_E0_step14500 0 7 2 0.09066176693886518
seed123_E0_step14500 0 7 3 0.09500187705270946
seed123_E0_step14500 0 7 4 0.09793851501308382
seed123_E0_step14500 0 7 5 0.09202006098348647
seed123_E0_step14500 0 7 6 0.099584368057549
seed123_E0_step14500 0 7 7 0.0955381509847939
seed123_E0_step14500 0 7 8 0.09774076705798507
seed123_E0_step14500 0 7 9 0.09297761996276677
seed123_E0_step14500 0 8 0 0.09270201402250677
seed123_E0_step14500 0 8 1 0.09371224301867187
seed123_E0_step14500 0 8 2 0.09254845906980336
seed123_E0_step14500 0 8 3 0.0943302430678159
seed123_E0_step14500 0 8 4 0.0968567980453372
seed123_E0_step14500 0 8 5 0.09619892202317715
seed123_E0_step14500 0 8 6 0.09261495608370751
seed123_E0_step14500 0 8 7 0.09297619701828808
seed123_E0_step14500 0 8 8 0.09407641808502376
seed123_E0_step14500 0 8 9 0.09552227007225156
seed123_E0_step14500 0 9 0 0.09406842302996665
seed123_E0_step14500 0 9 1 0.09285798098426312
seed123_E0_step14500 0 9 2 0.09492587996646762
seed123_E0_step14500 0 9 3 0.09461701998952776
seed123_E0_step14500 0 9 4 0.09288568398915231
seed123_E0_step14500 0 9 5 0.09292792400810868
seed123_E0_step14500 0 9 6 0.09498218796215951
seed123_E0_step14500 0 9 7 0.09526224306318909
seed123_E0_step14500 0 9 8 0.0937311080051586
seed123_E0_step14500 0 9 9 0.09868747496511787
seed123_E0_step14500 6 0 0 0.1542610649485141
seed123_E0_step14500 6 0 1 0.14941947802435607
seed123_E0_step14500 6 0 2 0.1448029800085351
seed123_E0_step14500 6 0 3 0.14912974496837705
seed123_E0_step14500 6 0 4 0.14844316395465285
seed123_E0_step14500 6 0 5 0.15048938198015094
seed123_E0_step14500 6 0 6 0.1503051290055737
seed123_E0_step14500 6 0 7 0.14549636491574347
seed123_E0_step14500 6 0 8 0.14719852595590055
seed123_E0_step14500 6 0 9 0.14754777308553457
seed123_E0_step14500 6 1 0 0.15086428704671562
seed123_E0_step14500 6 1 1 0.15041861589998007
seed123_E0_step14500 6 1 2 0.15011770091950893
seed123_E0_step14500 6 1 3 0.14720995794050395
seed123_E0_step14500 6 1 4 0.14496191404759884
seed123_E0_step14500 6 1 5 0.15145037602633238
seed123_E0_step14500 6 1 6 0.1439167979406193
seed123_E0_step14500 6 1 7 0.14739467098843306
seed123_E0_step14500 6 1 8 0.14228507096413523
seed123_E0_step14500 6 1 9 0.14313602598849684
seed123_E0_step14500 6 2 0 0.14905391889624298
seed123_E0_step14500 6 2 1 0.14466517709661275
seed123_E0_step14500 6 2 2 0.14539537101518363
seed123_E0_step14500 6 2 3 0.1475233050296083
seed123_E0_step14500 6 2 4 0.14999213092960417
seed123_E0_step14500 6 2 5 0.14568677707575262
seed123_E0_step14500 6 2 6 0.15198803192470223
seed123_E0_step14500 6 2 7 0.14941688301041722
seed123_E0_step14500 6 2 8 0.14978677802719176
seed123_E0_step14500 6 2 9 0.14357769000343978
seed123_E0_step14500 6 3 0 0.14957755897194147
seed123_E0_step14500 6 3 1 0.14749792707152665
seed123_E0_step14500 6 3 2 0.14604204602073878
seed123_E0_step14500 6 3 3 0.14601088699419051
seed123_E0_step14500 6 3 4 0.15205716399941593
seed123_E0_step14500 6 3 5 0.14365331397857517
seed123_E0_step14500 6 3 6 0.14083093299996108
seed123_E0_step14500 6 3 7 0.1454951810883358
seed123_E0_step14500 6 3 8 0.14870321797206998
seed123_E0_step14500 6 3 9 0.14306361798662692
seed123_E0_step14500 6 4 0 0.14388271200004965
seed123_E0_step14500 6 4 1 0.14591776893939823
seed123_E0_step14500 6 4 2 0.1458725519478321
seed123_E0_step14500 6 4 3 0.14501857094001025
seed123_E0_step14500 6 4 4 0.1506643140455708
seed123_E0_step14500 6 4 5 0.1483150569256395
seed123_E0_step14500 6 4 6 0.14441056898795068
seed123_E0_step14500 6 4 7 0.1502371879760176
seed123_E0_step14500 6 4 8 0.15295501798391342
seed123_E0_step14500 6 4 9 0.1428755479864776
seed123_E0_step14500 6 5 0 0.14617895695846528
seed123_E0_step14500 6 5 1 0.14415948989335448
seed123_E0_step14500 6 5 2 0.14858835900668055
seed123_E0_step14500 6 5 3 0.14372581196948886
seed123_E0_step14500 6 5 4 0.14380266901571304
seed123_E0_step14500 6 5 5 0.1529001441085711
seed123_E0_step14500 6 5 6 0.14546327898278832
seed123_E0_step14500 6 5 7 0.14455492503475398
seed123_E0_step14500 6 5 8 0.1474998890189454
seed123_E0_step14500 6 5 9 0.14448860799893737
seed123_E0_step14500 6 6 0 0.14957113401032984
seed123_E0_step14500 6 6 1 0.14727111300453544
seed123_E0_step14500 6 6 2 0.14900218800175935
seed123_E0_step14500 6 6 3 0.1483112690038979
seed123_E0_step14500 6 6 4 0.14583075197879225
seed123_E0_step14500 6 6 5 0.1515574980294332
seed123_E0_step14500 6 6 6 0.14463135099504143
seed123_E0_step14500 6 6 7 0.14210230996832252
seed123_E0_step14500 6 6 8 0.1463208160130307
seed123_E0_step14500 6 6 9 0.14711103704757988
seed123_E0_step14500 6 7 0 0.14591409999411553
seed123_E0_step14500 6 7 1 0.14618285291362554
seed123_E0_step14500 6 7 2 0.14947278599720448
seed123_E0_step14500 6 7 3 0.1444489120040089
seed123_E0_step14500 6 7 4 0.15053988504223526
seed123_E0_step14500 6 7 5 0.14781837700866163
seed123_E0_step14500 6 7 6 0.14688937191385776
seed123_E0_step14500 6 7 7 0.14870702393818647
seed123_E0_step14500 6 7 8 0.15741805103607476
seed123_E0_step14500 6 7 9 0.15755109500605613
seed123_E0_step14500 6 8 0 0.15784381504636258
seed123_E0_step14500 6 8 1 0.14450935705099255
seed123_E0_step14500 6 8 2 0.16038574906997383
seed123_E0_step14500 6 8 3 0.15279662399552763
seed123_E0_step14500 6 8 4 0.1539767290232703
seed123_E0_step14500 6 8 5 0.15118986601009965
seed123_E0_step14500 6 8 6 0.14362452691420913
seed123_E0_step14500 6 8 7 0.14509408292360604
seed123_E0_step14500 6 8 8 0.1581419330323115
seed123_E0_step14500 6 8 9 0.15223744499962777
seed123_E0_step14500 6 9 0 0.1461006059544161
seed123_E0_step14500 6 9 1 0.14468710601795465
seed123_E0_step14500 6 9 2 0.14727863494772464
seed123_E0_step14500 6 9 3 0.1474832269595936
seed123_E0_step14500 6 9 4 0.15347532997839153
seed123_E0_step14500 6 9 5 0.15104989800602198
seed123_E0_step14500 6 9 6 0.14280119305476546
seed123_E0_step14500 6 9 7 0.14247726497706026
seed123_E0_step14500 6 9 8 0.14770234399475157
seed123_E0_step14500 6 9 9 0.14423739700578153
seed123_E0_step14500 9 0 0 0.04973166191484779
seed123_E0_step14500 9 0 1 0.041395329986698925
seed123_E0_step14500 9 0 2 0.04166068695485592
seed123_E0_step14500 9 0 3 0.0427917669294402
seed123_E0_step14500 9 0 4 0.0439171870239079
seed123_E0_step14500 9 0 5 0.04286972596310079
seed123_E0_step14500 9 0 6 0.04308256192598492
seed123_E0_step14500 9 0 7 0.04275255207903683
seed123_E0_step14500 9 0 8 0.041510540060698986
seed123_E0_step14500 9 0 9 0.04166541597805917
seed123_E0_step14500 9 1 0 0.0414399360306561
seed123_E0_step14500 9 1 1 0.04349774506408721
seed123_E0_step14500 9 1 2 0.04216238495428115
seed123_E0_step14500 9 1 3 0.04316550097428262
seed123_E0_step14500 9 1 4 0.04262086097151041
seed123_E0_step14500 9 1 5 0.044596594059839845
seed123_E0_step14500 9 1 6 0.04389798000920564
seed123_E0_step14500 9 1 7 0.041546197957359254
seed123_E0_step14500 9 1 8 0.04334517405368388
seed123_E0_step14500 9 1 9 0.042789422906935215
seed123_E0_step14500 9 2 0 0.04213599406648427
seed123_E0_step14500 9 2 1 0.042911786935292184
seed123_E0_step14500 9 2 2 0.04240728192962706
seed123_E0_step14500 9 2 3 0.042099714977666736
seed123_E0_step14500 9 2 4 0.04159281705506146
seed123_E0_step14500 9 2 5 0.04600719804875553
seed123_E0_step14500 9 2 6 0.04495975701138377
seed123_E0_step14500 9 2 7 0.04275129898451269
seed123_E0_step14500 9 2 8 0.04409605800174177
seed123_E0_step14500 9 2 9 0.043966982048004866
seed123_E0_step14500 9 3 0 0.04333982395473868
seed123_E0_step14500 9 3 1 0.042389868991449475
seed123_E0_step14500 9 3 2 0.04941842402331531
seed123_E0_step14500 9 3 3 0.0547007619170472
seed123_E0_step14500 9 3 4 0.056539001991041005
seed123_E0_step14500 9 3 5 0.04816662194207311
seed123_E0_step14500 9 3 6 0.04784442693926394
seed123_E0_step14500 9 3 7 0.0470926120178774
seed123_E0_step14500 9 3 8 0.04969140503089875
seed123_E0_step14500 9 3 9 0.04877006495371461
seed123_E0_step14500 9 4 0 0.048706913948990405
seed123_E0_step14500 9 4 1 0.049576745950616896
seed123_E0_step14500 9 4 2 0.04645821999292821
seed123_E0_step14500 9 4 3 0.0461755400756374
seed123_E0_step14500 9 4 4 0.04657114495057613
seed123_E0_step14500 9 4 5 0.05043151800055057
seed123_E0_step14500 9 4 6 0.04610276990570128
seed123_E0_step14500 9 4 7 0.04609550698660314
seed123_E0_step14500 9 4 8 0.04703221598174423
seed123_E0_step14500 9 4 9 0.0458739340538159
seed123_E0_step14500 9 5 0 0.049582356004975736
seed123_E0_step14500 9 5 1 0.047571946983225644
seed123_E0_step14500 9 5 2 0.0455183848971501
seed123_E0_step14500 9 5 3 0.04515390901360661
seed123_E0_step14500 9 5 4 0.04571195400785655
seed123_E0_step14500 9 5 5 0.04606507904827595
seed123_E0_step14500 9 5 6 0.045804952969774604
seed123_E0_step14500 9 5 7 0.04755479306913912
seed123_E0_step14500 9 5 8 0.0476005719974637
seed123_E0_step14500 9 5 9 0.046537882066331804
seed123_E0_step14500 9 6 0 0.0467766469810158
seed123_E0_step14500 9 6 1 0.04564201005268842
seed123_E0_step14500 9 6 2 0.04551476798951626
seed123_E0_step14500 9 6 3 0.04603923799004406
seed123_E0_step14500 9 6 4 0.046557749970816076
seed123_E0_step14500 9 6 5 0.04591995198279619
seed123_E0_step14500 9 6 6 0.04529679100960493
seed123_E0_step14500 9 6 7 0.04833309992682189
seed123_E0_step14500 9 6 8 0.046189015032723546
seed123_E0_step14500 9 6 9 0.05275379295926541
seed123_E0_step14500 9 7 0 0.04644539498258382
seed123_E0_step14500 9 7 1 0.04607703210785985
seed123_E0_step14500 9 7 2 0.04661799396853894
seed123_E0_step14500 9 7 3 0.04860103200189769
seed123_E0_step14500 9 7 4 0.04583714297041297
seed123_E0_step14500 9 7 5 0.045019631972536445
seed123_E0_step14500 9 7 6 0.04726129397749901
seed123_E0_step14500 9 7 7 0.04710908292327076
seed123_E0_step14500 9 7 8 0.04795646108686924
seed123_E0_step14500 9 7 9 0.04906862508505583
seed123_E0_step14500 9 8 0 0.05458461004309356
seed123_E0_step14500 9 8 1 0.04977096593938768
seed123_E0_step14500 9 8 2 0.04917564999777824
seed123_E0_step14500 9 8 3 0.04852405493147671
seed123_E0_step14500 9 8 4 0.048028298071585596
seed123_E0_step14500 9 8 5 0.05048023001290858
seed123_E0_step14500 9 8 6 0.05056861904449761
seed123_E0_step14500 9 8 7 0.048015052918344736
seed123_E0_step14500 9 8 8 0.05061618098989129
seed123_E0_step14500 9 8 9 0.04768092499580234
seed123_E0_step14500 9 9 0 0.04644704808015376
seed123_E0_step14500 9 9 1 0.04735895898193121
seed123_E0_step14500 9 9 2 0.047081058961339295
seed123_E0_step14500 9 9 3 0.04686864302493632
seed123_E0_step14500 9 9 4 0.04778634605463594
seed123_E0_step14500 9 9 5 0.04649695404805243
seed123_E0_step14500 9 9 6 0.04606462793890387
seed123_E0_step14500 9 9 7 0.04591096402145922
seed123_E0_step14500 9 9 8 0.047545104986056685
seed123_E0_step14500 9 9 9 0.04532505595125258
seed123_E0_step14500 12 0 0 0.4443808909272775
seed123_E0_step14500 12 0 1 0.46132062398828566
seed123_E0_step14500 12 0 2 0.4462458719499409
seed123_E0_step14500 12 0 3 0.44009816995821893
seed123_E0_step14500 12 0 4 0.43918278091587126
seed123_E0_step14500 12 0 5 0.4406840589363128
seed123_E0_step14500 12 0 6 0.4572347669163719
seed123_E0_step14500 12 0 7 0.4578880660701543
seed123_E0_step14500 12 0 8 0.44791250210255384
seed123_E0_step14500 12 0 9 0.4571356379892677
seed123_E0_step14500 12 1 0 0.44440210703760386
seed123_E0_step14500 12 1 1 0.4388507050462067
seed123_E0_step14500 12 1 2 0.45486960699781775
seed123_E0_step14500 12 1 3 0.44280093908309937
seed123_E0_step14500 12 1 4 0.4376444099470973
seed123_E0_step14500 12 1 5 0.44939376797992736
seed123_E0_step14500 12 1 6 0.4454816459910944
seed123_E0_step14500 12 1 7 0.439928530016914
seed123_E0_step14500 12 1 8 0.4573773159645498
seed123_E0_step14500 12 1 9 0.44187952601350844
seed123_E0_step14500 12 2 0 0.45037673390470445
seed123_E0_step14500 12 2 1 0.4336894240695983
seed123_E0_step14500 12 2 2 0.4370563830016181
seed123_E0_step14500 12 2 3 0.43967377196531743
seed123_E0_step14500 12 2 4 0.44395134109072387
seed123_E0_step14500 12 2 5 0.4444032839965075
seed123_E0_step14500 12 2 6 0.44113494199700654
seed123_E0_step14500 12 2 7 0.455859333043918
seed123_E0_step14500 12 2 8 0.4377605359768495
seed123_E0_step14500 12 2 9 0.4467785391025245
seed123_E0_step14500 12 3 0 0.4530732809798792
seed123_E0_step14500 12 3 1 0.45288858702406287
seed123_E0_step14500 12 3 2 0.4426966810133308
seed123_E0_step14500 12 3 3 0.4449980470817536
seed123_E0_step14500 12 3 4 0.4465968389995396
seed123_E0_step14500 12 3 5 0.4432062240084633
seed123_E0_step14500 12 3 6 0.4457841069670394
seed123_E0_step14500 12 3 7 0.45952562103047967
seed123_E0_step14500 12 3 8 0.4412223029648885
seed123_E0_step14500 12 3 9 0.4444347280077636
seed123_E0_step14500 12 4 0 0.47682055993936956
seed123_E0_step14500 12 4 1 0.45556909195147455
seed123_E0_step14500 12 4 2 0.4478026379365474
seed123_E0_step14500 12 4 3 0.4388355439295992
seed123_E0_step14500 12 4 4 0.45268398092594
seed123_E0_step14500 12 4 5 0.45477171801030636
seed123_E0_step14500 12 4 6 0.43471142603084445
seed123_E0_step14500 12 4 7 0.4470215761102736
seed123_E0_step14500 12 4 8 0.44022153806872666
seed123_E0_step14500 12 4 9 0.45346658397465944
seed123_E0_step14500 12 5 0 0.44221252005081624
seed123_E0_step14500 12 5 1 0.44358758500311524
seed123_E0_step14500 12 5 2 0.4422748090000823
seed123_E0_step14500 12 5 3 0.45047797402366996
seed123_E0_step14500 12 5 4 0.4447144860168919
seed123_E0_step14500 12 5 5 0.44370056001935154
seed123_E0_step14500 12 5 6 0.44981374498456717
seed123_E0_step14500 12 5 7 0.44810550194233656
seed123_E0_step14500 12 5 8 0.44361415307503194
seed123_E0_step14500 12 5 9 0.44554042303934693
seed123_E0_step14500 12 6 0 0.4428164289565757
seed123_E0_step14500 12 6 1 0.4436782660195604
seed123_E0_step14500 12 6 2 0.4541301761055365
seed123_E0_step14500 12 6 3 0.43798564199823886
seed123_E0_step14500 12 6 4 0.44158993498422205
seed123_E0_step14500 12 6 5 0.4398305149516091
seed123_E0_step14500 12 6 6 0.44171435199677944
seed123_E0_step14500 12 6 7 0.4474922070512548
seed123_E0_step14500 12 6 8 0.4500162369804457
seed123_E0_step14500 12 6 9 0.4512968620983884
seed123_E0_step14500 12 7 0 0.45353621791582555
seed123_E0_step14500 12 7 1 0.4500430269399658
seed123_E0_step14500 12 7 2 0.46118204994127154
seed123_E0_step14500 12 7 3 0.4434761649463326
seed123_E0_step14500 12 7 4 0.4475949299521744
seed123_E0_step14500 12 7 5 0.44308250199537724
seed123_E0_step14500 12 7 6 0.44473728199955076
seed123_E0_step14500 12 7 7 0.4441992040956393
seed123_E0_step14500 12 7 8 0.4455304950242862
seed123_E0_step14500 12 7 9 0.4437486829701811
seed123_E0_step14500 12 8 0 0.4363222789252177
seed123_E0_step14500 12 8 1 0.4402382679982111
seed123_E0_step14500 12 8 2 0.442233958048746
seed123_E0_step14500 12 8 3 0.43470713298302144
seed123_E0_step14500 12 8 4 0.43731836997903883
seed123_E0_step14500 12 8 5 0.44681137008592486
seed123_E0_step14500 12 8 6 0.44251072593033314
seed123_E0_step14500 12 8 7 0.43807293998543173
seed123_E0_step14500 12 8 8 0.43701292597688735
seed123_E0_step14500 12 8 9 0.4424200119683519
seed123_E0_step14500 12 9 0 0.46319299400784075
seed123_E0_step14500 12 9 1 0.4591767929960042
seed123_E0_step14500 12 9 2 0.454784914967604
seed123_E0_step14500 12 9 3 0.454021475976333
seed123_E0_step14500 12 9 4 0.4731563300592825
seed123_E0_step14500 12 9 5 0.453553611994721
seed123_E0_step14500 12 9 6 0.4403512980788946
seed123_E0_step14500 12 9 7 0.45194335596170276
seed123_E0_step14500 12 9 8 0.44138691504485905
seed123_E0_step14500 12 9 9 0.4490326060913503
seed123_E0_step14500 18 0 0 0.11940242303535342
seed123_E0_step14500 18 0 1 0.10328039294108748
seed123_E0_step14500 18 0 2 0.10257730004377663
seed123_E0_step14500 18 0 3 0.1023874479578808
seed123_E0_step14500 18 0 4 0.10381642705760896
seed123_E0_step14500 18 0 5 0.10377156198956072
seed123_E0_step14500 18 0 6 0.10478294303175062
seed123_E0_step14500 18 0 7 0.10234703007154167
seed123_E0_step14500 18 0 8 0.1006147030275315
seed123_E0_step14500 18 0 9 0.10520678199827671
seed123_E0_step14500 18 1 0 0.10231598105747253
seed123_E0_step14500 18 1 1 0.1064315210096538
seed123_E0_step14500 18 1 2 0.10604502295609564
seed123_E0_step14500 18 1 3 0.10274487000424415
seed123_E0_step14500 18 1 4 0.10423964506480843
seed123_E0_step14500 18 1 5 0.10342373710591346
seed123_E0_step14500 18 1 6 0.10556204104796052
seed123_E0_step14500 18 1 7 0.1053794309264049
seed123_E0_step14500 18 1 8 0.105997952981852
seed123_E0_step14500 18 1 9 0.10362368798814714
seed123_E0_step14500 18 2 0 0.10289203200954944
seed123_E0_step14500 18 2 1 0.10614993306808174
seed123_E0_step14500 18 2 2 0.10577820299658924
seed123_E0_step14500 18 2 3 0.1047283880179748
seed123_E0_step14500 18 2 4 0.10422690096311271
seed123_E0_step14500 18 2 5 0.11865844205021858
seed123_E0_step14500 18 2 6 0.10893976094666868
seed123_E0_step14500 18 2 7 0.11893569095991552
seed123_E0_step14500 18 2 8 0.11545634607318789
seed123_E0_step14500 18 2 9 0.10603030503261834
seed123_E0_step14500 18 3 0 0.0995930809294805
seed123_E0_step14500 18 3 1 0.10559438192285597
seed123_E0_step14500 18 3 2 0.10223929502535611
seed123_E0_step14500 18 3 3 0.10330320696812123
seed123_E0_step14500 18 3 4 0.10365220392122865
seed123_E0_step14500 18 3 5 0.10604471201077104
seed123_E0_step14500 18 3 6 0.10517800704110414
seed123_E0_step14500 18 3 7 0.10279823199380189
seed123_E0_step14500 18 3 8 0.1070026810048148
seed123_E0_step14500 18 3 9 0.10640835703816265
seed123_E0_step14500 18 4 0 0.10938504990190268
seed123_E0_step14500 18 4 1 0.10806330700870603
seed123_E0_step14500 18 4 2 0.10530475899577141
seed123_E0_step14500 18 4 3 0.10280758002772927
seed123_E0_step14500 18 4 4 0.11484332499094307
seed123_E0_step14500 18 4 5 0.10465539898723364
seed123_E0_step14500 18 4 6 0.10459912102669477
seed123_E0_step14500 18 4 7 0.10829520004335791
seed123_E0_step14500 18 4 8 0.10173807700630277
seed123_E0_step14500 18 4 9 0.10666462499648333
seed123_E0_step14500 18 5 0 0.10605350905098021
seed123_E0_step14500 18 5 1 0.10419115202967077
seed123_E0_step14500 18 5 2 0.10475246293935925
seed123_E0_step14500 18 5 3 0.10301299195270985
seed123_E0_step14500 18 5 4 0.11102212697733194
seed123_E0_step14500 18 5 5 0.10484569205436856
seed123_E0_step14500 18 5 6 0.10855102795176208
seed123_E0_step14500 18 5 7 0.11538160301279277
seed123_E0_step14500 18 5 8 0.10424648795742542
seed123_E0_step14500 18 5 9 0.1055277941050008
seed123_E0_step14500 18 6 0 0.10546409199014306
seed123_E0_step14500 18 6 1 0.10530478798318654
seed123_E0_step14500 18 6 2 0.10555056890007108
seed123_E0_step14500 18 6 3 0.10775488696526736
seed123_E0_step14500 18 6 4 0.10275974695105106
seed123_E0_step14500 18 6 5 0.10456169908866286
seed123_E0_step14500 18 6 6 0.1038488979684189
seed123_E0_step14500 18 6 7 0.1038196919253096
seed123_E0_step14500 18 6 8 0.11019837390631437
seed123_E0_step14500 18 6 9 0.11258764693047851
seed123_E0_step14500 18 7 0 0.10677527694497257
seed123_E0_step14500 18 7 1 0.10524848103523254
seed123_E0_step14500 18 7 2 0.10446496400982141
seed123_E0_step14500 18 7 3 0.10941097000613809
seed123_E0_step14500 18 7 4 0.10251413902733475
seed123_E0_step14500 18 7 5 0.10722510400228202
seed123_E0_step14500 18 7 6 0.10425094596575946
seed123_E0_step14500 18 7 7 0.10358809900935739
seed123_E0_step14500 18 7 8 0.10499875398818403
seed123_E0_step14500 18 7 9 0.1025592649821192
seed123_E0_step14500 18 8 0 0.10347976197954267
seed123_E0_step14500 18 8 1 0.1084346049465239
seed123_E0_step14500 18 8 2 0.10275073000229895
seed123_E0_step14500 18 8 3 0.10504389007110149
seed123_E0_step14500 18 8 4 0.10329214308876544
seed123_E0_step14500 18 8 5 0.10467079689260572
seed123_E0_step14500 18 8 6 0.1033558560302481
seed123_E0_step14500 18 8 7 0.10500720993150026
seed123_E0_step14500 18 8 8 0.1006906860275194
seed123_E0_step14500 18 8 9 0.1038898549741134
seed123_E0_step14500 18 9 0 0.10781916999258101
seed123_E0_step14500 18 9 1 0.1046642439905554
seed123_E0_step14500 18 9 2 0.10469097597524524
seed123_E0_step14500 18 9 3 0.10696266393642873
seed123_E0_step14500 18 9 4 0.10571414907462895
seed123_E0_step14500 18 9 5 0.10597639007028192
seed123_E0_step14500 18 9 6 0.10499426501337439
seed123_E0_step14500 18 9 7 0.10373809502925724
seed123_E0_step14500 18 9 8 0.10612751892767847
seed123_E0_step14500 18 9 9 0.10425597394350916
seed123_E0_step14500 22 0 0 0.016841122996993363
seed123_E0_step14500 22 0 1 0.016337009030394256
seed123_E0_step14500 22 0 2 0.016491294954903424
seed123_E0_step14500 22 0 3 0.015345285995863378
seed123_E0_step14500 22 0 4 0.01540171296801418
seed123_E0_step14500 22 0 5 0.015403307043015957
seed123_E0_step14500 22 0 6 0.015289750066585839
seed123_E0_step14500 22 0 7 0.015386104001663625
seed123_E0_step14500 22 0 8 0.015352449961937964
seed123_E0_step14500 22 0 9 0.01531108096241951
seed123_E0_step14500 22 1 0 0.015244442969560623
seed123_E0_step14500 22 1 1 0.01593949005473405
seed123_E0_step14500 22 1 2 0.015261596068739891
seed123_E0_step14500 22 1 3 0.015258268918842077
seed123_E0_step14500 22 1 4 0.015240656910464168
seed123_E0_step14500 22 1 5 0.01523333101067692
seed123_E0_step14500 22 1 6 0.01522084791213274
seed123_E0_step14500 22 1 7 0.015273978933691978
seed123_E0_step14500 22 1 8 0.015344714978709817
seed123_E0_step14500 22 1 9 0.015273328986950219
seed123_E0_step14500 22 2 0 0.015378628973849118
seed123_E0_step14500 22 2 1 0.015231338911689818
seed123_E0_step14500 22 2 2 0.016662301030009985
seed123_E0_step14500 22 2 3 0.015915244934149086
seed123_E0_step14500 22 2 4 0.015716244000941515
seed123_E0_step14500 22 2 5 0.015641050064004958
seed123_E0_step14500 22 2 6 0.016294138971716166
seed123_E0_step14500 22 2 7 0.016134083038195968
seed123_E0_step14500 22 2 8 0.01535975409206003
seed123_E0_step14500 22 2 9 0.015673081972636282
seed123_E0_step14500 22 3 0 0.01621614897157997
seed123_E0_step14500 22 3 1 0.01815182704012841
seed123_E0_step14500 22 3 2 0.015584442066028714
seed123_E0_step14500 22 3 3 0.015756029984913766
seed123_E0_step14500 22 3 4 0.015493760001845658
seed123_E0_step14500 22 3 5 0.015432102023623884
seed123_E0_step14500 22 3 6 0.015464162919670343
seed123_E0_step14500 22 3 7 0.01542047003749758
seed123_E0_step14500 22 3 8 0.01542688102927059
seed123_E0_step14500 22 3 9 0.016574193025007844
seed123_E0_step14500 22 4 0 0.01596219406928867
seed123_E0_step14500 22 4 1 0.01561001199297607
seed123_E0_step14500 22 4 2 0.015462851035408676
seed123_E0_step14500 22 4 3 0.0154166619759053
seed123_E0_step14500 22 4 4 0.01542634202633053
seed123_E0_step14500 22 4 5 0.015549245057627559
seed123_E0_step14500 22 4 6 0.015521473018452525
seed123_E0_step14500 22 4 7 0.01904436992481351
seed123_E0_step14500 22 4 8 0.015966100967489183
seed123_E0_step14500 22 4 9 0.015758545021526515
seed123_E0_step14500 22 5 0 0.01551305700559169
seed123_E0_step14500 22 5 1 0.015474783023819327
seed123_E0_step14500 22 5 2 0.015494700986891985
seed123_E0_step14500 22 5 3 0.015470584970898926
seed123_E0_step14500 22 5 4 0.016706224996596575
seed123_E0_step14500 22 5 5 0.018340746988542378
seed123_E0_step14500 22 5 6 0.015446829027496278
seed123_E0_step14500 22 5 7 0.016070181038230658
seed123_E0_step14500 22 5 8 0.01575757295358926
seed123_E0_step14500 22 5 9 0.0155570600181818
seed123_E0_step14500 22 6 0 0.01525405200663954
seed123_E0_step14500 22 6 1 0.015254823025316
seed123_E0_step14500 22 6 2 0.015227931085973978
seed123_E0_step14500 22 6 3 0.01523178000934422
seed123_E0_step14500 22 6 4 0.015226057963445783
seed123_E0_step14500 22 6 5 0.015244613983668387
seed123_E0_step14500 22 6 6 0.015222610905766487
seed123_E0_step14500 22 6 7 0.015315138036385179
seed123_E0_step14500 22 6 8 0.015886860084719956
seed123_E0_step14500 22 6 9 0.015749837970361114
seed123_E0_step14500 22 7 0 0.01526512298732996
seed123_E0_step14500 22 7 1 0.015220656991004944
seed123_E0_step14500 22 7 2 0.015254823956638575
seed123_E0_step14500 22 7 3 0.015238211024552584
seed123_E0_step14500 22 7 4 0.015220107045024633
seed123_E0_step14500 22 7 5 0.015195098938420415
seed123_E0_step14500 22 7 6 0.015258609899319708
seed123_E0_step14500 22 7 7 0.015256557031534612
seed123_E0_step14500 22 7 8 0.015564944944344461
seed123_E0_step14500 22 7 9 0.015248631010763347
seed123_E0_step14500 22 8 0 0.015305500011891127
seed123_E0_step14500 22 8 1 0.015254671918228269
seed123_E0_step14500 22 8 2 0.015231869067065418
seed123_E0_step14500 22 8 3 0.016323954914696515
seed123_E0_step14500 22 8 4 0.01823171798605472
seed123_E0_step14500 22 8 5 0.01561840798240155
seed123_E0_step14500 22 8 6 0.015231659053824842
seed123_E0_step14500 22 8 7 0.015359292039647698
seed123_E0_step14500 22 8 8 0.01571646600496024
seed123_E0_step14500 22 8 9 0.015227991039864719
seed123_E0_step14500 22 9 0 0.015305078937672079
seed123_E0_step14500 22 9 1 0.01522377401124686
seed123_E0_step14500 22 9 2 0.0152424699626863
seed123_E0_step14500 22 9 3 0.015214096056297421
seed123_E0_step14500 22 9 4 0.015273528988473117
seed123_E0_step14500 22 9 5 0.015222199959680438
seed123_E0_step14500 22 9 6 0.015229815966449678
seed123_E0_step14500 22 9 7 0.015265793073922396
seed123_E0_step14500 22 9 8 0.01646565494593233
seed123_E0_step14500 22 9 9 0.01684329693671316
seed123_E0_step14500 24 0 0 0.018569021951407194
seed123_E0_step14500 24 0 1 0.017424055957235396
seed123_E0_step14500 24 0 2 0.01729358604643494
seed123_E0_step14500 24 0 3 0.017163397977128625
seed123_E0_step14500 24 0 4 0.017612255993299186
seed123_E0_step14500 24 0 5 0.017212431994266808
seed123_E0_step14500 24 0 6 0.017460986971855164
seed123_E0_step14500 24 0 7 0.01938658405561
seed123_E0_step14500 24 0 8 0.01726533193141222
seed123_E0_step14500 24 0 9 0.018041625036858022
seed123_E0_step14500 24 1 0 0.017350295092910528
seed123_E0_step14500 24 1 1 0.017228542012162507
seed123_E0_step14500 24 1 2 0.017227901029400527
seed123_E0_step14500 24 1 3 0.017659605015069246
seed123_E0_step14500 24 1 4 0.017235086066648364
seed123_E0_step14500 24 1 5 0.02052403602283448
seed123_E0_step14500 24 1 6 0.017460435978136957
seed123_E0_step14500 24 1 7 0.01735428301617503
seed123_E0_step14500 24 1 8 0.01698842504993081
seed123_E0_step14500 24 1 9 0.01703065389301628
seed123_E0_step14500 24 2 0 0.0175063629867509
seed123_E0_step14500 24 2 1 0.017385632963851094
seed123_E0_step14500 24 2 2 0.017362968996167183
seed123_E0_step14500 24 2 3 0.018793239956721663
seed123_E0_step14500 24 2 4 0.017363509978167713
seed123_E0_step14500 24 2 5 0.01704924996010959
seed123_E0_step14500 24 2 6 0.016990046948194504
seed123_E0_step14500 24 2 7 0.017089726985432208
seed123_E0_step14500 24 2 8 0.01703053491655737
seed123_E0_step14500 24 2 9 0.016977343009784818
seed123_E0_step14500 24 3 0 0.017014694050885737
seed123_E0_step14500 24 3 1 0.01711127907037735
seed123_E0_step14500 24 3 2 0.01998185203410685
seed123_E0_step14500 24 3 3 0.018236808013170958
seed123_E0_step14500 24 3 4 0.0171937660779804
seed123_E0_step14500 24 3 5 0.017055913107469678
seed123_E0_step14500 24 3 6 0.017033680924214423
seed123_E0_step14500 24 3 7 0.017067524953745306
seed123_E0_step14500 24 3 8 0.017397754942066967
seed123_E0_step14500 24 3 9 0.02084022993221879
seed123_E0_step14500 24 4 0 0.017610703012906015
seed123_E0_step14500 24 4 1 0.018092671991325915
seed123_E0_step14500 24 4 2 0.017682729987427592
seed123_E0_step14500 24 4 3 0.018179409089498222
seed123_E0_step14500 24 4 4 0.018877392052672803
seed123_E0_step14500 24 4 5 0.01811783097218722
seed123_E0_step14500 24 4 6 0.017325226916000247
seed123_E0_step14500 24 4 7 0.017290289979428053
seed123_E0_step14500 24 4 8 0.017006678972393274
seed123_E0_step14500 24 4 9 0.017680004006251693
seed123_E0_step14500 24 5 0 0.01918618008494377
seed123_E0_step14500 24 5 1 0.017304006032645702
seed123_E0_step14500 24 5 2 0.01752326509449631
seed123_E0_step14500 24 5 3 0.017267276998609304
seed123_E0_step14500 24 5 4 0.01731942594051361
seed123_E0_step14500 24 5 5 0.01743228198029101
seed123_E0_step14500 24 5 6 0.01722351193893701
seed123_E0_step14500 24 5 7 0.017225987976416945
seed123_E0_step14500 24 5 8 0.01716875797137618
seed123_E0_step14500 24 5 9 0.017009302973747253
seed123_E0_step14500 24 6 0 0.017134102061390877
seed123_E0_step14500 24 6 1 0.017168406979180872
seed123_E0_step14500 24 6 2 0.017136135953478515
seed123_E0_step14500 24 6 3 0.01757681800518185
seed123_E0_step14500 24 6 4 0.017444505007006228
seed123_E0_step14500 24 6 5 0.017093534930609167
seed123_E0_step14500 24 6 6 0.01803840894717723
seed123_E0_step14500 24 6 7 0.02150428795721382
seed123_E0_step14500 24 6 8 0.019547680974937975
seed123_E0_step14500 24 6 9 0.017368830041959882
seed123_E0_step14500 24 7 0 0.01697860495187342
seed123_E0_step14500 24 7 1 0.01735437393654138
seed123_E0_step14500 24 7 2 0.01699947495944798
seed123_E0_step14500 24 7 3 0.016992942080833018
seed123_E0_step14500 24 7 4 0.01701070589479059
seed123_E0_step14500 24 7 5 0.017931876005604863
seed123_E0_step14500 24 7 6 0.018069559009745717
seed123_E0_step14500 24 7 7 0.01792868901975453
seed123_E0_step14500 24 7 8 0.017407463979907334
seed123_E0_step14500 24 7 9 0.01720513799227774
seed123_E0_step14500 24 8 0 0.01725472300313413
seed123_E0_step14500 24 8 1 0.017280522035434842
seed123_E0_step14500 24 8 2 0.017193576088175178
seed123_E0_step14500 24 8 3 0.01748753699939698
seed123_E0_step14500 24 8 4 0.017208585049957037
seed123_E0_step14500 24 8 5 0.017151284962892532
seed123_E0_step14500 24 8 6 0.017109455075114965
seed123_E0_step14500 24 8 7 0.017262446926906705
seed123_E0_step14500 24 8 8 0.017630591057240963
seed123_E0_step14500 24 8 9 0.017432491993531585
seed123_E0_step14500 24 9 0 0.01732016704045236
seed123_E0_step14500 24 9 1 0.017279720050282776
seed123_E0_step14500 24 9 2 0.018952685059048235
seed123_E0_step14500 24 9 3 0.01706067193299532
seed123_E0_step14500 24 9 4 0.017604850931093097
seed123_E0_step14500 24 9 5 0.021179797942750156
seed123_E0_step14500 24 9 6 0.017430217005312443
seed123_E0_step14500 24 9 7 0.01796159299556166
seed123_E0_step14500 24 9 8 0.01800933398772031
seed123_E0_step14500 24 9 9 0.01787200092803687
seed123_E0_step14500 30 0 0 0.03276084491517395
seed123_E0_step14500 30 0 1 0.02967973193153739
seed123_E0_step14500 30 0 2 0.027241223957389593
seed123_E0_step14500 30 0 3 0.027994171949103475
seed123_E0_step14500 30 0 4 0.028160901041701436
seed123_E0_step14500 30 0 5 0.02729670994449407
seed123_E0_step14500 30 0 6 0.02737696294207126
seed123_E0_step14500 30 0 7 0.02867880999110639
seed123_E0_step14500 30 0 8 0.0290413829497993
seed123_E0_step14500 30 0 9 0.028286611079238355
seed123_E0_step14500 30 1 0 0.030492253019474447
seed123_E0_step14500 30 1 1 0.027253115898929536
seed123_E0_step14500 30 1 2 0.028122586896643043
seed123_E0_step14500 30 1 3 0.028760346001945436
seed123_E0_step14500 30 1 4 0.0294808610342443
seed123_E0_step14500 30 1 5 0.02877703693229705
seed123_E0_step14500 30 1 6 0.027400307939387858
seed123_E0_step14500 30 1 7 0.027771036024205387
seed123_E0_step14500 30 1 8 0.026818035985343158
seed123_E0_step14500 30 1 9 0.02623420103918761
seed123_E0_step14500 30 2 0 0.02821468305774033
seed123_E0_step14500 30 2 1 0.028263746993616223
seed123_E0_step14500 30 2 2 0.026740386965684593
seed123_E0_step14500 30 2 3 0.026623003999702632
seed123_E0_step14500 30 2 4 0.02626250497996807
seed123_E0_step14500 30 2 5 0.026218150043860078
seed123_E0_step14500 30 2 6 0.02737261401489377
seed123_E0_step14500 30 2 7 0.02685848402325064
seed123_E0_step14500 30 2 8 0.02648033096920699
seed123_E0_step14500 30 2 9 0.026336355949752033
seed123_E0_step14500 30 3 0 0.02839799306821078
seed123_E0_step14500 30 3 1 0.029610738973133266
seed123_E0_step14500 30 3 2 0.02964856196194887
seed123_E0_step14500 30 3 3 0.027709538931958377
seed123_E0_step14500 30 3 4 0.02671305590774864
seed123_E0_step14500 30 3 5 0.026918257004581392
seed123_E0_step14500 30 3 6 0.026414726045913994
seed123_E0_step14500 30 3 7 0.02706183190457523
seed123_E0_step14500 30 3 8 0.02765535598155111
seed123_E0_step14500 30 3 9 0.02752353297546506
seed123_E0_step14500 30 4 0 0.026302610989660025
seed123_E0_step14500 30 4 1 0.026305176899768412
seed123_E0_step14500 30 4 2 0.02660947700496763
seed123_E0_step14500 30 4 3 0.029430294991470873
seed123_E0_step14500 30 4 4 0.02683639107272029
seed123_E0_step14500 30 4 5 0.02779513190034777
seed123_E0_step14500 30 4 6 0.02703540096990764
seed123_E0_step14500 30 4 7 0.02712163596879691
seed123_E0_step14500 30 4 8 0.02849487797357142
seed123_E0_step14500 30 4 9 0.02891327696852386
seed123_E0_step14500 30 5 0 0.03138373501133174
seed123_E0_step14500 30 5 1 0.029018559027463198
seed123_E0_step14500 30 5 2 0.027243318036198616
seed123_E0_step14500 30 5 3 0.0297554760472849
seed123_E0_step14500 30 5 4 0.028199424035847187
seed123_E0_step14500 30 5 5 0.028142053983174264
seed123_E0_step14500 30 5 6 0.026926793972961605
seed123_E0_step14500 30 5 7 0.029506710940040648
seed123_E0_step14500 30 5 8 0.02907222101930529
seed123_E0_step14500 30 5 9 0.028824848937802017
seed123_E0_step14500 30 6 0 0.027849606005474925
seed123_E0_step14500 30 6 1 0.026871206937357783
seed123_E0_step14500 30 6 2 0.026299125980585814
seed123_E0_step14500 30 6 3 0.026655324967578053
seed123_E0_step14500 30 6 4 0.0323545599821955
seed123_E0_step14500 30 6 5 0.02967517205979675
seed123_E0_step14500 30 6 6 0.02806750196032226
seed123_E0_step14500 30 6 7 0.028503494104370475
seed123_E0_step14500 30 6 8 0.027088252012617886
seed123_E0_step14500 30 6 9 0.029569791979156435
seed123_E0_step14500 30 7 0 0.027045449009165168
seed123_E0_step14500 30 7 1 0.027594038052484393
seed123_E0_step14500 30 7 2 0.026824066997505724
seed123_E0_step14500 30 7 3 0.026678089052438736
seed123_E0_step14500 30 7 4 0.028137725894339383
seed123_E0_step14500 30 7 5 0.02800817904062569
seed123_E0_step14500 30 7 6 0.02710696798749268
seed123_E0_step14500 30 7 7 0.026358547038398683
seed123_E0_step14500 30 7 8 0.026946812053211033
seed123_E0_step14500 30 7 9 0.028701042057946324
seed123_E0_step14500 30 8 0 0.02917171095032245
seed123_E0_step14500 30 8 1 0.027485449914820492
seed123_E0_step14500 30 8 2 0.02794042997993529
seed123_E0_step14500 30 8 3 0.02720641705673188
seed123_E0_step14500 30 8 4 0.026562768034636974
seed123_E0_step14500 30 8 5 0.031154728028923273
seed123_E0_step14500 30 8 6 0.028301278012804687
seed123_E0_step14500 30 8 7 0.028075227048248053
seed123_E0_step14500 30 8 8 0.026700390968471766
seed123_E0_step14500 30 8 9 0.02666674694046378
seed123_E0_step14500 30 9 0 0.03141771105583757
seed123_E0_step14500 30 9 1 0.027411118964664638
seed123_E0_step14500 30 9 2 0.028664481942541897
seed123_E0_step14500 30 9 3 0.028521308908239007
seed123_E0_step14500 30 9 4 0.028052001958712935
seed123_E0_step14500 30 9 5 0.03043880092445761
seed123_E0_step14500 30 9 6 0.029132926953025162
seed123_E0_step14500 30 9 7 0.030482804984785616
seed123_E0_step14500 30 9 8 0.028884381987154484
seed123_E0_step14500 30 9 9 0.02959196304436773
seed123_E0_step14500 33 0 0 0.008409870089963078
seed123_E0_step14500 33 0 1 0.006631996016949415
seed123_E0_step14500 33 0 2 0.008442141930572689
seed123_E0_step14500 33 0 3 0.00822391698602587
seed123_E0_step14500 33 0 4 0.006242953008040786
seed123_E0_step14500 33 0 5 0.006260045105591416
seed123_E0_step14500 33 0 6 0.006185672944411635
seed123_E0_step14500 33 0 7 0.006422906066291034
seed123_E0_step14500 33 0 8 0.006186454091221094
seed123_E0_step14500 33 0 9 0.006173699977807701
seed123_E0_step14500 33 1 0 0.00625486602075398
seed123_E0_step14500 33 1 1 0.006272107013501227
seed123_E0_step14500 33 1 2 0.006258671986870468
seed123_E0_step14500 33 1 3 0.0062589929439127445
seed123_E0_step14500 33 1 4 0.006275444990023971
seed123_E0_step14500 33 1 5 0.00625229103025049
seed123_E0_step14500 33 1 6 0.006263011018745601
seed123_E0_step14500 33 1 7 0.006210258929058909
seed123_E0_step14500 33 1 8 0.006208788021467626
seed123_E0_step14500 33 1 9 0.006309518939815462
seed123_E0_step14500 33 2 0 0.006222803960554302
seed123_E0_step14500 33 2 1 0.006214108085259795
seed123_E0_step14500 33 2 2 0.006171527085825801
seed123_E0_step14500 33 2 3 0.006247991928830743
seed123_E0_step14500 33 2 4 0.00619885791093111
seed123_E0_step14500 33 2 5 0.0061986580258235335
seed123_E0_step14500 33 2 6 0.006235677981749177
seed123_E0_step14500 33 2 7 0.006380385020747781
seed123_E0_step14500 33 2 8 0.006344134919345379
seed123_E0_step14500 33 2 9 0.006151587935164571
seed123_E0_step14500 33 3 0 0.006129906978458166
seed123_E0_step14500 33 3 1 0.0062174639897421
seed123_E0_step14500 33 3 2 0.006145645980723202
seed123_E0_step14500 33 3 3 0.006110970978625119
seed123_E0_step14500 33 3 4 0.006097303936257958
seed123_E0_step14500 33 3 5 0.006138714030385017
seed123_E0_step14500 33 3 6 0.00613015703856945
seed123_E0_step14500 33 3 7 0.00615168793592602
seed123_E0_step14500 33 3 8 0.006137249991297722
seed123_E0_step14500 33 3 9 0.006134946015663445
seed123_E0_step14500 33 4 0 0.0064308809814974666
seed123_E0_step14500 33 4 1 0.006294721970334649
seed123_E0_step14500 33 4 2 0.006267318967729807
seed123_E0_step14500 33 4 3 0.006310109980404377
seed123_E0_step14500 33 4 4 0.006304941023699939
seed123_E0_step14500 33 4 5 0.0062854940770193934
seed123_E0_step14500 33 4 6 0.006290502962656319
seed123_E0_step14500 33 4 7 0.0062774691032245755
seed123_E0_step14500 33 4 8 0.006299060070887208
seed123_E0_step14500 33 4 9 0.00633373495656997
seed123_E0_step14500 33 5 0 0.0063508289167657495
seed123_E0_step14500 33 5 1 0.006322845001704991
seed123_E0_step14500 33 5 2 0.006326411967165768
seed123_E0_step14500 33 5 3 0.006301113986410201
seed123_E0_step14500 33 5 4 0.006315461010672152
seed123_E0_step14500 33 5 5 0.006337633007206023
seed123_E0_step14500 33 5 6 0.006308958982117474
seed123_E0_step14500 33 5 7 0.0063021560199558735
seed123_E0_step14500 33 5 8 0.006272388971410692
seed123_E0_step14500 33 5 9 0.006316273007541895
seed123_E0_step14500 33 6 0 0.006274751969613135
seed123_E0_step14500 33 6 1 0.0062588530126959085
seed123_E0_step14500 33 6 2 0.006279882974922657
seed123_E0_step14500 33 6 3 0.006312945042736828
seed123_E0_step14500 33 6 4 0.006304209935478866
seed123_E0_step14500 33 6 5 0.006255686981603503
seed123_E0_step14500 33 6 6 0.006232101004570723
seed123_E0_step14500 33 6 7 0.0062716680113226175
seed123_E0_step14500 33 6 8 0.006238293019123375
seed123_E0_step14500 33 6 9 0.006285052048042417
seed123_E0_step14500 33 7 0 0.006303969072178006
seed123_E0_step14500 33 7 1 0.006315169972367585
seed123_E0_step14500 33 7 2 0.0063166930340230465
seed123_E0_step14500 33 7 3 0.0062956539914011955
seed123_E0_step14500 33 7 4 0.006300252047367394
seed123_E0_step14500 33 7 5 0.0063191179651767015
seed123_E0_step14500 33 7 6 0.00629017292521894
seed123_E0_step14500 33 7 7 0.006486366968601942
seed123_E0_step14500 33 7 8 0.007096441928297281
seed123_E0_step14500 33 7 9 0.008271748083643615
seed123_E0_step14500 33 8 0 0.00612093904055655
seed123_E0_step14500 33 8 1 0.006101573002524674
seed123_E0_step14500 33 8 2 0.006177678005769849
seed123_E0_step14500 33 8 3 0.006089880014769733
seed123_E0_step14500 33 8 4 0.006133363000117242
seed123_E0_step14500 33 8 5 0.00608317693695426
seed123_E0_step14500 33 8 6 0.0061087849317118526
seed123_E0_step14500 33 8 7 0.006115709897130728
seed123_E0_step14500 33 8 8 0.006124216015450656
seed123_E0_step14500 33 8 9 0.006096852943301201
seed123_E0_step14500 33 9 0 0.006260697031393647
seed123_E0_step14500 33 9 1 0.006266035954467952
seed123_E0_step14500 33 9 2 0.0062826479552313685
seed123_E0_step14500 33 9 3 0.17224722006358206
seed123_E0_step14500 33 9 4 0.006660930928774178
seed123_E0_step14500 33 9 5 0.0063163930317386985
seed123_E0_step14500 33 9 6 0.00631120300386101
seed123_E0_step14500 33 9 7 0.006342231063172221
seed123_E0_step14500 33 9 8 0.0064163339557126164
seed123_E0_step14500 33 9 9 0.006318767089396715
seed123_E0_step14500 36 0 0 0.0067839749390259385
seed123_E0_step14500 36 0 1 0.006669055903330445
seed123_E0_step14500 36 0 2 0.00668034702539444
seed123_E0_step14500 36 0 3 0.0066333579597994685
seed123_E0_step14500 36 0 4 0.0066554410150274634
seed123_E0_step14500 36 0 5 0.006660350016318262
seed123_E0_step14500 36 0 6 0.006650791969150305
seed123_E0_step14500 36 0 7 0.006643056985922158
seed123_E0_step14500 36 0 8 0.006665449938736856
seed123_E0_step14500 36 0 9 0.006659278064034879
seed123_E0_step14500 36 1 0 0.006673815078102052
seed123_E0_step14500 36 1 1 0.006631023017689586
seed123_E0_step14500 36 1 2 0.006662102998234332
seed123_E0_step14500 36 1 3 0.0066675429698079824
seed123_E0_step14500 36 1 4 0.006705316016450524
seed123_E0_step14500 36 1 5 0.006634010002017021
seed123_E0_step14500 36 1 6 0.006640893057920039
seed123_E0_step14500 36 1 7 0.006660840008407831
seed123_E0_step14500 36 1 8 0.006670900038443506
seed123_E0_step14500 36 1 9 0.006656141020357609
seed123_E0_step14500 36 2 0 0.006645150948315859
seed123_E0_step14500 36 2 1 0.006647774949669838
seed123_E0_step14500 36 2 2 0.006656261044554412
seed123_E0_step14500 36 2 3 0.00667646003421396
seed123_E0_step14500 36 2 4 0.006643478060141206
seed123_E0_step14500 36 2 5 0.006654868950136006
seed123_E0_step14500 36 2 6 0.00670501496642828
seed123_E0_step14500 36 2 7 0.006618077983148396
seed123_E0_step14500 36 2 8 0.00661369098816067
seed123_E0_step14500 36 2 9 0.006611746968701482
seed123_E0_step14500 36 3 0 0.006923982058651745
seed123_E0_step14500 36 3 1 0.006775751011446118
seed123_E0_step14500 36 3 2 0.0067732949974015355
seed123_E0_step14500 36 3 3 0.006809234037064016
seed123_E0_step14500 36 3 4 0.006837778026238084
seed123_E0_step14500 36 3 5 0.00680541608016938
seed123_E0_step14500 36 3 6 0.006828841986134648
seed123_E0_step14500 36 3 7 0.006869198987260461
seed123_E0_step14500 36 3 8 0.00686507998034358
seed123_E0_step14500 36 3 9 0.006984018022194505
seed123_E0_step14500 36 4 0 0.006634179037064314
seed123_E0_step14500 36 4 1 0.007060514995828271
seed123_E0_step14500 36 4 2 0.009323876933194697
seed123_E0_step14500 36 4 3 0.007232131087221205
seed123_E0_step14500 36 4 4 0.007396686007268727
seed123_E0_step14500 36 4 5 0.006912691984325647
seed123_E0_step14500 36 4 6 0.006657473975792527
seed123_E0_step14500 36 4 7 0.006598350941203535
seed123_E0_step14500 36 4 8 0.006764017045497894
seed123_E0_step14500 36 4 9 0.006745702004991472
seed123_E0_step14500 36 5 0 0.006704905070364475
seed123_E0_step14500 36 5 1 0.006581838941201568
seed123_E0_step14500 36 5 2 0.006609663018025458
seed123_E0_step14500 36 5 3 0.006609812029637396
seed123_E0_step14500 36 5 4 0.006632557022385299
seed123_E0_step14500 36 5 5 0.0066563120344653726
seed123_E0_step14500 36 5 6 0.006710344925522804
seed123_E0_step14500 36 5 7 0.0067008070182055235
seed123_E0_step14500 36 5 8 0.0066605700412765145
seed123_E0_step14500 36 5 9 0.006632928038015962
seed123_E0_step14500 36 6 0 0.006638747989200056
seed123_E0_step14500 36 6 1 0.006652103969827294
seed123_E0_step14500 36 6 2 0.006671261042356491
seed123_E0_step14500 36 6 3 0.00664041202981025
seed123_E0_step14500 36 6 4 0.00934013701044023
seed123_E0_step14500 36 6 5 0.0066957969684153795
seed123_E0_step14500 36 6 6 0.006721896934323013
seed123_E0_step14500 36 6 7 0.006625993992201984
seed123_E0_step14500 36 6 8 0.006631424999795854
seed123_E0_step14500 36 6 9 0.0066662500612437725
seed123_E0_step14500 36 7 0 0.006886432063765824
seed123_E0_step14500 36 7 1 0.006862404989078641
seed123_E0_step14500 36 7 2 0.006949310889467597
seed123_E0_step14500 36 7 3 0.006886811926960945
seed123_E0_step14500 36 7 4 0.007057868060655892
seed123_E0_step14500 36 7 5 0.006853327970020473
seed123_E0_step14500 36 7 6 0.006837698048911989
seed123_E0_step14500 36 7 7 0.00689370499458164
seed123_E0_step14500 36 7 8 0.006880230037495494
seed123_E0_step14500 36 7 9 0.006851796060800552
seed123_E0_step14500 36 8 0 0.006649459013715386
seed123_E0_step14500 36 8 1 0.006662422907538712
seed123_E0_step14500 36 8 2 0.006653596996329725
seed123_E0_step14500 36 8 3 0.00663920899387449
seed123_E0_step14500 36 8 4 0.0066433369647711515
seed123_E0_step14500 36 8 5 0.006662083091214299
seed123_E0_step14500 36 8 6 0.006665218039415777
seed123_E0_step14500 36 8 7 0.006677762954495847
seed123_E0_step14500 36 8 8 0.006716417032293975
seed123_E0_step14500 36 8 9 0.006677763070911169
seed123_E0_step14500 36 9 0 0.007072636974044144
seed123_E0_step14500 36 9 1 0.006929743918590248
seed123_E0_step14500 36 9 2 0.007335780072025955
seed123_E0_step14500 36 9 3 0.007360836956650019
seed123_E0_step14500 36 9 4 0.006890228018164635
seed123_E0_step14500 36 9 5 0.006858809036202729
seed123_E0_step14500 36 9 6 0.006866962998174131
seed123_E0_step14500 36 9 7 0.007232652977108955
seed123_E0_step14500 36 9 8 0.007307885913178325
seed123_E0_step14500 36 9 9 0.00736980396322906
seed123_E0_step14500 40 0 0 0.004185733967460692
seed123_E0_step14500 40 0 1 0.004294552025385201
seed123_E0_step14500 40 0 2 0.004394852905534208
seed123_E0_step14500 40 0 3 0.004347793059423566
seed123_E0_step14500 40 0 4 0.0040594530291855335
seed123_E0_step14500 40 0 5 0.004055144032463431
seed123_E0_step14500 40 0 6 0.004057488986290991
seed123_E0_step14500 40 0 7 0.0041755440179258585
seed123_E0_step14500 40 0 8 0.004037000006064773
seed123_E0_step14500 40 0 9 0.004064742010086775
seed123_E0_step14500 40 1 0 0.003970162011682987
seed123_E0_step14500 40 1 1 0.00398578098975122
seed123_E0_step14500 40 1 2 0.0039590210653841496
seed123_E0_step14500 40 1 3 0.00396806700155139
seed123_E0_step14500 40 1 4 0.003963359049521387
seed123_E0_step14500 40 1 5 0.004146539024077356
seed123_E0_step14500 40 1 6 0.0039261489873752
seed123_E0_step14500 40 1 7 0.003932099090889096
seed123_E0_step14500 40 1 8 0.003958720015361905
seed123_E0_step14500 40 1 9 0.004909705952741206
seed123_E0_step14500 40 2 0 0.005447402945719659
seed123_E0_step14500 40 2 1 0.005359975970350206
seed123_E0_step14500 40 2 2 0.0039322200464084744
seed123_E0_step14500 40 2 3 0.003930437029339373
seed123_E0_step14500 40 2 4 0.003926179022528231
seed123_E0_step14500 40 2 5 0.003923492971807718
seed123_E0_step14500 40 2 6 0.0039277010364457965
seed123_E0_step14500 40 2 7 0.003930846927687526
seed123_E0_step14500 40 2 8 0.003957077045924962
seed123_E0_step14500 40 2 9 0.003998616943135858
seed123_E0_step14500 40 3 0 0.003965422045439482
seed123_E0_step14500 40 3 1 0.003928323043510318
seed123_E0_step14500 40 3 2 0.004036898957565427
seed123_E0_step14500 40 3 3 0.004052550066262484
seed123_E0_step14500 40 3 4 0.003977045067586005
seed123_E0_step14500 40 3 5 0.004134626011364162
seed123_E0_step14500 40 3 6 0.00406023405957967
seed123_E0_step14500 40 3 7 0.003974861931055784
seed123_E0_step14500 40 3 8 0.0039420080138370395
seed123_E0_step14500 40 3 9 0.00393980392254889
seed123_E0_step14500 40 4 0 0.004350869916379452
seed123_E0_step14500 40 4 1 0.004005508963018656
seed123_E0_step14500 40 4 2 0.004011170007288456
seed123_E0_step14500 40 4 3 0.004148432984948158
seed123_E0_step14500 40 4 4 0.003999407985247672
seed123_E0_step14500 40 4 5 0.004008936928585172
seed123_E0_step14500 40 4 6 0.004012683988548815
seed123_E0_step14500 40 4 7 0.004012521938420832
seed123_E0_step14500 40 4 8 0.004017021972686052
seed123_E0_step14500 40 4 9 0.0040307879680767655
seed123_E0_step14500 40 5 0 0.004024565918371081
seed123_E0_step14500 40 5 1 0.004024805035442114
seed123_E0_step14500 40 5 2 0.004015758982859552
seed123_E0_step14500 40 5 3 0.004014627076685429
seed123_E0_step14500 40 5 4 0.004131420981138945
seed123_E0_step14500 40 5 5 0.004013775032944977
seed123_E0_step14500 40 5 6 0.004015878890641034
seed123_E0_step14500 40 5 7 0.004138353979215026
seed123_E0_step14500 40 5 8 0.004137350944802165
seed123_E0_step14500 40 5 9 0.004047609982080758
seed123_E0_step14500 40 6 0 0.004014156060293317
seed123_E0_step14500 40 6 1 0.004022922948934138
seed123_E0_step14500 40 6 2 0.0040125129744410515
seed123_E0_step14500 40 6 3 0.0040389730129390955
seed123_E0_step14500 40 6 4 0.004003676003776491
seed123_E0_step14500 40 6 5 0.004013744997791946
seed123_E0_step14500 40 6 6 0.004024866968393326
seed123_E0_step14500 40 6 7 0.004012022051028907
seed123_E0_step14500 40 6 8 0.004004457034170628
seed123_E0_step14500 40 6 9 0.004031650023534894
seed123_E0_step14500 40 7 0 0.0039228820241987705
seed123_E0_step14500 40 7 1 0.003920898074284196
seed123_E0_step14500 40 7 2 0.003917651018127799
seed123_E0_step14500 40 7 3 0.00393191899638623
seed123_E0_step14500 40 7 4 0.003935315064154565
seed123_E0_step14500 40 7 5 0.003942869952879846
seed123_E0_step14500 40 7 6 0.003911801031790674
seed123_E0_step14500 40 7 7 0.003922570031136274
seed123_E0_step14500 40 7 8 0.003930196049623191
seed123_E0_step14500 40 7 9 0.0039156279526650906
seed123_E0_step14500 40 8 0 0.0039208580274134874
seed123_E0_step14500 40 8 1 0.00391287193633616
seed123_E0_step14500 40 8 2 0.003923733020201325
seed123_E0_step14500 40 8 3 0.003909576102159917
seed123_E0_step14500 40 8 4 0.003919594921171665
seed123_E0_step14500 40 8 5 0.00392024707980454
seed123_E0_step14500 40 8 6 0.003912732936441898
seed123_E0_step14500 40 8 7 0.003930184990167618
seed123_E0_step14500 40 8 8 0.003931068000383675
seed123_E0_step14500 40 8 9 0.003932380001060665
seed123_E0_step14500 40 9 0 0.00394935195799917
seed123_E0_step14500 40 9 1 0.00394327100366354
seed123_E0_step14500 40 9 2 0.003915127948857844
seed123_E0_step14500 40 9 3 0.003918372909538448
seed123_E0_step14500 40 9 4 0.003958218963816762
seed123_E0_step14500 40 9 5 0.00392625795211643
seed123_E0_step14500 40 9 6 0.003924694960005581
seed123_E0_step14500 40 9 7 0.003916309913620353
seed123_E0_step14500 40 9 8 0.003925355966202915
seed123_E0_step14500 40 9 9 0.003926448058336973
seed123_E0_step14500 47 0 0 0.06753375299740583
seed123_E0_step14500 47 0 1 0.0645512460032478
seed123_E0_step14500 47 0 2 0.061570905963890254
seed123_E0_step14500 47 0 3 0.06213392992503941
seed123_E0_step14500 47 0 4 0.06183327594771981
seed123_E0_step14500 47 0 5 0.06298021599650383
seed123_E0_step14500 47 0 6 0.06163063901476562
seed123_E0_step14500 47 0 7 0.06088356196414679
seed123_E0_step14500 47 0 8 0.06644478300586343
seed123_E0_step14500 47 0 9 0.06166674802079797
seed123_E0_step14500 47 1 0 0.06424328801222146
seed123_E0_step14500 47 1 1 0.06161377695389092
seed123_E0_step14500 47 1 2 0.062410539016127586
seed123_E0_step14500 47 1 3 0.06398188893217593
seed123_E0_step14500 47 1 4 0.06349604099523276
seed123_E0_step14500 47 1 5 0.06635347800329328
seed123_E0_step14500 47 1 6 0.0601368669886142
seed123_E0_step14500 47 1 7 0.0619077580049634
seed123_E0_step14500 47 1 8 0.06119561800733209
seed123_E0_step14500 47 1 9 0.06111246894579381
seed123_E0_step14500 47 2 0 0.06194461788982153
seed123_E0_step14500 47 2 1 0.06328940694220364
seed123_E0_step14500 47 2 2 0.06223707692697644
seed123_E0_step14500 47 2 3 0.06102824804838747
seed123_E0_step14500 47 2 4 0.06215094297658652
seed123_E0_step14500 47 2 5 0.062013040063902736
seed123_E0_step14500 47 2 6 0.06336935004219413
seed123_E0_step14500 47 2 7 0.06216420896816999
seed123_E0_step14500 47 2 8 0.06116597098298371
seed123_E0_step14500 47 2 9 0.06053616898134351
seed123_E0_step14500 47 3 0 0.059850519988685846
seed123_E0_step14500 47 3 1 0.060888692969456315
seed123_E0_step14500 47 3 2 0.06130896508693695
seed123_E0_step14500 47 3 3 0.060376093024387956
seed123_E0_step14500 47 3 4 0.061187452054582536
seed123_E0_step14500 47 3 5 0.06300095596816391
seed123_E0_step14500 47 3 6 0.06152803311124444
seed123_E0_step14500 47 3 7 0.06334511400200427
seed123_E0_step14500 47 3 8 0.06528117007110268
seed123_E0_step14500 47 3 9 0.060004933970049024
seed123_E0_step14500 47 4 0 0.06274280301295221
seed123_E0_step14500 47 4 1 0.06087328202556819
seed123_E0_step14500 47 4 2 0.062037976924329996
seed123_E0_step14500 47 4 3 0.0647491350537166
seed123_E0_step14500 47 4 4 0.06312455201987177
seed123_E0_step14500 47 4 5 0.06154757994227111
seed123_E0_step14500 47 4 6 0.060500420979224145
seed123_E0_step14500 47 4 7 0.06483385595493019
seed123_E0_step14500 47 4 8 0.0610024289926514
seed123_E0_step14500 47 4 9 0.06092002196237445
seed123_E0_step14500 47 5 0 0.0617333659902215
seed123_E0_step14500 47 5 1 0.062272153911180794
seed123_E0_step14500 47 5 2 0.06088376301340759
seed123_E0_step14500 47 5 3 0.06367115501780063
seed123_E0_step14500 47 5 4 0.06146349001210183
seed123_E0_step14500 47 5 5 0.06260588101577014
seed123_E0_step14500 47 5 6 0.06815558997914195
seed123_E0_step14500 47 5 7 0.06250366603489965
seed123_E0_step14500 47 5 8 0.06018083996605128
seed123_E0_step14500 47 5 9 0.06424712506122887
seed123_E0_step14500 47 6 0 0.06120468594599515
seed123_E0_step14500 47 6 1 0.060986519092693925
seed123_E0_step14500 47 6 2 0.05987276101950556
seed123_E0_step14500 47 6 3 0.06049528997391462
seed123_E0_step14500 47 6 4 0.06017567100934684
seed123_E0_step14500 47 6 5 0.060434593935497105
seed123_E0_step14500 47 6 6 0.06379823794122785
seed123_E0_step14500 47 6 7 0.06081409007310867
seed123_E0_step14500 47 6 8 0.06032438494730741
seed123_E0_step14500 47 6 9 0.06419120798818767
seed123_E0_step14500 47 7 0 0.061394136981107295
seed123_E0_step14500 47 7 1 0.06299301004037261
seed123_E0_step14500 47 7 2 0.060976941022090614
seed123_E0_step14500 47 7 3 0.062255411059595644
seed123_E0_step14500 47 7 4 0.06128456792794168
seed123_E0_step14500 47 7 5 0.06240097002591938
seed123_E0_step14500 47 7 6 0.06541413394734263
seed123_E0_step14500 47 7 7 0.06382272497285157
seed123_E0_step14500 47 7 8 0.06162093998864293
seed123_E0_step14500 47 7 9 0.06091625499539077
seed123_E0_step14500 47 8 0 0.06064077792689204
seed123_E0_step14500 47 8 1 0.06211650604382157
seed123_E0_step14500 47 8 2 0.0609788439469412
seed123_E0_step14500 47 8 3 0.06158258696086705
seed123_E0_step14500 47 8 4 0.06794878502842039
seed123_E0_step14500 47 8 5 0.06387747905682772
seed123_E0_step14500 47 8 6 0.061750647029839456
seed123_E0_step14500 47 8 7 0.060474741039797664
seed123_E0_step14500 47 8 8 0.06068955210503191
seed123_E0_step14500 47 8 9 0.06078247807454318
seed123_E0_step14500 47 9 0 0.06256405101157725
seed123_E0_step14500 47 9 1 0.06018978694919497
seed123_E0_step14500 47 9 2 0.061468309024348855
seed123_E0_step14500 47 9 3 0.06168566399719566
seed123_E0_step14500 47 9 4 0.070437828078866
seed123_E0_step14500 47 9 5 0.06381937896367162
seed123_E0_step14500 47 9 6 0.0607313709333539
seed123_E0_step14500 47 9 7 0.06308731099124998
seed123_E0_step14500 47 9 8 0.06035805807914585
seed123_E0_step14500 47 9 9 0.06011045596096665
seed123_E0_step14500 51 0 0 0.024916182970628142
seed123_E0_step14500 51 0 1 0.02243720891419798
seed123_E0_step14500 51 0 2 0.02258129499386996
seed123_E0_step14500 51 0 3 0.02217954699881375
seed123_E0_step14500 51 0 4 0.02233711804728955
seed123_E0_step14500 51 0 5 0.02259561198297888
seed123_E0_step14500 51 0 6 0.02673890406731516
seed123_E0_step14500 51 0 7 0.02361153205856681
seed123_E0_step14500 51 0 8 0.022765747038647532
seed123_E0_step14500 51 0 9 0.022295008064247668
seed123_E0_step14500 51 1 0 0.02270198508631438
seed123_E0_step14500 51 1 1 0.02216565003618598
seed123_E0_step14500 51 1 2 0.023626049980521202
seed123_E0_step14500 51 1 3 0.02228277502581477
seed123_E0_step14500 51 1 4 0.02219216199591756
seed123_E0_step14500 51 1 5 0.02223974303342402
seed123_E0_step14500 51 1 6 0.022464922978542745
seed123_E0_step14500 51 1 7 0.022536760079674423
seed123_E0_step14500 51 1 8 0.022701194044202566
seed123_E0_step14500 51 1 9 0.023670012946240604
seed123_E0_step14500 51 2 0 0.022185458918102086
seed123_E0_step14500 51 2 1 0.02218990703113377
seed123_E0_step14500 51 2 2 0.022242477047257125
seed123_E0_step14500 51 2 3 0.023707414977252483
seed123_E0_step14500 51 2 4 0.024372306070290506
seed123_E0_step14500 51 2 5 0.023526228964328766
seed123_E0_step14500 51 2 6 0.026979914982803166
seed123_E0_step14500 51 2 7 0.024355122004635632
seed123_E0_step14500 51 2 8 0.024232527008280158
seed123_E0_step14500 51 2 9 0.022984604933299124
seed123_E0_step14500 51 3 0 0.023785495082847774
seed123_E0_step14500 51 3 1 0.024084795033559203
seed123_E0_step14500 51 3 2 0.023947403067722917
seed123_E0_step14500 51 3 3 0.022184566012583673
seed123_E0_step14500 51 3 4 0.02277949301060289
seed123_E0_step14500 51 3 5 0.022943026036955416
seed123_E0_step14500 51 3 6 0.022290718974545598
seed123_E0_step14500 51 3 7 0.02287882298696786
seed123_E0_step14500 51 3 8 0.024886626983061433
seed123_E0_step14500 51 3 9 0.02325190498959273
seed123_E0_step14500 51 4 0 0.02420203003566712
seed123_E0_step14500 51 4 1 0.022335635032504797
seed123_E0_step14500 51 4 2 0.022208341979421675
seed123_E0_step14500 51 4 3 0.022207460016943514
seed123_E0_step14500 51 4 4 0.025412190007045865
seed123_E0_step14500 51 4 5 0.02368535299319774
seed123_E0_step14500 51 4 6 0.02587345102801919
seed123_E0_step14500 51 4 7 0.023026514914818108
seed123_E0_step14500 51 4 8 0.022197200916707516
seed123_E0_step14500 51 4 9 0.02214028302114457
seed123_E0_step14500 51 5 0 0.02220286091323942
seed123_E0_step14500 51 5 1 0.022782207932323217
seed123_E0_step14500 51 5 2 0.022507112938910723
seed123_E0_step14500 51 5 3 0.02294984902255237
seed123_E0_step14500 51 5 4 0.022506150999106467
seed123_E0_step14500 51 5 5 0.022451556054875255
seed123_E0_step14500 51 5 6 0.02254124905448407
seed123_E0_step14500 51 5 7 0.02399951301049441
seed123_E0_step14500 51 5 8 0.022713155951350927
seed123_E0_step14500 51 5 9 0.022900704061612487
seed123_E0_step14500 51 6 0 0.022445615963079035
seed123_E0_step14500 51 6 1 0.02248474000953138
seed123_E0_step14500 51 6 2 0.022550215013325214
seed123_E0_step14500 51 6 3 0.022350662969984114
seed123_E0_step14500 51 6 4 0.022882740013301373
seed123_E0_step14500 51 6 5 0.022597115021198988
seed123_E0_step14500 51 6 6 0.024272263050079346
seed123_E0_step14500 51 6 7 0.025719205965287983
seed123_E0_step14500 51 6 8 0.022925712983123958
seed123_E0_step14500 51 6 9 0.022352586966007948
seed123_E0_step14500 51 7 0 0.024391392013058066
seed123_E0_step14500 51 7 1 0.022546939086169004
seed123_E0_step14500 51 7 2 0.022512322990223765
seed123_E0_step14500 51 7 3 0.022553941933438182
seed123_E0_step14500 51 7 4 0.02231600694358349
seed123_E0_step14500 51 7 5 0.02228019991889596
seed123_E0_step14500 51 7 6 0.022970307036302984
seed123_E0_step14500 51 7 7 0.02305207308381796
seed123_E0_step14500 51 7 8 0.02292903803754598
seed123_E0_step14500 51 7 9 0.022247335989959538
seed123_E0_step14500 51 8 0 0.02269645396154374
seed123_E0_step14500 51 8 1 0.02275915304198861
seed123_E0_step14500 51 8 2 0.022452758974395692
seed123_E0_step14500 51 8 3 0.023731520981527865
seed123_E0_step14500 51 8 4 0.02306101005524397
seed123_E0_step14500 51 8 5 0.022986527998000383
seed123_E0_step14500 51 8 6 0.022278465912677348
seed123_E0_step14500 51 8 7 0.02246685593854636
seed123_E0_step14500 51 8 8 0.022759124054573476
seed123_E0_step14500 51 8 9 0.02238163200672716
seed123_E0_step14500 51 9 0 0.02284502808470279
seed123_E0_step14500 51 9 1 0.022738233907148242
seed123_E0_step14500 51 9 2 0.022875386057421565
seed123_E0_step14500 51 9 3 0.02355580497533083
seed123_E0_step14500 51 9 4 0.023957242956385016
seed123_E0_step14500 51 9 5 0.02248288702685386
seed123_E0_step14500 51 9 6 0.022847693995572627
seed123_E0_step14500 51 9 7 0.02292806701734662
seed123_E0_step14500 51 9 8 0.02298292110208422
seed123_E0_step14500 51 9 9 0.022540966980159283
seed123_E0_step14500 52 0 0 0.8041083849966526
seed123_E0_step14500 52 0 1 0.8154636790277436
seed123_E0_step14500 52 0 2 0.8190515299793333
seed123_E0_step14500 52 0 3 0.832094116951339
seed123_E0_step14500 52 0 4 0.7971544299507514
seed123_E0_step14500 52 0 5 0.8169203770812601
seed123_E0_step14500 52 0 6 0.8041725499788299
seed123_E0_step14500 52 0 7 0.8020697729662061
seed123_E0_step14500 52 0 8 0.80680172808934
seed123_E0_step14500 52 0 9 0.8336924109607935
seed123_E0_step14500 52 1 0 0.8161895850207657
seed123_E0_step14500 52 1 1 0.8026031169574708
seed123_E0_step14500 52 1 2 0.804970386903733
seed123_E0_step14500 52 1 3 0.8013843469088897
seed123_E0_step14500 52 1 4 0.826969516929239
seed123_E0_step14500 52 1 5 0.850300078978762
seed123_E0_step14500 52 1 6 0.8373351698974147
seed123_E0_step14500 52 1 7 0.8550922590075061
seed123_E0_step14500 52 1 8 0.8239557170309126
seed123_E0_step14500 52 1 9 0.8252720090094954
seed123_E0_step14500 52 2 0 0.8396226030308753
seed123_E0_step14500 52 2 1 0.8180326719302684
seed123_E0_step14500 52 2 2 0.8403533060336486
seed123_E0_step14500 52 2 3 0.8180155269801617
seed123_E0_step14500 52 2 4 0.8467185799963772
seed123_E0_step14500 52 2 5 0.8448349609971046
seed123_E0_step14500 52 2 6 0.8391393539495766
seed123_E0_step14500 52 2 7 0.8604770500678569
seed123_E0_step14500 52 2 8 0.8383464369690046
seed123_E0_step14500 52 2 9 0.8555730929365382
seed123_E0_step14500 52 3 0 0.8498211080441251
seed123_E0_step14500 52 3 1 0.8259507500333712
seed123_E0_step14500 52 3 2 0.8219990740763023
seed123_E0_step14500 52 3 3 0.8517199400812387
seed123_E0_step14500 52 3 4 0.8480135110439733
seed123_E0_step14500 52 3 5 0.8490229879971594
seed123_E0_step14500 52 3 6 0.8498915749369189
seed123_E0_step14500 52 3 7 0.8453262249240652
seed123_E0_step14500 52 3 8 0.8318168149562553
seed123_E0_step14500 52 3 9 0.8117871540598571
seed123_E0_step14500 52 4 0 0.8280794459860772
seed123_E0_step14500 52 4 1 0.8659998410148546
seed123_E0_step14500 52 4 2 0.8355380770517513
seed123_E0_step14500 52 4 3 0.8348129109945148
seed123_E0_step14500 52 4 4 0.8366455800132826
seed123_E0_step14500 52 4 5 0.8305311410222203
seed123_E0_step14500 52 4 6 0.84881504799705
seed123_E0_step14500 52 4 7 0.8305323519743979
seed123_E0_step14500 52 4 8 0.8355795090319589
seed123_E0_step14500 52 4 9 0.8313848079415038
seed123_E0_step14500 52 5 0 0.8429747590562329
seed123_E0_step14500 52 5 1 0.8245512660359964
seed123_E0_step14500 52 5 2 0.8187560279620811
seed123_E0_step14500 52 5 3 0.8326302320929244
seed123_E0_step14500 52 5 4 0.8217834159731865
seed123_E0_step14500 52 5 5 0.8370738149387762
seed123_E0_step14500 52 5 6 0.8470411379821599
seed123_E0_step14500 52 5 7 0.8472473410656676
seed123_E0_step14500 52 5 8 0.8503829879919067
seed123_E0_step14500 52 5 9 0.8370555159635842
seed123_E0_step14500 52 6 0 0.8320403569377959
seed123_E0_step14500 52 6 1 0.8331349570071325
seed123_E0_step14500 52 6 2 0.8240596050163731
seed123_E0_step14500 52 6 3 0.8394663750659674
seed123_E0_step14500 52 6 4 0.8304244069149718
seed123_E0_step14500 52 6 5 0.8348019360564649
seed123_E0_step14500 52 6 6 0.8434702779632062
seed123_E0_step14500 52 6 7 0.8267046411056072
seed123_E0_step14500 52 6 8 0.8317224509082735
seed123_E0_step14500 52 6 9 0.831412888946943
seed123_E0_step14500 52 7 0 0.8335481650428846
seed123_E0_step14500 52 7 1 0.8326202520402148
seed123_E0_step14500 52 7 2 0.8405920949298888
seed123_E0_step14500 52 7 3 0.8358410419896245
seed123_E0_step14500 52 7 4 0.8499876640271395
seed123_E0_step14500 52 7 5 0.8190066009992734
seed123_E0_step14500 52 7 6 0.8260326470481232
seed123_E0_step14500 52 7 7 0.8299142390023917
seed123_E0_step14500 52 7 8 0.8223386000609025
seed123_E0_step14500 52 7 9 0.8410702199907973
seed123_E0_step14500 52 8 0 0.849026212003082
seed123_E0_step14500 52 8 1 0.84008413401898
seed123_E0_step14500 52 8 2 0.834670847048983
seed123_E0_step14500 52 8 3 0.8443235590821132
seed123_E0_step14500 52 8 4 0.8487269659526646
seed123_E0_step14500 52 8 5 0.8291248929454014
seed123_E0_step14500 52 8 6 0.8480870820349082
seed123_E0_step14500 52 8 7 0.8445800230838358
seed123_E0_step14500 52 8 8 0.8374267829349265
seed123_E0_step14500 52 8 9 0.8456448850920424
seed123_E0_step14500 52 9 0 0.838235515053384
seed123_E0_step14500 52 9 1 0.8256440879777074
seed123_E0_step14500 52 9 2 0.8369256310397759
seed123_E0_step14500 52 9 3 0.8328550070291385
seed123_E0_step14500 52 9 4 0.8365805699722841
seed123_E0_step14500 52 9 5 0.840867065009661
seed123_E0_step14500 52 9 6 0.8312389479251578
seed123_E0_step14500 52 9 7 0.8415350479772314
seed123_E0_step14500 52 9 8 0.845072973985225
seed123_E0_step14500 52 9 9 0.8503815399017185
seed123_E0_step14500 56 0 0 0.01952721900306642
seed123_E0_step14500 56 0 1 0.016958453925326467
seed123_E0_step14500 56 0 2 0.016997589031234384
seed123_E0_step14500 56 0 3 0.01821711694356054
seed123_E0_step14500 56 0 4 0.016932153957895935
seed123_E0_step14500 56 0 5 0.017223368980921805
seed123_E0_step14500 56 0 6 0.0169845640193671
seed123_E0_step14500 56 0 7 0.016982699977234006
seed123_E0_step14500 56 0 8 0.01696392404846847
seed123_E0_step14500 56 0 9 0.01696605805773288
seed123_E0_step14500 56 1 0 0.01702178397681564
seed123_E0_step14500 56 1 1 0.01876061607617885
seed123_E0_step14500 56 1 2 0.017486060969531536
seed123_E0_step14500 56 1 3 0.01763764105271548
seed123_E0_step14500 56 1 4 0.01733708695974201
seed123_E0_step14500 56 1 5 0.017283994937315583
seed123_E0_step14500 56 1 6 0.017239231034182012
seed123_E0_step14500 56 1 7 0.017306507914327085
seed123_E0_step14500 56 1 8 0.017178043024614453
seed123_E0_step14500 56 1 9 0.01728664105758071
seed123_E0_step14500 56 2 0 0.018527179956436157
seed123_E0_step14500 56 2 1 0.017912436043843627
seed123_E0_step14500 56 2 2 0.019233106984756887
seed123_E0_step14500 56 2 3 0.018317810026928782
seed123_E0_step14500 56 2 4 0.01695241197012365
seed123_E0_step14500 56 2 5 0.017004071036353707
seed123_E0_step14500 56 2 6 0.016953433980233967
seed123_E0_step14500 56 2 7 0.016973362071439624
seed123_E0_step14500 56 2 8 0.016964956070296466
seed123_E0_step14500 56 2 9 0.016960476990789175
seed123_E0_step14500 56 3 0 0.016984704066999257
seed123_E0_step14500 56 3 1 0.017326485947705805
seed123_E0_step14500 56 3 2 0.0172389600193128
seed123_E0_step14500 56 3 3 0.017625065986067057
seed123_E0_step14500 56 3 4 0.01752246101386845
seed123_E0_step14500 56 3 5 0.01724328799173236
seed123_E0_step14500 56 3 6 0.017251071985810995
seed123_E0_step14500 56 3 7 0.017290388932451606
seed123_E0_step14500 56 3 8 0.01721201802138239
seed123_E0_step14500 56 3 9 0.017351855989545584
seed123_E0_step14500 56 4 0 0.017283984925597906
seed123_E0_step14500 56 4 1 0.017224842915311456
seed123_E0_step14500 56 4 2 0.017570742988027632
seed123_E0_step14500 56 4 3 0.017247144947759807
seed123_E0_step14500 56 4 4 0.017224743030965328
seed123_E0_step14500 56 4 5 0.017237126012332737
seed123_E0_step14500 56 4 6 0.0172290310729295
seed123_E0_step14500 56 4 7 0.017203280935063958
seed123_E0_step14500 56 4 8 0.017230613972060382
seed123_E0_step14500 56 4 9 0.017225383082404733
seed123_E0_step14500 56 5 0 0.017201367998495698
seed123_E0_step14500 56 5 1 0.017348528956063092
seed123_E0_step14500 56 5 2 0.01905727107077837
seed123_E0_step14500 56 5 3 0.017477215034887195
seed123_E0_step14500 56 5 4 0.016923065995797515
seed123_E0_step14500 56 5 5 0.01696942502167076
seed123_E0_step14500 56 5 6 0.017270881100557745
seed123_E0_step14500 56 5 7 0.017040680977515876
seed123_E0_step14500 56 5 8 0.016981358057819307
seed123_E0_step14500 56 5 9 0.01701177505310625
seed123_E0_step14500 56 6 0 0.016998048988170922
seed123_E0_step14500 56 6 1 0.01696169003844261
seed123_E0_step14500 56 6 2 0.01699801895301789
seed123_E0_step14500 56 6 3 0.016976116923615336
seed123_E0_step14500 56 6 4 0.01878481195308268
seed123_E0_step14500 56 6 5 0.021126974024809897
seed123_E0_step14500 56 6 6 0.01737905794288963
seed123_E0_step14500 56 6 7 0.01722154696471989
seed123_E0_step14500 56 6 8 0.017210885998792946
seed123_E0_step14500 56 6 9 0.017183313029818237
seed123_E0_step14500 56 7 0 0.017238337080925703
seed123_E0_step14500 56 7 1 0.017651738016866148
seed123_E0_step14500 56 7 2 0.017221194924786687
seed123_E0_step14500 56 7 3 0.01723517302889377
seed123_E0_step14500 56 7 4 0.01719058700837195
seed123_E0_step14500 56 7 5 0.017207468976266682
seed123_E0_step14500 56 7 6 0.017181067960336804
seed123_E0_step14500 56 7 7 0.017249959986656904
seed123_E0_step14500 56 7 8 0.017182911979034543
seed123_E0_step14500 56 7 9 0.018123519024811685
seed123_E0_step14500 56 8 0 0.01721523399464786
seed123_E0_step14500 56 8 1 0.017216486972756684
seed123_E0_step14500 56 8 2 0.01722833898384124
seed123_E0_step14500 56 8 3 0.017241434077732265
seed123_E0_step14500 56 8 4 0.01720393297728151
seed123_E0_step14500 56 8 5 0.02016098890453577
seed123_E0_step14500 56 8 6 0.01758000103291124
seed123_E0_step14500 56 8 7 0.01789121504407376
seed123_E0_step14500 56 8 8 0.01782683201599866
seed123_E0_step14500 56 8 9 0.01779763598460704
seed123_E0_step14500 56 9 0 0.017686765058897436
seed123_E0_step14500 56 9 1 0.016971117933280766
seed123_E0_step14500 56 9 2 0.01698623795527965
seed123_E0_step14500 56 9 3 0.017202088958583772
seed123_E0_step14500 56 9 4 0.016967421979643404
seed123_E0_step14500 56 9 5 0.016945940093137324
seed123_E0_step14500 56 9 6 0.016955628991127014
seed123_E0_step14500 56 9 7 0.017015663092024624
seed123_E0_step14500 56 9 8 0.01710202801041305
seed123_E0_step14500 56 9 9 0.017144578974694014
seed123_E0_step14500 62 0 0 0.2896207789890468
seed123_E0_step14500 62 0 1 0.2816159731009975
seed123_E0_step14500 62 0 2 0.28382970893289894
seed123_E0_step14500 62 0 3 0.2830865910509601
seed123_E0_step14500 62 0 4 0.28839475801214576
seed123_E0_step14500 62 0 5 0.2894675559364259
seed123_E0_step14500 62 0 6 0.29130300995893776
seed123_E0_step14500 62 0 7 0.2958889079745859
seed123_E0_step14500 62 0 8 0.2823946790304035
seed123_E0_step14500 62 0 9 0.2931749450508505
seed123_E0_step14500 62 1 0 0.2943349099950865
seed123_E0_step14500 62 1 1 0.3041266880463809
seed123_E0_step14500 62 1 2 0.2964822999201715
seed123_E0_step14500 62 1 3 0.2892257230123505
seed123_E0_step14500 62 1 4 0.2914174379548058
seed123_E0_step14500 62 1 5 0.2823778960155323
seed123_E0_step14500 62 1 6 0.28332563501317054
seed123_E0_step14500 62 1 7 0.286573318997398
seed123_E0_step14500 62 1 8 0.29207243910059333
seed123_E0_step14500 62 1 9 0.2821219270117581
seed123_E0_step14500 62 2 0 0.29473910108208656
seed123_E0_step14500 62 2 1 0.28894221992231905
seed123_E0_step14500 62 2 2 0.2865879849996418
seed123_E0_step14500 62 2 3 0.29019260802306235
seed123_E0_step14500 62 2 4 0.29080104001332074
seed123_E0_step14500 62 2 5 0.28994201903697103
seed123_E0_step14500 62 2 6 0.29164384899195284
seed123_E0_step14500 62 2 7 0.2842316150199622
seed123_E0_step14500 62 2 8 0.2896676160162315
seed123_E0_step14500 62 2 9 0.2848236249992624
seed123_E0_step14500 62 3 0 0.2878284220350906
seed123_E0_step14500 62 3 1 0.2836925450246781
seed123_E0_step14500 62 3 2 0.29678986594080925
seed123_E0_step14500 62 3 3 0.2792543489485979
seed123_E0_step14500 62 3 4 0.28504570899531245
seed123_E0_step14500 62 3 5 0.2923329040640965
seed123_E0_step14500 62 3 6 0.2866991460323334
seed123_E0_step14500 62 3 7 0.28438398393336684
seed123_E0_step14500 62 3 8 0.2811224970500916
seed123_E0_step14500 62 3 9 0.27954454196151346
seed123_E0_step14500 62 4 0 0.28811608103569597
seed123_E0_step14500 62 4 1 0.2914114739978686
seed123_E0_step14500 62 4 2 0.2802874220069498
seed123_E0_step14500 62 4 3 0.28594178799539804
seed123_E0_step14500 62 4 4 0.28705533395987004
seed123_E0_step14500 62 4 5 0.2880085950018838
seed123_E0_step14500 62 4 6 0.29624258691910654
seed123_E0_step14500 62 4 7 0.292293656966649
seed123_E0_step14500 62 4 8 0.2862087880494073
seed123_E0_step14500 62 4 9 0.2874571409774944
seed123_E0_step14500 62 5 0 0.2825377279659733
seed123_E0_step14500 62 5 1 0.2871429310180247
seed123_E0_step14500 62 5 2 0.28324397606775165
seed123_E0_step14500 62 5 3 0.286531834048219
seed123_E0_step14500 62 5 4 0.29162091098260134
seed123_E0_step14500 62 5 5 0.28089683305006474
seed123_E0_step14500 62 5 6 0.28955291502643377
seed123_E0_step14500 62 5 7 0.2862027749652043
seed123_E0_step14500 62 5 8 0.28761945001315325
seed123_E0_step14500 62 5 9 0.2988313300302252
seed123_E0_step14500 62 6 0 0.2870614050189033
seed123_E0_step14500 62 6 1 0.2883805730380118
seed123_E0_step14500 62 6 2 0.2970691730733961
seed123_E0_step14500 62 6 3 0.2979876889148727
seed123_E0_step14500 62 6 4 0.2950435869861394
seed123_E0_step14500 62 6 5 0.2851322499336675
seed123_E0_step14500 62 6 6 0.28965125896502286
seed123_E0_step14500 62 6 7 0.2844099010108039
seed123_E0_step14500 62 6 8 0.2855106720235199
seed123_E0_step14500 62 6 9 0.2833207700168714
seed123_E0_step14500 62 7 0 0.27905226906295866
seed123_E0_step14500 62 7 1 0.2865441660396755
seed123_E0_step14500 62 7 2 0.27935111010447145
seed123_E0_step14500 62 7 3 0.2847103630192578
seed123_E0_step14500 62 7 4 0.28890046407468617
seed123_E0_step14500 62 7 5 0.2972936120349914
seed123_E0_step14500 62 7 6 0.2830267579993233
seed123_E0_step14500 62 7 7 0.2829075501067564
seed123_E0_step14500 62 7 8 0.2828058359446004
seed123_E0_step14500 62 7 9 0.28498522692825645
seed123_E0_step14500 62 8 0 0.28662028000690043
seed123_E0_step14500 62 8 1 0.2824326929403469
seed123_E0_step14500 62 8 2 0.2903457540087402
seed123_E0_step14500 62 8 3 0.28659955004695803
seed123_E0_step14500 62 8 4 0.2960888500092551
seed123_E0_step14500 62 8 5 0.28645664697978646
seed123_E0_step14500 62 8 6 0.28649859700817615
seed123_E0_step14500 62 8 7 0.28323717799503356
seed123_E0_step14500 62 8 8 0.28566912200767547
seed123_E0_step14500 62 8 9 0.2941781599074602
seed123_E0_step14500 62 9 0 0.28051779605448246
seed123_E0_step14500 62 9 1 0.28856444102711976
seed123_E0_step14500 62 9 2 0.2868587030097842
seed123_E0_step14500 62 9 3 0.28705934598110616
seed123_E0_step14500 62 9 4 0.2860450609587133
seed123_E0_step14500 62 9 5 0.28402759705204517
seed123_E0_step14500 62 9 6 0.2871596770128235
seed123_E0_step14500 62 9 7 0.29347835399676114
seed123_E0_step14500 62 9 8 0.2815759649965912
seed123_E0_step14500 62 9 9 0.2909688609652221
seed123_E0_step14500 64 0 0 0.1769929479341954
seed123_E0_step14500 64 0 1 0.1714860120555386
seed123_E0_step14500 64 0 2 0.1711202139267698
seed123_E0_step14500 64 0 3 0.17073245299980044
seed123_E0_step14500 64 0 4 0.17201678501442075
seed123_E0_step14500 64 0 5 0.17215887608472258
seed123_E0_step14500 64 0 6 0.17495736002456397
seed123_E0_step14500 64 0 7 0.1752705390099436
seed123_E0_step14500 64 0 8 0.17729906202293932
seed123_E0_step14500 64 0 9 0.17849241103976965
seed123_E0_step14500 64 1 0 0.1725802819710225
seed123_E0_step14500 64 1 1 0.18438352993689477
seed123_E0_step14500 64 1 2 0.17279865802265704
seed123_E0_step14500 64 1 3 0.17870680999476463
seed123_E0_step14500 64 1 4 0.17059165402315557
seed123_E0_step14500 64 1 5 0.16801607504021376
seed123_E0_step14500 64 1 6 0.17637689993716776
seed123_E0_step14500 64 1 7 0.1690152439987287
seed123_E0_step14500 64 1 8 0.17142271099146456
seed123_E0_step14500 64 1 9 0.17247203399892896
seed123_E0_step14500 64 2 0 0.17033058498054743
seed123_E0_step14500 64 2 1 0.17101375001948327
seed123_E0_step14500 64 2 2 0.1720940030645579
seed123_E0_step14500 64 2 3 0.1747274009976536
seed123_E0_step14500 64 2 4 0.170275509939529
seed123_E0_step14500 64 2 5 0.1746230520075187
seed123_E0_step14500 64 2 6 0.16942647902760655
seed123_E0_step14500 64 2 7 0.17055070400238037
seed123_E0_step14500 64 2 8 0.17072362499311566
seed123_E0_step14500 64 2 9 0.17139041796326637
seed123_E0_step14500 64 3 0 0.17500218492932618
seed123_E0_step14500 64 3 1 0.1731261929962784
seed123_E0_step14500 64 3 2 0.17195626895409077
seed123_E0_step14500 64 3 3 0.17312095290981233
seed123_E0_step14500 64 3 4 0.17160532902926207
seed123_E0_step14500 64 3 5 0.1758940969593823
seed123_E0_step14500 64 3 6 0.16864612803328782
seed123_E0_step14500 64 3 7 0.17982322094030678
seed123_E0_step14500 64 3 8 0.17599885805975646
seed123_E0_step14500 64 3 9 0.18377654999494553
seed123_E0_step14500 64 4 0 0.17350292205810547
seed123_E0_step14500 64 4 1 0.1823726890143007
seed123_E0_step14500 64 4 2 0.1764005949953571
seed123_E0_step14500 64 4 3 0.1694792079506442
seed123_E0_step14500 64 4 4 0.17517502408009022
seed123_E0_step14500 64 4 5 0.1733176379930228
seed123_E0_step14500 64 4 6 0.17020316002890468
seed123_E0_step14500 64 4 7 0.18868952000048012
seed123_E0_step14500 64 4 8 0.17928461206611246
seed123_E0_step14500 64 4 9 0.16920131805818528
seed123_E0_step14500 64 5 0 0.1673394920071587
seed123_E0_step14500 64 5 1 0.16882243403233588
seed123_E0_step14500 64 5 2 0.1776732950238511
seed123_E0_step14500 64 5 3 0.17155201500281692
seed123_E0_step14500 64 5 4 0.17287105496507138
seed123_E0_step14500 64 5 5 0.1704522450454533
seed123_E0_step14500 64 5 6 0.16787574591580778
seed123_E0_step14500 64 5 7 0.17071714194025844
seed123_E0_step14500 64 5 8 0.1717700919834897
seed123_E0_step14500 64 5 9 0.17104703094810247
seed123_E0_step14500 64 6 0 0.17347423604223877
seed123_E0_step14500 64 6 1 0.17006165999919176
seed123_E0_step14500 64 6 2 0.17036029999144375
seed123_E0_step14500 64 6 3 0.16937506792601198
seed123_E0_step14500 64 6 4 0.17173988395370543
seed123_E0_step14500 64 6 5 0.17134359804913402
seed123_E0_step14500 64 6 6 0.17092390696052462
seed123_E0_step14500 64 6 7 0.17421341699082404
seed123_E0_step14500 64 6 8 0.17378265503793955
seed123_E0_step14500 64 6 9 0.17549684701953083
seed123_E0_step14500 64 7 0 0.1823105700314045
seed123_E0_step14500 64 7 1 0.1715840669348836
seed123_E0_step14500 64 7 2 0.1760365490335971
seed123_E0_step14500 64 7 3 0.18010870495345443
seed123_E0_step14500 64 7 4 0.17524343391414732
seed123_E0_step14500 64 7 5 0.1754835929023102
seed123_E0_step14500 64 7 6 0.17128031700849533
seed123_E0_step14500 64 7 7 0.17641646298579872
seed123_E0_step14500 64 7 8 0.17538820998743176
seed123_E0_step14500 64 7 9 0.16811269603203982
seed123_E0_step14500 64 8 0 0.17172680899966508
seed123_E0_step14500 64 8 1 0.1764275550376624
seed123_E0_step14500 64 8 2 0.1724619020242244
seed123_E0_step14500 64 8 3 0.1824323609471321
seed123_E0_step14500 64 8 4 0.17597852705512196
seed123_E0_step14500 64 8 5 0.1710654249181971
seed123_E0_step14500 64 8 6 0.1718477699905634
seed123_E0_step14500 64 8 7 0.17115929396823049
seed123_E0_step14500 64 8 8 0.1753914459841326
seed123_E0_step14500 64 8 9 0.18131167092360556
seed123_E0_step14500 64 9 0 0.17343151301611215
seed123_E0_step14500 64 9 1 0.17307311890181154
seed123_E0_step14500 64 9 2 0.1692862280178815
seed123_E0_step14500 64 9 3 0.16864641604479402
seed123_E0_step14500 64 9 4 0.16824768402148038
seed123_E0_step14500 64 9 5 0.17938409000635147
seed123_E0_step14500 64 9 6 0.17259443399962038
seed123_E0_step14500 64 9 7 0.17576916702091694
seed123_E0_step14500 64 9 8 0.17896040994673967
seed123_E0_step14500 64 9 9 0.18142466607969254
seed123_E0_step14500 69 0 0 0.5520120339933783
seed123_E0_step14500 69 0 1 0.5326221180148423
seed123_E0_step14500 69 0 2 0.5420783150475472
seed123_E0_step14500 69 0 3 0.5257344249403104
seed123_E0_step14500 69 0 4 0.5305423450190574
seed123_E0_step14500 69 0 5 0.5356046119704843
seed123_E0_step14500 69 0 6 0.5328944360371679
seed123_E0_step14500 69 0 7 0.5133718569995835
seed123_E0_step14500 69 0 8 0.5155296069569886
seed123_E0_step14500 69 0 9 0.5155805830145255
seed123_E0_step14500 69 1 0 0.5218072739662603
seed123_E0_step14500 69 1 1 0.5270788189955056
seed123_E0_step14500 69 1 2 0.5373385699931532
seed123_E0_step14500 69 1 3 0.531977953040041
seed123_E0_step14500 69 1 4 0.5412666809279472
seed123_E0_step14500 69 1 5 0.5289526670239866
seed123_E0_step14500 69 1 6 0.5299827229464427
seed123_E0_step14500 69 1 7 0.5232908639591187
seed123_E0_step14500 69 1 8 0.523688112036325
seed123_E0_step14500 69 1 9 0.5306420000270009
seed123_E0_step14500 69 2 0 0.5223771689925343
seed123_E0_step14500 69 2 1 0.5252346839988604
seed123_E0_step14500 69 2 2 0.5168935569236055
seed123_E0_step14500 69 2 3 0.5186967790359631
seed123_E0_step14500 69 2 4 0.5194406489608809
seed123_E0_step14500 69 2 5 0.5235882679698989
seed123_E0_step14500 69 2 6 0.5203574290499091
seed123_E0_step14500 69 2 7 0.5277745929779485
seed123_E0_step14500 69 2 8 0.5127701900200918
seed123_E0_step14500 69 2 9 0.5241651389515027
seed123_E0_step14500 69 3 0 0.5216275530401617
seed123_E0_step14500 69 3 1 0.5304362419992685
seed123_E0_step14500 69 3 2 0.5274965290445834
seed123_E0_step14500 69 3 3 0.5340989159885794
seed123_E0_step14500 69 3 4 0.5253537870012224
seed123_E0_step14500 69 3 5 0.5291429120115936
seed123_E0_step14500 69 3 6 0.5276088920654729
seed123_E0_step14500 69 3 7 0.5292681199498475
seed123_E0_step14500 69 3 8 0.5187939290190116
seed123_E0_step14500 69 3 9 0.5227042359765619
seed123_E0_step14500 69 4 0 0.5156089769443497
seed123_E0_step14500 69 4 1 0.5231038189958781
seed123_E0_step14500 69 4 2 0.518837891984731
seed123_E0_step14500 69 4 3 0.524796971003525
seed123_E0_step14500 69 4 4 0.5319468230009079
seed123_E0_step14500 69 4 5 0.5330049130134284
seed123_E0_step14500 69 4 6 0.5243950620060787
seed123_E0_step14500 69 4 7 0.5111734449164942
seed123_E0_step14500 69 4 8 0.5168908820487559
seed123_E0_step14500 69 4 9 0.5350790619850159
seed123_E0_step14500 69 5 0 0.5269457310205325
seed123_E0_step14500 69 5 1 0.533788796979934
seed123_E0_step14500 69 5 2 0.5218533049337566
seed123_E0_step14500 69 5 3 0.5248044920153916
seed123_E0_step14500 69 5 4 0.5326078709913418
seed123_E0_step14500 69 5 5 0.5322610390139744
seed123_E0_step14500 69 5 6 0.537278158008121
seed123_E0_step14500 69 5 7 0.5259288270026445
seed123_E0_step14500 69 5 8 0.5302889610175043
seed123_E0_step14500 69 5 9 0.5310035070870072
seed123_E0_step14500 69 6 0 0.5229697760660201
seed123_E0_step14500 69 6 1 0.5180846470175311
seed123_E0_step14500 69 6 2 0.5181078909663484
seed123_E0_step14500 69 6 3 0.5265015580225736
seed123_E0_step14500 69 6 4 0.5176488739671186
seed123_E0_step14500 69 6 5 0.5159233490703627
seed123_E0_step14500 69 6 6 0.520643470925279
seed123_E0_step14500 69 6 7 0.5259803909575567
seed123_E0_step14500 69 6 8 0.5115637730341405
seed123_E0_step14500 69 6 9 0.5169175160117447
seed123_E0_step14500 69 7 0 0.5183741369983181
seed123_E0_step14500 69 7 1 0.5228433799929917
seed123_E0_step14500 69 7 2 0.5200975970365107
seed123_E0_step14500 69 7 3 0.5267813489772379
seed123_E0_step14500 69 7 4 0.5248491689562798
seed123_E0_step14500 69 7 5 0.5199373390059918
seed123_E0_step14500 69 7 6 0.5402475110022351
seed123_E0_step14500 69 7 7 0.5345697089796886
seed123_E0_step14500 69 7 8 0.5180188349913806
seed123_E0_step14500 69 7 9 0.5237607690505683
seed123_E0_step14500 69 8 0 0.5261814909754321
seed123_E0_step14500 69 8 1 0.5285587799735367
seed123_E0_step14500 69 8 2 0.5230328280013055
seed123_E0_step14500 69 8 3 0.5326707609929144
seed123_E0_step14500 69 8 4 0.5161261990433559
seed123_E0_step14500 69 8 5 0.5183858349919319
seed123_E0_step14500 69 8 6 0.5186777199851349
seed123_E0_step14500 69 8 7 0.5219395289896056
seed123_E0_step14500 69 8 8 0.5210942830890417
seed123_E0_step14500 69 8 9 0.5400402609957382
seed123_E0_step14500 69 9 0 0.5260372720658779
seed123_E0_step14500 69 9 1 0.5177637829910964
seed123_E0_step14500 69 9 2 0.5174409879837185
seed123_E0_step14500 69 9 3 0.5177387049188837
seed123_E0_step14500 69 9 4 0.5241101309657097
seed123_E0_step14500 69 9 5 0.5171711400616914
seed123_E0_step14500 69 9 6 0.5365368799539283
seed123_E0_step14500 69 9 7 0.5314983880380169
seed123_E0_step14500 69 9 8 0.5305333640426397
seed123_E0_step14500 69 9 9 0.5138620609650388
seed123_E0_step14500 74 0 0 0.7139134319731966
seed123_E0_step14500 74 0 1 0.7178426739992574
seed123_E0_step14500 74 0 2 0.7097744959173724
seed123_E0_step14500 74 0 3 0.7316405390156433
seed123_E0_step14500 74 0 4 0.7192850150167942
seed123_E0_step14500 74 0 5 0.726405510911718
seed123_E0_step14500 74 0 6 0.7364071180345491
seed123_E0_step14500 74 0 7 0.7230655929306522
seed123_E0_step14500 74 0 8 0.7346490999916568
seed123_E0_step14500 74 0 9 0.7235299280146137
seed123_E0_step14500 74 1 0 0.7402236829511821
seed123_E0_step14500 74 1 1 0.7224580600159243
seed123_E0_step14500 74 1 2 0.7288901109714061
seed123_E0_step14500 74 1 3 0.7241717299912125
seed123_E0_step14500 74 1 4 0.7265738269779831
seed123_E0_step14500 74 1 5 0.7220367429545149
seed123_E0_step14500 74 1 6 0.7249209790024906
seed123_E0_step14500 74 1 7 0.729023052030243
seed123_E0_step14500 74 1 8 0.7210391269763932
seed123_E0_step14500 74 1 9 0.7216250330675393
seed123_E0_step14500 74 2 0 0.7301589889684692
seed123_E0_step14500 74 2 1 0.7258778029354289
seed123_E0_step14500 74 2 2 0.7140021260129288
seed123_E0_step14500 74 2 3 0.7293999979738146
seed123_E0_step14500 74 2 4 0.7124776840209961
seed123_E0_step14500 74 2 5 0.7281369940610602
seed123_E0_step14500 74 2 6 0.7324988840846345
seed123_E0_step14500 74 2 7 0.7178351620677859
seed123_E0_step14500 74 2 8 0.7276475579710677
seed123_E0_step14500 74 2 9 0.7230840839911252
seed123_E0_step14500 74 3 0 0.7440850139828399
seed123_E0_step14500 74 3 1 0.7355931178899482
seed123_E0_step14500 74 3 2 0.7206886070780456
seed123_E0_step14500 74 3 3 0.7357961139641702
seed123_E0_step14500 74 3 4 0.7338518219767138
seed123_E0_step14500 74 3 5 0.7276227059774101
seed123_E0_step14500 74 3 6 0.7380962329916656
seed123_E0_step14500 74 3 7 0.7436012260150164
seed123_E0_step14500 74 3 8 0.7595644850516692
seed123_E0_step14500 74 3 9 0.7357731770025566
seed123_E0_step14500 74 4 0 0.7364877000218257
seed123_E0_step14500 74 4 1 0.7300547469640151
seed123_E0_step14500 74 4 2 0.735793263069354
seed123_E0_step14500 74 4 3 0.7333911260357127
seed123_E0_step14500 74 4 4 0.7263061570702121
seed123_E0_step14500 74 4 5 0.7279942899476737
seed123_E0_step14500 74 4 6 0.7271052709547803
seed123_E0_step14500 74 4 7 0.7347021260065958
seed123_E0_step14500 74 4 8 0.7361249929526821
seed123_E0_step14500 74 4 9 0.7292217399226502
seed123_E0_step14500 74 5 0 0.7053055240539834
seed123_E0_step14500 74 5 1 0.727633296046406
seed123_E0_step14500 74 5 2 0.7196745700202882
seed123_E0_step14500 74 5 3 0.7195239219581708
seed123_E0_step14500 74 5 4 0.7117359300609678
seed123_E0_step14500 74 5 5 0.7121670929482207
seed123_E0_step14500 74 5 6 0.7082029120065272
seed123_E0_step14500 74 5 7 0.7137737890006974
seed123_E0_step14500 74 5 8 0.7270261340308934
seed123_E0_step14500 74 5 9 0.7172567290253937
seed123_E0_step14500 74 6 0 0.7215492149116471
seed123_E0_step14500 74 6 1 0.7328050649957731
seed123_E0_step14500 74 6 2 0.721301078912802
seed123_E0_step14500 74 6 3 0.7204997689696029
seed123_E0_step14500 74 6 4 0.7165062830317765
seed123_E0_step14500 74 6 5 0.7164129439042881
seed123_E0_step14500 74 6 6 0.7213018690235913
seed123_E0_step14500 74 6 7 0.7166346260346472
seed123_E0_step14500 74 6 8 0.7148207720601931
seed123_E0_step14500 74 6 9 0.7263724789954722
seed123_E0_step14500 74 7 0 0.7282192939892411
seed123_E0_step14500 74 7 1 0.7301537779858336
seed123_E0_step14500 74 7 2 0.737520172027871
seed123_E0_step14500 74 7 3 0.7353128970135003
seed123_E0_step14500 74 7 4 0.7366292789811268
seed123_E0_step14500 74 7 5 0.7243270389735699
seed123_E0_step14500 74 7 6 0.7243189850123599
seed123_E0_step14500 74 7 7 0.7364568690536544
seed123_E0_step14500 74 7 8 0.7244412850122899
seed123_E0_step14500 74 7 9 0.7043043569428846
seed123_E0_step14500 74 8 0 0.7270980569301173
seed123_E0_step14500 74 8 1 0.7152326119830832
seed123_E0_step14500 74 8 2 0.7200333069777116
seed123_E0_step14500 74 8 3 0.7258199959760532
seed123_E0_step14500 74 8 4 0.7241396469762549
seed123_E0_step14500 74 8 5 0.7232662589522079
seed123_E0_step14500 74 8 6 0.724166716914624
seed123_E0_step14500 74 8 7 0.7300463729770854
seed123_E0_step14500 74 8 8 0.7292251449543983
seed123_E0_step14500 74 8 9 0.7318125941092148
seed123_E0_step14500 74 9 0 0.7258373540826142
seed123_E0_step14500 74 9 1 0.7415390750393271
seed123_E0_step14500 74 9 2 0.7253830649424344
seed123_E0_step14500 74 9 3 0.7259470119606704
seed123_E0_step14500 74 9 4 0.7262599000241607
seed123_E0_step14500 74 9 5 0.7310375209199265
seed123_E0_step14500 74 9 6 0.7182172209722921
seed123_E0_step14500 74 9 7 0.7303368509747088
seed123_E0_step14500 74 9 8 0.7181167879607528
seed123_E0_step14500 74 9 9 0.7131312389392406
seed123_E0_step14500 78 0 0 1.1761367509607226
seed123_E0_step14500 78 0 1 1.1659975200891495
seed123_E0_step14500 78 0 2 1.1824248649645597
seed123_E0_step14500 78 0 3 1.1798948720097542
seed123_E0_step14500 78 0 4 1.1910360729089007
seed123_E0_step14500 78 0 5 1.1622808079700917
seed123_E0_step14500 78 0 6 1.1494878090452403
seed123_E0_step14500 78 0 7 1.153700450900942
seed123_E0_step14500 78 0 8 1.171433269046247
seed123_E0_step14500 78 0 9 1.1806615369860083
seed123_E0_step14500 78 1 0 1.1772894279565662
seed123_E0_step14500 78 1 1 1.1775535409105942
seed123_E0_step14500 78 1 2 1.1868327659321949
seed123_E0_step14500 78 1 3 1.1800591920036823
seed123_E0_step14500 78 1 4 1.1929936269298196
seed123_E0_step14500 78 1 5 1.1637856169836596
seed123_E0_step14500 78 1 6 1.1626834910130128
seed123_E0_step14500 78 1 7 1.169797230977565
seed123_E0_step14500 78 1 8 1.1560867830412462
seed123_E0_step14500 78 1 9 1.174170790007338
seed123_E0_step14500 78 2 0 1.1703040159773082
seed123_E0_step14500 78 2 1 1.2309737839968875
seed123_E0_step14500 78 2 2 1.1792150869732723
seed123_E0_step14500 78 2 3 1.1653855399927124
seed123_E0_step14500 78 2 4 1.18055044405628
seed123_E0_step14500 78 2 5 1.154468492954038
seed123_E0_step14500 78 2 6 1.1544509190134704
seed123_E0_step14500 78 2 7 1.1866667080903426
seed123_E0_step14500 78 2 8 1.1962276309495792
seed123_E0_step14500 78 2 9 1.1808199810329825
seed123_E0_step14500 78 3 0 1.172907983069308
seed123_E0_step14500 78 3 1 1.167907475028187
seed123_E0_step14500 78 3 2 1.1763465559342876
seed123_E0_step14500 78 3 3 1.198374793981202
seed123_E0_step14500 78 3 4 1.2032227489398792
seed123_E0_step14500 78 3 5 1.2040964970365167
seed123_E0_step14500 78 3 6 1.1749607450328767
seed123_E0_step14500 78 3 7 1.1843208050122485
seed123_E0_step14500 78 3 8 1.185657234978862
seed123_E0_step14500 78 3 9 1.1580511539941654
seed123_E0_step14500 78 4 0 1.164297720999457
seed123_E0_step14500 78 4 1 1.167313165962696
seed123_E0_step14500 78 4 2 1.1824050910072401
seed123_E0_step14500 78 4 3 1.2066950360313058
seed123_E0_step14500 78 4 4 1.1656205409672111
seed123_E0_step14500 78 4 5 1.1671793349087238
seed123_E0_step14500 78 4 6 1.208654253045097
seed123_E0_step14500 78 4 7 1.1944078999804333
seed123_E0_step14500 78 4 8 1.1658138639759272
seed123_E0_step14500 78 4 9 1.1671487919520587
seed123_E0_step14500 78 5 0 1.1652211799519137
seed123_E0_step14500 78 5 1 1.1606957379262894
seed123_E0_step14500 78 5 2 1.204178599989973
seed123_E0_step14500 78 5 3 1.202014755923301
seed123_E0_step14500 78 5 4 1.1643045250093564
seed123_E0_step14500 78 5 5 1.1865013040369377
seed123_E0_step14500 78 5 6 1.1916541209211573
seed123_E0_step14500 78 5 7 1.1886018520453945
seed123_E0_step14500 78 5 8 1.1915728730382398
seed123_E0_step14500 78 5 9 1.1580553570529446
seed123_E0_step14500 78 6 0 1.1787917780457065
seed123_E0_step14500 78 6 1 1.174675507005304
seed123_E0_step14500 78 6 2 1.2013615880860016
seed123_E0_step14500 78 6 3 1.1897816460113972
seed123_E0_step14500 78 6 4 1.1769797829911113
seed123_E0_step14500 78 6 5 1.19100097194314
seed123_E0_step14500 78 6 6 1.1793268119217828
seed123_E0_step14500 78 6 7 1.1703589480603114
seed123_E0_step14500 78 6 8 1.1771628479473293
seed123_E0_step14500 78 6 9 1.1857076101005077
seed123_E0_step14500 78 7 0 1.182844904018566
seed123_E0_step14500 78 7 1 1.1928338540019467
seed123_E0_step14500 78 7 2 1.1949737980030477
seed123_E0_step14500 78 7 3 1.1641891499748453
seed123_E0_step14500 78 7 4 1.1480713450582698
seed123_E0_step14500 78 7 5 1.1630149759585038
seed123_E0_step14500 78 7 6 1.1630422760499641
seed123_E0_step14500 78 7 7 1.2062131820712239
seed123_E0_step14500 78 7 8 1.2056138049811125
seed123_E0_step14500 78 7 9 1.1683353090193123
seed123_E0_step14500 78 8 0 1.1814768689218909
seed123_E0_step14500 78 8 1 1.1856124229962006
seed123_E0_step14500 78 8 2 1.186045369016938
seed123_E0_step14500 78 8 3 1.1720084080006927
seed123_E0_step14500 78 8 4 1.1677258990239352
seed123_E0_step14500 78 8 5 1.1650057849474251
seed123_E0_step14500 78 8 6 1.1697733459295705
seed123_E0_step14500 78 8 7 1.1905085740145296
seed123_E0_step14500 78 8 8 1.1758741120574996
seed123_E0_step14500 78 8 9 1.2255735599901527
seed123_E0_step14500 78 9 0 1.1700738460058346
seed123_E0_step14500 78 9 1 1.1660021690186113
seed123_E0_step14500 78 9 2 1.1990006220294163
seed123_E0_step14500 78 9 3 1.1950874680187553
seed123_E0_step14500 78 9 4 1.176668711937964
seed123_E0_step14500 78 9 5 1.16286628798116
seed123_E0_step14500 78 9 6 1.1872704999987036
seed123_E0_step14500 78 9 7 1.205140528967604
seed123_E0_step14500 78 9 8 1.162155447062105
seed123_E0_step14500 78 9 9 1.1818461909424514
{'model': 'seed123_E0_step14500', 'completed_pairs': 2000, 'requested_pairs': 2000, 'completed': True, 'complete_source_count': 20, 'FRD': 132.58672021468854, 'new_pairs': 2000, 'wall_seconds': 476.3874577570241}
