/home/zhengshiyi/react2025_new/.venv/lib/python3.10/site-packages/torch/_utils.py:831: UserWarning: TypedStorage is deprecated. It will be removed in the future and UntypedStorage will be the only storage class. This should only matter to you if you are using storages directly.  To access UntypedStorage directly, use tensor.untyped_storage() instead of tensor.storage()
  return self.fget.__get__(instance, owner)()
E_text {'step': 1, 'global_step': 14001, 'FM': 0.5986244678497314, 'task': 1.5983326435089111, 'loss': 2.4108242988586426, 'lambda_ref': 1.1338064670562744, 'non_null_items': 3, 'semantic_events': 12, 'seconds': 5.213572263717651, 'source_indices': [95, 97, 95, 97], 'crop_start': [197, 859, 1265, 266]}
E_text {'step': 25, 'global_step': 14025, 'FM': 0.45800918340682983, 'task': 1.5500177145004272, 'loss': 2.2154293060302734, 'lambda_ref': 1.1338064670562744, 'non_null_items': 4, 'semantic_events': 11, 'seconds': 4.605757236480713, 'source_indices': [583, 585, 586, 583], 'crop_start': [258, 0, 0, 153]}
E_text {'step': 50, 'global_step': 14050, 'FM': 0.2100709229707718, 'task': 1.4849188327789307, 'loss': 1.893681526184082, 'lambda_ref': 1.1338064670562744, 'non_null_items': 4, 'semantic_events': 12, 'seconds': 4.50931453704834, 'source_indices': [583, 586, 586, 586], 'crop_start': [249, 0, 0, 0]}
E_text {'step': 75, 'global_step': 14075, 'FM': 0.25514766573905945, 'task': 1.607296347618103, 'loss': 2.0775105953216553, 'lambda_ref': 1.1338064670562744, 'non_null_items': 3, 'semantic_events': 7, 'seconds': 4.531443119049072, 'source_indices': [1563, 1563, 1562, 1563], 'crop_start': [1067, 1760, 593, 725]}
E_text {'step': 100, 'global_step': 14100, 'FM': 0.4813807010650635, 'task': 1.5951488018035889, 'loss': 2.289970874786377, 'lambda_ref': 1.1338064670562744, 'non_null_items': 4, 'semantic_events': 17, 'seconds': 4.492473363876343, 'source_indices': [1069, 1069, 1069, 1066], 'crop_start': [1239, 216, 1312, 365]}
E_text {'step': 125, 'global_step': 14125, 'FM': 0.22215315699577332, 'task': 1.551875114440918, 'loss': 1.9816792011260986, 'lambda_ref': 1.1338064670562744, 'non_null_items': 4, 'semantic_events': 13, 'seconds': 4.515798568725586, 'source_indices': [1069, 1068, 1069, 1069], 'crop_start': [990, 155, 1280, 836]}
E_text {'step': 150, 'global_step': 14150, 'FM': 0.4417491853237152, 'task': 1.606308102607727, 'loss': 2.2629916667938232, 'lambda_ref': 1.1338064670562744, 'non_null_items': 4, 'semantic_events': 6, 'seconds': 4.50667142868042, 'source_indices': [1562, 1562, 1563, 1563], 'crop_start': [1469, 2761, 2104, 264]}
E_text {'step': 175, 'global_step': 14175, 'FM': 0.26292842626571655, 'task': 1.565315842628479, 'loss': 2.037693738937378, 'lambda_ref': 1.1338064670562744, 'non_null_items': 4, 'semantic_events': 11, 'seconds': 4.4357569217681885, 'source_indices': [1, 1, 0, 3], 'crop_start': [3, 2, 57, 236]}
E_text {'step': 200, 'global_step': 14200, 'FM': 0.15883833169937134, 'task': 1.6027944087982178, 'loss': 1.9760971069335938, 'lambda_ref': 1.1338064670562744, 'non_null_items': 3, 'semantic_events': 9, 'seconds': 4.429636240005493, 'source_indices': [1263, 1262, 1263, 1260], 'crop_start': [2059, 1136, 738, 936]}
E_text {'step': 225, 'global_step': 14225, 'FM': 0.5265214443206787, 'task': 1.5869972705841064, 'loss': 2.325869083404541, 'lambda_ref': 1.1338064670562744, 'non_null_items': 2, 'semantic_events': 4, 'seconds': 4.472858905792236, 'source_indices': [1068, 1068, 1066, 1069], 'crop_start': [412, 459, 8, 34]}
E_text {'step': 250, 'global_step': 14250, 'FM': 0.6442067623138428, 'task': 1.59116530418396, 'loss': 2.4482803344726562, 'lambda_ref': 1.1338064670562744, 'non_null_items': 3, 'semantic_events': 3, 'seconds': 4.479106664657593, 'source_indices': [1463, 1463, 1463, 1464], 'crop_start': [922, 1440, 1793, 596]}
E_text {'step': 275, 'global_step': 14275, 'FM': 0.4106180965900421, 'task': 1.6068098545074463, 'loss': 2.2324295043945312, 'lambda_ref': 1.1338064670562744, 'non_null_items': 3, 'semantic_events': 14, 'seconds': 4.466068983078003, 'source_indices': [1263, 1262, 1263, 1260], 'crop_start': [1089, 1560, 1323, 1513]}
E_text {'step': 300, 'global_step': 14300, 'FM': 0.39991480112075806, 'task': 1.392432689666748, 'loss': 1.9786639213562012, 'lambda_ref': 1.1338064670562744, 'non_null_items': 4, 'semantic_events': 12, 'seconds': 4.437641620635986, 'source_indices': [586, 585, 585, 586], 'crop_start': [0, 0, 0, 0]}
E_text {'step': 325, 'global_step': 14325, 'FM': 0.4298284649848938, 'task': 1.56975257396698, 'loss': 2.2096240520477295, 'lambda_ref': 1.1338064670562744, 'non_null_items': 3, 'semantic_events': 3, 'seconds': 4.5356879234313965, 'source_indices': [196, 196, 194, 195], 'crop_start': [3170, 563, 1156, 4107]}
E_text {'step': 350, 'global_step': 14350, 'FM': 0.5809108018875122, 'task': 1.6199289560317993, 'loss': 2.4175968170166016, 'lambda_ref': 1.1338064670562744, 'non_null_items': 0, 'semantic_events': 0, 'seconds': 4.547618389129639, 'source_indices': [971, 974, 974, 971], 'crop_start': [1702, 4459, 2219, 1530]}
E_text {'step': 375, 'global_step': 14375, 'FM': 0.27373701333999634, 'task': 1.5027127265930176, 'loss': 1.977522373199463, 'lambda_ref': 1.1338064670562744, 'non_null_items': 4, 'semantic_events': 12, 'seconds': 4.466561317443848, 'source_indices': [95, 98, 97, 97], 'crop_start': [751, 683, 758, 109]}
E_text {'step': 400, 'global_step': 14400, 'FM': 0.39521312713623047, 'task': 1.6387474536895752, 'loss': 2.2532355785369873, 'lambda_ref': 1.1338064670562744, 'non_null_items': 2, 'semantic_events': 3, 'seconds': 4.4593236446380615, 'source_indices': [971, 974, 971, 971], 'crop_start': [815, 1718, 888, 93]}
E_text {'step': 425, 'global_step': 14425, 'FM': 0.3575822114944458, 'task': 1.5339281558990479, 'loss': 2.096759796142578, 'lambda_ref': 1.1338064670562744, 'non_null_items': 4, 'semantic_events': 14, 'seconds': 4.623537302017212, 'source_indices': [3, 0, 2, 1], 'crop_start': [250, 51, 0, 3]}
E_text {'step': 450, 'global_step': 14450, 'FM': 0.45400887727737427, 'task': 1.5474475622177124, 'loss': 2.208514928817749, 'lambda_ref': 1.1338064670562744, 'non_null_items': 2, 'semantic_events': 3, 'seconds': 4.545419931411743, 'source_indices': [292, 292, 289, 289], 'crop_start': [335, 807, 24, 459]}
E_text {'step': 475, 'global_step': 14475, 'FM': 0.29584944248199463, 'task': 1.5511913299560547, 'loss': 2.054600238800049, 'lambda_ref': 1.1338064670562744, 'non_null_items': 3, 'semantic_events': 3, 'seconds': 4.613501071929932, 'source_indices': [194, 193, 195, 196], 'crop_start': [325, 1077, 4384, 102]}
E_text {'step': 500, 'global_step': 14500, 'FM': 0.3259349465370178, 'task': 1.5641708374023438, 'loss': 2.0994019508361816, 'lambda_ref': 1.1338064670562744, 'non_null_items': 4, 'semantic_events': 13, 'seconds': 4.522547483444214, 'source_indices': [98, 97, 97, 95], 'crop_start': [906, 336, 561, 849]}
