/home/zhengshiyi/react2025_new/.venv/lib/python3.10/site-packages/torch/_utils.py:831: UserWarning: TypedStorage is deprecated. It will be removed in the future and UntypedStorage will be the only storage class. This should only matter to you if you are using storages directly.  To access UntypedStorage directly, use tensor.untyped_storage() instead of tensor.storage()
  return self.fget.__get__(instance, owner)()
calibration 1
calibration 2
calibration 3
calibration 4
calibration 5
calibration 6
calibration 7
calibration 8
calibration 9
calibration 10
calibration 11
calibration 12
calibration 13
calibration 14
calibration 15
calibration 16
calibration 17
calibration 18
calibration 19
calibration 20
calibration 21
calibration 22
calibration 23
calibration 24
calibration 25
calibration 26
calibration 27
calibration 28
calibration 29
calibration 30
calibration 31
calibration 32
calibration 33
calibration 34
calibration 35
calibration 36
calibration 37
calibration 38
calibration 39
calibration 40
calibration 41
calibration 42
calibration 43
calibration 44
calibration 45
calibration 46
calibration 47
calibration 48
calibration 49
calibration 50
calibration 51
calibration 52
calibration 53
calibration 54
calibration 55
calibration 56
calibration 57
calibration 58
calibration 59
calibration 60
calibration 61
calibration 62
calibration 63
calibration 64
reachability 1 1 False
reachability 2 17 True
reachability 3 0 False
reachability 4 13 True
reachability 5 0 False
reachability 6 4 True
reachability 7 7 True
reachability 8 26 True
reachability 9 5 True
reachability 10 4 True
reachability 11 23 True
reachability 12 0 False
reachability 13 3 True
reachability 14 17 True
reachability 15 16 True
reachability 16 0 False
reachability gate 11 /16
