/home/zhengshiyi/react2025_new/.venv/lib/python3.10/site-packages/torch/_utils.py:831: UserWarning: TypedStorage is deprecated. It will be removed in the future and UntypedStorage will be the only storage class. This should only matter to you if you are using storages directly.  To access UntypedStorage directly, use tensor.untyped_storage() instead of tensor.storage()
  return self.fget.__get__(instance, owner)()
R-coverage_step500 1 /80
R-coverage_step500 2 /80
R-coverage_step500 3 /80
R-coverage_step500 4 /80
R-coverage_step500 5 /80
R-coverage_step500 6 /80
R-coverage_step500 7 /80
R-coverage_step500 8 /80
R-coverage_step500 9 /80
R-coverage_step500 10 /80
R-coverage_step500 11 /80
R-coverage_step500 12 /80
R-coverage_step500 13 /80
R-coverage_step500 14 /80
R-coverage_step500 15 /80
R-coverage_step500 16 /80
R-coverage_step500 17 /80
R-coverage_step500 18 /80
R-coverage_step500 19 /80
R-coverage_step500 20 /80
R-coverage_step500 21 /80
R-coverage_step500 22 /80
R-coverage_step500 23 /80
R-coverage_step500 24 /80
R-coverage_step500 25 /80
R-coverage_step500 26 /80
R-coverage_step500 27 /80
R-coverage_step500 28 /80
R-coverage_step500 29 /80
R-coverage_step500 30 /80
R-coverage_step500 31 /80
R-coverage_step500 32 /80
R-coverage_step500 33 /80
R-coverage_step500 34 /80
R-coverage_step500 35 /80
R-coverage_step500 36 /80
R-coverage_step500 37 /80
R-coverage_step500 38 /80
R-coverage_step500 39 /80
R-coverage_step500 40 /80
R-coverage_step500 41 /80
R-coverage_step500 42 /80
R-coverage_step500 43 /80
R-coverage_step500 44 /80
R-coverage_step500 45 /80
R-coverage_step500 46 /80
R-coverage_step500 47 /80
R-coverage_step500 48 /80
R-coverage_step500 49 /80
R-coverage_step500 50 /80
R-coverage_step500 51 /80
R-coverage_step500 52 /80
R-coverage_step500 53 /80
R-coverage_step500 54 /80
R-coverage_step500 55 /80
R-coverage_step500 56 /80
R-coverage_step500 57 /80
R-coverage_step500 58 /80
R-coverage_step500 59 /80
R-coverage_step500 60 /80
R-coverage_step500 61 /80
R-coverage_step500 62 /80
R-coverage_step500 63 /80
R-coverage_step500 64 /80
R-coverage_step500 65 /80
R-coverage_step500 66 /80
R-coverage_step500 67 /80
R-coverage_step500 68 /80
R-coverage_step500 69 /80
R-coverage_step500 70 /80
R-coverage_step500 71 /80
R-coverage_step500 72 /80
R-coverage_step500 73 /80
R-coverage_step500 74 /80
R-coverage_step500 75 /80
R-coverage_step500 76 /80
R-coverage_step500 77 /80
R-coverage_step500 78 /80
R-coverage_step500 79 /80
R-coverage_step500 80 /80
/home/zhengshiyi/react2025/framework/metrics/FRC.py:24: RuntimeWarning: invalid value encountered in divide
  c /= stddev[:, None]
/home/zhengshiyi/react2025/framework/metrics/FRC.py:25: RuntimeWarning: invalid value encountered in divide
  c /= stddev[None, :]
/home/zhengshiyi/react2025/framework/metrics/FRC.py:24: RuntimeWarning: invalid value encountered in divide
  c /= stddev[:, None]
/home/zhengshiyi/react2025/framework/metrics/FRC.py:25: RuntimeWarning: invalid value encountered in divide
  c /= stddev[None, :]
/home/zhengshiyi/react2025/framework/metrics/FRC.py:24: RuntimeWarning: invalid value encountered in divide
  c /= stddev[:, None]
/home/zhengshiyi/react2025/framework/metrics/FRC.py:25: RuntimeWarning: invalid value encountered in divide
  c /= stddev[None, :]
/home/zhengshiyi/react2025/framework/metrics/FRC.py:24: RuntimeWarning: invalid value encountered in divide
  c /= stddev[:, None]
/home/zhengshiyi/react2025/framework/metrics/FRC.py:25: RuntimeWarning: invalid value encountered in divide
  c /= stddev[None, :]
FRC    = 0.937984  (time: 11.7456s)
FRVar  = 0.055229  (time: 0.0809s)
smse   = 0.067705  (time: 0.0936s)
temporal_smse = 0.059140  (time: 0.1162s)
TLCC   = 46.299999  (time: 5.5303s)
