R-coverage_step500 0 0 0 0.8704916280694306
R-coverage_step500 0 0 1 0.09109347895719111
R-coverage_step500 0 0 2 0.09187166497576982
R-coverage_step500 0 0 3 0.10241790197324008
R-coverage_step500 0 0 4 0.09499486198183149
R-coverage_step500 0 0 5 0.09544795693363994
R-coverage_step500 0 0 6 0.09761367505416274
R-coverage_step500 0 0 7 0.09374434303026646
R-coverage_step500 0 0 8 0.10675706097390503
R-coverage_step500 0 0 9 0.0947133939480409
R-coverage_step500 0 1 0 0.0889293240616098
R-coverage_step500 0 1 1 0.09012106095906347
R-coverage_step500 0 1 2 0.09270459599792957
R-coverage_step500 0 1 3 0.09228063700720668
R-coverage_step500 0 1 4 0.09557091200258583
R-coverage_step500 0 1 5 0.09723832702729851
R-coverage_step500 0 1 6 0.09179071092512459
R-coverage_step500 0 1 7 0.0906040930422023
R-coverage_step500 0 1 8 0.08939515496604145
R-coverage_step500 0 1 9 0.09709350997582078
R-coverage_step500 0 2 0 0.09708272002171725
R-coverage_step500 0 2 1 0.0915149039356038
R-coverage_step500 0 2 2 0.09482575894799083
R-coverage_step500 0 2 3 0.08947875408921391
R-coverage_step500 0 2 4 0.09096039400901645
R-coverage_step500 0 2 5 0.09919752099085599
R-coverage_step500 0 2 6 0.09795442596077919
R-coverage_step500 0 2 7 0.14464330591727048
R-coverage_step500 0 2 8 0.10218186094425619
R-coverage_step500 0 2 9 0.09583754104096442
R-coverage_step500 0 3 0 0.09290567005518824
R-coverage_step500 0 3 1 0.09068288397975266
R-coverage_step500 0 3 2 0.0905511419987306
R-coverage_step500 0 3 3 0.0911834699800238
R-coverage_step500 0 3 4 0.09349868400022388
R-coverage_step500 0 3 5 0.09252695692703128
R-coverage_step500 0 3 6 0.0928133639972657
R-coverage_step500 0 3 7 0.09297274798154831
R-coverage_step500 0 3 8 0.09037779190111905
R-coverage_step500 0 3 9 0.08953720598947257
R-coverage_step500 0 4 0 0.09953017509542406
R-coverage_step500 0 4 1 0.09575835010036826
R-coverage_step500 0 4 2 0.11457898304797709
R-coverage_step500 0 4 3 0.09456549095921218
R-coverage_step500 0 4 4 0.08897625398822129
R-coverage_step500 0 4 5 0.0913557589519769
R-coverage_step500 0 4 6 0.0931592850247398
R-coverage_step500 0 4 7 0.08975920896045864
R-coverage_step500 0 4 8 0.09324315504636616
R-coverage_step500 0 4 9 0.09647831507027149
R-coverage_step500 0 5 0 0.09418570494744927
R-coverage_step500 0 5 1 0.0943694970337674
R-coverage_step500 0 5 2 0.09326968609821051
R-coverage_step500 0 5 3 0.09245357604231685
R-coverage_step500 0 5 4 0.09068375593051314
R-coverage_step500 0 5 5 0.09391758299898356
R-coverage_step500 0 5 6 0.09427325299475342
R-coverage_step500 0 5 7 0.11738790001254529
R-coverage_step500 0 5 8 0.10188533493783325
R-coverage_step500 0 5 9 0.09566266706679016
R-coverage_step500 0 6 0 0.0940292669693008
R-coverage_step500 0 6 1 0.09338113898411393
R-coverage_step500 0 6 2 0.09015403396915644
R-coverage_step500 0 6 3 0.0964714529691264
R-coverage_step500 0 6 4 0.09050612594000995
R-coverage_step500 0 6 5 0.09373542596586049
R-coverage_step500 0 6 6 0.09438615897670388
R-coverage_step500 0 6 7 0.09098773600999266
R-coverage_step500 0 6 8 0.10289806802757084
R-coverage_step500 0 6 9 0.10183088097255677
R-coverage_step500 0 7 0 0.09165970096364617
R-coverage_step500 0 7 1 0.09362882096320391
R-coverage_step500 0 7 2 0.09466045303270221
R-coverage_step500 0 7 3 0.09387925895862281
R-coverage_step500 0 7 4 0.09298639500048012
R-coverage_step500 0 7 5 0.09357091994024813
R-coverage_step500 0 7 6 0.09966437192633748
R-coverage_step500 0 7 7 0.09463296993635595
R-coverage_step500 0 7 8 0.09444442996755242
R-coverage_step500 0 7 9 0.09449127991683781
R-coverage_step500 0 8 0 0.0957502550445497
R-coverage_step500 0 8 1 0.10683701396919787
R-coverage_step500 0 8 2 0.09483616903889924
R-coverage_step500 0 8 3 0.1021571239689365
R-coverage_step500 0 8 4 0.10810093895997852
R-coverage_step500 0 8 5 0.09530197794083506
R-coverage_step500 0 8 6 0.09256057103630155
R-coverage_step500 0 8 7 0.09153619408607483
R-coverage_step500 0 8 8 0.0933126569725573
R-coverage_step500 0 8 9 0.09345622209366411
R-coverage_step500 0 9 0 0.09398634394165128
R-coverage_step500 0 9 1 0.09705160092562437
R-coverage_step500 0 9 2 0.09130063408520073
R-coverage_step500 0 9 3 0.09347356494981796
R-coverage_step500 0 9 4 0.093136141076684
R-coverage_step500 0 9 5 0.09415485605131835
R-coverage_step500 0 9 6 0.09358280396554619
R-coverage_step500 0 9 7 0.09753426304087043
R-coverage_step500 0 9 8 0.0933935419889167
R-coverage_step500 0 9 9 0.09513597108889371
R-coverage_step500 6 0 0 0.15124726109206676
R-coverage_step500 6 0 1 0.1426008651033044
R-coverage_step500 6 0 2 0.14672357006929815
R-coverage_step500 6 0 3 0.14284131303429604
R-coverage_step500 6 0 4 0.1435343180783093
R-coverage_step500 6 0 5 0.14273422898259014
R-coverage_step500 6 0 6 0.14739115501288325
R-coverage_step500 6 0 7 0.14885188604239374
R-coverage_step500 6 0 8 0.15005098702386022
R-coverage_step500 6 0 9 0.14632665202952921
R-coverage_step500 6 1 0 0.14475130196660757
R-coverage_step500 6 1 1 0.1481384530197829
R-coverage_step500 6 1 2 0.15068309393245727
R-coverage_step500 6 1 3 0.14613344194367528
R-coverage_step500 6 1 4 0.14413409295957536
R-coverage_step500 6 1 5 0.14448046498000622
R-coverage_step500 6 1 6 0.1462027650559321
R-coverage_step500 6 1 7 0.13979275000747293
R-coverage_step500 6 1 8 0.146212822990492
R-coverage_step500 6 1 9 0.14302320999559015
R-coverage_step500 6 2 0 0.14339373901020736
R-coverage_step500 6 2 1 0.14185359701514244
R-coverage_step500 6 2 2 0.14166377496439964
R-coverage_step500 6 2 3 0.14094455004669726
R-coverage_step500 6 2 4 0.14352541998960078
R-coverage_step500 6 2 5 0.14482954191043973
R-coverage_step500 6 2 6 0.1441455140011385
R-coverage_step500 6 2 7 0.14227074396330863
R-coverage_step500 6 2 8 0.14271922106854618
R-coverage_step500 6 2 9 0.1476268540136516
R-coverage_step500 6 3 0 0.14663358801044524
R-coverage_step500 6 3 1 0.14207946695387363
R-coverage_step500 6 3 2 0.14230742398649454
R-coverage_step500 6 3 3 0.13950669299811125
R-coverage_step500 6 3 4 0.1425029169768095
R-coverage_step500 6 3 5 0.14662265696097165
R-coverage_step500 6 3 6 0.1483366710599512
R-coverage_step500 6 3 7 0.14192351000383496
R-coverage_step500 6 3 8 0.1417253219988197
R-coverage_step500 6 3 9 0.1461529090302065
R-coverage_step500 6 4 0 0.14468634699005634
R-coverage_step500 6 4 1 0.1450581579701975
R-coverage_step500 6 4 2 0.15039844997227192
R-coverage_step500 6 4 3 0.1440281510585919
R-coverage_step500 6 4 4 0.14519640197977424
R-coverage_step500 6 4 5 0.1429431679425761
R-coverage_step500 6 4 6 0.1454833400202915
R-coverage_step500 6 4 7 0.1449635779717937
R-coverage_step500 6 4 8 0.1577313479501754
R-coverage_step500 6 4 9 0.14918566297274083
R-coverage_step500 6 5 0 0.14558280003257096
R-coverage_step500 6 5 1 0.1419460130855441
R-coverage_step500 6 5 2 0.14553367590997368
R-coverage_step500 6 5 3 0.14291704806964844
R-coverage_step500 6 5 4 0.1432119410019368
R-coverage_step500 6 5 5 0.14386194304097444
R-coverage_step500 6 5 6 0.1427004529396072
R-coverage_step500 6 5 7 0.14583987090736628
R-coverage_step500 6 5 8 0.1445763069204986
R-coverage_step500 6 5 9 0.1428735750960186
R-coverage_step500 6 6 0 0.14134111697785556
R-coverage_step500 6 6 1 0.1424698339542374
R-coverage_step500 6 6 2 0.14960144693031907
R-coverage_step500 6 6 3 0.14771217701490968
R-coverage_step500 6 6 4 0.14307911798823625
R-coverage_step500 6 6 5 0.14096073992550373
R-coverage_step500 6 6 6 0.14032473508268595
R-coverage_step500 6 6 7 0.1432030729483813
R-coverage_step500 6 6 8 0.14216203498654068
R-coverage_step500 6 6 9 0.14126455096993595
R-coverage_step500 6 7 0 0.14251500996761024
R-coverage_step500 6 7 1 0.14378086803480983
R-coverage_step500 6 7 2 0.15223140106536448
R-coverage_step500 6 7 3 0.1464154910063371
R-coverage_step500 6 7 4 0.1456872100243345
R-coverage_step500 6 7 5 0.1500794100575149
R-coverage_step500 6 7 6 0.13931636908091605
R-coverage_step500 6 7 7 0.14438751607667655
R-coverage_step500 6 7 8 0.1418334870832041
R-coverage_step500 6 7 9 0.14696029108017683
R-coverage_step500 6 8 0 0.13935259892605245
R-coverage_step500 6 8 1 0.1394081839825958
R-coverage_step500 6 8 2 0.142693409929052
R-coverage_step500 6 8 3 0.15040258795488626
R-coverage_step500 6 8 4 0.14023263996932656
R-coverage_step500 6 8 5 0.1433551540831104
R-coverage_step500 6 8 6 0.1616098569938913
R-coverage_step500 6 8 7 0.1453832689439878
R-coverage_step500 6 8 8 0.14183466997928917
R-coverage_step500 6 8 9 0.14239210390951484
R-coverage_step500 6 9 0 0.14356017706450075
R-coverage_step500 6 9 1 0.14263823500368744
R-coverage_step500 6 9 2 0.1425445060012862
R-coverage_step500 6 9 3 0.1419638069346547
R-coverage_step500 6 9 4 0.1401197030209005
R-coverage_step500 6 9 5 0.14520040899515152
R-coverage_step500 6 9 6 0.1448452000040561
R-coverage_step500 6 9 7 0.14617392898071557
R-coverage_step500 6 9 8 0.14508304500486702
R-coverage_step500 6 9 9 0.14402615604922175
R-coverage_step500 9 0 0 0.05217769602313638
R-coverage_step500 9 0 1 0.04426349699497223
R-coverage_step500 9 0 2 0.04344718798529357
R-coverage_step500 9 0 3 0.04232658795081079
R-coverage_step500 9 0 4 0.04343434399925172
R-coverage_step500 9 0 5 0.04210101696662605
R-coverage_step500 9 0 6 0.042341846972703934
R-coverage_step500 9 0 7 0.04273372399620712
R-coverage_step500 9 0 8 0.04439107095822692
R-coverage_step500 9 0 9 0.042630749056115746
R-coverage_step500 9 1 0 0.04221320094075054
R-coverage_step500 9 1 1 0.04243651800788939
R-coverage_step500 9 1 2 0.04261057893745601
R-coverage_step500 9 1 3 0.042219642898999155
R-coverage_step500 9 1 4 0.04193578998092562
R-coverage_step500 9 1 5 0.044177753967233
R-coverage_step500 9 1 6 0.04219001601450145
R-coverage_step500 9 1 7 0.042988821980543435
R-coverage_step500 9 1 8 0.0432900779414922
R-coverage_step500 9 1 9 0.04413645598106086
R-coverage_step500 9 2 0 0.04178857896476984
R-coverage_step500 9 2 1 0.0419509100029245
R-coverage_step500 9 2 2 0.044368267990648746
R-coverage_step500 9 2 3 0.04240265302360058
R-coverage_step500 9 2 4 0.043925181962549686
R-coverage_step500 9 2 5 0.0432273579062894
R-coverage_step500 9 2 6 0.04319024702999741
R-coverage_step500 9 2 7 0.042734988033771515
R-coverage_step500 9 2 8 0.042704220046289265
R-coverage_step500 9 2 9 0.04599174892064184
R-coverage_step500 9 3 0 0.04247850691899657
R-coverage_step500 9 3 1 0.04425146500580013
R-coverage_step500 9 3 2 0.04581669392064214
R-coverage_step500 9 3 3 0.048616843996569514
R-coverage_step500 9 3 4 0.044068073970265687
R-coverage_step500 9 3 5 0.04771645402070135
R-coverage_step500 9 3 6 0.042523664073087275
R-coverage_step500 9 3 7 0.04242176900152117
R-coverage_step500 9 3 8 0.04414118395652622
R-coverage_step500 9 3 9 0.04303419904317707
R-coverage_step500 9 4 0 0.04246132401749492
R-coverage_step500 9 4 1 0.04353806097060442
R-coverage_step500 9 4 2 0.04211692698299885
R-coverage_step500 9 4 3 0.04357502202037722
R-coverage_step500 9 4 4 0.044329212978482246
R-coverage_step500 9 4 5 0.045308192959055305
R-coverage_step500 9 4 6 0.0430100429803133
R-coverage_step500 9 4 7 0.04451600892934948
R-coverage_step500 9 4 8 0.04188559507019818
R-coverage_step500 9 4 9 0.04560238600242883
R-coverage_step500 9 5 0 0.04389818897470832
R-coverage_step500 9 5 1 0.044095457065850496
R-coverage_step500 9 5 2 0.041964575997553766
R-coverage_step500 9 5 3 0.0431080189300701
R-coverage_step500 9 5 4 0.042467446997761726
R-coverage_step500 9 5 5 0.043193151941522956
R-coverage_step500 9 5 6 0.046010224032215774
R-coverage_step500 9 5 7 0.044916364015080035
R-coverage_step500 9 5 8 0.04213644389528781
R-coverage_step500 9 5 9 0.04194908600766212
R-coverage_step500 9 6 0 0.04313885897863656
R-coverage_step500 9 6 1 0.04242121800780296
R-coverage_step500 9 6 2 0.04262104001827538
R-coverage_step500 9 6 3 0.04372472793329507
R-coverage_step500 9 6 4 0.04264893301296979
R-coverage_step500 9 6 5 0.041865064995363355
R-coverage_step500 9 6 6 0.04187782004009932
R-coverage_step500 9 6 7 0.042286379961296916
R-coverage_step500 9 6 8 0.04946496395859867
R-coverage_step500 9 6 9 0.04276559501886368
R-coverage_step500 9 7 0 0.04216200299561024
R-coverage_step500 9 7 1 0.04376829194370657
R-coverage_step500 9 7 2 0.04227921704296023
R-coverage_step500 9 7 3 0.04162744211498648
R-coverage_step500 9 7 4 0.04174952500034124
R-coverage_step500 9 7 5 0.04263553791679442
R-coverage_step500 9 7 6 0.043355523026548326
R-coverage_step500 9 7 7 0.042983190971426666
R-coverage_step500 9 7 8 0.042215254972688854
R-coverage_step500 9 7 9 0.04221458302345127
R-coverage_step500 9 8 0 0.04233391094021499
R-coverage_step500 9 8 1 0.04276625800412148
R-coverage_step500 9 8 2 0.04248483898118138
R-coverage_step500 9 8 3 0.04553417500574142
R-coverage_step500 9 8 4 0.04259023198392242
R-coverage_step500 9 8 5 0.04215451900381595
R-coverage_step500 9 8 6 0.04194172204006463
R-coverage_step500 9 8 7 0.042961559956893325
R-coverage_step500 9 8 8 0.041433179983869195
R-coverage_step500 9 8 9 0.044196509988978505
R-coverage_step500 9 9 0 0.04634735907893628
R-coverage_step500 9 9 1 0.04339430597610772
R-coverage_step500 9 9 2 0.04218796291388571
R-coverage_step500 9 9 3 0.04366417299024761
R-coverage_step500 9 9 4 0.0418175240047276
R-coverage_step500 9 9 5 0.042651338037103415
R-coverage_step500 9 9 6 0.04358814703300595
R-coverage_step500 9 9 7 0.04460026999004185
R-coverage_step500 9 9 8 0.041718035005033016
R-coverage_step500 9 9 9 0.04235257697291672
R-coverage_step500 12 0 0 0.44031510199420154
R-coverage_step500 12 0 1 0.4413940819213167
R-coverage_step500 12 0 2 0.4457251369021833
R-coverage_step500 12 0 3 0.45135499094612896
R-coverage_step500 12 0 4 0.4425608820747584
R-coverage_step500 12 0 5 0.4387052960228175
R-coverage_step500 12 0 6 0.44315623899456114
R-coverage_step500 12 0 7 0.4477633499773219
R-coverage_step500 12 0 8 0.4576337960315868
R-coverage_step500 12 0 9 0.44177069200668484
R-coverage_step500 12 1 0 0.4425755790434778
R-coverage_step500 12 1 1 0.4483896150486544
R-coverage_step500 12 1 2 0.45057899807579815
R-coverage_step500 12 1 3 0.44777893903665245
R-coverage_step500 12 1 4 0.4469925059238449
R-coverage_step500 12 1 5 0.44838733109645545
R-coverage_step500 12 1 6 0.44357876491267234
R-coverage_step500 12 1 7 0.44770933501422405
R-coverage_step500 12 1 8 0.4499981279950589
R-coverage_step500 12 1 9 0.44129059300757945
R-coverage_step500 12 2 0 0.46247562300413847
R-coverage_step500 12 2 1 0.44598340801894665
R-coverage_step500 12 2 2 0.4515227589290589
R-coverage_step500 12 2 3 0.44027016300242394
R-coverage_step500 12 2 4 0.43926044506952167
R-coverage_step500 12 2 5 0.4357146209804341
R-coverage_step500 12 2 6 0.4527706929948181
R-coverage_step500 12 2 7 0.44608811696525663
R-coverage_step500 12 2 8 0.4361790979746729
R-coverage_step500 12 2 9 0.4408879529219121
R-coverage_step500 12 3 0 0.4447868310380727
R-coverage_step500 12 3 1 0.4474748260108754
R-coverage_step500 12 3 2 0.43359053297899663
R-coverage_step500 12 3 3 0.4337998720584437
R-coverage_step500 12 3 4 0.4451917640399188
R-coverage_step500 12 3 5 0.4408678939798847
R-coverage_step500 12 3 6 0.45282876293640584
R-coverage_step500 12 3 7 0.47210926399566233
R-coverage_step500 12 3 8 0.45592071989085525
R-coverage_step500 12 3 9 0.4563888539560139
R-coverage_step500 12 4 0 0.45457554003223777
R-coverage_step500 12 4 1 0.45455038105137646
R-coverage_step500 12 4 2 0.43650879606138915
R-coverage_step500 12 4 3 0.44592782901600003
R-coverage_step500 12 4 4 0.4572561599779874
R-coverage_step500 12 4 5 0.4711096439277753
R-coverage_step500 12 4 6 0.43502736499067396
R-coverage_step500 12 4 7 0.4453743720659986
R-coverage_step500 12 4 8 0.44756404403597116
R-coverage_step500 12 4 9 0.43987576907966286
R-coverage_step500 12 5 0 0.4479013290256262
R-coverage_step500 12 5 1 0.44127809593919665
R-coverage_step500 12 5 2 0.4450153160141781
R-coverage_step500 12 5 3 0.44930299592670053
R-coverage_step500 12 5 4 0.4405096380505711
R-coverage_step500 12 5 5 0.4430381680140272
R-coverage_step500 12 5 6 0.44458928203675896
R-coverage_step500 12 5 7 0.4479818919207901
R-coverage_step500 12 5 8 0.4447358309989795
R-coverage_step500 12 5 9 0.4479310850147158
R-coverage_step500 12 6 0 0.45331203390378505
R-coverage_step500 12 6 1 0.4408670209813863
R-coverage_step500 12 6 2 0.4414759339997545
R-coverage_step500 12 6 3 0.4593856860883534
R-coverage_step500 12 6 4 0.45782379200682044
R-coverage_step500 12 6 5 0.4430511719547212
R-coverage_step500 12 6 6 0.4484169519273564
R-coverage_step500 12 6 7 0.45101460500154644
R-coverage_step500 12 6 8 0.45549592399038374
R-coverage_step500 12 6 9 0.45407842693384737
R-coverage_step500 12 7 0 0.4508931019809097
R-coverage_step500 12 7 1 0.44992381997872144
R-coverage_step500 12 7 2 0.44148814491927624
R-coverage_step500 12 7 3 0.4494700829964131
R-coverage_step500 12 7 4 0.43644814705476165
R-coverage_step500 12 7 5 0.4460986730409786
R-coverage_step500 12 7 6 0.4431907080579549
R-coverage_step500 12 7 7 0.448413304053247
R-coverage_step500 12 7 8 0.4530178600689396
R-coverage_step500 12 7 9 0.4440413819393143
R-coverage_step500 12 8 0 0.44453998492099345
R-coverage_step500 12 8 1 0.4467924680793658
R-coverage_step500 12 8 2 0.4447428919374943
R-coverage_step500 12 8 3 0.448320847004652
R-coverage_step500 12 8 4 0.44269780500326306
R-coverage_step500 12 8 5 0.4493788880063221
R-coverage_step500 12 8 6 0.4508579740067944
R-coverage_step500 12 8 7 0.44138962600845844
R-coverage_step500 12 8 8 0.44598090706858784
R-coverage_step500 12 8 9 0.4568867200287059
R-coverage_step500 12 9 0 0.46528937108814716
R-coverage_step500 12 9 1 0.4448880290146917
R-coverage_step500 12 9 2 0.4501788660418242
R-coverage_step500 12 9 3 0.4653554770629853
R-coverage_step500 12 9 4 0.463208316010423
R-coverage_step500 12 9 5 0.441437205998227
R-coverage_step500 12 9 6 0.44213342608418316
R-coverage_step500 12 9 7 0.458716084016487
R-coverage_step500 12 9 8 0.4438758440082893
R-coverage_step500 12 9 9 0.4537791929906234
R-coverage_step500 18 0 0 0.10919746896252036
R-coverage_step500 18 0 1 0.10215416504070163
R-coverage_step500 18 0 2 0.10425982694141567
R-coverage_step500 18 0 3 0.10388485109433532
R-coverage_step500 18 0 4 0.10214810294564813
R-coverage_step500 18 0 5 0.10312551097013056
R-coverage_step500 18 0 6 0.10104699898511171
R-coverage_step500 18 0 7 0.10653948306571692
R-coverage_step500 18 0 8 0.10286057402845472
R-coverage_step500 18 0 9 0.1046373889548704
R-coverage_step500 18 1 0 0.1034484269330278
R-coverage_step500 18 1 1 0.10584647790528834
R-coverage_step500 18 1 2 0.1060363210272044
R-coverage_step500 18 1 3 0.10232661501504481
R-coverage_step500 18 1 4 0.10615802195388824
R-coverage_step500 18 1 5 0.10520497302059084
R-coverage_step500 18 1 6 0.10183731908909976
R-coverage_step500 18 1 7 0.10610222606919706
R-coverage_step500 18 1 8 0.10430178698152304
R-coverage_step500 18 1 9 0.10625113104470074
R-coverage_step500 18 2 0 0.10267442895565182
R-coverage_step500 18 2 1 0.10563023504801095
R-coverage_step500 18 2 2 0.10663897206541151
R-coverage_step500 18 2 3 0.10253031202591956
R-coverage_step500 18 2 4 0.10717110894620419
R-coverage_step500 18 2 5 0.10883408598601818
R-coverage_step500 18 2 6 0.10355768504086882
R-coverage_step500 18 2 7 0.10433149407617748
R-coverage_step500 18 2 8 0.10353395098354667
R-coverage_step500 18 2 9 0.10386770800687373
R-coverage_step500 18 3 0 0.10863729007542133
R-coverage_step500 18 3 1 0.10312144202180207
R-coverage_step500 18 3 2 0.1061398679157719
R-coverage_step500 18 3 3 0.10557442810386419
R-coverage_step500 18 3 4 0.10772521700710058
R-coverage_step500 18 3 5 0.10246262303553522
R-coverage_step500 18 3 6 0.102859121048823
R-coverage_step500 18 3 7 0.10115730098914355
R-coverage_step500 18 3 8 0.10262333101127297
R-coverage_step500 18 3 9 0.10241105605382472
R-coverage_step500 18 4 0 0.1029097189893946
R-coverage_step500 18 4 1 0.1027403639163822
R-coverage_step500 18 4 2 0.1061787330545485
R-coverage_step500 18 4 3 0.10347766196355224
R-coverage_step500 18 4 4 0.10329710808582604
R-coverage_step500 18 4 5 0.10143671405967325
R-coverage_step500 18 4 6 0.1019482109695673
R-coverage_step500 18 4 7 0.10294501599855721
R-coverage_step500 18 4 8 0.10774275101721287
R-coverage_step500 18 4 9 0.10259425500407815
R-coverage_step500 18 5 0 0.10579131299164146
R-coverage_step500 18 5 1 0.10721843899227679
R-coverage_step500 18 5 2 0.10522860800847411
R-coverage_step500 18 5 3 0.10468846594449133
R-coverage_step500 18 5 4 0.10435402707662433
R-coverage_step500 18 5 5 0.10144167300313711
R-coverage_step500 18 5 6 0.1011803139699623
R-coverage_step500 18 5 7 0.10651653702370822
R-coverage_step500 18 5 8 0.10593818302731961
R-coverage_step500 18 5 9 0.10317095695063472
R-coverage_step500 18 6 0 0.10646420693956316
R-coverage_step500 18 6 1 0.105572554981336
R-coverage_step500 18 6 2 0.10480780294165015
R-coverage_step500 18 6 3 0.10604723100550473
R-coverage_step500 18 6 4 0.10887930099852383
R-coverage_step500 18 6 5 0.10272836103104055
R-coverage_step500 18 6 6 0.10176212491933256
R-coverage_step500 18 6 7 0.10593704099301249
R-coverage_step500 18 6 8 0.1061006230302155
R-coverage_step500 18 6 9 0.10189260391052812
R-coverage_step500 18 7 0 0.09910060104448348
R-coverage_step500 18 7 1 0.10244352696463466
R-coverage_step500 18 7 2 0.10355868795886636
R-coverage_step500 18 7 3 0.1084664820227772
R-coverage_step500 18 7 4 0.10461808100808412
R-coverage_step500 18 7 5 0.10237796197179705
R-coverage_step500 18 7 6 0.10505581798497587
R-coverage_step500 18 7 7 0.10468037996906787
R-coverage_step500 18 7 8 0.10913498001173139
R-coverage_step500 18 7 9 0.10648862400557846
R-coverage_step500 18 8 0 0.10840076697058976
R-coverage_step500 18 8 1 0.10469391697552055
R-coverage_step500 18 8 2 0.10388337704353034
R-coverage_step500 18 8 3 0.10457699198741466
R-coverage_step500 18 8 4 0.10283864103257656
R-coverage_step500 18 8 5 0.10526628908701241
R-coverage_step500 18 8 6 0.1041530929505825
R-coverage_step500 18 8 7 0.10262492310721427
R-coverage_step500 18 8 8 0.10607498500030488
R-coverage_step500 18 8 9 0.10230768797919154
R-coverage_step500 18 9 0 0.10265753592830151
R-coverage_step500 18 9 1 0.10688705591019243
R-coverage_step500 18 9 2 0.10413232306018472
R-coverage_step500 18 9 3 0.10024959500879049
R-coverage_step500 18 9 4 0.0999760739505291
R-coverage_step500 18 9 5 0.10278571106027812
R-coverage_step500 18 9 6 0.10313785308972001
R-coverage_step500 18 9 7 0.10339173907414079
R-coverage_step500 18 9 8 0.1057249860605225
R-coverage_step500 18 9 9 0.10511874698568135
R-coverage_step500 22 0 0 0.01759937999304384
R-coverage_step500 22 0 1 0.015442128060385585
R-coverage_step500 22 0 2 0.015521190012805164
R-coverage_step500 22 0 3 0.015412001055665314
R-coverage_step500 22 0 4 0.015560925006866455
R-coverage_step500 22 0 5 0.01599992497358471
R-coverage_step500 22 0 6 0.015701244003139436
R-coverage_step500 22 0 7 0.01551772397942841
R-coverage_step500 22 0 8 0.015406491002067924
R-coverage_step500 22 0 9 0.015309644979424775
R-coverage_step500 22 1 0 0.01533837104216218
R-coverage_step500 22 1 1 0.015289496979676187
R-coverage_step500 22 1 2 0.015213381964713335
R-coverage_step500 22 1 3 0.015413564047776163
R-coverage_step500 22 1 4 0.015493807033635676
R-coverage_step500 22 1 5 0.01666784007102251
R-coverage_step500 22 1 6 0.0174804829293862
R-coverage_step500 22 1 7 0.01639405800960958
R-coverage_step500 22 1 8 0.016208312939852476
R-coverage_step500 22 1 9 0.015288364957086742
R-coverage_step500 22 2 0 0.015310787945054471
R-coverage_step500 22 2 1 0.015263136010617018
R-coverage_step500 22 2 2 0.015350474044680595
R-coverage_step500 22 2 3 0.015291179995983839
R-coverage_step500 22 2 4 0.015678780968300998
R-coverage_step500 22 2 5 0.01529288396704942
R-coverage_step500 22 2 6 0.015340475016273558
R-coverage_step500 22 2 7 0.01519478706177324
R-coverage_step500 22 2 8 0.015188534976914525
R-coverage_step500 22 2 9 0.015184868010692298
R-coverage_step500 22 3 0 0.015204044058918953
R-coverage_step500 22 3 1 0.015419526025652885
R-coverage_step500 22 3 2 0.015648663975298405
R-coverage_step500 22 3 3 0.015592546085827053
R-coverage_step500 22 3 4 0.01676920405589044
R-coverage_step500 22 3 5 0.018711714074015617
R-coverage_step500 22 3 6 0.016875486937351525
R-coverage_step500 22 3 7 0.016138158971443772
R-coverage_step500 22 3 8 0.01520535594318062
R-coverage_step500 22 3 9 0.015221818001009524
R-coverage_step500 22 4 0 0.015318664023652673
R-coverage_step500 22 4 1 0.015305136912502348
R-coverage_step500 22 4 2 0.015292492927983403
R-coverage_step500 22 4 3 0.015927586006000638
R-coverage_step500 22 4 4 0.015385350910946727
R-coverage_step500 22 4 5 0.01600836997386068
R-coverage_step500 22 4 6 0.01738550199661404
R-coverage_step500 22 4 7 0.01774085103534162
R-coverage_step500 22 4 8 0.01607510808389634
R-coverage_step500 22 4 9 0.015414055087603629
R-coverage_step500 22 5 0 0.015316659933887422
R-coverage_step500 22 5 1 0.015310246963053942
R-coverage_step500 22 5 2 0.015246205031871796
R-coverage_step500 22 5 3 0.01542642805725336
R-coverage_step500 22 5 4 0.01879170793108642
R-coverage_step500 22 5 5 0.01540433696936816
R-coverage_step500 22 5 6 0.015205256990157068
R-coverage_step500 22 5 7 0.015415929956361651
R-coverage_step500 22 5 8 0.015390260028652847
R-coverage_step500 22 5 9 0.015339371981099248
R-coverage_step500 22 6 0 0.015317080076783895
R-coverage_step500 22 6 1 0.01531378400977701
R-coverage_step500 22 6 2 0.01526924897916615
R-coverage_step500 22 6 3 0.015241215005517006
R-coverage_step500 22 6 4 0.015207801014184952
R-coverage_step500 22 6 5 0.01522860093973577
R-coverage_step500 22 6 6 0.015379628981463611
R-coverage_step500 22 6 7 0.01559302699752152
R-coverage_step500 22 6 8 0.015989453997462988
R-coverage_step500 22 6 9 0.01536616391967982
R-coverage_step500 22 7 0 0.01559140405151993
R-coverage_step500 22 7 1 0.01562353502959013
R-coverage_step500 22 7 2 0.01873812498524785
R-coverage_step500 22 7 3 0.018386802985332906
R-coverage_step500 22 7 4 0.017698097974061966
R-coverage_step500 22 7 5 0.016850278014317155
R-coverage_step500 22 7 6 0.016402192995883524
R-coverage_step500 22 7 7 0.0162183518987149
R-coverage_step500 22 7 8 0.015915764030069113
R-coverage_step500 22 7 9 0.015530567965470254
R-coverage_step500 22 8 0 0.016315698041580617
R-coverage_step500 22 8 1 0.01586127991322428
R-coverage_step500 22 8 2 0.015747340978123248
R-coverage_step500 22 8 3 0.01649294700473547
R-coverage_step500 22 8 4 0.016521821962669492
R-coverage_step500 22 8 5 0.015701014082878828
R-coverage_step500 22 8 6 0.01580506202299148
R-coverage_step500 22 8 7 0.01602294808253646
R-coverage_step500 22 8 8 0.01523775898385793
R-coverage_step500 22 8 9 0.01519927498884499
R-coverage_step500 22 9 0 0.015222509973682463
R-coverage_step500 22 9 1 0.017895344994030893
R-coverage_step500 22 9 2 0.015715371002443135
R-coverage_step500 22 9 3 0.015292182913981378
R-coverage_step500 22 9 4 0.015276170917786658
R-coverage_step500 22 9 5 0.015281261992640793
R-coverage_step500 22 9 6 0.01529012806713581
R-coverage_step500 22 9 7 0.015312711941078305
R-coverage_step500 22 9 8 0.015288005000911653
R-coverage_step500 22 9 9 0.015339261968620121
R-coverage_step500 24 0 0 0.01774296397343278
R-coverage_step500 24 0 1 0.017168738064356148
R-coverage_step500 24 0 2 0.01714241609442979
R-coverage_step500 24 0 3 0.017041294020600617
R-coverage_step500 24 0 4 0.018594771972857416
R-coverage_step500 24 0 5 0.017499599023722112
R-coverage_step500 24 0 6 0.018340545007959008
R-coverage_step500 24 0 7 0.018580435076728463
R-coverage_step500 24 0 8 0.020543344086036086
R-coverage_step500 24 0 9 0.019583630026318133
R-coverage_step500 24 1 0 0.019294398021884263
R-coverage_step500 24 1 1 0.017743706004694104
R-coverage_step500 24 1 2 0.01751957694068551
R-coverage_step500 24 1 3 0.01872017001733184
R-coverage_step500 24 1 4 0.018850639928132296
R-coverage_step500 24 1 5 0.01899964502081275
R-coverage_step500 24 1 6 0.018642924027517438
R-coverage_step500 24 1 7 0.017334392992779613
R-coverage_step500 24 1 8 0.017932465998455882
R-coverage_step500 24 1 9 0.017142997938208282
R-coverage_step500 24 2 0 0.017427191021852195
R-coverage_step500 24 2 1 0.017175270011648536
R-coverage_step500 24 2 2 0.017349431989714503
R-coverage_step500 24 2 3 0.017340804915875196
R-coverage_step500 24 2 4 0.01767700898926705
R-coverage_step500 24 2 5 0.020350184990093112
R-coverage_step500 24 2 6 0.01748198503628373
R-coverage_step500 24 2 7 0.016962283058091998
R-coverage_step500 24 2 8 0.016937695909291506
R-coverage_step500 24 2 9 0.017426628968678415
R-coverage_step500 24 3 0 0.021102913073264062
R-coverage_step500 24 3 1 0.018470254028216004
R-coverage_step500 24 3 2 0.01859338895883411
R-coverage_step500 24 3 3 0.01736464095301926
R-coverage_step500 24 3 4 0.017069918918423355
R-coverage_step500 24 3 5 0.016991627984680235
R-coverage_step500 24 3 6 0.01700419292319566
R-coverage_step500 24 3 7 0.017132659093476832
R-coverage_step500 24 3 8 0.017100987024605274
R-coverage_step500 24 3 9 0.017096229013986886
R-coverage_step500 24 4 0 0.01711747993249446
R-coverage_step500 24 4 1 0.01765488600358367
R-coverage_step500 24 4 2 0.02033453492913395
R-coverage_step500 24 4 3 0.01716818707063794
R-coverage_step500 24 4 4 0.017125774989835918
R-coverage_step500 24 4 5 0.017118830932304263
R-coverage_step500 24 4 6 0.01724092592485249
R-coverage_step500 24 4 7 0.017093202914111316
R-coverage_step500 24 4 8 0.017028860049322248
R-coverage_step500 24 4 9 0.01732345309574157
R-coverage_step500 24 5 0 0.016966640949249268
R-coverage_step500 24 5 1 0.01696308411192149
R-coverage_step500 24 5 2 0.017169059021398425
R-coverage_step500 24 5 3 0.017264209920540452
R-coverage_step500 24 5 4 0.017600702005438507
R-coverage_step500 24 5 5 0.017120235017500818
R-coverage_step500 24 5 6 0.017091148998588324
R-coverage_step500 24 5 7 0.017100856988690794
R-coverage_step500 24 5 8 0.018533604918047786
R-coverage_step500 24 5 9 0.019054169999435544
R-coverage_step500 24 6 0 0.0189596489071846
R-coverage_step500 24 6 1 0.017276301980018616
R-coverage_step500 24 6 2 0.018650108017027378
R-coverage_step500 24 6 3 0.017137087997980416
R-coverage_step500 24 6 4 0.017078395001590252
R-coverage_step500 24 6 5 0.017145432997494936
R-coverage_step500 24 6 6 0.017362106940709054
R-coverage_step500 24 6 7 0.01737402903381735
R-coverage_step500 24 6 8 0.01732184994034469
R-coverage_step500 24 6 9 0.017330816946923733
R-coverage_step500 24 7 0 0.017380430945195258
R-coverage_step500 24 7 1 0.0172164790565148
R-coverage_step500 24 7 2 0.016986840055324137
R-coverage_step500 24 7 3 0.016945961047895253
R-coverage_step500 24 7 4 0.016947365016676486
R-coverage_step500 24 7 5 0.019170582061633468
R-coverage_step500 24 7 6 0.01724732795264572
R-coverage_step500 24 7 7 0.01762196305207908
R-coverage_step500 24 7 8 0.017139300936833024
R-coverage_step500 24 7 9 0.017107899999246
R-coverage_step500 24 8 0 0.017449453007429838
R-coverage_step500 24 8 1 0.017000756924971938
R-coverage_step500 24 8 2 0.017040692968294024
R-coverage_step500 24 8 3 0.017212399980053306
R-coverage_step500 24 8 4 0.01867268094792962
R-coverage_step500 24 8 5 0.018507114029489458
R-coverage_step500 24 8 6 0.017806566087529063
R-coverage_step500 24 8 7 0.017806755960918963
R-coverage_step500 24 8 8 0.01718143094331026
R-coverage_step500 24 8 9 0.01712102594319731
R-coverage_step500 24 9 0 0.017159338924102485
R-coverage_step500 24 9 1 0.01869860105216503
R-coverage_step500 24 9 2 0.017771888989955187
R-coverage_step500 24 9 3 0.017176210996694863
R-coverage_step500 24 9 4 0.017069978988729417
R-coverage_step500 24 9 5 0.016977521940134466
R-coverage_step500 24 9 6 0.01696774293668568
R-coverage_step500 24 9 7 0.01695932704024017
R-coverage_step500 24 9 8 0.017057024058885872
R-coverage_step500 24 9 9 0.017091991030611098
R-coverage_step500 30 0 0 0.028589423978701234
R-coverage_step500 30 0 1 0.029748879023827612
R-coverage_step500 30 0 2 0.028560308972373605
R-coverage_step500 30 0 3 0.02793270896654576
R-coverage_step500 30 0 4 0.027834412059746683
R-coverage_step500 30 0 5 0.02950774901546538
R-coverage_step500 30 0 6 0.028406313969753683
R-coverage_step500 30 0 7 0.0279517259914428
R-coverage_step500 30 0 8 0.029774958034977317
R-coverage_step500 30 0 9 0.02853508002590388
R-coverage_step500 30 1 0 0.029317724984139204
R-coverage_step500 30 1 1 0.028469825978390872
R-coverage_step500 30 1 2 0.02750202699098736
R-coverage_step500 30 1 3 0.02639862906653434
R-coverage_step500 30 1 4 0.026365726022049785
R-coverage_step500 30 1 5 0.0287608610233292
R-coverage_step500 30 1 6 0.029231389984488487
R-coverage_step500 30 1 7 0.02838122600223869
R-coverage_step500 30 1 8 0.026716405991464853
R-coverage_step500 30 1 9 0.02642941800877452
R-coverage_step500 30 2 0 0.026556130032986403
R-coverage_step500 30 2 1 0.02987882704474032
R-coverage_step500 30 2 2 0.030170383979566395
R-coverage_step500 30 2 3 0.02795520203653723
R-coverage_step500 30 2 4 0.028259073034860194
R-coverage_step500 30 2 5 0.029846564983017743
R-coverage_step500 30 2 6 0.029836627072654665
R-coverage_step500 30 2 7 0.027842576964758337
R-coverage_step500 30 2 8 0.026709262980148196
R-coverage_step500 30 2 9 0.0273138569900766
R-coverage_step500 30 3 0 0.028980219969525933
R-coverage_step500 30 3 1 0.028737457003444433
R-coverage_step500 30 3 2 0.02751942095346749
R-coverage_step500 30 3 3 0.027361518004909158
R-coverage_step500 30 3 4 0.027177517069503665
R-coverage_step500 30 3 5 0.027875781059265137
R-coverage_step500 30 3 6 0.030722848954610527
R-coverage_step500 30 3 7 0.029049433069303632
R-coverage_step500 30 3 8 0.02961017400957644
R-coverage_step500 30 3 9 0.027510061976499856
R-coverage_step500 30 4 0 0.026733709033578634
R-coverage_step500 30 4 1 0.028087906073778868
R-coverage_step500 30 4 2 0.030044322949834168
R-coverage_step500 30 4 3 0.028579987003467977
R-coverage_step500 30 4 4 0.02848168893251568
R-coverage_step500 30 4 5 0.028881852980703115
R-coverage_step500 30 4 6 0.03255730401724577
R-coverage_step500 30 4 7 0.028594873961992562
R-coverage_step500 30 4 8 0.028346550068818033
R-coverage_step500 30 4 9 0.0294945229543373
R-coverage_step500 30 5 0 0.028640702017582953
R-coverage_step500 30 5 1 0.028630202054046094
R-coverage_step500 30 5 2 0.028154734056442976
R-coverage_step500 30 5 3 0.028444607043638825
R-coverage_step500 30 5 4 0.029302375973202288
R-coverage_step500 30 5 5 0.02849152695853263
R-coverage_step500 30 5 6 0.03184539405629039
R-coverage_step500 30 5 7 0.03039210697170347
R-coverage_step500 30 5 8 0.02881874202284962
R-coverage_step500 30 5 9 0.030501276021823287
R-coverage_step500 30 6 0 0.029852026025764644
R-coverage_step500 30 6 1 0.029865632066503167
R-coverage_step500 30 6 2 0.02719638403505087
R-coverage_step500 30 6 3 0.02819152397569269
R-coverage_step500 30 6 4 0.02957077801693231
R-coverage_step500 30 6 5 0.02807373891118914
R-coverage_step500 30 6 6 0.028982756077311933
R-coverage_step500 30 6 7 0.027876982931047678
R-coverage_step500 30 6 8 0.02757302299141884
R-coverage_step500 30 6 9 0.027565157040953636
R-coverage_step500 30 7 0 0.026918512070551515
R-coverage_step500 30 7 1 0.027146356995217502
R-coverage_step500 30 7 2 0.02902891405392438
R-coverage_step500 30 7 3 0.03005124698393047
R-coverage_step500 30 7 4 0.029021479072980583
R-coverage_step500 30 7 5 0.02819603297393769
R-coverage_step500 30 7 6 0.027883515926077962
R-coverage_step500 30 7 7 0.028633067035116255
R-coverage_step500 30 7 8 0.028228354058228433
R-coverage_step500 30 7 9 0.028225779999047518
R-coverage_step500 30 8 0 0.027520681964233518
R-coverage_step500 30 8 1 0.027905217022635043
R-coverage_step500 30 8 2 0.027120127924717963
R-coverage_step500 30 8 3 0.027564797084778547
R-coverage_step500 30 8 4 0.02746179001405835
R-coverage_step500 30 8 5 0.02677105099428445
R-coverage_step500 30 8 6 0.026732056983746588
R-coverage_step500 30 8 7 0.0285852060187608
R-coverage_step500 30 8 8 0.02917712600901723
R-coverage_step500 30 8 9 0.028512447024695575
R-coverage_step500 30 9 0 0.027799274073913693
R-coverage_step500 30 9 1 0.027213455992750823
R-coverage_step500 30 9 2 0.02786431892309338
R-coverage_step500 30 9 3 0.028320671059191227
R-coverage_step500 30 9 4 0.028723601019009948
R-coverage_step500 30 9 5 0.028369133942760527
R-coverage_step500 30 9 6 0.028693352011032403
R-coverage_step500 30 9 7 0.030412366962991655
R-coverage_step500 30 9 8 0.02887378796003759
R-coverage_step500 30 9 9 0.027275062981061637
R-coverage_step500 33 0 0 0.006640865933150053
R-coverage_step500 33 0 1 0.006214180029928684
R-coverage_step500 33 0 2 0.0061310919700190425
R-coverage_step500 33 0 3 0.006092498893849552
R-coverage_step500 33 0 4 0.006105773965828121
R-coverage_step500 33 0 5 0.006105041946284473
R-coverage_step500 33 0 6 0.006104831933043897
R-coverage_step500 33 0 7 0.006118378019891679
R-coverage_step500 33 0 8 0.006110151996836066
R-coverage_step500 33 0 9 0.006120100035332143
R-coverage_step500 33 1 0 0.006103911087848246
R-coverage_step500 33 1 1 0.006110453046858311
R-coverage_step500 33 1 2 0.006068632006645203
R-coverage_step500 33 1 3 0.006105153006501496
R-coverage_step500 33 1 4 0.006081336992792785
R-coverage_step500 33 1 5 0.006103018997237086
R-coverage_step500 33 1 6 0.0061026179464533925
R-coverage_step500 33 1 7 0.006085815955884755
R-coverage_step500 33 1 8 0.006098910002037883
R-coverage_step500 33 1 9 0.006107566994614899
R-coverage_step500 33 2 0 0.006066779023967683
R-coverage_step500 33 2 1 0.006091907969675958
R-coverage_step500 33 2 2 0.006060337065719068
R-coverage_step500 33 2 3 0.006100544007495046
R-coverage_step500 33 2 4 0.00620939105283469
R-coverage_step500 33 2 5 0.00638192193582654
R-coverage_step500 33 2 6 0.006131622940301895
R-coverage_step500 33 2 7 0.008468036074191332
R-coverage_step500 33 2 8 0.00627939507830888
R-coverage_step500 33 2 9 0.006157272029668093
R-coverage_step500 33 3 0 0.0061115550342947245
R-coverage_step500 33 3 1 0.006121303071267903
R-coverage_step500 33 3 2 0.0061229069251567125
R-coverage_step500 33 3 3 0.006632049917243421
R-coverage_step500 33 3 4 0.006413402035832405
R-coverage_step500 33 3 5 0.007084724027663469
R-coverage_step500 33 3 6 0.006738012074492872
R-coverage_step500 33 3 7 0.006086145993322134
R-coverage_step500 33 3 8 0.006074583972804248
R-coverage_step500 33 3 9 0.006116895005106926
R-coverage_step500 33 4 0 0.006102327955886722
R-coverage_step500 33 4 1 0.006063923938199878
R-coverage_step500 33 4 2 0.006195725058205426
R-coverage_step500 33 4 3 0.006143286009319127
R-coverage_step500 33 4 4 0.006080615916289389
R-coverage_step500 33 4 5 0.006066389032639563
R-coverage_step500 33 4 6 0.0060737719759345055
R-coverage_step500 33 4 7 0.006059364997781813
R-coverage_step500 33 4 8 0.006065787980332971
R-coverage_step500 33 4 9 0.006115903961472213
R-coverage_step500 33 5 0 0.006340421037748456
R-coverage_step500 33 5 1 0.006253935978747904
R-coverage_step500 33 5 2 0.006243387004360557
R-coverage_step500 33 5 3 0.0062352720415219665
R-coverage_step500 33 5 4 0.006252503953874111
R-coverage_step500 33 5 5 0.0062198120867833495
R-coverage_step500 33 5 6 0.006225983961485326
R-coverage_step500 33 5 7 0.006265248986892402
R-coverage_step500 33 5 8 0.006228887941688299
R-coverage_step500 33 5 9 0.006260609021410346
R-coverage_step500 33 6 0 0.006118608987890184
R-coverage_step500 33 6 1 0.006135370931588113
R-coverage_step500 33 6 2 0.006063112989068031
R-coverage_step500 33 6 3 0.0060982489958405495
R-coverage_step500 33 6 4 0.006115872994996607
R-coverage_step500 33 6 5 0.006095033953897655
R-coverage_step500 33 6 6 0.006087508983910084
R-coverage_step500 33 6 7 0.006095956079661846
R-coverage_step500 33 6 8 0.006090685026720166
R-coverage_step500 33 6 9 0.006087969988584518
R-coverage_step500 33 7 0 0.006265689036808908
R-coverage_step500 33 7 1 0.00627162994351238
R-coverage_step500 33 7 2 0.006243726937100291
R-coverage_step500 33 7 3 0.0062576839700341225
R-coverage_step500 33 7 4 0.006223598960787058
R-coverage_step500 33 7 5 0.006244248012080789
R-coverage_step500 33 7 6 0.006243858020752668
R-coverage_step500 33 7 7 0.006247684010304511
R-coverage_step500 33 7 8 0.006237766006961465
R-coverage_step500 33 7 9 0.006444111000746489
R-coverage_step500 33 8 0 0.0062341890297830105
R-coverage_step500 33 8 1 0.007135119987651706
R-coverage_step500 33 8 2 0.006615767953917384
R-coverage_step500 33 8 3 0.006090756040066481
R-coverage_step500 33 8 4 0.006153523921966553
R-coverage_step500 33 8 5 0.006054986966773868
R-coverage_step500 33 8 6 0.00608996395021677
R-coverage_step500 33 8 7 0.006043363944627345
R-coverage_step500 33 8 8 0.006082809064537287
R-coverage_step500 33 8 9 0.006099791964516044
R-coverage_step500 33 9 0 0.006065967958420515
R-coverage_step500 33 9 1 0.006089021917432547
R-coverage_step500 33 9 2 0.006126321968622506
R-coverage_step500 33 9 3 0.006183322053402662
R-coverage_step500 33 9 4 0.006082859938032925
R-coverage_step500 33 9 5 0.006069654016755521
R-coverage_step500 33 9 6 0.006091104936785996
R-coverage_step500 33 9 7 0.0060929200844839215
R-coverage_step500 33 9 8 0.006120681995525956
R-coverage_step500 33 9 9 0.006060557090677321
R-coverage_step500 36 0 0 0.006752529996447265
R-coverage_step500 36 0 1 0.00660294305998832
R-coverage_step500 36 0 2 0.006616869941353798
R-coverage_step500 36 0 3 0.006603745045140386
R-coverage_step500 36 0 4 0.006659782025963068
R-coverage_step500 36 0 5 0.006634173099882901
R-coverage_step500 36 0 6 0.006597263040021062
R-coverage_step500 36 0 7 0.006612110999412835
R-coverage_step500 36 0 8 0.00663430301938206
R-coverage_step500 36 0 9 0.0066431809682399035
R-coverage_step500 36 1 0 0.16799806407652795
R-coverage_step500 36 1 1 0.006947922054678202
R-coverage_step500 36 1 2 0.0067687599221244454
R-coverage_step500 36 1 3 0.006743733072653413
R-coverage_step500 36 1 4 0.00671921600587666
R-coverage_step500 36 1 5 0.006730146007612348
R-coverage_step500 36 1 6 0.0067423100117594
R-coverage_step500 36 1 7 0.006745356018655002
R-coverage_step500 36 1 8 0.006765973987057805
R-coverage_step500 36 1 9 0.006761025986634195
R-coverage_step500 36 2 0 0.006606971030123532
R-coverage_step500 36 2 1 0.00659633195027709
R-coverage_step500 36 2 2 0.006567224976606667
R-coverage_step500 36 2 3 0.006671705050393939
R-coverage_step500 36 2 4 0.0065588189754635096
R-coverage_step500 36 2 5 0.00679563102312386
R-coverage_step500 36 2 6 0.006851498037576675
R-coverage_step500 36 2 7 0.006636037025600672
R-coverage_step500 36 2 8 0.006637599901296198
R-coverage_step500 36 2 9 0.006678698002360761
R-coverage_step500 36 3 0 0.006616901024244726
R-coverage_step500 36 3 1 0.006630185060203075
R-coverage_step500 36 3 2 0.006618662970140576
R-coverage_step500 36 3 3 0.006611280026845634
R-coverage_step500 36 3 4 0.006615177029743791
R-coverage_step500 36 3 5 0.006672136019915342
R-coverage_step500 36 3 6 0.006607591989450157
R-coverage_step500 36 3 7 0.006621800013817847
R-coverage_step500 36 3 8 0.006649121991358697
R-coverage_step500 36 3 9 0.006633270997554064
R-coverage_step500 36 4 0 0.006601821049116552
R-coverage_step500 36 4 1 0.006675763055682182
R-coverage_step500 36 4 2 0.006621649023145437
R-coverage_step500 36 4 3 0.006642077001743019
R-coverage_step500 36 4 4 0.006627249997109175
R-coverage_step500 36 4 5 0.006606550072319806
R-coverage_step500 36 4 6 0.007705779979005456
R-coverage_step500 36 4 7 0.006811241037212312
R-coverage_step500 36 4 8 0.0066159190610051155
R-coverage_step500 36 4 9 0.006580551038496196
R-coverage_step500 36 5 0 0.006578265922144055
R-coverage_step500 36 5 1 0.006596061051823199
R-coverage_step500 36 5 2 0.006605408038012683
R-coverage_step500 36 5 3 0.0066141351126134396
R-coverage_step500 36 5 4 0.0066580690909177065
R-coverage_step500 36 5 5 0.00865469395648688
R-coverage_step500 36 5 6 0.006581753026694059
R-coverage_step500 36 5 7 0.006739364005625248
R-coverage_step500 36 5 8 0.006597833940759301
R-coverage_step500 36 5 9 0.0066472680773586035
R-coverage_step500 36 6 0 0.006608403054997325
R-coverage_step500 36 6 1 0.006573427002876997
R-coverage_step500 36 6 2 0.006580761983059347
R-coverage_step500 36 6 3 0.00660294305998832
R-coverage_step500 36 6 4 0.006575381034053862
R-coverage_step500 36 6 5 0.0066111390478909016
R-coverage_step500 36 6 6 0.006576374056749046
R-coverage_step500 36 6 7 0.0066095159854739904
R-coverage_step500 36 6 8 0.006561074056662619
R-coverage_step500 36 6 9 0.006576043087989092
R-coverage_step500 36 7 0 0.006779410992749035
R-coverage_step500 36 7 1 0.0067452340153977275
R-coverage_step500 36 7 2 0.006759932963177562
R-coverage_step500 36 7 3 0.00676301890052855
R-coverage_step500 36 7 4 0.0067813938949257135
R-coverage_step500 36 7 5 0.0067507559433579445
R-coverage_step500 36 7 6 0.006788517930544913
R-coverage_step500 36 7 7 0.006929466966539621
R-coverage_step500 36 7 8 0.006953803007490933
R-coverage_step500 36 7 9 0.006811161991208792
R-coverage_step500 36 8 0 0.006600309046916664
R-coverage_step500 36 8 1 0.00658653094433248
R-coverage_step500 36 8 2 0.006572965998202562
R-coverage_step500 36 8 3 0.006607773015275598
R-coverage_step500 36 8 4 0.006609175936318934
R-coverage_step500 36 8 5 0.006569569930434227
R-coverage_step500 36 8 6 0.006572725949808955
R-coverage_step500 36 8 7 0.006580831948667765
R-coverage_step500 36 8 8 0.00689560198225081
R-coverage_step500 36 8 9 0.007749153068289161
R-coverage_step500 36 9 0 0.006762278964743018
R-coverage_step500 36 9 1 0.006769782048650086
R-coverage_step500 36 9 2 0.006762377917766571
R-coverage_step500 36 9 3 0.0067549849627539515
R-coverage_step500 36 9 4 0.006754864007234573
R-coverage_step500 36 9 5 0.00675122591201216
R-coverage_step500 36 9 6 0.006755164009518921
R-coverage_step500 36 9 7 0.00682753196451813
R-coverage_step500 36 9 8 0.006822844035923481
R-coverage_step500 36 9 9 0.006760324933566153
R-coverage_step500 40 0 0 0.0041081380331888795
R-coverage_step500 40 0 1 0.004034416982904077
R-coverage_step500 40 0 2 0.0040216229390352964
R-coverage_step500 40 0 3 0.00403043907135725
R-coverage_step500 40 0 4 0.00401687400881201
R-coverage_step500 40 0 5 0.004022554028779268
R-coverage_step500 40 0 6 0.004025029018521309
R-coverage_step500 40 0 7 0.004041951964609325
R-coverage_step500 40 0 8 0.004017474013380706
R-coverage_step500 40 0 9 0.00403809396084398
R-coverage_step500 40 1 0 0.004041140084154904
R-coverage_step500 40 1 1 0.004014129051938653
R-coverage_step500 40 1 2 0.004018637002445757
R-coverage_step500 40 1 3 0.004056579084135592
R-coverage_step500 40 1 4 0.004029116011224687
R-coverage_step500 40 1 5 0.004061898915097117
R-coverage_step500 40 1 6 0.004034787998534739
R-coverage_step500 40 1 7 0.004049956914968789
R-coverage_step500 40 1 8 0.004041600972414017
R-coverage_step500 40 1 9 0.0040273129707202315
R-coverage_step500 40 2 0 0.0040141589706763625
R-coverage_step500 40 2 1 0.004029417992569506
R-coverage_step500 40 2 2 0.004130460903979838
R-coverage_step500 40 2 3 0.005682004033587873
R-coverage_step500 40 2 4 0.005570231005549431
R-coverage_step500 40 2 5 0.0045578969875350595
R-coverage_step500 40 2 6 0.004009429016150534
R-coverage_step500 40 2 7 0.00401312590111047
R-coverage_step500 40 2 8 0.004317096900194883
R-coverage_step500 40 2 9 0.00402104202657938
R-coverage_step500 40 3 0 0.004122545011341572
R-coverage_step500 40 3 1 0.004123167018406093
R-coverage_step500 40 3 2 0.003923004027456045
R-coverage_step500 40 3 3 0.003934186068363488
R-coverage_step500 40 3 4 0.003929145983420312
R-coverage_step500 40 3 5 0.003924085991457105
R-coverage_step500 40 3 6 0.0039084459422156215
R-coverage_step500 40 3 7 0.003938133013434708
R-coverage_step500 40 3 8 0.003917112946510315
R-coverage_step500 40 3 9 0.003909569000825286
R-coverage_step500 40 4 0 0.004018216975964606
R-coverage_step500 40 4 1 0.004005331080406904
R-coverage_step500 40 4 2 0.004015570040792227
R-coverage_step500 40 4 3 0.0040210309671238065
R-coverage_step500 40 4 4 0.004006193019449711
R-coverage_step500 40 4 5 0.004021793021820486
R-coverage_step500 40 4 6 0.0040045499335974455
R-coverage_step500 40 4 7 0.0040362190920859575
R-coverage_step500 40 4 8 0.004004720016382635
R-coverage_step500 40 4 9 0.005038004019297659
R-coverage_step500 40 5 0 0.004330823081545532
R-coverage_step500 40 5 1 0.004030609969049692
R-coverage_step500 40 5 2 0.004165387013927102
R-coverage_step500 40 5 3 0.004012184916064143
R-coverage_step500 40 5 4 0.0040119539480656385
R-coverage_step500 40 5 5 0.004029136965982616
R-coverage_step500 40 5 6 0.004007074981927872
R-coverage_step500 40 5 7 0.004026471055112779
R-coverage_step500 40 5 8 0.004025137983262539
R-coverage_step500 40 5 9 0.004014328005723655
R-coverage_step500 40 6 0 0.004038203973323107
R-coverage_step500 40 6 1 0.004040629020892084
R-coverage_step500 40 6 2 0.004035930032841861
R-coverage_step500 40 6 3 0.004011263023130596
R-coverage_step500 40 6 4 0.004017653991468251
R-coverage_step500 40 6 5 0.004025570000521839
R-coverage_step500 40 6 6 0.00401628203690052
R-coverage_step500 40 6 7 0.004033143981359899
R-coverage_step500 40 6 8 0.004030177951790392
R-coverage_step500 40 6 9 0.004039867082610726
R-coverage_step500 40 7 0 0.004040949046611786
R-coverage_step500 40 7 1 0.004008596995845437
R-coverage_step500 40 7 2 0.004017494968138635
R-coverage_step500 40 7 3 0.0040290269535034895
R-coverage_step500 40 7 4 0.00403119099792093
R-coverage_step500 40 7 5 0.004023937042802572
R-coverage_step500 40 7 6 0.004007827024906874
R-coverage_step500 40 7 7 0.004012374905869365
R-coverage_step500 40 7 8 0.004023937974125147
R-coverage_step500 40 7 9 0.003997626015916467
R-coverage_step500 40 8 0 0.0038968550506979227
R-coverage_step500 40 8 1 0.003928243997506797
R-coverage_step500 40 8 2 0.003919548005796969
R-coverage_step500 40 8 3 0.003897534916177392
R-coverage_step500 40 8 4 0.0038958819350227714
R-coverage_step500 40 8 5 0.003922443022020161
R-coverage_step500 40 8 6 0.003909698920324445
R-coverage_step500 40 8 7 0.003903346019797027
R-coverage_step500 40 8 8 0.0039112119702622294
R-coverage_step500 40 8 9 0.0039106711046770215
R-coverage_step500 40 9 0 0.0039267720421776175
R-coverage_step500 40 9 1 0.00392034905962646
R-coverage_step500 40 9 2 0.003915198962204158
R-coverage_step500 40 9 3 0.0039169820956885815
R-coverage_step500 40 9 4 0.00393443601205945
R-coverage_step500 40 9 5 0.003910960978828371
R-coverage_step500 40 9 6 0.003914006985723972
R-coverage_step500 40 9 7 0.003932091989554465
R-coverage_step500 40 9 8 0.003922233008779585
R-coverage_step500 40 9 9 0.00392807403113693
R-coverage_step500 47 0 0 0.0689458369743079
R-coverage_step500 47 0 1 0.06390656996518373
R-coverage_step500 47 0 2 0.06262136506848037
R-coverage_step500 47 0 3 0.06188124092295766
R-coverage_step500 47 0 4 0.0616417940473184
R-coverage_step500 47 0 5 0.06539830903057009
R-coverage_step500 47 0 6 0.0589770229998976
R-coverage_step500 47 0 7 0.06156364502385259
R-coverage_step500 47 0 8 0.061456690076738596
R-coverage_step500 47 0 9 0.06647565693128854
R-coverage_step500 47 1 0 0.06810104299802333
R-coverage_step500 47 1 1 0.062251989962533116
R-coverage_step500 47 1 2 0.062013132963329554
R-coverage_step500 47 1 3 0.06337669806089252
R-coverage_step500 47 1 4 0.06450227799359709
R-coverage_step500 47 1 5 0.06191201996989548
R-coverage_step500 47 1 6 0.062150675104931
R-coverage_step500 47 1 7 0.06524698995053768
R-coverage_step500 47 1 8 0.06627485400531441
R-coverage_step500 47 1 9 0.0652016339590773
R-coverage_step500 47 2 0 0.06220352603122592
R-coverage_step500 47 2 1 0.06209954805672169
R-coverage_step500 47 2 2 0.06157701998017728
R-coverage_step500 47 2 3 0.060448203003033996
R-coverage_step500 47 2 4 0.06514616799540818
R-coverage_step500 47 2 5 0.06155440700240433
R-coverage_step500 47 2 6 0.06612696195952594
R-coverage_step500 47 2 7 0.060358823044225574
R-coverage_step500 47 2 8 0.06055706099141389
R-coverage_step500 47 2 9 0.06032604107167572
R-coverage_step500 47 3 0 0.0616502600023523
R-coverage_step500 47 3 1 0.06215279002208263
R-coverage_step500 47 3 2 0.06160558492410928
R-coverage_step500 47 3 3 0.06359153799712658
R-coverage_step500 47 3 4 0.06174303696025163
R-coverage_step500 47 3 5 0.0626902460353449
R-coverage_step500 47 3 6 0.0608122389530763
R-coverage_step500 47 3 7 0.06307777599431574
R-coverage_step500 47 3 8 0.06355249299667776
R-coverage_step500 47 3 9 0.06119291600771248
R-coverage_step500 47 4 0 0.06639305991120636
R-coverage_step500 47 4 1 0.06224422506056726
R-coverage_step500 47 4 2 0.06261347909457982
R-coverage_step500 47 4 3 0.06396473094355315
R-coverage_step500 47 4 4 0.06349231803324074
R-coverage_step500 47 4 5 0.06325666897464544
R-coverage_step500 47 4 6 0.06306152604520321
R-coverage_step500 47 4 7 0.06396499194670469
R-coverage_step500 47 4 8 0.06703245104290545
R-coverage_step500 47 4 9 0.06380792206618935
R-coverage_step500 47 5 0 0.06471280904952437
R-coverage_step500 47 5 1 0.06310046010185033
R-coverage_step500 47 5 2 0.06622064998373389
R-coverage_step500 47 5 3 0.06244588003028184
R-coverage_step500 47 5 4 0.06328404101077467
R-coverage_step500 47 5 5 0.061700435006059706
R-coverage_step500 47 5 6 0.06806943204719573
R-coverage_step500 47 5 7 0.06156036793254316
R-coverage_step500 47 5 8 0.06286155397538096
R-coverage_step500 47 5 9 0.06217465200461447
R-coverage_step500 47 6 0 0.062098606023937464
R-coverage_step500 47 6 1 0.06238722801208496
R-coverage_step500 47 6 2 0.06136759999208152
R-coverage_step500 47 6 3 0.0634682229720056
R-coverage_step500 47 6 4 0.06366324494592845
R-coverage_step500 47 6 5 0.06263103301171213
R-coverage_step500 47 6 6 0.06166920601390302
R-coverage_step500 47 6 7 0.06380957493092865
R-coverage_step500 47 6 8 0.06140938901808113
R-coverage_step500 47 6 9 0.062269793008454144
R-coverage_step500 47 7 0 0.061773876077495515
R-coverage_step500 47 7 1 0.06426696793641895
R-coverage_step500 47 7 2 0.06531755498144776
R-coverage_step500 47 7 3 0.0621015609940514
R-coverage_step500 47 7 4 0.06079347291961312
R-coverage_step500 47 7 5 0.0642781499773264
R-coverage_step500 47 7 6 0.06230304704513401
R-coverage_step500 47 7 7 0.06101682991720736
R-coverage_step500 47 7 8 0.0614039390347898
R-coverage_step500 47 7 9 0.06321593991015106
R-coverage_step500 47 8 0 0.06425937300082296
R-coverage_step500 47 8 1 0.06719978107139468
R-coverage_step500 47 8 2 0.06316821905784309
R-coverage_step500 47 8 3 0.06547967495862395
R-coverage_step500 47 8 4 0.06278076907619834
R-coverage_step500 47 8 5 0.06158771994523704
R-coverage_step500 47 8 6 0.0628809219924733
R-coverage_step500 47 8 7 0.06055678997654468
R-coverage_step500 47 8 8 0.061711315996944904
R-coverage_step500 47 8 9 0.06248834100551903
R-coverage_step500 47 9 0 0.06232407595962286
R-coverage_step500 47 9 1 0.061655209050513804
R-coverage_step500 47 9 2 0.06222577893640846
R-coverage_step500 47 9 3 0.06345040805172175
R-coverage_step500 47 9 4 0.06543029099702835
R-coverage_step500 47 9 5 0.06279777199961245
R-coverage_step500 47 9 6 0.06051220593508333
R-coverage_step500 47 9 7 0.06300714099779725
R-coverage_step500 47 9 8 0.061965711996890604
R-coverage_step500 47 9 9 0.06163903803098947
R-coverage_step500 51 0 0 0.02607361797709018
R-coverage_step500 51 0 1 0.024850531946867704
R-coverage_step500 51 0 2 0.02564536000136286
R-coverage_step500 51 0 3 0.025043820962309837
R-coverage_step500 51 0 4 0.02340181404724717
R-coverage_step500 51 0 5 0.02227848896291107
R-coverage_step500 51 0 6 0.022386904922313988
R-coverage_step500 51 0 7 0.02627867995761335
R-coverage_step500 51 0 8 0.025292705977335572
R-coverage_step500 51 0 9 0.024013021029531956
R-coverage_step500 51 1 0 0.023721073986962438
R-coverage_step500 51 1 1 0.022905635996721685
R-coverage_step500 51 1 2 0.02380002394784242
R-coverage_step500 51 1 3 0.023879176005721092
R-coverage_step500 51 1 4 0.024181333021260798
R-coverage_step500 51 1 5 0.02255366405006498
R-coverage_step500 51 1 6 0.02257128804922104
R-coverage_step500 51 1 7 0.022678912966512144
R-coverage_step500 51 1 8 0.022954269079491496
R-coverage_step500 51 1 9 0.022739237989299
R-coverage_step500 51 2 0 0.023114515002816916
R-coverage_step500 51 2 1 0.02564068092033267
R-coverage_step500 51 2 2 0.02238493098411709
R-coverage_step500 51 2 3 0.022241947939619422
R-coverage_step500 51 2 4 0.022739428910426795
R-coverage_step500 51 2 5 0.023361037019640207
R-coverage_step500 51 2 6 0.02371394995134324
R-coverage_step500 51 2 7 0.024366806959733367
R-coverage_step500 51 2 8 0.022911127074621618
R-coverage_step500 51 2 9 0.023003743961453438
R-coverage_step500 51 3 0 0.023524989024735987
R-coverage_step500 51 3 1 0.023175701964646578
R-coverage_step500 51 3 2 0.023812829051166773
R-coverage_step500 51 3 3 0.024167566909454763
R-coverage_step500 51 3 4 0.02449751808308065
R-coverage_step500 51 3 5 0.023824322037398815
R-coverage_step500 51 3 6 0.025149271939881146
R-coverage_step500 51 3 7 0.023287645890377462
R-coverage_step500 51 3 8 0.02283840801101178
R-coverage_step500 51 3 9 0.023020685999654233
R-coverage_step500 51 4 0 0.022494710981845856
R-coverage_step500 51 4 1 0.022477096994407475
R-coverage_step500 51 4 2 0.022814190946519375
R-coverage_step500 51 4 3 0.02301158895716071
R-coverage_step500 51 4 4 0.022821435006335378
R-coverage_step500 51 4 5 0.023205799981951714
R-coverage_step500 51 4 6 0.024653414962813258
R-coverage_step500 51 4 7 0.023976983036845922
R-coverage_step500 51 4 8 0.02326424198690802
R-coverage_step500 51 4 9 0.023777561960741878
R-coverage_step500 51 5 0 0.024500522995367646
R-coverage_step500 51 5 1 0.023612736957147717
R-coverage_step500 51 5 2 0.022888102917931974
R-coverage_step500 51 5 3 0.02410026907455176
R-coverage_step500 51 5 4 0.022572910995222628
R-coverage_step500 51 5 5 0.02248271892312914
R-coverage_step500 51 5 6 0.02415998198557645
R-coverage_step500 51 5 7 0.02435335097834468
R-coverage_step500 51 5 8 0.023598690051585436
R-coverage_step500 51 5 9 0.023475684924051166
R-coverage_step500 51 6 0 0.023073817021213472
R-coverage_step500 51 6 1 0.022565967054106295
R-coverage_step500 51 6 2 0.022560006007552147
R-coverage_step500 51 6 3 0.022805184009484947
R-coverage_step500 51 6 4 0.022259171004407108
R-coverage_step500 51 6 5 0.02231324405875057
R-coverage_step500 51 6 6 0.02249109500553459
R-coverage_step500 51 6 7 0.022589652915485203
R-coverage_step500 51 6 8 0.022497415891848505
R-coverage_step500 51 6 9 0.022905917023308575
R-coverage_step500 51 7 0 0.026368150021880865
R-coverage_step500 51 7 1 0.024666610988788307
R-coverage_step500 51 7 2 0.024301282013766468
R-coverage_step500 51 7 3 0.023795887012965977
R-coverage_step500 51 7 4 0.02232777199242264
R-coverage_step500 51 7 5 0.022348321974277496
R-coverage_step500 51 7 6 0.022433775011450052
R-coverage_step500 51 7 7 0.022934601991437376
R-coverage_step500 51 7 8 0.02372831804677844
R-coverage_step500 51 7 9 0.023276353953406215
R-coverage_step500 51 8 0 0.02446995407808572
R-coverage_step500 51 8 1 0.023211110034026206
R-coverage_step500 51 8 2 0.022958818008191884
R-coverage_step500 51 8 3 0.023973335977643728
R-coverage_step500 51 8 4 0.022919191978871822
R-coverage_step500 51 8 5 0.022881931043229997
R-coverage_step500 51 8 6 0.022898002061992884
R-coverage_step500 51 8 7 0.02249954000581056
R-coverage_step500 51 8 8 0.022629508981481194
R-coverage_step500 51 8 9 0.022540598991326988
R-coverage_step500 51 9 0 0.022561799036338925
R-coverage_step500 51 9 1 0.024557210970669985
R-coverage_step500 51 9 2 0.02556950505822897
R-coverage_step500 51 9 3 0.02828540198970586
R-coverage_step500 51 9 4 0.02363216399680823
R-coverage_step500 51 9 5 0.024568111984990537
R-coverage_step500 51 9 6 0.023813389940187335
R-coverage_step500 51 9 7 0.02459314907900989
R-coverage_step500 51 9 8 0.02322279301006347
R-coverage_step500 51 9 9 0.023070461000315845
R-coverage_step500 52 0 0 0.8225272499257699
R-coverage_step500 52 0 1 0.8059744100319222
R-coverage_step500 52 0 2 0.8193643980193883
R-coverage_step500 52 0 3 0.8286159200360999
R-coverage_step500 52 0 4 0.8202861580066383
R-coverage_step500 52 0 5 0.8345344659173861
R-coverage_step500 52 0 6 0.8086150930030271
R-coverage_step500 52 0 7 0.867522852960974
R-coverage_step500 52 0 8 0.8389450210379437
R-coverage_step500 52 0 9 0.8501613470725715
R-coverage_step500 52 1 0 0.8367382250726223
R-coverage_step500 52 1 1 0.832336756051518
R-coverage_step500 52 1 2 0.833799951011315
R-coverage_step500 52 1 3 0.8324342519044876
R-coverage_step500 52 1 4 0.821860822965391
R-coverage_step500 52 1 5 0.8192272529704496
R-coverage_step500 52 1 6 0.8400352809112519
R-coverage_step500 52 1 7 0.8262894219951704
R-coverage_step500 52 1 8 0.8418524209409952
R-coverage_step500 52 1 9 0.8418189079966396
R-coverage_step500 52 2 0 0.8418046800652519
R-coverage_step500 52 2 1 0.8271336939651519
R-coverage_step500 52 2 2 0.8247857779497281
R-coverage_step500 52 2 3 0.8207285579992458
R-coverage_step500 52 2 4 0.8366265780059621
R-coverage_step500 52 2 5 0.8205916259903461
R-coverage_step500 52 2 6 0.8425178099423647
R-coverage_step500 52 2 7 0.8367935749702156
R-coverage_step500 52 2 8 0.8313326120842248
R-coverage_step500 52 2 9 0.8863142230547965
R-coverage_step500 52 3 0 0.8506091060116887
R-coverage_step500 52 3 1 0.8421499870019034
R-coverage_step500 52 3 2 0.8501571719534695
R-coverage_step500 52 3 3 0.835278359008953
R-coverage_step500 52 3 4 0.8272797000827268
R-coverage_step500 52 3 5 0.833120645955205
R-coverage_step500 52 3 6 0.840427043964155
R-coverage_step500 52 3 7 0.863124382100068
R-coverage_step500 52 3 8 0.8190068950643763
R-coverage_step500 52 3 9 0.8154935230268165
R-coverage_step500 52 4 0 0.82298813899979
R-coverage_step500 52 4 1 0.8331139519577846
R-coverage_step500 52 4 2 0.8324061579769477
R-coverage_step500 52 4 3 0.8431963809998706
R-coverage_step500 52 4 4 0.8631914079887792
R-coverage_step500 52 4 5 0.8583064050180838
R-coverage_step500 52 4 6 0.8541608749656007
R-coverage_step500 52 4 7 0.8402608429314569
R-coverage_step500 52 4 8 0.8433725370559841
R-coverage_step500 52 4 9 0.8844515389064327
R-coverage_step500 52 5 0 0.8433116100495681
R-coverage_step500 52 5 1 0.8442104060668498
R-coverage_step500 52 5 2 0.8442590399645269
R-coverage_step500 52 5 3 0.8424220000160858
R-coverage_step500 52 5 4 0.838708597002551
R-coverage_step500 52 5 5 0.8436033449834213
R-coverage_step500 52 5 6 0.8560658420901746
R-coverage_step500 52 5 7 0.8545249889139086
R-coverage_step500 52 5 8 0.8470915980869904
R-coverage_step500 52 5 9 0.862235977081582
R-coverage_step500 52 6 0 0.8287979320157319
R-coverage_step500 52 6 1 0.8437417480163276
R-coverage_step500 52 6 2 0.8515791200334206
R-coverage_step500 52 6 3 0.8376517239958048
R-coverage_step500 52 6 4 0.8364000230794773
R-coverage_step500 52 6 5 0.8408880159258842
R-coverage_step500 52 6 6 0.847049725940451
R-coverage_step500 52 6 7 0.838628399069421
R-coverage_step500 52 6 8 0.8404333470389247
R-coverage_step500 52 6 9 0.8521892629796639
R-coverage_step500 52 7 0 0.8255769070237875
R-coverage_step500 52 7 1 0.8419135230360553
R-coverage_step500 52 7 2 0.8549028260167688
R-coverage_step500 52 7 3 0.8439480100059882
R-coverage_step500 52 7 4 0.8502545050578192
R-coverage_step500 52 7 5 0.8350992960622534
R-coverage_step500 52 7 6 0.8384646840859205
R-coverage_step500 52 7 7 0.8353121710242704
R-coverage_step500 52 7 8 0.8450413970276713
R-coverage_step500 52 7 9 0.8257172419689596
R-coverage_step500 52 8 0 0.8397312220185995
R-coverage_step500 52 8 1 0.8464577519334853
R-coverage_step500 52 8 2 0.8343557639745995
R-coverage_step500 52 8 3 0.8405275730183348
R-coverage_step500 52 8 4 0.8341904160333797
R-coverage_step500 52 8 5 0.8391438589897007
R-coverage_step500 52 8 6 0.8486992010148242
R-coverage_step500 52 8 7 0.8578033320372924
R-coverage_step500 52 8 8 0.8342038720147684
R-coverage_step500 52 8 9 0.8423758309800178
R-coverage_step500 52 9 0 0.8727877259952947
R-coverage_step500 52 9 1 0.8565503980498761
R-coverage_step500 52 9 2 0.8381348099792376
R-coverage_step500 52 9 3 0.836596219916828
R-coverage_step500 52 9 4 0.8299325099214911
R-coverage_step500 52 9 5 0.8428401170531288
R-coverage_step500 52 9 6 0.8254860970191658
R-coverage_step500 52 9 7 0.8487711659399793
R-coverage_step500 52 9 8 0.8545003900071606
R-coverage_step500 52 9 9 0.8258817709283903
R-coverage_step500 56 0 0 0.020281894016079605
R-coverage_step500 56 0 1 0.019139971933327615
R-coverage_step500 56 0 2 0.01817609101999551
R-coverage_step500 56 0 3 0.01870005193632096
R-coverage_step500 56 0 4 0.019947483902797103
R-coverage_step500 56 0 5 0.01818495790939778
R-coverage_step500 56 0 6 0.017572408076375723
R-coverage_step500 56 0 7 0.018819980090484023
R-coverage_step500 56 0 8 0.01747660501860082
R-coverage_step500 56 0 9 0.018169970018789172
R-coverage_step500 56 1 0 0.018102218979038298
R-coverage_step500 56 1 1 0.01801966200582683
R-coverage_step500 56 1 2 0.01783165300730616
R-coverage_step500 56 1 3 0.01761125202756375
R-coverage_step500 56 1 4 0.017733215005137026
R-coverage_step500 56 1 5 0.018130564014427364
R-coverage_step500 56 1 6 0.017929940950125456
R-coverage_step500 56 1 7 0.018150471965782344
R-coverage_step500 56 1 8 0.019659233978018165
R-coverage_step500 56 1 9 0.017257846891880035
R-coverage_step500 56 2 0 0.01721464400179684
R-coverage_step500 56 2 1 0.01719289307948202
R-coverage_step500 56 2 2 0.01720345299690962
R-coverage_step500 56 2 3 0.0175390139920637
R-coverage_step500 56 2 4 0.018649404984898865
R-coverage_step500 56 2 5 0.01768663607072085
R-coverage_step500 56 2 6 0.017397713963873684
R-coverage_step500 56 2 7 0.01737734500784427
R-coverage_step500 56 2 8 0.01726960903033614
R-coverage_step500 56 2 9 0.01723834895528853
R-coverage_step500 56 3 0 0.017286190995946527
R-coverage_step500 56 3 1 0.01897550793364644
R-coverage_step500 56 3 2 0.02131764206569642
R-coverage_step500 56 3 3 0.019441097043454647
R-coverage_step500 56 3 4 0.019691967056132853
R-coverage_step500 56 3 5 0.022389160003513098
R-coverage_step500 56 3 6 0.017785655101761222
R-coverage_step500 56 3 7 0.0177962250309065
R-coverage_step500 56 3 8 0.018155110999941826
R-coverage_step500 56 3 9 0.017421149066649377
R-coverage_step500 56 4 0 0.017747562960721552
R-coverage_step500 56 4 1 0.017304165987297893
R-coverage_step500 56 4 2 0.017208172008395195
R-coverage_step500 56 4 3 0.01722695806529373
R-coverage_step500 56 4 4 0.017194274929352105
R-coverage_step500 56 4 5 0.01855763897765428
R-coverage_step500 56 4 6 0.01788951305206865
R-coverage_step500 56 4 7 0.017413694062270224
R-coverage_step500 56 4 8 0.018046222045086324
R-coverage_step500 56 4 9 0.018247958039864898
R-coverage_step500 56 5 0 0.01729817409068346
R-coverage_step500 56 5 1 0.017213932005688548
R-coverage_step500 56 5 2 0.017220485024154186
R-coverage_step500 56 5 3 0.017722584074363112
R-coverage_step500 56 5 4 0.01752976595889777
R-coverage_step500 56 5 5 0.017987690051086247
R-coverage_step500 56 5 6 0.018304697005078197
R-coverage_step500 56 5 7 0.017526500043459237
R-coverage_step500 56 5 8 0.017396650975570083
R-coverage_step500 56 5 9 0.017393225920386612
R-coverage_step500 56 6 0 0.01741277298424393
R-coverage_step500 56 6 1 0.017765035037882626
R-coverage_step500 56 6 2 0.017411982058547437
R-coverage_step500 56 6 3 0.01735762692987919
R-coverage_step500 56 6 4 0.01725014194380492
R-coverage_step500 56 6 5 0.017877720994874835
R-coverage_step500 56 6 6 0.018988772993907332
R-coverage_step500 56 6 7 0.018100406974554062
R-coverage_step500 56 6 8 0.01872933702543378
R-coverage_step500 56 6 9 0.017641038983128965
R-coverage_step500 56 7 0 0.017169138067401946
R-coverage_step500 56 7 1 0.017093943897634745
R-coverage_step500 56 7 2 0.01715120207518339
R-coverage_step500 56 7 3 0.017095817951485515
R-coverage_step500 56 7 4 0.017013349919579923
R-coverage_step500 56 7 5 0.01697895408142358
R-coverage_step500 56 7 6 0.01712943206075579
R-coverage_step500 56 7 7 0.01722529495600611
R-coverage_step500 56 7 8 0.017127758008427918
R-coverage_step500 56 7 9 0.017131034983322024
R-coverage_step500 56 8 0 0.01719664002303034
R-coverage_step500 56 8 1 0.01750379696022719
R-coverage_step500 56 8 2 0.018601945019327104
R-coverage_step500 56 8 3 0.01860743493307382
R-coverage_step500 56 8 4 0.01904965005815029
R-coverage_step500 56 8 5 0.018319585011340678
R-coverage_step500 56 8 6 0.017532650963403285
R-coverage_step500 56 8 7 0.01794339600019157
R-coverage_step500 56 8 8 0.01736728602554649
R-coverage_step500 56 8 9 0.017328221001662314
R-coverage_step500 56 9 0 0.017379017896018922
R-coverage_step500 56 9 1 0.017646869993768632
R-coverage_step500 56 9 2 0.017666717059910297
R-coverage_step500 56 9 3 0.01752302295062691
R-coverage_step500 56 9 4 0.017486083088442683
R-coverage_step500 56 9 5 0.017739186994731426
R-coverage_step500 56 9 6 0.017708698054775596
R-coverage_step500 56 9 7 0.017543583060614765
R-coverage_step500 56 9 8 0.017765166936442256
R-coverage_step500 56 9 9 0.019983003032393754
R-coverage_step500 62 0 0 0.2907686810940504
R-coverage_step500 62 0 1 0.288491731043905
R-coverage_step500 62 0 2 0.2968170549720526
R-coverage_step500 62 0 3 0.279279563925229
R-coverage_step500 62 0 4 0.2861198909813538
R-coverage_step500 62 0 5 0.2859429930103943
R-coverage_step500 62 0 6 0.28045044001191854
R-coverage_step500 62 0 7 0.2843974409624934
R-coverage_step500 62 0 8 0.2852846550522372
R-coverage_step500 62 0 9 0.2781773579772562
R-coverage_step500 62 1 0 0.2849153799470514
R-coverage_step500 62 1 1 0.28939612908288836
R-coverage_step500 62 1 2 0.2859700940316543
R-coverage_step500 62 1 3 0.28288771596271545
R-coverage_step500 62 1 4 0.2819905719952658
R-coverage_step500 62 1 5 0.2929681109962985
R-coverage_step500 62 1 6 0.28820923005696386
R-coverage_step500 62 1 7 0.28694061806891114
R-coverage_step500 62 1 8 0.29208986402954906
R-coverage_step500 62 1 9 0.2822343979496509
R-coverage_step500 62 2 0 0.2924088330473751
R-coverage_step500 62 2 1 0.2854526749579236
R-coverage_step500 62 2 2 0.2920316520612687
R-coverage_step500 62 2 3 0.2958916269708425
R-coverage_step500 62 2 4 0.2842187280766666
R-coverage_step500 62 2 5 0.28557659196667373
R-coverage_step500 62 2 6 0.2873163749463856
R-coverage_step500 62 2 7 0.2872991720214486
R-coverage_step500 62 2 8 0.286919426987879
R-coverage_step500 62 2 9 0.28619688702747226
R-coverage_step500 62 3 0 0.2904561129398644
R-coverage_step500 62 3 1 0.2883200120413676
R-coverage_step500 62 3 2 0.2854232380632311
R-coverage_step500 62 3 3 0.28813298500608653
R-coverage_step500 62 3 4 0.2937828879803419
R-coverage_step500 62 3 5 0.2879184549674392
R-coverage_step500 62 3 6 0.28863550594542176
R-coverage_step500 62 3 7 0.2893690560013056
R-coverage_step500 62 3 8 0.2876123000169173
R-coverage_step500 62 3 9 0.28841716807801276
R-coverage_step500 62 4 0 0.28263649507425725
R-coverage_step500 62 4 1 0.2809597720624879
R-coverage_step500 62 4 2 0.29459284397307783
R-coverage_step500 62 4 3 0.29071761202067137
R-coverage_step500 62 4 4 0.2853217839729041
R-coverage_step500 62 4 5 0.29057562991511077
R-coverage_step500 62 4 6 0.2798533089226112
R-coverage_step500 62 4 7 0.28823301498778164
R-coverage_step500 62 4 8 0.2849560349714011
R-coverage_step500 62 4 9 0.28214574698358774
R-coverage_step500 62 5 0 0.28957375697791576
R-coverage_step500 62 5 1 0.28621327807195485
R-coverage_step500 62 5 2 0.2848472980549559
R-coverage_step500 62 5 3 0.2845853080507368
R-coverage_step500 62 5 4 0.2801135660847649
R-coverage_step500 62 5 5 0.2862205309793353
R-coverage_step500 62 5 6 0.28139905096031725
R-coverage_step500 62 5 7 0.2873499169945717
R-coverage_step500 62 5 8 0.2857333109714091
R-coverage_step500 62 5 9 0.28092524595558643
R-coverage_step500 62 6 0 0.2794164129300043
R-coverage_step500 62 6 1 0.2750000780215487
R-coverage_step500 62 6 2 0.28306783898733556
R-coverage_step500 62 6 3 0.2797455720137805
R-coverage_step500 62 6 4 0.2885262949857861
R-coverage_step500 62 6 5 0.2835818910971284
R-coverage_step500 62 6 6 0.28980900591704994
R-coverage_step500 62 6 7 0.2890710160136223
R-coverage_step500 62 6 8 0.27952830702997744
R-coverage_step500 62 6 9 0.2816578149795532
R-coverage_step500 62 7 0 0.28476790501736104
R-coverage_step500 62 7 1 0.287376469001174
R-coverage_step500 62 7 2 0.29010793601628393
R-coverage_step500 62 7 3 0.295532077900134
R-coverage_step500 62 7 4 0.29830233904067427
R-coverage_step500 62 7 5 0.28871627792250365
R-coverage_step500 62 7 6 0.31323719897773117
R-coverage_step500 62 7 7 0.284599123056978
R-coverage_step500 62 7 8 0.28274890896864235
R-coverage_step500 62 7 9 0.2837986550293863
R-coverage_step500 62 8 0 0.28796460200101137
R-coverage_step500 62 8 1 0.28365411702543497
R-coverage_step500 62 8 2 0.28604787099175155
R-coverage_step500 62 8 3 0.2834025169722736
R-coverage_step500 62 8 4 0.2886156050954014
R-coverage_step500 62 8 5 0.2883734629722312
R-coverage_step500 62 8 6 0.3034774649422616
R-coverage_step500 62 8 7 0.2894453400513157
R-coverage_step500 62 8 8 0.2912116040242836
R-coverage_step500 62 8 9 0.29153323790524155
R-coverage_step500 62 9 0 0.2964883139356971
R-coverage_step500 62 9 1 0.2909589110640809
R-coverage_step500 62 9 2 0.2897324390942231
R-coverage_step500 62 9 3 0.29094285995233804
R-coverage_step500 62 9 4 0.29128176800440997
R-coverage_step500 62 9 5 0.288424709928222
R-coverage_step500 62 9 6 0.28249341901391745
R-coverage_step500 62 9 7 0.2856006450019777
R-coverage_step500 62 9 8 0.2889557150192559
R-coverage_step500 62 9 9 0.2850466968957335
R-coverage_step500 64 0 0 0.17407387297134846
R-coverage_step500 64 0 1 0.17321932001505047
R-coverage_step500 64 0 2 0.17493457591626793
R-coverage_step500 64 0 3 0.1720410289708525
R-coverage_step500 64 0 4 0.17036021908279508
R-coverage_step500 64 0 5 0.169346421957016
R-coverage_step500 64 0 6 0.1710252199554816
R-coverage_step500 64 0 7 0.17110948998015374
R-coverage_step500 64 0 8 0.16903728200122714
R-coverage_step500 64 0 9 0.17137290292885154
R-coverage_step500 64 1 0 0.17133473104331642
R-coverage_step500 64 1 1 0.17006175906863064
R-coverage_step500 64 1 2 0.18044008291326463
R-coverage_step500 64 1 3 0.17757559195160866
R-coverage_step500 64 1 4 0.17353359109256417
R-coverage_step500 64 1 5 0.17118143697734922
R-coverage_step500 64 1 6 0.17062801006250083
R-coverage_step500 64 1 7 0.17060525598935783
R-coverage_step500 64 1 8 0.17036405601538718
R-coverage_step500 64 1 9 0.17270246299449354
R-coverage_step500 64 2 0 0.17596928298007697
R-coverage_step500 64 2 1 0.17942863202188164
R-coverage_step500 64 2 2 0.17147914599627256
R-coverage_step500 64 2 3 0.17050342203583568
R-coverage_step500 64 2 4 0.17165270703844726
R-coverage_step500 64 2 5 0.17446664301678538
R-coverage_step500 64 2 6 0.17173430405091494
R-coverage_step500 64 2 7 0.16870148992165923
R-coverage_step500 64 2 8 0.17904202302452177
R-coverage_step500 64 2 9 0.1753693469800055
R-coverage_step500 64 3 0 0.16798096406273544
R-coverage_step500 64 3 1 0.1738397559383884
R-coverage_step500 64 3 2 0.16760227002669126
R-coverage_step500 64 3 3 0.16971778101287782
R-coverage_step500 64 3 4 0.1744655700167641
R-coverage_step500 64 3 5 0.17374993406701833
R-coverage_step500 64 3 6 0.17250179895199835
R-coverage_step500 64 3 7 0.17868878797162324
R-coverage_step500 64 3 8 0.17547650204505771
R-coverage_step500 64 3 9 0.1720660470891744
R-coverage_step500 64 4 0 0.17435151292011142
R-coverage_step500 64 4 1 0.17170249193441123
R-coverage_step500 64 4 2 0.16990911692846566
R-coverage_step500 64 4 3 0.1789739930536598
R-coverage_step500 64 4 4 0.17555402009747922
R-coverage_step500 64 4 5 0.17377650400158018
R-coverage_step500 64 4 6 0.17351108801085502
R-coverage_step500 64 4 7 0.17011739499866962
R-coverage_step500 64 4 8 0.17065020301379263
R-coverage_step500 64 4 9 0.1775751099921763
R-coverage_step500 64 5 0 0.17257714306470007
R-coverage_step500 64 5 1 0.17777826904784888
R-coverage_step500 64 5 2 0.18096551694907248
R-coverage_step500 64 5 3 0.17408880102448165
R-coverage_step500 64 5 4 0.1770875690272078
R-coverage_step500 64 5 5 0.17186975199729204
R-coverage_step500 64 5 6 0.17222901806235313
R-coverage_step500 64 5 7 0.18330764095298946
R-coverage_step500 64 5 8 0.1821434369776398
R-coverage_step500 64 5 9 0.16757854400202632
R-coverage_step500 64 6 0 0.178763872012496
R-coverage_step500 64 6 1 0.17164001299533993
R-coverage_step500 64 6 2 0.17113443708512932
R-coverage_step500 64 6 3 0.17585286090616137
R-coverage_step500 64 6 4 0.17247785301879048
R-coverage_step500 64 6 5 0.16958700097166002
R-coverage_step500 64 6 6 0.17018389096483588
R-coverage_step500 64 6 7 0.16983512602746487
R-coverage_step500 64 6 8 0.17103116994258016
R-coverage_step500 64 6 9 0.1719039570307359
R-coverage_step500 64 7 0 0.17154277698136866
R-coverage_step500 64 7 1 0.16917368199210614
R-coverage_step500 64 7 2 0.1701041490305215
R-coverage_step500 64 7 3 0.17168246395885944
R-coverage_step500 64 7 4 0.17077445005998015
R-coverage_step500 64 7 5 0.1707149160793051
R-coverage_step500 64 7 6 0.18118530604988337
R-coverage_step500 64 7 7 0.1734403419541195
R-coverage_step500 64 7 8 0.17436797299887985
R-coverage_step500 64 7 9 0.1694700380321592
R-coverage_step500 64 8 0 0.17381992703303695
R-coverage_step500 64 8 1 0.17130821896716952
R-coverage_step500 64 8 2 0.16882341203745455
R-coverage_step500 64 8 3 0.17064663500059396
R-coverage_step500 64 8 4 0.17324485804419965
R-coverage_step500 64 8 5 0.17206911195535213
R-coverage_step500 64 8 6 0.17590539006050676
R-coverage_step500 64 8 7 0.17230426101014018
R-coverage_step500 64 8 8 0.17189117206726223
R-coverage_step500 64 8 9 0.1730612990213558
R-coverage_step500 64 9 0 0.1717894779285416
R-coverage_step500 64 9 1 0.17055915796663612
R-coverage_step500 64 9 2 0.1745887560537085
R-coverage_step500 64 9 3 0.17592323396820575
R-coverage_step500 64 9 4 0.17555084300693125
R-coverage_step500 64 9 5 0.18329128006007522
R-coverage_step500 64 9 6 0.17329165793489665
R-coverage_step500 64 9 7 0.17516171000897884
R-coverage_step500 64 9 8 0.17194849101360887
R-coverage_step500 64 9 9 0.16777509008534253
R-coverage_step500 69 0 0 0.5175238110823557
R-coverage_step500 69 0 1 0.5150584119837731
R-coverage_step500 69 0 2 0.5150066029746085
R-coverage_step500 69 0 3 0.5235650109825656
R-coverage_step500 69 0 4 0.5304616440553218
R-coverage_step500 69 0 5 0.5274283109465614
R-coverage_step500 69 0 6 0.5284136129776016
R-coverage_step500 69 0 7 0.5207606030162424
R-coverage_step500 69 0 8 0.5243759889854118
R-coverage_step500 69 0 9 0.5217490920331329
R-coverage_step500 69 1 0 0.5213902860414237
R-coverage_step500 69 1 1 0.5168736879713833
R-coverage_step500 69 1 2 0.5185862199869007
R-coverage_step500 69 1 3 0.5191545248962939
R-coverage_step500 69 1 4 0.5203108439454809
R-coverage_step500 69 1 5 0.5192752759903669
R-coverage_step500 69 1 6 0.54301295010373
R-coverage_step500 69 1 7 0.5298425010405481
R-coverage_step500 69 1 8 0.536073464085348
R-coverage_step500 69 1 9 0.5250858450308442
R-coverage_step500 69 2 0 0.5201387240085751
R-coverage_step500 69 2 1 0.5256895979400724
R-coverage_step500 69 2 2 0.5194111750461161
R-coverage_step500 69 2 3 0.5258148869033903
R-coverage_step500 69 2 4 0.5201447160216048
R-coverage_step500 69 2 5 0.5275149040389806
R-coverage_step500 69 2 6 0.5320735229179263
R-coverage_step500 69 2 7 0.5210924160201102
R-coverage_step500 69 2 8 0.5205924609908834
R-coverage_step500 69 2 9 0.5207155359676108
R-coverage_step500 69 3 0 0.5229000190738589
R-coverage_step500 69 3 1 0.5171643629437312
R-coverage_step500 69 3 2 0.5245312339393422
R-coverage_step500 69 3 3 0.5400433769682422
R-coverage_step500 69 3 4 0.5250982569996268
R-coverage_step500 69 3 5 0.5271895619807765
R-coverage_step500 69 3 6 0.5244526930619031
R-coverage_step500 69 3 7 0.5398198979673907
R-coverage_step500 69 3 8 0.5150800589472055
R-coverage_step500 69 3 9 0.5228459640638903
R-coverage_step500 69 4 0 0.5323536969954148
R-coverage_step500 69 4 1 0.5182876870967448
R-coverage_step500 69 4 2 0.5248096850700676
R-coverage_step500 69 4 3 0.5187456419225782
R-coverage_step500 69 4 4 0.5377763439901173
R-coverage_step500 69 4 5 0.5413372169714421
R-coverage_step500 69 4 6 0.5227406430058181
R-coverage_step500 69 4 7 0.5222679590806365
R-coverage_step500 69 4 8 0.5308027330320328
R-coverage_step500 69 4 9 0.5300267999991775
R-coverage_step500 69 5 0 0.5241953419754282
R-coverage_step500 69 5 1 0.5227663719560951
R-coverage_step500 69 5 2 0.5223670579725876
R-coverage_step500 69 5 3 0.5360956729855388
R-coverage_step500 69 5 4 0.5405052360147238
R-coverage_step500 69 5 5 0.5300864540040493
R-coverage_step500 69 5 6 0.5263614379800856
R-coverage_step500 69 5 7 0.5168539769947529
R-coverage_step500 69 5 8 0.5248967499937862
R-coverage_step500 69 5 9 0.5176969870226458
R-coverage_step500 69 6 0 0.5296976009849459
R-coverage_step500 69 6 1 0.5406932450132445
R-coverage_step500 69 6 2 0.5370677290484309
R-coverage_step500 69 6 3 0.5235962260048836
R-coverage_step500 69 6 4 0.5268857789924368
R-coverage_step500 69 6 5 0.518270532018505
R-coverage_step500 69 6 6 0.5207468619337305
R-coverage_step500 69 6 7 0.5233871060190722
R-coverage_step500 69 6 8 0.5262226719642058
R-coverage_step500 69 6 9 0.5214780389796942
R-coverage_step500 69 7 0 0.5281464270083234
R-coverage_step500 69 7 1 0.5256398189812899
R-coverage_step500 69 7 2 0.5200986940180883
R-coverage_step500 69 7 3 0.5242653329623863
R-coverage_step500 69 7 4 0.5163833260303363
R-coverage_step500 69 7 5 0.5152317259926349
R-coverage_step500 69 7 6 0.5179964480921626
R-coverage_step500 69 7 7 0.5246379040181637
R-coverage_step500 69 7 8 0.525180931086652
R-coverage_step500 69 7 9 0.5374147809343413
R-coverage_step500 69 8 0 0.5322099790209904
R-coverage_step500 69 8 1 0.5237760280724615
R-coverage_step500 69 8 2 0.5180742659140378
R-coverage_step500 69 8 3 0.5286660889396444
R-coverage_step500 69 8 4 0.5299740460468456
R-coverage_step500 69 8 5 0.5245985180372372
R-coverage_step500 69 8 6 0.522628023987636
R-coverage_step500 69 8 7 0.5391314589651302
R-coverage_step500 69 8 8 0.5275102900341153
R-coverage_step500 69 8 9 0.5241988949710503
R-coverage_step500 69 9 0 0.5200853570131585
R-coverage_step500 69 9 1 0.523735188995488
R-coverage_step500 69 9 2 0.5234726360067725
R-coverage_step500 69 9 3 0.5249524940736592
R-coverage_step500 69 9 4 0.5165710629662499
R-coverage_step500 69 9 5 0.5241495900554582
R-coverage_step500 69 9 6 0.522841040045023
R-coverage_step500 69 9 7 0.5220126670319587
R-coverage_step500 69 9 8 0.530892890994437
R-coverage_step500 69 9 9 0.525144009036012
R-coverage_step500 74 0 0 0.7251296449685469
R-coverage_step500 74 0 1 0.7370277129812166
R-coverage_step500 74 0 2 0.7482639260124415
R-coverage_step500 74 0 3 0.7541354119312018
R-coverage_step500 74 0 4 0.7595413079252467
R-coverage_step500 74 0 5 0.7229612920200452
R-coverage_step500 74 0 6 0.7141114369733259
R-coverage_step500 74 0 7 0.7278026599669829
R-coverage_step500 74 0 8 0.732755389995873
R-coverage_step500 74 0 9 0.719439834007062
R-coverage_step500 74 1 0 0.7429761750390753
R-coverage_step500 74 1 1 0.7394879999337718
R-coverage_step500 74 1 2 0.7219503490487114
R-coverage_step500 74 1 3 0.7363045189995319
R-coverage_step500 74 1 4 0.7273668359266594
R-coverage_step500 74 1 5 0.7432054419768974
R-coverage_step500 74 1 6 0.7343212600098923
R-coverage_step500 74 1 7 0.7293244050815701
R-coverage_step500 74 1 8 0.7449382999911904
R-coverage_step500 74 1 9 0.7475579149322584
R-coverage_step500 74 2 0 0.7303201069589704
R-coverage_step500 74 2 1 0.7452609159518033
R-coverage_step500 74 2 2 0.7462320110062137
R-coverage_step500 74 2 3 0.7405107020167634
R-coverage_step500 74 2 4 0.7326681320555508
R-coverage_step500 74 2 5 0.7330812610452995
R-coverage_step500 74 2 6 0.7282826730515808
R-coverage_step500 74 2 7 0.735032027005218
R-coverage_step500 74 2 8 0.745498500065878
R-coverage_step500 74 2 9 0.7443219609558582
R-coverage_step500 74 3 0 0.7428681739838794
R-coverage_step500 74 3 1 0.7583060740726069
R-coverage_step500 74 3 2 0.7208788900170475
R-coverage_step500 74 3 3 0.7481998489238322
R-coverage_step500 74 3 4 0.7497574540320784
R-coverage_step500 74 3 5 0.7622594049898908
R-coverage_step500 74 3 6 0.7485660980455577
R-coverage_step500 74 3 7 0.7442961710039526
R-coverage_step500 74 3 8 0.7580270300386474
R-coverage_step500 74 3 9 0.7340441469568759
R-coverage_step500 74 4 0 0.7457011350197718
R-coverage_step500 74 4 1 0.7487640649778768
R-coverage_step500 74 4 2 0.7275111170019954
R-coverage_step500 74 4 3 0.7383168579544872
R-coverage_step500 74 4 4 0.7395987970521674
R-coverage_step500 74 4 5 0.7378402480389923
R-coverage_step500 74 4 6 0.7624855560716242
R-coverage_step500 74 4 7 0.7472473069792613
R-coverage_step500 74 4 8 0.7599134319461882
R-coverage_step500 74 4 9 0.7586809669155627
R-coverage_step500 74 5 0 0.7535154200159013
R-coverage_step500 74 5 1 0.7497062840266153
R-coverage_step500 74 5 2 0.752378407982178
R-coverage_step500 74 5 3 0.7427777890115976
R-coverage_step500 74 5 4 0.7445969629334286
R-coverage_step500 74 5 5 0.7465974140213802
R-coverage_step500 74 5 6 0.7812525029294193
R-coverage_step500 74 5 7 0.7519487759564072
R-coverage_step500 74 5 8 0.7442483260529116
R-coverage_step500 74 5 9 0.7364990640198812
R-coverage_step500 74 6 0 0.7395947460317984
R-coverage_step500 74 6 1 0.750458549009636
R-coverage_step500 74 6 2 0.7509935910347849
R-coverage_step500 74 6 3 0.7533682769862935
R-coverage_step500 74 6 4 0.7525490219704807
R-coverage_step500 74 6 5 0.7625308890128508
R-coverage_step500 74 6 6 0.7437361559132114
R-coverage_step500 74 6 7 0.7622581579489633
R-coverage_step500 74 6 8 0.7540081880288199
R-coverage_step500 74 6 9 0.7440860850038007
R-coverage_step500 74 7 0 0.7485463650664315
R-coverage_step500 74 7 1 0.7505880449898541
R-coverage_step500 74 7 2 0.7421874470310286
R-coverage_step500 74 7 3 0.7418091649888083
R-coverage_step500 74 7 4 0.7525891070254147
R-coverage_step500 74 7 5 0.7401487019378692
R-coverage_step500 74 7 6 0.7602864690124989
R-coverage_step500 74 7 7 0.7481412109918892
R-coverage_step500 74 7 8 0.7414513910189271
R-coverage_step500 74 7 9 0.7448237319476902
R-coverage_step500 74 8 0 0.7588610460516065
R-coverage_step500 74 8 1 0.7395922590512782
R-coverage_step500 74 8 2 0.7411204079398885
R-coverage_step500 74 8 3 0.7543373249936849
R-coverage_step500 74 8 4 0.7457989939721301
R-coverage_step500 74 8 5 0.754783948068507
R-coverage_step500 74 8 6 0.751278770971112
R-coverage_step500 74 8 7 0.7517464249394834
R-coverage_step500 74 8 8 0.7825369010679424
R-coverage_step500 74 8 9 0.7524437570245937
R-coverage_step500 74 9 0 0.7339889939175919
R-coverage_step500 74 9 1 0.7411306459689513
R-coverage_step500 74 9 2 0.7473223130218685
R-coverage_step500 74 9 3 0.7342161079868674
R-coverage_step500 74 9 4 0.7644040529849008
R-coverage_step500 74 9 5 0.7466029280330986
R-coverage_step500 74 9 6 0.7380022599827498
R-coverage_step500 74 9 7 0.7355821969686076
R-coverage_step500 74 9 8 0.76130751601886
R-coverage_step500 74 9 9 0.7400433879811317
R-coverage_step500 78 0 0 1.2033535919617862
R-coverage_step500 78 0 1 1.2115471119759604
R-coverage_step500 78 0 2 1.208628396037966
R-coverage_step500 78 0 3 1.2061019899556413
R-coverage_step500 78 0 4 1.2114860439905897
R-coverage_step500 78 0 5 1.252990967943333
R-coverage_step500 78 0 6 1.24968405906111
R-coverage_step500 78 0 7 1.2254762389929965
R-coverage_step500 78 0 8 1.2015445010038093
R-coverage_step500 78 0 9 1.2255614451132715
R-coverage_step500 78 1 0 1.2153024580329657
R-coverage_step500 78 1 1 1.2168988599441946
R-coverage_step500 78 1 2 1.2459448230220005
R-coverage_step500 78 1 3 1.2131054990459234
R-coverage_step500 78 1 4 1.2004903379129246
R-coverage_step500 78 1 5 1.2178916549310088
R-coverage_step500 78 1 6 1.2125436270143837
R-coverage_step500 78 1 7 1.2176926200045273
R-coverage_step500 78 1 8 1.2454704060219228
R-coverage_step500 78 1 9 1.2455537969944999
R-coverage_step500 78 2 0 1.2038891289848834
R-coverage_step500 78 2 1 1.2355161169543862
R-coverage_step500 78 2 2 1.2235515390057117
R-coverage_step500 78 2 3 1.231125087942928
R-coverage_step500 78 2 4 1.2183919009985402
R-coverage_step500 78 2 5 1.2407075519440696
R-coverage_step500 78 2 6 1.2348660919815302
R-coverage_step500 78 2 7 1.1876822559861466
R-coverage_step500 78 2 8 1.2077392539940774
R-coverage_step500 78 2 9 1.2291016390081495
R-coverage_step500 78 3 0 1.2417967839865014
R-coverage_step500 78 3 1 1.2540502690244466
R-coverage_step500 78 3 2 1.2350960409967229
R-coverage_step500 78 3 3 1.2174346850952134
R-coverage_step500 78 3 4 1.2244733630213886
R-coverage_step500 78 3 5 1.234322188072838
R-coverage_step500 78 3 6 1.2146164380246773
R-coverage_step500 78 3 7 1.221241996041499
R-coverage_step500 78 3 8 1.2372890480328351
R-coverage_step500 78 3 9 1.227843412081711
R-coverage_step500 78 4 0 1.2284008319256827
R-coverage_step500 78 4 1 1.223619585041888
R-coverage_step500 78 4 2 1.2106243739835918
R-coverage_step500 78 4 3 1.2321088799508289
R-coverage_step500 78 4 4 1.2151400089496747
R-coverage_step500 78 4 5 1.2272393049206585
R-coverage_step500 78 4 6 1.2123848779592663
R-coverage_step500 78 4 7 1.2085116159869358
R-coverage_step500 78 4 8 1.209606111049652
R-coverage_step500 78 4 9 1.2038599150255322
R-coverage_step500 78 5 0 1.2000800470123067
R-coverage_step500 78 5 1 1.2142720910487697
R-coverage_step500 78 5 2 1.2322069919900969
R-coverage_step500 78 5 3 1.2184483119053766
R-coverage_step500 78 5 4 1.2117701210081577
R-coverage_step500 78 5 5 1.213262380915694
R-coverage_step500 78 5 6 1.224337249994278
R-coverage_step500 78 5 7 1.2406800370663404
R-coverage_step500 78 5 8 1.2343254120787606
R-coverage_step500 78 5 9 1.218897711019963
R-coverage_step500 78 6 0 1.2073377521010116
R-coverage_step500 78 6 1 1.251637778012082
R-coverage_step500 78 6 2 1.2511794809252024
R-coverage_step500 78 6 3 1.2432493070373312
R-coverage_step500 78 6 4 1.2249293680069968
R-coverage_step500 78 6 5 1.241811400046572
R-coverage_step500 78 6 6 1.2446900829672813
R-coverage_step500 78 6 7 1.244533955003135
R-coverage_step500 78 6 8 1.2035887299571186
R-coverage_step500 78 6 9 1.2314676149981096
R-coverage_step500 78 7 0 1.233522169990465
R-coverage_step500 78 7 1 1.2322764389682561
R-coverage_step500 78 7 2 1.2220256919972599
R-coverage_step500 78 7 3 1.219548843917437
R-coverage_step500 78 7 4 1.2114573130384088
R-coverage_step500 78 7 5 1.2046841479605064
R-coverage_step500 78 7 6 1.1910679639549926
R-coverage_step500 78 7 7 1.2106378970202059
R-coverage_step500 78 7 8 1.2292235320201144
R-coverage_step500 78 7 9 1.2260265899822116
R-coverage_step500 78 8 0 1.2447539799613878
R-coverage_step500 78 8 1 1.2176909709814936
R-coverage_step500 78 8 2 1.2379299669992179
R-coverage_step500 78 8 3 1.2201747830258682
R-coverage_step500 78 8 4 1.2161303489701822
R-coverage_step500 78 8 5 1.2247537790099159
R-coverage_step500 78 8 6 1.2103884849930182
R-coverage_step500 78 8 7 1.205511098029092
R-coverage_step500 78 8 8 1.2277658389648423
R-coverage_step500 78 8 9 1.2233891689684242
R-coverage_step500 78 9 0 1.2066920850193128
R-coverage_step500 78 9 1 1.2281743680359796
R-coverage_step500 78 9 2 1.2288648079847917
R-coverage_step500 78 9 3 1.2076421779347584
R-coverage_step500 78 9 4 1.2338242100086063
R-coverage_step500 78 9 5 1.2266460560495034
R-coverage_step500 78 9 6 1.2452745559858158
R-coverage_step500 78 9 7 1.2376409269636497
R-coverage_step500 78 9 8 1.2271503080846742
R-coverage_step500 78 9 9 1.231436369009316
{'model': 'R-coverage_step500', 'completed_pairs': 2000, 'requested_pairs': 2000, 'completed': True, 'complete_source_count': 20, 'FRD': 130.68729906214796, 'new_pairs': 2000, 'wall_seconds': 483.00014592299704}
