R-distance_step500 0 0 0 0.8545251240720972
R-distance_step500 0 0 1 0.09739681903738528
R-distance_step500 0 0 2 0.09226987499278039
R-distance_step500 0 0 3 0.09708768909331411
R-distance_step500 0 0 4 0.0900263988878578
R-distance_step500 0 0 5 0.09043438907247037
R-distance_step500 0 0 6 0.08963613398373127
R-distance_step500 0 0 7 0.0893488849978894
R-distance_step500 0 0 8 0.09089110093191266
R-distance_step500 0 0 9 0.08793486398644745
R-distance_step500 0 1 0 0.08954062196426094
R-distance_step500 0 1 1 0.08889199199620634
R-distance_step500 0 1 2 0.09171358193270862
R-distance_step500 0 1 3 0.09244123299140483
R-distance_step500 0 1 4 0.08654021995607764
R-distance_step500 0 1 5 0.0924872299656272
R-distance_step500 0 1 6 0.09068950603250414
R-distance_step500 0 1 7 0.09051842999178916
R-distance_step500 0 1 8 0.08978739299345762
R-distance_step500 0 1 9 0.08660699799656868
R-distance_step500 0 2 0 0.09083135693799704
R-distance_step500 0 2 1 0.08918324892874807
R-distance_step500 0 2 2 0.0902886709664017
R-distance_step500 0 2 3 0.09242604300379753
R-distance_step500 0 2 4 0.08956258301623166
R-distance_step500 0 2 5 0.08949962304905057
R-distance_step500 0 2 6 0.08865765493828803
R-distance_step500 0 2 7 0.08972740801982582
R-distance_step500 0 2 8 0.09346328501123935
R-distance_step500 0 2 9 0.09010818507522345
R-distance_step500 0 3 0 0.08989152195863426
R-distance_step500 0 3 1 0.09225713007617742
R-distance_step500 0 3 2 0.09239394194446504
R-distance_step500 0 3 3 0.09183852095156908
R-distance_step500 0 3 4 0.08897182496730238
R-distance_step500 0 3 5 0.09010664199013263
R-distance_step500 0 3 6 0.0902454280294478
R-distance_step500 0 3 7 0.08772114606108516
R-distance_step500 0 3 8 0.08728840004187077
R-distance_step500 0 3 9 0.09043924801517278
R-distance_step500 0 4 0 0.09230391005985439
R-distance_step500 0 4 1 0.08739270805381238
R-distance_step500 0 4 2 0.09479755302891135
R-distance_step500 0 4 3 0.0915985219180584
R-distance_step500 0 4 4 0.08783493295777589
R-distance_step500 0 4 5 0.09153467998839915
R-distance_step500 0 4 6 0.08821011008694768
R-distance_step500 0 4 7 0.09092147904448211
R-distance_step500 0 4 8 0.08916449302341789
R-distance_step500 0 4 9 0.088394051999785
R-distance_step500 0 5 0 0.09270043694414198
R-distance_step500 0 5 1 0.09215295105241239
R-distance_step500 0 5 2 0.09196195600088686
R-distance_step500 0 5 3 0.08976799598895013
R-distance_step500 0 5 4 0.09053131402470171
R-distance_step500 0 5 5 0.09141931997146457
R-distance_step500 0 5 6 0.0928498829016462
R-distance_step500 0 5 7 0.0934001230634749
R-distance_step500 0 5 8 0.08849890204146504
R-distance_step500 0 5 9 0.09235133999027312
R-distance_step500 0 6 0 0.08854674198664725
R-distance_step500 0 6 1 0.0914053829619661
R-distance_step500 0 6 2 0.09077723405789584
R-distance_step500 0 6 3 0.08926157897803932
R-distance_step500 0 6 4 0.09645169298164546
R-distance_step500 0 6 5 0.08751493191812187
R-distance_step500 0 6 6 0.09270072798244655
R-distance_step500 0 6 7 0.09266594098880887
R-distance_step500 0 6 8 0.0865055340109393
R-distance_step500 0 6 9 0.09284192707855254
R-distance_step500 0 7 0 0.08890413609333336
R-distance_step500 0 7 1 0.0854996929410845
R-distance_step500 0 7 2 0.08790612895973027
R-distance_step500 0 7 3 0.08610236295498908
R-distance_step500 0 7 4 0.09158232097979635
R-distance_step500 0 7 5 0.09094427293166518
R-distance_step500 0 7 6 0.09681146999355406
R-distance_step500 0 7 7 0.09363730601035058
R-distance_step500 0 7 8 0.09010795596987009
R-distance_step500 0 7 9 0.08950140606611967
R-distance_step500 0 8 0 0.09117320994846523
R-distance_step500 0 8 1 0.09251830901484936
R-distance_step500 0 8 2 0.09164679399691522
R-distance_step500 0 8 3 0.08859445399139076
R-distance_step500 0 8 4 0.09028818900696933
R-distance_step500 0 8 5 0.08859375200700015
R-distance_step500 0 8 6 0.09419084503315389
R-distance_step500 0 8 7 0.09042127302382141
R-distance_step500 0 8 8 0.08839030400849879
R-distance_step500 0 8 9 0.08803186903242022
R-distance_step500 0 9 0 0.09275461104698479
R-distance_step500 0 9 1 0.09289980796165764
R-distance_step500 0 9 2 0.08870522608049214
R-distance_step500 0 9 3 0.09213428595103323
R-distance_step500 0 9 4 0.09057925501838326
R-distance_step500 0 9 5 0.09116912202443928
R-distance_step500 0 9 6 0.09437212999910116
R-distance_step500 0 9 7 0.09000426705460995
R-distance_step500 0 9 8 0.09178740193601698
R-distance_step500 0 9 9 0.08954390801955014
R-distance_step500 6 0 0 0.1465819819131866
R-distance_step500 6 0 1 0.1424675330054015
R-distance_step500 6 0 2 0.13973221799824387
R-distance_step500 6 0 3 0.14460069802589715
R-distance_step500 6 0 4 0.14259547705296427
R-distance_step500 6 0 5 0.1488949708873406
R-distance_step500 6 0 6 0.1449077440192923
R-distance_step500 6 0 7 0.14805175992660224
R-distance_step500 6 0 8 0.14818523498252034
R-distance_step500 6 0 9 0.14093895303085446
R-distance_step500 6 1 0 0.13841160503216088
R-distance_step500 6 1 1 0.14057418599259108
R-distance_step500 6 1 2 0.1428044760832563
R-distance_step500 6 1 3 0.142387600033544
R-distance_step500 6 1 4 0.14044616103637964
R-distance_step500 6 1 5 0.14516462397295982
R-distance_step500 6 1 6 0.14272430399432778
R-distance_step500 6 1 7 0.14170629903674126
R-distance_step500 6 1 8 0.1416776339756325
R-distance_step500 6 1 9 0.1390805629780516
R-distance_step500 6 2 0 0.13912222301587462
R-distance_step500 6 2 1 0.13917009404394776
R-distance_step500 6 2 2 0.13734880497213453
R-distance_step500 6 2 3 0.13635970500763506
R-distance_step500 6 2 4 0.13912669208366424
R-distance_step500 6 2 5 0.14147061796393245
R-distance_step500 6 2 6 0.13998285599518567
R-distance_step500 6 2 7 0.14386109495535493
R-distance_step500 6 2 8 0.14879156299866736
R-distance_step500 6 2 9 0.1413190389284864
R-distance_step500 6 3 0 0.14518730796407908
R-distance_step500 6 3 1 0.14140812901314348
R-distance_step500 6 3 2 0.1357002960285172
R-distance_step500 6 3 3 0.1411466799909249
R-distance_step500 6 3 4 0.13964671408757567
R-distance_step500 6 3 5 0.1385456210700795
R-distance_step500 6 3 6 0.1396352129522711
R-distance_step500 6 3 7 0.14010322594549507
R-distance_step500 6 3 8 0.1397732850164175
R-distance_step500 6 3 9 0.1407952189911157
R-distance_step500 6 4 0 0.13965171400923282
R-distance_step500 6 4 1 0.13841277710162103
R-distance_step500 6 4 2 0.1368108269525692
R-distance_step500 6 4 3 0.14300342602655292
R-distance_step500 6 4 4 0.1650819811038673
R-distance_step500 6 4 5 0.14584897202439606
R-distance_step500 6 4 6 0.14386048296000808
R-distance_step500 6 4 7 0.1470343969995156
R-distance_step500 6 4 8 0.14447516796644777
R-distance_step500 6 4 9 0.14630355895496905
R-distance_step500 6 5 0 0.1473992329556495
R-distance_step500 6 5 1 0.14543498994316906
R-distance_step500 6 5 2 0.14525677100755274
R-distance_step500 6 5 3 0.14296905102673918
R-distance_step500 6 5 4 0.1477233018958941
R-distance_step500 6 5 5 0.1468788490165025
R-distance_step500 6 5 6 0.14638340298552066
R-distance_step500 6 5 7 0.14357817405834794
R-distance_step500 6 5 8 0.1440225230762735
R-distance_step500 6 5 9 0.14344976795837283
R-distance_step500 6 6 0 0.13934846397023648
R-distance_step500 6 6 1 0.1438117700163275
R-distance_step500 6 6 2 0.14232691295910627
R-distance_step500 6 6 3 0.14331982098519802
R-distance_step500 6 6 4 0.15425849601160735
R-distance_step500 6 6 5 0.1443127270322293
R-distance_step500 6 6 6 0.14525383501313627
R-distance_step500 6 6 7 0.14527556707616895
R-distance_step500 6 6 8 0.15179454907774925
R-distance_step500 6 6 9 0.1444691460346803
R-distance_step500 6 7 0 0.1450341650051996
R-distance_step500 6 7 1 0.14343411894515157
R-distance_step500 6 7 2 0.1461410690099001
R-distance_step500 6 7 3 0.14729236892890185
R-distance_step500 6 7 4 0.15308888198342174
R-distance_step500 6 7 5 0.14341673499438912
R-distance_step500 6 7 6 0.14595109596848488
R-distance_step500 6 7 7 0.14876382995862514
R-distance_step500 6 7 8 0.14696361997630447
R-distance_step500 6 7 9 0.14881863410118967
R-distance_step500 6 8 0 0.14713354501873255
R-distance_step500 6 8 1 0.14413263299502432
R-distance_step500 6 8 2 0.14356852497439831
R-distance_step500 6 8 3 0.14975613495334983
R-distance_step500 6 8 4 0.15265756694134325
R-distance_step500 6 8 5 0.1610557489329949
R-distance_step500 6 8 6 0.1489362990250811
R-distance_step500 6 8 7 0.15170159097760916
R-distance_step500 6 8 8 0.1502616610378027
R-distance_step500 6 8 9 0.14791960699949414
R-distance_step500 6 9 0 0.15270515903830528
R-distance_step500 6 9 1 0.14870682102628052
R-distance_step500 6 9 2 0.14903322397731245
R-distance_step500 6 9 3 0.151832121075131
R-distance_step500 6 9 4 0.14581059897318482
R-distance_step500 6 9 5 0.14945231494493783
R-distance_step500 6 9 6 0.14503589796368033
R-distance_step500 6 9 7 0.1475017189513892
R-distance_step500 6 9 8 0.15106020600069314
R-distance_step500 6 9 9 0.14273817907087505
R-distance_step500 9 0 0 0.05118087597656995
R-distance_step500 9 0 1 0.04537990503013134
R-distance_step500 9 0 2 0.046018585097044706
R-distance_step500 9 0 3 0.04507073399145156
R-distance_step500 9 0 4 0.044211462954990566
R-distance_step500 9 0 5 0.04647368402220309
R-distance_step500 9 0 6 0.04490870505105704
R-distance_step500 9 0 7 0.044109808979555964
R-distance_step500 9 0 8 0.04216474399436265
R-distance_step500 9 0 9 0.045041289064101875
R-distance_step500 9 1 0 0.04302191000897437
R-distance_step500 9 1 1 0.04631027195136994
R-distance_step500 9 1 2 0.0435402209404856
R-distance_step500 9 1 3 0.04234009806532413
R-distance_step500 9 1 4 0.04454278596676886
R-distance_step500 9 1 5 0.04549315106123686
R-distance_step500 9 1 6 0.044737066025845706
R-distance_step500 9 1 7 0.04330535209737718
R-distance_step500 9 1 8 0.044290414080023766
R-distance_step500 9 1 9 0.045912511995993555
R-distance_step500 9 2 0 0.053765382966957986
R-distance_step500 9 2 1 0.041984359035268426
R-distance_step500 9 2 2 0.041267488966695964
R-distance_step500 9 2 3 0.044324038084596395
R-distance_step500 9 2 4 0.04052107397001237
R-distance_step500 9 2 5 0.042137079988606274
R-distance_step500 9 2 6 0.044121510931290686
R-distance_step500 9 2 7 0.044151057954877615
R-distance_step500 9 2 8 0.04246562800835818
R-distance_step500 9 2 9 0.04347282194066793
R-distance_step500 9 3 0 0.04415247996803373
R-distance_step500 9 3 1 0.043270335998386145
R-distance_step500 9 3 2 0.04441663506440818
R-distance_step500 9 3 3 0.04691985610406846
R-distance_step500 9 3 4 0.043538426980376244
R-distance_step500 9 3 5 0.04346261196769774
R-distance_step500 9 3 6 0.045031909947283566
R-distance_step500 9 3 7 0.04198703309521079
R-distance_step500 9 3 8 0.042437433963641524
R-distance_step500 9 3 9 0.0422799929510802
R-distance_step500 9 4 0 0.04255911603104323
R-distance_step500 9 4 1 0.043651292915456
R-distance_step500 9 4 2 0.04265863599721342
R-distance_step500 9 4 3 0.04641538392752409
R-distance_step500 9 4 4 0.043022632016800344
R-distance_step500 9 4 5 0.044172347988933325
R-distance_step500 9 4 6 0.04399280494544655
R-distance_step500 9 4 7 0.04345016903243959
R-distance_step500 9 4 8 0.041917831054888666
R-distance_step500 9 4 9 0.045562493964098394
R-distance_step500 9 5 0 0.04425449494738132
R-distance_step500 9 5 1 0.04205416305921972
R-distance_step500 9 5 2 0.042553265928290784
R-distance_step500 9 5 3 0.04515759099740535
R-distance_step500 9 5 4 0.04213644901756197
R-distance_step500 9 5 5 0.04464511200785637
R-distance_step500 9 5 6 0.042773897061124444
R-distance_step500 9 5 7 0.04510351596400142
R-distance_step500 9 5 8 0.04275947902351618
R-distance_step500 9 5 9 0.04292200994677842
R-distance_step500 9 6 0 0.043737216969020665
R-distance_step500 9 6 1 0.0440778179327026
R-distance_step500 9 6 2 0.04261425195727497
R-distance_step500 9 6 3 0.04217000398784876
R-distance_step500 9 6 4 0.044838591013103724
R-distance_step500 9 6 5 0.04307261807844043
R-distance_step500 9 6 6 0.041613750043325126
R-distance_step500 9 6 7 0.04644056095276028
R-distance_step500 9 6 8 0.04416725900955498
R-distance_step500 9 6 9 0.04219363897573203
R-distance_step500 9 7 0 0.04212947597261518
R-distance_step500 9 7 1 0.04315519507508725
R-distance_step500 9 7 2 0.04129329905845225
R-distance_step500 9 7 3 0.04391207103617489
R-distance_step500 9 7 4 0.0435865989420563
R-distance_step500 9 7 5 0.0424222550354898
R-distance_step500 9 7 6 0.04258364299312234
R-distance_step500 9 7 7 0.04553134401794523
R-distance_step500 9 7 8 0.042994057992473245
R-distance_step500 9 7 9 0.04276609199587256
R-distance_step500 9 8 0 0.04435111896600574
R-distance_step500 9 8 1 0.045903975958935916
R-distance_step500 9 8 2 0.04192641901317984
R-distance_step500 9 8 3 0.041759048006497324
R-distance_step500 9 8 4 0.04582141793798655
R-distance_step500 9 8 5 0.04343393794260919
R-distance_step500 9 8 6 0.04255446698516607
R-distance_step500 9 8 7 0.0427946459967643
R-distance_step500 9 8 8 0.04367645096499473
R-distance_step500 9 8 9 0.04156574897933751
R-distance_step500 9 9 0 0.04313370492309332
R-distance_step500 9 9 1 0.04630789696238935
R-distance_step500 9 9 2 0.04227607592474669
R-distance_step500 9 9 3 0.04119839705526829
R-distance_step500 9 9 4 0.04224744101520628
R-distance_step500 9 9 5 0.04319797700736672
R-distance_step500 9 9 6 0.04421306599397212
R-distance_step500 9 9 7 0.04214811197016388
R-distance_step500 9 9 8 0.045116381952539086
R-distance_step500 9 9 9 0.04153780604247004
R-distance_step500 12 0 0 0.43594599596690387
R-distance_step500 12 0 1 0.42791984404902905
R-distance_step500 12 0 2 0.42773664405103773
R-distance_step500 12 0 3 0.4195635720388964
R-distance_step500 12 0 4 0.44138165994081646
R-distance_step500 12 0 5 0.4343970869667828
R-distance_step500 12 0 6 0.43254368600901216
R-distance_step500 12 0 7 0.43447293201461434
R-distance_step500 12 0 8 0.44022068998310715
R-distance_step500 12 0 9 0.4246796639636159
R-distance_step500 12 1 0 0.4352062919642776
R-distance_step500 12 1 1 0.42911248200107366
R-distance_step500 12 1 2 0.4350243449443951
R-distance_step500 12 1 3 0.4458493220154196
R-distance_step500 12 1 4 0.42481964093167335
R-distance_step500 12 1 5 0.43591189896687865
R-distance_step500 12 1 6 0.45290133298840374
R-distance_step500 12 1 7 0.45243044407106936
R-distance_step500 12 1 8 0.42950213595759124
R-distance_step500 12 1 9 0.41850196302402765
R-distance_step500 12 2 0 0.42602143599651754
R-distance_step500 12 2 1 0.43282297998666763
R-distance_step500 12 2 2 0.4267068860353902
R-distance_step500 12 2 3 0.43384749605320394
R-distance_step500 12 2 4 0.4261179909808561
R-distance_step500 12 2 5 0.43724767095409334
R-distance_step500 12 2 6 0.4420555339893326
R-distance_step500 12 2 7 0.4386314039584249
R-distance_step500 12 2 8 0.43623302306514233
R-distance_step500 12 2 9 0.4328537780093029
R-distance_step500 12 3 0 0.4306738729355857
R-distance_step500 12 3 1 0.42924535495694727
R-distance_step500 12 3 2 0.43040545110125095
R-distance_step500 12 3 3 0.43577901495154947
R-distance_step500 12 3 4 0.44381042604800314
R-distance_step500 12 3 5 0.43389802204910666
R-distance_step500 12 3 6 0.42555465397890657
R-distance_step500 12 3 7 0.43256253097206354
R-distance_step500 12 3 8 0.44513914396520704
R-distance_step500 12 3 9 0.4401192049263045
R-distance_step500 12 4 0 0.45020842796657234
R-distance_step500 12 4 1 0.45362186792772263
R-distance_step500 12 4 2 0.4380241029430181
R-distance_step500 12 4 3 0.4348413529805839
R-distance_step500 12 4 4 0.4235759439179674
R-distance_step500 12 4 5 0.427003190969117
R-distance_step500 12 4 6 0.5029108090093359
R-distance_step500 12 4 7 0.4394970160210505
R-distance_step500 12 4 8 0.44978756306227297
R-distance_step500 12 4 9 0.4484929610043764
R-distance_step500 12 5 0 0.4446423649787903
R-distance_step500 12 5 1 0.4441657649585977
R-distance_step500 12 5 2 0.44571037497371435
R-distance_step500 12 5 3 0.457217184943147
R-distance_step500 12 5 4 0.44480466505046934
R-distance_step500 12 5 5 0.4374983590096235
R-distance_step500 12 5 6 0.43603345996234566
R-distance_step500 12 5 7 0.45468942599836737
R-distance_step500 12 5 8 0.43436938198283315
R-distance_step500 12 5 9 0.43813214800320566
R-distance_step500 12 6 0 0.438539155991748
R-distance_step500 12 6 1 0.4484402301022783
R-distance_step500 12 6 2 0.43542128102853894
R-distance_step500 12 6 3 0.44178795197512954
R-distance_step500 12 6 4 0.44344689103309065
R-distance_step500 12 6 5 0.4379958179779351
R-distance_step500 12 6 6 0.4394955219468102
R-distance_step500 12 6 7 0.4237734799971804
R-distance_step500 12 6 8 0.44007437804248184
R-distance_step500 12 6 9 0.43753063899930567
R-distance_step500 12 7 0 0.44054933602456003
R-distance_step500 12 7 1 0.4422412170097232
R-distance_step500 12 7 2 0.43468235805630684
R-distance_step500 12 7 3 0.4360433779656887
R-distance_step500 12 7 4 0.44487584999296814
R-distance_step500 12 7 5 0.4380788159323856
R-distance_step500 12 7 6 0.4298056729603559
R-distance_step500 12 7 7 0.42751759092789143
R-distance_step500 12 7 8 0.4306752129923552
R-distance_step500 12 7 9 0.4361612319480628
R-distance_step500 12 8 0 0.4404672608943656
R-distance_step500 12 8 1 0.4385133070172742
R-distance_step500 12 8 2 0.4439706989796832
R-distance_step500 12 8 3 0.44383959006518126
R-distance_step500 12 8 4 0.44273336709011346
R-distance_step500 12 8 5 0.4436646349495277
R-distance_step500 12 8 6 0.441198727930896
R-distance_step500 12 8 7 0.42718615103513
R-distance_step500 12 8 8 0.431787237059325
R-distance_step500 12 8 9 0.43872563703916967
R-distance_step500 12 9 0 0.43087217293214053
R-distance_step500 12 9 1 0.4435316539602354
R-distance_step500 12 9 2 0.442089427029714
R-distance_step500 12 9 3 0.4461050130194053
R-distance_step500 12 9 4 0.4305620009545237
R-distance_step500 12 9 5 0.42804819403681904
R-distance_step500 12 9 6 0.43981184193398803
R-distance_step500 12 9 7 0.43989787506870925
R-distance_step500 12 9 8 0.4459921569796279
R-distance_step500 12 9 9 0.4342603349359706
R-distance_step500 18 0 0 0.10934962204191834
R-distance_step500 18 0 1 0.10363228595815599
R-distance_step500 18 0 2 0.10521720594260842
R-distance_step500 18 0 3 0.10895726305898279
R-distance_step500 18 0 4 0.10992528102360666
R-distance_step500 18 0 5 0.1045735840452835
R-distance_step500 18 0 6 0.10330911399796605
R-distance_step500 18 0 7 0.10286343900952488
R-distance_step500 18 0 8 0.10684985900297761
R-distance_step500 18 0 9 0.10443394002504647
R-distance_step500 18 1 0 0.1034540479304269
R-distance_step500 18 1 1 0.10373867605812848
R-distance_step500 18 1 2 0.1018851000117138
R-distance_step500 18 1 3 0.10472024092450738
R-distance_step500 18 1 4 0.10994244099128991
R-distance_step500 18 1 5 0.10672936402261257
R-distance_step500 18 1 6 0.10581979795824736
R-distance_step500 18 1 7 0.10507373604923487
R-distance_step500 18 1 8 0.10794061899650842
R-distance_step500 18 1 9 0.10422509105410427
R-distance_step500 18 2 0 0.1036162469536066
R-distance_step500 18 2 1 0.10968018299899995
R-distance_step500 18 2 2 0.10529954789672047
R-distance_step500 18 2 3 0.10044502501841635
R-distance_step500 18 2 4 0.10571528400760144
R-distance_step500 18 2 5 0.10430138208903372
R-distance_step500 18 2 6 0.10509490699041635
R-distance_step500 18 2 7 0.1052758430596441
R-distance_step500 18 2 8 0.10560343496035784
R-distance_step500 18 2 9 0.10382880491670221
R-distance_step500 18 3 0 0.10429331508930773
R-distance_step500 18 3 1 0.10679784801322967
R-distance_step500 18 3 2 0.09903727506753057
R-distance_step500 18 3 3 0.10206291498616338
R-distance_step500 18 3 4 0.10579093301203102
R-distance_step500 18 3 5 0.10563820402603596
R-distance_step500 18 3 6 0.10415946401190013
R-distance_step500 18 3 7 0.10877132893074304
R-distance_step500 18 3 8 0.10596930410247296
R-distance_step500 18 3 9 0.11066511401440948
R-distance_step500 18 4 0 0.1119594929041341
R-distance_step500 18 4 1 0.11188754090107977
R-distance_step500 18 4 2 0.10758298600558192
R-distance_step500 18 4 3 0.10246384795755148
R-distance_step500 18 4 4 0.10777198907453567
R-distance_step500 18 4 5 0.1034110370092094
R-distance_step500 18 4 6 0.10393419302999973
R-distance_step500 18 4 7 0.10627645696513355
R-distance_step500 18 4 8 0.10191622492857277
R-distance_step500 18 4 9 0.10181333299260587
R-distance_step500 18 5 0 0.10627677699085325
R-distance_step500 18 5 1 0.10217448999173939
R-distance_step500 18 5 2 0.10606626700609922
R-distance_step500 18 5 3 0.10627074597869068
R-distance_step500 18 5 4 0.10487729299347848
R-distance_step500 18 5 5 0.10263074701651931
R-distance_step500 18 5 6 0.10838872997555882
R-distance_step500 18 5 7 0.1022009439766407
R-distance_step500 18 5 8 0.10478299797978252
R-distance_step500 18 5 9 0.11197005410213023
R-distance_step500 18 6 0 0.10555269697215408
R-distance_step500 18 6 1 0.10537971509620547
R-distance_step500 18 6 2 0.10594733303878456
R-distance_step500 18 6 3 0.10371394199319184
R-distance_step500 18 6 4 0.09965948003809899
R-distance_step500 18 6 5 0.10698926507029682
R-distance_step500 18 6 6 0.10683990304823965
R-distance_step500 18 6 7 0.10243379196617752
R-distance_step500 18 6 8 0.10234445601236075
R-distance_step500 18 6 9 0.10586211504414678
R-distance_step500 18 7 0 0.10383557097520679
R-distance_step500 18 7 1 0.10363580100238323
R-distance_step500 18 7 2 0.10730103799141943
R-distance_step500 18 7 3 0.1032446320168674
R-distance_step500 18 7 4 0.10320041596423835
R-distance_step500 18 7 5 0.10336019902024418
R-distance_step500 18 7 6 0.1067372519755736
R-distance_step500 18 7 7 0.10351606400217861
R-distance_step500 18 7 8 0.10426824004389346
R-distance_step500 18 7 9 0.1071896490175277
R-distance_step500 18 8 0 0.10668417497072369
R-distance_step500 18 8 1 0.1070234429789707
R-distance_step500 18 8 2 0.10347407299559563
R-distance_step500 18 8 3 0.10411879699677229
R-distance_step500 18 8 4 0.1012817439623177
R-distance_step500 18 8 5 0.11408942996058613
R-distance_step500 18 8 6 0.1171456640586257
R-distance_step500 18 8 7 0.11586294695734978
R-distance_step500 18 8 8 0.11499041703063995
R-distance_step500 18 8 9 0.11694399500265718
R-distance_step500 18 9 0 0.10867145599331707
R-distance_step500 18 9 1 0.10565901803784072
R-distance_step500 18 9 2 0.10280950996093452
R-distance_step500 18 9 3 0.10240688105113804
R-distance_step500 18 9 4 0.10581878095399588
R-distance_step500 18 9 5 0.10542072192765772
R-distance_step500 18 9 6 0.10570393700618297
R-distance_step500 18 9 7 0.104945088038221
R-distance_step500 18 9 8 0.09912031807471067
R-distance_step500 18 9 9 0.11054401996079832
R-distance_step500 22 0 0 0.018835953902453184
R-distance_step500 22 0 1 0.016035411972552538
R-distance_step500 22 0 2 0.015467328019440174
R-distance_step500 22 0 3 0.015255794976837933
R-distance_step500 22 0 4 0.015225835028104484
R-distance_step500 22 0 5 0.015229783020913601
R-distance_step500 22 0 6 0.015487648081034422
R-distance_step500 22 0 7 0.015274279983714223
R-distance_step500 22 0 8 0.015269250026904047
R-distance_step500 22 0 9 0.015366992098279297
R-distance_step500 22 1 0 0.019087807973846793
R-distance_step500 22 1 1 0.015884025022387505
R-distance_step500 22 1 2 0.015638604993000627
R-distance_step500 22 1 3 0.015423301956616342
R-distance_step500 22 1 4 0.015231737052090466
R-distance_step500 22 1 5 0.015272576012648642
R-distance_step500 22 1 6 0.01558722392655909
R-distance_step500 22 1 7 0.015273477998562157
R-distance_step500 22 1 8 0.015251736040227115
R-distance_step500 22 1 9 0.016841573058627546
R-distance_step500 22 2 0 0.016160878003574908
R-distance_step500 22 2 1 0.01581926003564149
R-distance_step500 22 2 2 0.015328776906244457
R-distance_step500 22 2 3 0.015591863077133894
R-distance_step500 22 2 4 0.015244400943629444
R-distance_step500 22 2 5 0.015224161907099187
R-distance_step500 22 2 6 0.015660367091186345
R-distance_step500 22 2 7 0.015444183023646474
R-distance_step500 22 2 8 0.01553141395561397
R-distance_step500 22 2 9 0.017968231928534806
R-distance_step500 22 3 0 0.016352936043404043
R-distance_step500 22 3 1 0.015791043057106435
R-distance_step500 22 3 2 0.015275662997737527
R-distance_step500 22 3 3 0.015683342004194856
R-distance_step500 22 3 4 0.015569638926535845
R-distance_step500 22 3 5 0.015614576986990869
R-distance_step500 22 3 6 0.015631661051884294
R-distance_step500 22 3 7 0.015538086998276412
R-distance_step500 22 3 8 0.016962370020337403
R-distance_step500 22 3 9 0.01711761497426778
R-distance_step500 22 4 0 0.015884816995821893
R-distance_step500 22 4 1 0.0161140370182693
R-distance_step500 22 4 2 0.01558683393523097
R-distance_step500 22 4 3 0.015368574997410178
R-distance_step500 22 4 4 0.015531154000200331
R-distance_step500 22 4 5 0.015548578929156065
R-distance_step500 22 4 6 0.015677671995945275
R-distance_step500 22 4 7 0.015524532063864172
R-distance_step500 22 4 8 0.01808396994601935
R-distance_step500 22 4 9 0.016500745085068047
R-distance_step500 22 5 0 0.01588723307941109
R-distance_step500 22 5 1 0.015539961052127182
R-distance_step500 22 5 2 0.015258439932949841
R-distance_step500 22 5 3 0.015398903982713819
R-distance_step500 22 5 4 0.015892512048594654
R-distance_step500 22 5 5 0.01552482193801552
R-distance_step500 22 5 6 0.015847273054532707
R-distance_step500 22 5 7 0.01887915702536702
R-distance_step500 22 5 8 0.016660336987115443
R-distance_step500 22 5 9 0.015623953891918063
R-distance_step500 22 6 0 0.016019630944356322
R-distance_step500 22 6 1 0.01555102108977735
R-distance_step500 22 6 2 0.015697368886321783
R-distance_step500 22 6 3 0.01610549900215119
R-distance_step500 22 6 4 0.01602276600897312
R-distance_step500 22 6 5 0.015479522058740258
R-distance_step500 22 6 6 0.016863454948179424
R-distance_step500 22 6 7 0.018602765980176628
R-distance_step500 22 6 8 0.015550000010989606
R-distance_step500 22 6 9 0.016348305041901767
R-distance_step500 22 7 0 0.016345298034138978
R-distance_step500 22 7 1 0.015776523970998824
R-distance_step500 22 7 2 0.016082653892226517
R-distance_step500 22 7 3 0.016065119998529553
R-distance_step500 22 7 4 0.01633272401522845
R-distance_step500 22 7 5 0.01758890808559954
R-distance_step500 22 7 6 0.015684462967328727
R-distance_step500 22 7 7 0.015267145005054772
R-distance_step500 22 7 8 0.015367621905170381
R-distance_step500 22 7 9 0.015335267991758883
R-distance_step500 22 8 0 0.0152376169571653
R-distance_step500 22 8 1 0.016522424994036555
R-distance_step500 22 8 2 0.018558218027465045
R-distance_step500 22 8 3 0.015669754007831216
R-distance_step500 22 8 4 0.017871211050078273
R-distance_step500 22 8 5 0.0191502480302006
R-distance_step500 22 8 6 0.016710244002752006
R-distance_step500 22 8 7 0.016874585999175906
R-distance_step500 22 8 8 0.016224812949076295
R-distance_step500 22 8 9 0.01630359690170735
R-distance_step500 22 9 0 0.016043287003412843
R-distance_step500 22 9 1 0.016399365034885705
R-distance_step500 22 9 2 0.015943631995469332
R-distance_step500 22 9 3 0.01534019794780761
R-distance_step500 22 9 4 0.017502086935564876
R-distance_step500 22 9 5 0.017373593989759684
R-distance_step500 22 9 6 0.017318527912721038
R-distance_step500 22 9 7 0.016326993005350232
R-distance_step500 22 9 8 0.015292224939912558
R-distance_step500 22 9 9 0.015313445939682424
R-distance_step500 24 0 0 0.0176309400703758
R-distance_step500 24 0 1 0.017073275987058878
R-distance_step500 24 0 2 0.017259400920011103
R-distance_step500 24 0 3 0.019182111020199955
R-distance_step500 24 0 4 0.020739165018312633
R-distance_step500 24 0 5 0.019289390998892486
R-distance_step500 24 0 6 0.01754450995940715
R-distance_step500 24 0 7 0.01956498110666871
R-distance_step500 24 0 8 0.01728738599922508
R-distance_step500 24 0 9 0.01727330789435655
R-distance_step500 24 1 0 0.01721938292030245
R-distance_step500 24 1 1 0.017108925967477262
R-distance_step500 24 1 2 0.01978321000933647
R-distance_step500 24 1 3 0.01890268304850906
R-distance_step500 24 1 4 0.017839037929661572
R-distance_step500 24 1 5 0.018806091975420713
R-distance_step500 24 1 6 0.018083445029333234
R-distance_step500 24 1 7 0.017307703965343535
R-distance_step500 24 1 8 0.01721996208652854
R-distance_step500 24 1 9 0.017089777044020593
R-distance_step500 24 2 0 0.018595598987303674
R-distance_step500 24 2 1 0.023147123982198536
R-distance_step500 24 2 2 0.020000824006274343
R-distance_step500 24 2 3 0.01937147998251021
R-distance_step500 24 2 4 0.01768285990692675
R-distance_step500 24 2 5 0.017282904940657318
R-distance_step500 24 2 6 0.019924836000427604
R-distance_step500 24 2 7 0.01751905889250338
R-distance_step500 24 2 8 0.018649435020051897
R-distance_step500 24 2 9 0.02168882405385375
R-distance_step500 24 3 0 0.018457607948221266
R-distance_step500 24 3 1 0.01927427004557103
R-distance_step500 24 3 2 0.0175209220033139
R-distance_step500 24 3 3 0.018576532951556146
R-distance_step500 24 3 4 0.018189031980000436
R-distance_step500 24 3 5 0.017375366995111108
R-distance_step500 24 3 6 0.01785856392234564
R-distance_step500 24 3 7 0.01727261603809893
R-distance_step500 24 3 8 0.01955242606345564
R-distance_step500 24 3 9 0.02025086502544582
R-distance_step500 24 4 0 0.019258379004895687
R-distance_step500 24 4 1 0.017775772023014724
R-distance_step500 24 4 2 0.017551032011397183
R-distance_step500 24 4 3 0.01734834408853203
R-distance_step500 24 4 4 0.0172790780197829
R-distance_step500 24 4 5 0.017020061030052602
R-distance_step500 24 4 6 0.01744201802648604
R-distance_step500 24 4 7 0.020313668996095657
R-distance_step500 24 4 8 0.01821472297888249
R-distance_step500 24 4 9 0.018135277088731527
R-distance_step500 24 5 0 0.018709602998569608
R-distance_step500 24 5 1 0.01748845900874585
R-distance_step500 24 5 2 0.017398202093318105
R-distance_step500 24 5 3 0.01769180700648576
R-distance_step500 24 5 4 0.017564788926392794
R-distance_step500 24 5 5 0.019563908106647432
R-distance_step500 24 5 6 0.019291003001853824
R-distance_step500 24 5 7 0.017686468083411455
R-distance_step500 24 5 8 0.01823268795851618
R-distance_step500 24 5 9 0.01709963590838015
R-distance_step500 24 6 0 0.017078966018743813
R-distance_step500 24 6 1 0.017851390060968697
R-distance_step500 24 6 2 0.017546631977893412
R-distance_step500 24 6 3 0.017395135946571827
R-distance_step500 24 6 4 0.01901974098291248
R-distance_step500 24 6 5 0.018022937001660466
R-distance_step500 24 6 6 0.018888322985731065
R-distance_step500 24 6 7 0.01917295204475522
R-distance_step500 24 6 8 0.017280249972827733
R-distance_step500 24 6 9 0.017304345965385437
R-distance_step500 24 7 0 0.017037011915817857
R-distance_step500 24 7 1 0.0170106899458915
R-distance_step500 24 7 2 0.017093303031288087
R-distance_step500 24 7 3 0.023150748922489583
R-distance_step500 24 7 4 0.01990862295497209
R-distance_step500 24 7 5 0.018785750959068537
R-distance_step500 24 7 6 0.017184001044370234
R-distance_step500 24 7 7 0.0170363710494712
R-distance_step500 24 7 8 0.01690466294530779
R-distance_step500 24 7 9 0.016902949078939855
R-distance_step500 24 8 0 0.016696735052391887
R-distance_step500 24 8 1 0.018674833001568913
R-distance_step500 24 8 2 0.01979927800130099
R-distance_step500 24 8 3 0.018385585979558527
R-distance_step500 24 8 4 0.017406487022526562
R-distance_step500 24 8 5 0.0181776579702273
R-distance_step500 24 8 6 0.018000399926677346
R-distance_step500 24 8 7 0.01746440993156284
R-distance_step500 24 8 8 0.017834666068665683
R-distance_step500 24 8 9 0.017423059092834592
R-distance_step500 24 9 0 0.020552803995087743
R-distance_step500 24 9 1 0.018131889053620398
R-distance_step500 24 9 2 0.01719636400230229
R-distance_step500 24 9 3 0.017726264079101384
R-distance_step500 24 9 4 0.0181357660330832
R-distance_step500 24 9 5 0.017553664976730943
R-distance_step500 24 9 6 0.01795028301421553
R-distance_step500 24 9 7 0.017345187021419406
R-distance_step500 24 9 8 0.01854705309960991
R-distance_step500 24 9 9 0.019037774996832013
R-distance_step500 30 0 0 0.028878587996587157
R-distance_step500 30 0 1 0.02762249601073563
R-distance_step500 30 0 2 0.026873016031458974
R-distance_step500 30 0 3 0.026645991019904613
R-distance_step500 30 0 4 0.0283616449451074
R-distance_step500 30 0 5 0.030897345975972712
R-distance_step500 30 0 6 0.030556777957826853
R-distance_step500 30 0 7 0.028544323053210974
R-distance_step500 30 0 8 0.028912123991176486
R-distance_step500 30 0 9 0.02870146103668958
R-distance_step500 30 1 0 0.03030699898954481
R-distance_step500 30 1 1 0.029394340002909303
R-distance_step500 30 1 2 0.027592636994086206
R-distance_step500 30 1 3 0.029176342068240047
R-distance_step500 30 1 4 0.028846755041740835
R-distance_step500 30 1 5 0.0279009590158239
R-distance_step500 30 1 6 0.028872865019366145
R-distance_step500 30 1 7 0.029104598914273083
R-distance_step500 30 1 8 0.02757074194960296
R-distance_step500 30 1 9 0.027685987995937467
R-distance_step500 30 2 0 0.02997109806165099
R-distance_step500 30 2 1 0.028183743939734995
R-distance_step500 30 2 2 0.02880706498399377
R-distance_step500 30 2 3 0.026653202949091792
R-distance_step500 30 2 4 0.02697766898199916
R-distance_step500 30 2 5 0.028544881963171065
R-distance_step500 30 2 6 0.030502048903144896
R-distance_step500 30 2 7 0.03010853799059987
R-distance_step500 30 2 8 0.02933021099306643
R-distance_step500 30 2 9 0.02862940705381334
R-distance_step500 30 3 0 0.02670988393947482
R-distance_step500 30 3 1 0.032866563997231424
R-distance_step500 30 3 2 0.02946819202043116
R-distance_step500 30 3 3 0.02833012107294053
R-distance_step500 30 3 4 0.02721539605408907
R-distance_step500 30 3 5 0.026726847048848867
R-distance_step500 30 3 6 0.02822932309936732
R-distance_step500 30 3 7 0.029735004995018244
R-distance_step500 30 3 8 0.028111592051573098
R-distance_step500 30 3 9 0.027945648063905537
R-distance_step500 30 4 0 0.02716770104598254
R-distance_step500 30 4 1 0.027379567036405206
R-distance_step500 30 4 2 0.029848929028958082
R-distance_step500 30 4 3 0.029483370948582888
R-distance_step500 30 4 4 0.028948021004907787
R-distance_step500 30 4 5 0.028249774011783302
R-distance_step500 30 4 6 0.02907635399606079
R-distance_step500 30 4 7 0.03286333801224828
R-distance_step500 30 4 8 0.029171159956604242
R-distance_step500 30 4 9 0.02846300892997533
R-distance_step500 30 5 0 0.026796360965818167
R-distance_step500 30 5 1 0.02709418593440205
R-distance_step500 30 5 2 0.02726932894438505
R-distance_step500 30 5 3 0.029725183034315705
R-distance_step500 30 5 4 0.028670505969785154
R-distance_step500 30 5 5 0.027351820026524365
R-distance_step500 30 5 6 0.026721214991994202
R-distance_step500 30 5 7 0.026325056911446154
R-distance_step500 30 5 8 0.030025260988622904
R-distance_step500 30 5 9 0.031257646973244846
R-distance_step500 30 6 0 0.028449370991438627
R-distance_step500 30 6 1 0.02714734897017479
R-distance_step500 30 6 2 0.026827852940186858
R-distance_step500 30 6 3 0.029518557945266366
R-distance_step500 30 6 4 0.029753668000921607
R-distance_step500 30 6 5 0.030043025966733694
R-distance_step500 30 6 6 0.028142951079644263
R-distance_step500 30 6 7 0.026994419982656837
R-distance_step500 30 6 8 0.02698243607301265
R-distance_step500 30 6 9 0.03159463801421225
R-distance_step500 30 7 0 0.02893862104974687
R-distance_step500 30 7 1 0.027661217958666384
R-distance_step500 30 7 2 0.026702978066168725
R-distance_step500 30 7 3 0.02729169197846204
R-distance_step500 30 7 4 0.028764829970896244
R-distance_step500 30 7 5 0.02983090002089739
R-distance_step500 30 7 6 0.028692850028164685
R-distance_step500 30 7 7 0.029042945010587573
R-distance_step500 30 7 8 0.030128282960504293
R-distance_step500 30 7 9 0.029863864998333156
R-distance_step500 30 8 0 0.028509869938716292
R-distance_step500 30 8 1 0.02958662190940231
R-distance_step500 30 8 2 0.028126579010859132
R-distance_step500 30 8 3 0.027641688007861376
R-distance_step500 30 8 4 0.0283392429118976
R-distance_step500 30 8 5 0.027875153929926455
R-distance_step500 30 8 6 0.029459720011800528
R-distance_step500 30 8 7 0.029395202989690006
R-distance_step500 30 8 8 0.027798914001323283
R-distance_step500 30 8 9 0.02866912994068116
R-distance_step500 30 9 0 0.031394582940265536
R-distance_step500 30 9 1 0.028744136914610863
R-distance_step500 30 9 2 0.027625833987258375
R-distance_step500 30 9 3 0.026900433003902435
R-distance_step500 30 9 4 0.026720480993390083
R-distance_step500 30 9 5 0.02744299592450261
R-distance_step500 30 9 6 0.029305838979780674
R-distance_step500 30 9 7 0.029895785031840205
R-distance_step500 30 9 8 0.028106487006880343
R-distance_step500 30 9 9 0.027141176047734916
R-distance_step500 33 0 0 0.0071433630073443055
R-distance_step500 33 0 1 0.006362732034176588
R-distance_step500 33 0 2 0.006656678975559771
R-distance_step500 33 0 3 0.006327974959276617
R-distance_step500 33 0 4 0.006346690934151411
R-distance_step500 33 0 5 0.006969101959839463
R-distance_step500 33 0 6 0.006848054938018322
R-distance_step500 33 0 7 0.006189893931150436
R-distance_step500 33 0 8 0.006368834991008043
R-distance_step500 33 0 9 0.006195735069923103
R-distance_step500 33 1 0 0.0061881799483671784
R-distance_step500 33 1 1 0.006193581968545914
R-distance_step500 33 1 2 0.006142110098153353
R-distance_step500 33 1 3 0.006194332963787019
R-distance_step500 33 1 4 0.00615113798994571
R-distance_step500 33 1 5 0.00615770008880645
R-distance_step500 33 1 6 0.006259770947508514
R-distance_step500 33 1 7 0.00614834192674607
R-distance_step500 33 1 8 0.006153432070277631
R-distance_step500 33 1 9 0.006141448975540698
R-distance_step500 33 2 0 0.006131139001809061
R-distance_step500 33 2 1 0.006154373986646533
R-distance_step500 33 2 2 0.006138012045994401
R-distance_step500 33 2 3 0.0061549360398203135
R-distance_step500 33 2 4 0.006138814031146467
R-distance_step500 33 2 5 0.006144003942608833
R-distance_step500 33 2 6 0.006169735104776919
R-distance_step500 33 2 7 0.006146167987026274
R-distance_step500 33 2 8 0.006142450962215662
R-distance_step500 33 2 9 0.007794289966113865
R-distance_step500 33 3 0 0.0061748749576509
R-distance_step500 33 3 1 0.006178171024657786
R-distance_step500 33 3 2 0.006159074022434652
R-distance_step500 33 3 3 0.006313716992735863
R-distance_step500 33 3 4 0.0061699149664491415
R-distance_step500 33 3 5 0.0061577510787174106
R-distance_step500 33 3 6 0.00616897305008024
R-distance_step500 33 3 7 0.006185364909470081
R-distance_step500 33 3 8 0.006145116989500821
R-distance_step500 33 3 9 0.00615180900786072
R-distance_step500 33 4 0 0.006121741025708616
R-distance_step500 33 4 1 0.0061321419198066
R-distance_step500 33 4 2 0.006122361985035241
R-distance_step500 33 4 3 0.006117072072811425
R-distance_step500 33 4 4 0.006145547027699649
R-distance_step500 33 4 5 0.006135937990620732
R-distance_step500 33 4 6 0.006142511963844299
R-distance_step500 33 4 7 0.006127621978521347
R-distance_step500 33 4 8 0.006115958909504116
R-distance_step500 33 4 9 0.006171799032017589
R-distance_step500 33 5 0 0.0064054070971906185
R-distance_step500 33 5 1 0.006311323028057814
R-distance_step500 33 5 2 0.008259731926955283
R-distance_step500 33 5 3 0.006709130946546793
R-distance_step500 33 5 4 0.006485554040409625
R-distance_step500 33 5 5 0.006343315006233752
R-distance_step500 33 5 6 0.006321322056464851
R-distance_step500 33 5 7 0.0062961729709059
R-distance_step500 33 5 8 0.006350558949634433
R-distance_step500 33 5 9 0.006333044962957501
R-distance_step500 33 6 0 0.006159283919259906
R-distance_step500 33 6 1 0.006183682009577751
R-distance_step500 33 6 2 0.006142370984889567
R-distance_step500 33 6 3 0.0061596849700436
R-distance_step500 33 6 4 0.0061654760502278805
R-distance_step500 33 6 5 0.006155957002192736
R-distance_step500 33 6 6 0.006169685046188533
R-distance_step500 33 6 7 0.006200464908033609
R-distance_step500 33 6 8 0.006163012003526092
R-distance_step500 33 6 9 0.006175937014631927
R-distance_step500 33 7 0 0.006355458055622876
R-distance_step500 33 7 1 0.006321623106487095
R-distance_step500 33 7 2 0.006323626032099128
R-distance_step500 33 7 3 0.0064613360445946455
R-distance_step500 33 7 4 0.006335530080832541
R-distance_step500 33 7 5 0.008359908009879291
R-distance_step500 33 7 6 0.006611319957301021
R-distance_step500 33 7 7 0.006470674998126924
R-distance_step500 33 7 8 0.006446246989071369
R-distance_step500 33 7 9 0.00644364207983017
R-distance_step500 33 8 0 0.006251976010389626
R-distance_step500 33 8 1 0.0061394949443638325
R-distance_step500 33 8 2 0.006165956030599773
R-distance_step500 33 8 3 0.006351160001941025
R-distance_step500 33 8 4 0.006838273955509067
R-distance_step500 33 8 5 0.007557533914223313
R-distance_step500 33 8 6 0.006164703983813524
R-distance_step500 33 8 7 0.006153682945296168
R-distance_step500 33 8 8 0.006113303010351956
R-distance_step500 33 8 9 0.006119344965554774
R-distance_step500 33 9 0 0.006321482011117041
R-distance_step500 33 9 1 0.006347924005240202
R-distance_step500 33 9 2 0.006319658015854657
R-distance_step500 33 9 3 0.006296933977864683
R-distance_step500 33 9 4 0.006372930947691202
R-distance_step500 33 9 5 0.00634505704510957
R-distance_step500 33 9 6 0.006331390934064984
R-distance_step500 33 9 7 0.006680484977550805
R-distance_step500 33 9 8 0.007544158026576042
R-distance_step500 33 9 9 0.006677309051156044
R-distance_step500 36 0 0 0.15046374208759516
R-distance_step500 36 0 1 0.007282245089299977
R-distance_step500 36 0 2 0.007205274072475731
R-distance_step500 36 0 3 0.006843385053798556
R-distance_step500 36 0 4 0.006676557939499617
R-distance_step500 36 0 5 0.006737066083587706
R-distance_step500 36 0 6 0.006697207922115922
R-distance_step500 36 0 7 0.0067067560739815235
R-distance_step500 36 0 8 0.006684793974272907
R-distance_step500 36 0 9 0.00678530998993665
R-distance_step500 36 1 0 0.006604856927879155
R-distance_step500 36 1 1 0.0066663280595093966
R-distance_step500 36 1 2 0.006421137019060552
R-distance_step500 36 1 3 0.0066984990844503045
R-distance_step500 36 1 4 0.006685425061732531
R-distance_step500 36 1 5 0.006652360083535314
R-distance_step500 36 1 6 0.006744621088728309
R-distance_step500 36 1 7 0.006669263006187975
R-distance_step500 36 1 8 0.0066738330060616136
R-distance_step500 36 1 9 0.006605248083360493
R-distance_step500 36 2 0 0.00669325003400445
R-distance_step500 36 2 1 0.007941287010908127
R-distance_step500 36 2 2 0.006727396976202726
R-distance_step500 36 2 3 0.006816552020609379
R-distance_step500 36 2 4 0.006647300091572106
R-distance_step500 36 2 5 0.006657339981757104
R-distance_step500 36 2 6 0.006675545941106975
R-distance_step500 36 2 7 0.00807019998319447
R-distance_step500 36 2 8 0.009068285929970443
R-distance_step500 36 2 9 0.009040731005370617
R-distance_step500 36 3 0 0.008024570066481829
R-distance_step500 36 3 1 0.009901148034259677
R-distance_step500 36 3 2 0.006643943954259157
R-distance_step500 36 3 3 0.00662441598251462
R-distance_step500 36 3 4 0.006636898964643478
R-distance_step500 36 3 5 0.0066351169953122735
R-distance_step500 36 3 6 0.00662601797375828
R-distance_step500 36 3 7 0.006644353969022632
R-distance_step500 36 3 8 0.006670266040600836
R-distance_step500 36 3 9 0.00698440195992589
R-distance_step500 36 4 0 0.00762189005035907
R-distance_step500 36 4 1 0.007003537961281836
R-distance_step500 36 4 2 0.00687550799921155
R-distance_step500 36 4 3 0.006918612984009087
R-distance_step500 36 4 4 0.006661978899501264
R-distance_step500 36 4 5 0.0066695030545815825
R-distance_step500 36 4 6 0.006640446954406798
R-distance_step500 36 4 7 0.006676397053524852
R-distance_step500 36 4 8 0.0070303010288625956
R-distance_step500 36 4 9 0.006644133944064379
R-distance_step500 36 5 0 0.006662440020591021
R-distance_step500 36 5 1 0.006645886925980449
R-distance_step500 36 5 2 0.006667008972726762
R-distance_step500 36 5 3 0.006638834020122886
R-distance_step500 36 5 4 0.006639534956775606
R-distance_step500 36 5 5 0.006641377927735448
R-distance_step500 36 5 6 0.00668936304282397
R-distance_step500 36 5 7 0.006654603988863528
R-distance_step500 36 5 8 0.006645877962000668
R-distance_step500 36 5 9 0.006649555056355894
R-distance_step500 36 6 0 0.006673331023193896
R-distance_step500 36 6 1 0.006983048981055617
R-distance_step500 36 6 2 0.008249329985119402
R-distance_step500 36 6 3 0.007816953002475202
R-distance_step500 36 6 4 0.007278017001226544
R-distance_step500 36 6 5 0.007170015014708042
R-distance_step500 36 6 6 0.007078134920448065
R-distance_step500 36 6 7 0.006987175904214382
R-distance_step500 36 6 8 0.0068022540071979165
R-distance_step500 36 6 9 0.006831682054325938
R-distance_step500 36 7 0 0.006723428959958255
R-distance_step500 36 7 1 0.006705484003759921
R-distance_step500 36 7 2 0.006700524943880737
R-distance_step500 36 7 3 0.0066979690454900265
R-distance_step500 36 7 4 0.006625497015193105
R-distance_step500 36 7 5 0.0069190519861876965
R-distance_step500 36 7 6 0.0068423820193856955
R-distance_step500 36 7 7 0.006711967987939715
R-distance_step500 36 7 8 0.00667757005430758
R-distance_step500 36 7 9 0.00686917407438159
R-distance_step500 36 8 0 0.0066776800667867064
R-distance_step500 36 8 1 0.0067094319965690374
R-distance_step500 36 8 2 0.006658392958343029
R-distance_step500 36 8 3 0.006661477964371443
R-distance_step500 36 8 4 0.0076773089822381735
R-distance_step500 36 8 5 0.00736249191686511
R-distance_step500 36 8 6 0.0070044699823483825
R-distance_step500 36 8 7 0.006835860083810985
R-distance_step500 36 8 8 0.006700594909489155
R-distance_step500 36 8 9 0.006659493898041546
R-distance_step500 36 9 0 0.0069663249887526035
R-distance_step500 36 9 1 0.006922890082933009
R-distance_step500 36 9 2 0.006878182990476489
R-distance_step500 36 9 3 0.006924063083715737
R-distance_step500 36 9 4 0.006891248980537057
R-distance_step500 36 9 5 0.007159693981520832
R-distance_step500 36 9 6 0.006926738074980676
R-distance_step500 36 9 7 0.0068968189880251884
R-distance_step500 36 9 8 0.006878843996673822
R-distance_step500 36 9 9 0.007116138935089111
R-distance_step500 40 0 0 0.005864545935764909
R-distance_step500 40 0 1 0.0055789860198274255
R-distance_step500 40 0 2 0.004262855974957347
R-distance_step500 40 0 3 0.004070308059453964
R-distance_step500 40 0 4 0.004051682073622942
R-distance_step500 40 0 5 0.004061201005242765
R-distance_step500 40 0 6 0.0040661400416865945
R-distance_step500 40 0 7 0.00404719403013587
R-distance_step500 40 0 8 0.004041131003759801
R-distance_step500 40 0 9 0.005287475069053471
R-distance_step500 40 1 0 0.005061059957370162
R-distance_step500 40 1 1 0.004063014057464898
R-distance_step500 40 1 2 0.004446546081453562
R-distance_step500 40 1 3 0.004094545962288976
R-distance_step500 40 1 4 0.004118111100979149
R-distance_step500 40 1 5 0.004080547951161861
R-distance_step500 40 1 6 0.004223689087666571
R-distance_step500 40 1 7 0.004074746975675225
R-distance_step500 40 1 8 0.0041512970346957445
R-distance_step500 40 1 9 0.00405576906632632
R-distance_step500 40 2 0 0.004078935016877949
R-distance_step500 40 2 1 0.0040556800086051226
R-distance_step500 40 2 2 0.004060117993503809
R-distance_step500 40 2 3 0.004060268052853644
R-distance_step500 40 2 4 0.004056712030433118
R-distance_step500 40 2 5 0.004050008021295071
R-distance_step500 40 2 6 0.004079445963725448
R-distance_step500 40 2 7 0.004074556985870004
R-distance_step500 40 2 8 0.004049035953357816
R-distance_step500 40 2 9 0.00405378604773432
R-distance_step500 40 3 0 0.00425789610017091
R-distance_step500 40 3 1 0.0042156740091741085
R-distance_step500 40 3 2 0.004164332989603281
R-distance_step500 40 3 3 0.004065528977662325
R-distance_step500 40 3 4 0.0041653040098026395
R-distance_step500 40 3 5 0.004062223015353084
R-distance_step500 40 3 6 0.004081591032445431
R-distance_step500 40 3 7 0.004054437973536551
R-distance_step500 40 3 8 0.004059656988829374
R-distance_step500 40 3 9 0.00398922897875309
R-distance_step500 40 4 0 0.004417979973368347
R-distance_step500 40 4 1 0.004040849977172911
R-distance_step500 40 4 2 0.0039252639980986714
R-distance_step500 40 4 3 0.00391163700260222
R-distance_step500 40 4 4 0.004200974013656378
R-distance_step500 40 4 5 0.0053178840316832066
R-distance_step500 40 4 6 0.004252756014466286
R-distance_step500 40 4 7 0.0043500770116224885
R-distance_step500 40 4 8 0.004051771946251392
R-distance_step500 40 4 9 0.004083734005689621
R-distance_step500 40 5 0 0.0042125670006498694
R-distance_step500 40 5 1 0.004207005957141519
R-distance_step500 40 5 2 0.004164283047430217
R-distance_step500 40 5 3 0.004154653055593371
R-distance_step500 40 5 4 0.004063916043378413
R-distance_step500 40 5 5 0.00406979804392904
R-distance_step500 40 5 6 0.00408624904230237
R-distance_step500 40 5 7 0.004070077906362712
R-distance_step500 40 5 8 0.004059807979501784
R-distance_step500 40 5 9 0.004099625977687538
R-distance_step500 40 6 0 0.004043084918521345
R-distance_step500 40 6 1 0.00406802399083972
R-distance_step500 40 6 2 0.003997636027634144
R-distance_step500 40 6 3 0.004068664973601699
R-distance_step500 40 6 4 0.0040670320158824325
R-distance_step500 40 6 5 0.004052823991514742
R-distance_step500 40 6 6 0.00407420692499727
R-distance_step500 40 6 7 0.004082100931555033
R-distance_step500 40 6 8 0.004068714915774763
R-distance_step500 40 6 9 0.004058275022543967
R-distance_step500 40 7 0 0.004061140934936702
R-distance_step500 40 7 1 0.004104194929823279
R-distance_step500 40 7 2 0.0040593770099803805
R-distance_step500 40 7 3 0.004051640979014337
R-distance_step500 40 7 4 0.004080218030139804
R-distance_step500 40 7 5 0.004072252078913152
R-distance_step500 40 7 6 0.003985701943747699
R-distance_step500 40 7 7 0.003967376076616347
R-distance_step500 40 7 8 0.003927038051187992
R-distance_step500 40 7 9 0.003999279928393662
R-distance_step500 40 8 0 0.005197779042646289
R-distance_step500 40 8 1 0.004098793957382441
R-distance_step500 40 8 2 0.003964740899391472
R-distance_step500 40 8 3 0.004003496957011521
R-distance_step500 40 8 4 0.003960472997277975
R-distance_step500 40 8 5 0.003965132054872811
R-distance_step500 40 8 6 0.003968689008615911
R-distance_step500 40 8 7 0.003949059988372028
R-distance_step500 40 8 8 0.0039518659468740225
R-distance_step500 40 8 9 0.003965743002481759
R-distance_step500 40 9 0 0.003968889941461384
R-distance_step500 40 9 1 0.003980993060395122
R-distance_step500 40 9 2 0.0039624059572815895
R-distance_step500 40 9 3 0.003971404978074133
R-distance_step500 40 9 4 0.0039624570636078715
R-distance_step500 40 9 5 0.003961905953474343
R-distance_step500 40 9 6 0.0039731370052322745
R-distance_step500 40 9 7 0.003954201005399227
R-distance_step500 40 9 8 0.003970051999203861
R-distance_step500 40 9 9 0.0039741500513628125
R-distance_step500 47 0 0 0.06562390201725066
R-distance_step500 47 0 1 0.06276137102395296
R-distance_step500 47 0 2 0.05897797492798418
R-distance_step500 47 0 3 0.0621956919785589
R-distance_step500 47 0 4 0.061192875960841775
R-distance_step500 47 0 5 0.06352279300335795
R-distance_step500 47 0 6 0.0774502829881385
R-distance_step500 47 0 7 0.06271211407147348
R-distance_step500 47 0 8 0.06366971204988658
R-distance_step500 47 0 9 0.06466415396425873
R-distance_step500 47 1 0 0.06000200589187443
R-distance_step500 47 1 1 0.06369521596934646
R-distance_step500 47 1 2 0.05978737608529627
R-distance_step500 47 1 3 0.0660332179395482
R-distance_step500 47 1 4 0.06204381899442524
R-distance_step500 47 1 5 0.060043167090043426
R-distance_step500 47 1 6 0.06400491308886558
R-distance_step500 47 1 7 0.06144053605385125
R-distance_step500 47 1 8 0.0698631249833852
R-distance_step500 47 1 9 0.06247326999437064
R-distance_step500 47 2 0 0.06163158093113452
R-distance_step500 47 2 1 0.06272453302517533
R-distance_step500 47 2 2 0.06398041395004839
R-distance_step500 47 2 3 0.062223360990174115
R-distance_step500 47 2 4 0.06216961389873177
R-distance_step500 47 2 5 0.06439587299246341
R-distance_step500 47 2 6 0.06336114590521902
R-distance_step500 47 2 7 0.0650211590109393
R-distance_step500 47 2 8 0.06149513798300177
R-distance_step500 47 2 9 0.060149069991894066
R-distance_step500 47 3 0 0.06229631800670177
R-distance_step500 47 3 1 0.06129623798187822
R-distance_step500 47 3 2 0.06416330696083605
R-distance_step500 47 3 3 0.060182454995810986
R-distance_step500 47 3 4 0.0625963059719652
R-distance_step500 47 3 5 0.06135297904256731
R-distance_step500 47 3 6 0.06248067901469767
R-distance_step500 47 3 7 0.0620440230704844
R-distance_step500 47 3 8 0.06443458900321275
R-distance_step500 47 3 9 0.06150537705980241
R-distance_step500 47 4 0 0.06192384602036327
R-distance_step500 47 4 1 0.06208827404771
R-distance_step500 47 4 2 0.059742397046647966
R-distance_step500 47 4 3 0.05982804496306926
R-distance_step500 47 4 4 0.06165261100977659
R-distance_step500 47 4 5 0.06011948699597269
R-distance_step500 47 4 6 0.06237504701130092
R-distance_step500 47 4 7 0.06019609607756138
R-distance_step500 47 4 8 0.06389480491634458
R-distance_step500 47 4 9 0.06329145398922265
R-distance_step500 47 5 0 0.06539328303188086
R-distance_step500 47 5 1 0.0637399930274114
R-distance_step500 47 5 2 0.06109078007284552
R-distance_step500 47 5 3 0.06001779704820365
R-distance_step500 47 5 4 0.06178588198963553
R-distance_step500 47 5 5 0.05978763697203249
R-distance_step500 47 5 6 0.06645120494067669
R-distance_step500 47 5 7 0.06066093302797526
R-distance_step500 47 5 8 0.06314747501164675
R-distance_step500 47 5 9 0.06143025902565569
R-distance_step500 47 6 0 0.06479869200848043
R-distance_step500 47 6 1 0.06445260299369693
R-distance_step500 47 6 2 0.061027070973068476
R-distance_step500 47 6 3 0.06466642196755856
R-distance_step500 47 6 4 0.06434352998621762
R-distance_step500 47 6 5 0.06307658704463392
R-distance_step500 47 6 6 0.05928823200520128
R-distance_step500 47 6 7 0.0638613150222227
R-distance_step500 47 6 8 0.0625505659263581
R-distance_step500 47 6 9 0.06047847494482994
R-distance_step500 47 7 0 0.06268982798792422
R-distance_step500 47 7 1 0.06424188998062164
R-distance_step500 47 7 2 0.05980393092613667
R-distance_step500 47 7 3 0.06255821592640132
R-distance_step500 47 7 4 0.06051126401871443
R-distance_step500 47 7 5 0.06202805694192648
R-distance_step500 47 7 6 0.06301538099069148
R-distance_step500 47 7 7 0.06111136905383319
R-distance_step500 47 7 8 0.06535735202487558
R-distance_step500 47 7 9 0.06314787094015628
R-distance_step500 47 8 0 0.06116451392881572
R-distance_step500 47 8 1 0.06472465104889125
R-distance_step500 47 8 2 0.06071763799991459
R-distance_step500 47 8 3 0.06656096002552658
R-distance_step500 47 8 4 0.06315711897332221
R-distance_step500 47 8 5 0.06042031501419842
R-distance_step500 47 8 6 0.0744946370832622
R-distance_step500 47 8 7 0.06378360697999597
R-distance_step500 47 8 8 0.06537078297697008
R-distance_step500 47 8 9 0.06351691798772663
R-distance_step500 47 9 0 0.061415861011482775
R-distance_step500 47 9 1 0.06194137199781835
R-distance_step500 47 9 2 0.06397248199209571
R-distance_step500 47 9 3 0.06423533603083342
R-distance_step500 47 9 4 0.06296876398846507
R-distance_step500 47 9 5 0.061981769977137446
R-distance_step500 47 9 6 0.061487350962124765
R-distance_step500 47 9 7 0.0633405230473727
R-distance_step500 47 9 8 0.06365704408381134
R-distance_step500 47 9 9 0.059132026974111795
R-distance_step500 51 0 0 0.025625376030802727
R-distance_step500 51 0 1 0.023055379977449775
R-distance_step500 51 0 2 0.022376128006726503
R-distance_step500 51 0 3 0.022350428975187242
R-distance_step500 51 0 4 0.02284795301966369
R-distance_step500 51 0 5 0.023574346909299493
R-distance_step500 51 0 6 0.023498508031480014
R-distance_step500 51 0 7 0.02576351596508175
R-distance_step500 51 0 8 0.022979411063715816
R-distance_step500 51 0 9 0.02444731700234115
R-distance_step500 51 1 0 0.022389553021639585
R-distance_step500 51 1 1 0.022629542974755168
R-distance_step500 51 1 2 0.021510069957002997
R-distance_step500 51 1 3 0.023587950970977545
R-distance_step500 51 1 4 0.022731653065420687
R-distance_step500 51 1 5 0.022751080919988453
R-distance_step500 51 1 6 0.022691294085234404
R-distance_step500 51 1 7 0.023145163082517684
R-distance_step500 51 1 8 0.022553063929080963
R-distance_step500 51 1 9 0.024629482999444008
R-distance_step500 51 2 0 0.026694567990489304
R-distance_step500 51 2 1 0.023990310030058026
R-distance_step500 51 2 2 0.023264797986485064
R-distance_step500 51 2 3 0.022348914062604308
R-distance_step500 51 2 4 0.022238756995648146
R-distance_step500 51 2 5 0.022548744920641184
R-distance_step500 51 2 6 0.02410345000680536
R-distance_step500 51 2 7 0.02457325195427984
R-distance_step500 51 2 8 0.02294613409321755
R-distance_step500 51 2 9 0.023088012007065117
R-distance_step500 51 3 0 0.023535949061624706
R-distance_step500 51 3 1 0.02226929704193026
R-distance_step500 51 3 2 0.022866147104650736
R-distance_step500 51 3 3 0.025523614953272045
R-distance_step500 51 3 4 0.02321454999037087
R-distance_step500 51 3 5 0.02259055699687451
R-distance_step500 51 3 6 0.02287551504559815
R-distance_step500 51 3 7 0.02266513300128281
R-distance_step500 51 3 8 0.02297718496993184
R-distance_step500 51 3 9 0.027042591013014317
R-distance_step500 51 4 0 0.023595437058247626
R-distance_step500 51 4 1 0.022668420104309916
R-distance_step500 51 4 2 0.023292701924219728
R-distance_step500 51 4 3 0.023987745051272213
R-distance_step500 51 4 4 0.023172707995399833
R-distance_step500 51 4 5 0.024203768000006676
R-distance_step500 51 4 6 0.025032853009179235
R-distance_step500 51 4 7 0.02415445097722113
R-distance_step500 51 4 8 0.023616657010279596
R-distance_step500 51 4 9 0.022895244066603482
R-distance_step500 51 5 0 0.02257632906548679
R-distance_step500 51 5 1 0.025199709925800562
R-distance_step500 51 5 2 0.024637005990371108
R-distance_step500 51 5 3 0.02285167609807104
R-distance_step500 51 5 4 0.023483705008402467
R-distance_step500 51 5 5 0.024245457956567407
R-distance_step500 51 5 6 0.024154018028639257
R-distance_step500 51 5 7 0.024420971050858498
R-distance_step500 51 5 8 0.025376865058206022
R-distance_step500 51 5 9 0.025132325012236834
R-distance_step500 51 6 0 0.023426352068781853
R-distance_step500 51 6 1 0.02368753496557474
R-distance_step500 51 6 2 0.025124330073595047
R-distance_step500 51 6 3 0.026089812046848238
R-distance_step500 51 6 4 0.02772716002073139
R-distance_step500 51 6 5 0.02403464401140809
R-distance_step500 51 6 6 0.02456875203642994
R-distance_step500 51 6 7 0.024103189003653824
R-distance_step500 51 6 8 0.025028210948221385
R-distance_step500 51 6 9 0.02494958695024252
R-distance_step500 51 7 0 0.025268312077969313
R-distance_step500 51 7 1 0.024385613040067255
R-distance_step500 51 7 2 0.022926802979782224
R-distance_step500 51 7 3 0.023900342057459056
R-distance_step500 51 7 4 0.024005627958104014
R-distance_step500 51 7 5 0.023641744046472013
R-distance_step500 51 7 6 0.026199286920018494
R-distance_step500 51 7 7 0.023986550979316235
R-distance_step500 51 7 8 0.022484095999971032
R-distance_step500 51 7 9 0.024051157059147954
R-distance_step500 51 8 0 0.02396966691594571
R-distance_step500 51 8 1 0.02520111098419875
R-distance_step500 51 8 2 0.026120882015675306
R-distance_step500 51 8 3 0.024132035090588033
R-distance_step500 51 8 4 0.022842618986032903
R-distance_step500 51 8 5 0.024208756047300994
R-distance_step500 51 8 6 0.0228127499576658
R-distance_step500 51 8 7 0.02271958696655929
R-distance_step500 51 8 8 0.026338899973779917
R-distance_step500 51 8 9 0.024359390954487026
R-distance_step500 51 9 0 0.02429904299788177
R-distance_step500 51 9 1 0.022991379955783486
R-distance_step500 51 9 2 0.02284844103269279
R-distance_step500 51 9 3 0.02267265401314944
R-distance_step500 51 9 4 0.022520635975524783
R-distance_step500 51 9 5 0.024199445033445954
R-distance_step500 51 9 6 0.02563936705701053
R-distance_step500 51 9 7 0.024693352985195816
R-distance_step500 51 9 8 0.02339194400701672
R-distance_step500 51 9 9 0.02365874603856355
R-distance_step500 52 0 0 0.8082321370020509
R-distance_step500 52 0 1 0.8160827120300382
R-distance_step500 52 0 2 0.804021438001655
R-distance_step500 52 0 3 0.7969607330160215
R-distance_step500 52 0 4 0.8071209569461644
R-distance_step500 52 0 5 0.801084540085867
R-distance_step500 52 0 6 0.8252652920782566
R-distance_step500 52 0 7 0.811858305009082
R-distance_step500 52 0 8 0.8132365719648078
R-distance_step500 52 0 9 0.8156266110017896
R-distance_step500 52 1 0 0.7969528420362622
R-distance_step500 52 1 1 0.7995704899076372
R-distance_step500 52 1 2 0.8105939029483125
R-distance_step500 52 1 3 0.8099735459545627
R-distance_step500 52 1 4 0.8046261230483651
R-distance_step500 52 1 5 0.8021279399981722
R-distance_step500 52 1 6 0.8061970409471542
R-distance_step500 52 1 7 0.8828676079865545
R-distance_step500 52 1 8 0.8492650840198621
R-distance_step500 52 1 9 0.8249155019875616
R-distance_step500 52 2 0 0.8183904109755531
R-distance_step500 52 2 1 0.8037057999754325
R-distance_step500 52 2 2 0.8130963949952275
R-distance_step500 52 2 3 0.8183024479076266
R-distance_step500 52 2 4 0.8269688830478117
R-distance_step500 52 2 5 0.8209250390063971
R-distance_step500 52 2 6 0.8229321039980277
R-distance_step500 52 2 7 0.8373971770051867
R-distance_step500 52 2 8 0.8119439680594951
R-distance_step500 52 2 9 0.8098424300551414
R-distance_step500 52 3 0 0.8161284340312704
R-distance_step500 52 3 1 0.8226054589031264
R-distance_step500 52 3 2 0.8266447930363938
R-distance_step500 52 3 3 0.8229058479191735
R-distance_step500 52 3 4 0.8282516880426556
R-distance_step500 52 3 5 0.8118267029058188
R-distance_step500 52 3 6 0.810565092950128
R-distance_step500 52 3 7 0.8126947319833562
R-distance_step500 52 3 8 0.8218688210472465
R-distance_step500 52 3 9 0.8172162550035864
R-distance_step500 52 4 0 0.8402667130576447
R-distance_step500 52 4 1 0.8333102379692718
R-distance_step500 52 4 2 0.8495686139212921
R-distance_step500 52 4 3 0.8170842559775338
R-distance_step500 52 4 4 0.8418139340355992
R-distance_step500 52 4 5 0.8072803729446605
R-distance_step500 52 4 6 0.8346460250904784
R-distance_step500 52 4 7 0.8204533290117979
R-distance_step500 52 4 8 0.8239414119161665
R-distance_step500 52 4 9 0.816820822074078
R-distance_step500 52 5 0 0.8057049060007557
R-distance_step500 52 5 1 0.833282568026334
R-distance_step500 52 5 2 0.8282275979872793
R-distance_step500 52 5 3 0.8353845849633217
R-distance_step500 52 5 4 0.8266525459475815
R-distance_step500 52 5 5 0.8247917840490118
R-distance_step500 52 5 6 0.8125771509949118
R-distance_step500 52 5 7 0.8147734910016879
R-distance_step500 52 5 8 0.8168070879764855
R-distance_step500 52 5 9 0.8383328600320965
R-distance_step500 52 6 0 0.8316251409705728
R-distance_step500 52 6 1 0.8079208439448848
R-distance_step500 52 6 2 0.8052490080008283
R-distance_step500 52 6 3 0.8285366200143471
R-distance_step500 52 6 4 0.8234090659534559
R-distance_step500 52 6 5 0.813125592074357
R-distance_step500 52 6 6 0.8277967540780082
R-distance_step500 52 6 7 0.8191568109905347
R-distance_step500 52 6 8 0.8178366520442069
R-distance_step500 52 6 9 0.8158851579064503
R-distance_step500 52 7 0 0.8291340779978782
R-distance_step500 52 7 1 0.8365081800147891
R-distance_step500 52 7 2 0.820617942023091
R-distance_step500 52 7 3 0.828781210933812
R-distance_step500 52 7 4 0.8158466450404376
R-distance_step500 52 7 5 0.818102975958027
R-distance_step500 52 7 6 0.8351524900645018
R-distance_step500 52 7 7 0.8222822869429365
R-distance_step500 52 7 8 0.8367633889429271
R-distance_step500 52 7 9 0.8366722690407187
R-distance_step500 52 8 0 0.8295467620482668
R-distance_step500 52 8 1 0.8140699820360169
R-distance_step500 52 8 2 0.8126819729804993
R-distance_step500 52 8 3 0.8162211599992588
R-distance_step500 52 8 4 0.8315206540282816
R-distance_step500 52 8 5 0.8310439529595897
R-distance_step500 52 8 6 0.8274142909795046
R-distance_step500 52 8 7 0.8092028560349718
R-distance_step500 52 8 8 0.8193432580446824
R-distance_step500 52 8 9 0.8108765840297565
R-distance_step500 52 9 0 0.823985646944493
R-distance_step500 52 9 1 0.8198098969878629
R-distance_step500 52 9 2 0.8133154030656442
R-distance_step500 52 9 3 0.8292128300527111
R-distance_step500 52 9 4 0.8247659660410136
R-distance_step500 52 9 5 0.8309154190355912
R-distance_step500 52 9 6 0.8294669720344245
R-distance_step500 52 9 7 0.8246892199385911
R-distance_step500 52 9 8 0.7988004429498687
R-distance_step500 52 9 9 0.8486838979879394
R-distance_step500 56 0 0 0.019068558933213353
R-distance_step500 56 0 1 0.016978807980194688
R-distance_step500 56 0 2 0.016959000029601157
R-distance_step500 56 0 3 0.017995823989622295
R-distance_step500 56 0 4 0.01727647997904569
R-distance_step500 56 0 5 0.01737710600718856
R-distance_step500 56 0 6 0.016982645960524678
R-distance_step500 56 0 7 0.016996972961351275
R-distance_step500 56 0 8 0.017482843017205596
R-distance_step500 56 0 9 0.017263222951442003
R-distance_step500 56 1 0 0.018520437995903194
R-distance_step500 56 1 1 0.017467843019403517
R-distance_step500 56 1 2 0.01974786596838385
R-distance_step500 56 1 3 0.01744273502845317
R-distance_step500 56 1 4 0.01841081492602825
R-distance_step500 56 1 5 0.017885027918964624
R-distance_step500 56 1 6 0.017402715981006622
R-distance_step500 56 1 7 0.016921055037528276
R-distance_step500 56 1 8 0.016577885020524263
R-distance_step500 56 1 9 0.01712086610496044
R-distance_step500 56 2 0 0.017892482923343778
R-distance_step500 56 2 1 0.01732048497069627
R-distance_step500 56 2 2 0.01697187393438071
R-distance_step500 56 2 3 0.016979550011456013
R-distance_step500 56 2 4 0.01698041195049882
R-distance_step500 56 2 5 0.016954991966485977
R-distance_step500 56 2 6 0.0169842989416793
R-distance_step500 56 2 7 0.016969560994766653
R-distance_step500 56 2 8 0.016885045100934803
R-distance_step500 56 2 9 0.01897796301636845
R-distance_step500 56 3 0 0.017865229048766196
R-distance_step500 56 3 1 0.016981714055873454
R-distance_step500 56 3 2 0.016964861075393856
R-distance_step500 56 3 3 0.016979840002022684
R-distance_step500 56 3 4 0.016975792008452117
R-distance_step500 56 3 5 0.016970562981441617
R-distance_step500 56 3 6 0.016970611992292106
R-distance_step500 56 3 7 0.01819480292033404
R-distance_step500 56 3 8 0.017142227035947144
R-distance_step500 56 3 9 0.016974439029581845
R-distance_step500 56 4 0 0.01698607101570815
R-distance_step500 56 4 1 0.016985920956358314
R-distance_step500 56 4 2 0.016959139029495418
R-distance_step500 56 4 3 0.016795589006505907
R-distance_step500 56 4 4 0.016742234933190048
R-distance_step500 56 4 5 0.016655065002851188
R-distance_step500 56 4 6 0.01751798007171601
R-distance_step500 56 4 7 0.019063377985730767
R-distance_step500 56 4 8 0.016958848922513425
R-distance_step500 56 4 9 0.016967154922895133
R-distance_step500 56 5 0 0.01695738499984145
R-distance_step500 56 5 1 0.01695809594821185
R-distance_step500 56 5 2 0.016852278960868716
R-distance_step500 56 5 3 0.016676377039402723
R-distance_step500 56 5 4 0.01637465797830373
R-distance_step500 56 5 5 0.017595210927538574
R-distance_step500 56 5 6 0.017867623013444245
R-distance_step500 56 5 7 0.017022522049956024
R-distance_step500 56 5 8 0.016961191897280514
R-distance_step500 56 5 9 0.016962716006673872
R-distance_step500 56 6 0 0.016953026060946286
R-distance_step500 56 6 1 0.01667260890826583
R-distance_step500 56 6 2 0.016939881024882197
R-distance_step500 56 6 3 0.016982634086161852
R-distance_step500 56 6 4 0.017233184073120356
R-distance_step500 56 6 5 0.0194933470338583
R-distance_step500 56 6 6 0.01724102906882763
R-distance_step500 56 6 7 0.01730148703791201
R-distance_step500 56 6 8 0.01703944499604404
R-distance_step500 56 6 9 0.016960861976258457
R-distance_step500 56 7 0 0.016952114994637668
R-distance_step500 56 7 1 0.016975440899841487
R-distance_step500 56 7 2 0.01688173704314977
R-distance_step500 56 7 3 0.017878674087114632
R-distance_step500 56 7 4 0.017482529976405203
R-distance_step500 56 7 5 0.016968657029792666
R-distance_step500 56 7 6 0.01709244796074927
R-distance_step500 56 7 7 0.01701941608916968
R-distance_step500 56 7 8 0.016963026951998472
R-distance_step500 56 7 9 0.017034044954925776
R-distance_step500 56 8 0 0.016929792007431388
R-distance_step500 56 8 1 0.017377415904775262
R-distance_step500 56 8 2 0.019895181991159916
R-distance_step500 56 8 3 0.017339130979962647
R-distance_step500 56 8 4 0.016954708960838616
R-distance_step500 56 8 5 0.01696641300804913
R-distance_step500 56 8 6 0.016953808953985572
R-distance_step500 56 8 7 0.01695755508262664
R-distance_step500 56 8 8 0.01687635702546686
R-distance_step500 56 8 9 0.01687931304331869
R-distance_step500 56 9 0 0.01823392801452428
R-distance_step500 56 9 1 0.017407763982191682
R-distance_step500 56 9 2 0.016967534902505577
R-distance_step500 56 9 3 0.01696991897188127
R-distance_step500 56 9 4 0.016950290999375284
R-distance_step500 56 9 5 0.01685452403035015
R-distance_step500 56 9 6 0.016832030029036105
R-distance_step500 56 9 7 0.016642378992401063
R-distance_step500 56 9 8 0.01794829999562353
R-distance_step500 56 9 9 0.018106418079696596
R-distance_step500 62 0 0 0.2707396229961887
R-distance_step500 62 0 1 0.27369617600925267
R-distance_step500 62 0 2 0.2731039000209421
R-distance_step500 62 0 3 0.2720821120310575
R-distance_step500 62 0 4 0.2712635869393125
R-distance_step500 62 0 5 0.2700927200494334
R-distance_step500 62 0 6 0.2678733259672299
R-distance_step500 62 0 7 0.2639824009966105
R-distance_step500 62 0 8 0.2754172480199486
R-distance_step500 62 0 9 0.26956369797699153
R-distance_step500 62 1 0 0.2689390139421448
R-distance_step500 62 1 1 0.2648720880970359
R-distance_step500 62 1 2 0.2693924040067941
R-distance_step500 62 1 3 0.28408935002516955
R-distance_step500 62 1 4 0.2728578600799665
R-distance_step500 62 1 5 0.2740637450478971
R-distance_step500 62 1 6 0.2660282769938931
R-distance_step500 62 1 7 0.27156215196009725
R-distance_step500 62 1 8 0.27520269295200706
R-distance_step500 62 1 9 0.28123012802097946
R-distance_step500 62 2 0 0.2786189990583807
R-distance_step500 62 2 1 0.27236704691313207
R-distance_step500 62 2 2 0.27601637807674706
R-distance_step500 62 2 3 0.28759123594500124
R-distance_step500 62 2 4 0.2824628039961681
R-distance_step500 62 2 5 0.2790163221070543
R-distance_step500 62 2 6 0.2774315819842741
R-distance_step500 62 2 7 0.27371987502556294
R-distance_step500 62 2 8 0.2710719850147143
R-distance_step500 62 2 9 0.27525939093902707
R-distance_step500 62 3 0 0.2752588799921796
R-distance_step500 62 3 1 0.2718827089993283
R-distance_step500 62 3 2 0.28218317800201476
R-distance_step500 62 3 3 0.30034656601492316
R-distance_step500 62 3 4 0.27586183708626777
R-distance_step500 62 3 5 0.2798091230215505
R-distance_step500 62 3 6 0.27297215803992003
R-distance_step500 62 3 7 0.27335810102522373
R-distance_step500 62 3 8 0.2758039450272918
R-distance_step500 62 3 9 0.26989520504139364
R-distance_step500 62 4 0 0.27832954504992813
R-distance_step500 62 4 1 0.27683386602438986
R-distance_step500 62 4 2 0.2791102200280875
R-distance_step500 62 4 3 0.27282810397446156
R-distance_step500 62 4 4 0.27284295693971217
R-distance_step500 62 4 5 0.27523969497997314
R-distance_step500 62 4 6 0.27424826892092824
R-distance_step500 62 4 7 0.27785983006469905
R-distance_step500 62 4 8 0.27255627792328596
R-distance_step500 62 4 9 0.2726354718906805
R-distance_step500 62 5 0 0.27143058297224343
R-distance_step500 62 5 1 0.2743151820031926
R-distance_step500 62 5 2 0.2734991089673713
R-distance_step500 62 5 3 0.27688291296362877
R-distance_step500 62 5 4 0.2742922230390832
R-distance_step500 62 5 5 0.2749776750570163
R-distance_step500 62 5 6 0.2690000490983948
R-distance_step500 62 5 7 0.282701367046684
R-distance_step500 62 5 8 0.28792269993573427
R-distance_step500 62 5 9 0.27134167996700853
R-distance_step500 62 6 0 0.27648701099678874
R-distance_step500 62 6 1 0.2702699489891529
R-distance_step500 62 6 2 0.27205266896635294
R-distance_step500 62 6 3 0.2700178080704063
R-distance_step500 62 6 4 0.28498713090084493
R-distance_step500 62 6 5 0.2722239049617201
R-distance_step500 62 6 6 0.281781004043296
R-distance_step500 62 6 7 0.27911287802271545
R-distance_step500 62 6 8 0.2810238800011575
R-distance_step500 62 6 9 0.2715170349692926
R-distance_step500 62 7 0 0.2706061080098152
R-distance_step500 62 7 1 0.2746798669686541
R-distance_step500 62 7 2 0.2746696650283411
R-distance_step500 62 7 3 0.2757020340068266
R-distance_step500 62 7 4 0.2773091490380466
R-distance_step500 62 7 5 0.27270281000528485
R-distance_step500 62 7 6 0.2654473639559001
R-distance_step500 62 7 7 0.274603380006738
R-distance_step500 62 7 8 0.2761828020447865
R-distance_step500 62 7 9 0.2718776339897886
R-distance_step500 62 8 0 0.2850328920176253
R-distance_step500 62 8 1 0.28546485397964716
R-distance_step500 62 8 2 0.2841804480412975
R-distance_step500 62 8 3 0.2770713099744171
R-distance_step500 62 8 4 0.2729924889281392
R-distance_step500 62 8 5 0.27110638900194317
R-distance_step500 62 8 6 0.27434839005582035
R-distance_step500 62 8 7 0.2739789850311354
R-distance_step500 62 8 8 0.2743167739827186
R-distance_step500 62 8 9 0.2755133679602295
R-distance_step500 62 9 0 0.27965089003555477
R-distance_step500 62 9 1 0.27977313997689635
R-distance_step500 62 9 2 0.27516669407486916
R-distance_step500 62 9 3 0.2871084010694176
R-distance_step500 62 9 4 0.2707040690584108
R-distance_step500 62 9 5 0.27013982797507197
R-distance_step500 62 9 6 0.2779226510319859
R-distance_step500 62 9 7 0.273423757054843
R-distance_step500 62 9 8 0.27255675406195223
R-distance_step500 62 9 9 0.26662023295648396
R-distance_step500 64 0 0 0.17341948999091983
R-distance_step500 64 0 1 0.1727393720066175
R-distance_step500 64 0 2 0.16743788903113455
R-distance_step500 64 0 3 0.17033142398577183
R-distance_step500 64 0 4 0.16771149297710508
R-distance_step500 64 0 5 0.16673617903143167
R-distance_step500 64 0 6 0.1723112160107121
R-distance_step500 64 0 7 0.1734175729798153
R-distance_step500 64 0 8 0.17036228196229786
R-distance_step500 64 0 9 0.1710675680078566
R-distance_step500 64 1 0 0.1721983440220356
R-distance_step500 64 1 1 0.1705903869587928
R-distance_step500 64 1 2 0.17132199392654002
R-distance_step500 64 1 3 0.16820204409305006
R-distance_step500 64 1 4 0.16975433402694762
R-distance_step500 64 1 5 0.1663304960820824
R-distance_step500 64 1 6 0.16955457697622478
R-distance_step500 64 1 7 0.17706784105394036
R-distance_step500 64 1 8 0.1666949869832024
R-distance_step500 64 1 9 0.17184924602042884
R-distance_step500 64 2 0 0.16661782597657293
R-distance_step500 64 2 1 0.16357406799215823
R-distance_step500 64 2 2 0.16587535699363798
R-distance_step500 64 2 3 0.17153953399974853
R-distance_step500 64 2 4 0.16611726908013225
R-distance_step500 64 2 5 0.16069418599363416
R-distance_step500 64 2 6 0.16543129994533956
R-distance_step500 64 2 7 0.17464185506105423
R-distance_step500 64 2 8 0.1656279929447919
R-distance_step500 64 2 9 0.17423119395971298
R-distance_step500 64 3 0 0.1647508719470352
R-distance_step500 64 3 1 0.1685654380125925
R-distance_step500 64 3 2 0.17020175303332508
R-distance_step500 64 3 3 0.16429907991550863
R-distance_step500 64 3 4 0.16776051104534417
R-distance_step500 64 3 5 0.1751568269683048
R-distance_step500 64 3 6 0.17200650298036635
R-distance_step500 64 3 7 0.17150681093335152
R-distance_step500 64 3 8 0.17060561990365386
R-distance_step500 64 3 9 0.1684709449764341
R-distance_step500 64 4 0 0.16700252098962665
R-distance_step500 64 4 1 0.1659074859926477
R-distance_step500 64 4 2 0.16767060395795852
R-distance_step500 64 4 3 0.1749721779488027
R-distance_step500 64 4 4 0.17268851108383387
R-distance_step500 64 4 5 0.16816031804773957
R-distance_step500 64 4 6 0.16677048697602004
R-distance_step500 64 4 7 0.1657546559581533
R-distance_step500 64 4 8 0.16649915894959122
R-distance_step500 64 4 9 0.17241284402552992
R-distance_step500 64 5 0 0.16731616097968072
R-distance_step500 64 5 1 0.16820709907915443
R-distance_step500 64 5 2 0.17004501295741647
R-distance_step500 64 5 3 0.17399823293089867
R-distance_step500 64 5 4 0.165874307975173
R-distance_step500 64 5 5 0.1631644139997661
R-distance_step500 64 5 6 0.16656909207813442
R-distance_step500 64 5 7 0.168750436976552
R-distance_step500 64 5 8 0.17305338801816106
R-distance_step500 64 5 9 0.17648761603049934
R-distance_step500 64 6 0 0.1705448169959709
R-distance_step500 64 6 1 0.17153236002195626
R-distance_step500 64 6 2 0.17197923199273646
R-distance_step500 64 6 3 0.16433012497145683
R-distance_step500 64 6 4 0.16519904998131096
R-distance_step500 64 6 5 0.16903316706884652
R-distance_step500 64 6 6 0.17262214398942888
R-distance_step500 64 6 7 0.1712598679587245
R-distance_step500 64 6 8 0.17141803610138595
R-distance_step500 64 6 9 0.17507017904426903
R-distance_step500 64 7 0 0.16713688697200269
R-distance_step500 64 7 1 0.16644405690021813
R-distance_step500 64 7 2 0.16889823891688138
R-distance_step500 64 7 3 0.17236979003064334
R-distance_step500 64 7 4 0.17765123001299798
R-distance_step500 64 7 5 0.1800459590740502
R-distance_step500 64 7 6 0.1744515699101612
R-distance_step500 64 7 7 0.16864045895636082
R-distance_step500 64 7 8 0.16975166008342057
R-distance_step500 64 7 9 0.1733801489463076
R-distance_step500 64 8 0 0.16853802697733045
R-distance_step500 64 8 1 0.17167807999067008
R-distance_step500 64 8 2 0.17037728300783783
R-distance_step500 64 8 3 0.17139500798657537
R-distance_step500 64 8 4 0.17228507495019585
R-distance_step500 64 8 5 0.17087284801527858
R-distance_step500 64 8 6 0.16831425100099295
R-distance_step500 64 8 7 0.16567415103781968
R-distance_step500 64 8 8 0.16646186809521168
R-distance_step500 64 8 9 0.17013293504714966
R-distance_step500 64 9 0 0.174048701999709
R-distance_step500 64 9 1 0.17169867805205286
R-distance_step500 64 9 2 0.1703824910800904
R-distance_step500 64 9 3 0.16899231099523604
R-distance_step500 64 9 4 0.16755658108741045
R-distance_step500 64 9 5 0.16882638703100383
R-distance_step500 64 9 6 0.17056925501674414
R-distance_step500 64 9 7 0.17469991801772267
R-distance_step500 64 9 8 0.17679827904794365
R-distance_step500 64 9 9 0.17359459307044744
R-distance_step500 69 0 0 0.4991871459642425
R-distance_step500 69 0 1 0.5010740060824901
R-distance_step500 69 0 2 0.4943241529399529
R-distance_step500 69 0 3 0.4976038070162758
R-distance_step500 69 0 4 0.5077180430525914
R-distance_step500 69 0 5 0.5095853739185259
R-distance_step500 69 0 6 0.506515434011817
R-distance_step500 69 0 7 0.49374949804041535
R-distance_step500 69 0 8 0.505464592948556
R-distance_step500 69 0 9 0.4981641109334305
R-distance_step500 69 1 0 0.49545978498645127
R-distance_step500 69 1 1 0.4967155250487849
R-distance_step500 69 1 2 0.4995106199057773
R-distance_step500 69 1 3 0.48928397707641125
R-distance_step500 69 1 4 0.49814715003594756
R-distance_step500 69 1 5 0.5062232930213213
R-distance_step500 69 1 6 0.5150700220838189
R-distance_step500 69 1 7 0.5007344509940594
R-distance_step500 69 1 8 0.5085002629784867
R-distance_step500 69 1 9 0.502254651975818
R-distance_step500 69 2 0 0.49378529901150614
R-distance_step500 69 2 1 0.49705924303270876
R-distance_step500 69 2 2 0.5111460729967803
R-distance_step500 69 2 3 0.5145399500615895
R-distance_step500 69 2 4 0.5027265690732747
R-distance_step500 69 2 5 0.49837857100646943
R-distance_step500 69 2 6 0.5079668089747429
R-distance_step500 69 2 7 0.512179333018139
R-distance_step500 69 2 8 0.5086738930549473
R-distance_step500 69 2 9 0.5054671500110999
R-distance_step500 69 3 0 0.5105653769569471
R-distance_step500 69 3 1 0.4991164410021156
R-distance_step500 69 3 2 0.5102032360155135
R-distance_step500 69 3 3 0.49192916392348707
R-distance_step500 69 3 4 0.501009689993225
R-distance_step500 69 3 5 0.5120620029047132
R-distance_step500 69 3 6 0.4942558070179075
R-distance_step500 69 3 7 0.5547791450517252
R-distance_step500 69 3 8 0.5165731960441917
R-distance_step500 69 3 9 0.49901711102575064
R-distance_step500 69 4 0 0.5011837279889733
R-distance_step500 69 4 1 0.5013363669859245
R-distance_step500 69 4 2 0.49996303697116673
R-distance_step500 69 4 3 0.49540404905565083
R-distance_step500 69 4 4 0.48976585001219064
R-distance_step500 69 4 5 0.5164456209167838
R-distance_step500 69 4 6 0.5012842679861933
R-distance_step500 69 4 7 0.4958892409922555
R-distance_step500 69 4 8 0.496639839024283
R-distance_step500 69 4 9 0.4939515240257606
R-distance_step500 69 5 0 0.5016809079097584
R-distance_step500 69 5 1 0.5010430569527671
R-distance_step500 69 5 2 0.5085465000011027
R-distance_step500 69 5 3 0.50462930300273
R-distance_step500 69 5 4 0.5012390030315146
R-distance_step500 69 5 5 0.49883591500110924
R-distance_step500 69 5 6 0.4928064050618559
R-distance_step500 69 5 7 0.5008206299971789
R-distance_step500 69 5 8 0.5015385840088129
R-distance_step500 69 5 9 0.5015175869921222
R-distance_step500 69 6 0 0.5074715180089697
R-distance_step500 69 6 1 0.5041396720334888
R-distance_step500 69 6 2 0.5019929549889639
R-distance_step500 69 6 3 0.4988763800356537
R-distance_step500 69 6 4 0.49698217399418354
R-distance_step500 69 6 5 0.5022028479725122
R-distance_step500 69 6 6 0.5105227750027552
R-distance_step500 69 6 7 0.5070150580722839
R-distance_step500 69 6 8 0.5037163569359109
R-distance_step500 69 6 9 0.5009172910358757
R-distance_step500 69 7 0 0.4976036410080269
R-distance_step500 69 7 1 0.5068650329485536
R-distance_step500 69 7 2 0.5136652289656922
R-distance_step500 69 7 3 0.508083425113
R-distance_step500 69 7 4 0.4967881499323994
R-distance_step500 69 7 5 0.5147476000711322
R-distance_step500 69 7 6 0.4968650279333815
R-distance_step500 69 7 7 0.501064945012331
R-distance_step500 69 7 8 0.5011597609845921
R-distance_step500 69 7 9 0.5172049719840288
R-distance_step500 69 8 0 0.5041804020293057
R-distance_step500 69 8 1 0.5004135149065405
R-distance_step500 69 8 2 0.49816580896731466
R-distance_step500 69 8 3 0.5040819870773703
R-distance_step500 69 8 4 0.5170762479538098
R-distance_step500 69 8 5 0.5016854099230841
R-distance_step500 69 8 6 0.4944099059794098
R-distance_step500 69 8 7 0.5224119710037485
R-distance_step500 69 8 8 0.5113397160312161
R-distance_step500 69 8 9 0.4982876729918644
R-distance_step500 69 9 0 0.500720661948435
R-distance_step500 69 9 1 0.5001983309630305
R-distance_step500 69 9 2 0.5072407040279359
R-distance_step500 69 9 3 0.4995818199822679
R-distance_step500 69 9 4 0.49049936409574
R-distance_step500 69 9 5 0.49923775193747133
R-distance_step500 69 9 6 0.5004137839423493
R-distance_step500 69 9 7 0.5012603879440576
R-distance_step500 69 9 8 0.48758274607826024
R-distance_step500 69 9 9 0.48928729305043817
R-distance_step500 74 0 0 0.7000868209870532
R-distance_step500 74 0 1 0.7452777860453352
R-distance_step500 74 0 2 0.7047437010332942
R-distance_step500 74 0 3 0.703184055048041
R-distance_step500 74 0 4 0.6994398910319433
R-distance_step500 74 0 5 0.683474435005337
R-distance_step500 74 0 6 0.7063139929668978
R-distance_step500 74 0 7 0.7007383299060166
R-distance_step500 74 0 8 0.685911901993677
R-distance_step500 74 0 9 0.6977928610285744
R-distance_step500 74 1 0 0.7205975450342521
R-distance_step500 74 1 1 0.6782558150589466
R-distance_step500 74 1 2 0.7080688199494034
R-distance_step500 74 1 3 0.6851934939622879
R-distance_step500 74 1 4 0.6862179340096191
R-distance_step500 74 1 5 0.6962363959755749
R-distance_step500 74 1 6 0.6885329020442441
R-distance_step500 74 1 7 0.6807404019637033
R-distance_step500 74 1 8 0.6964363208971918
R-distance_step500 74 1 9 0.6914249369874597
R-distance_step500 74 2 0 0.7255403550807387
R-distance_step500 74 2 1 0.7022495140554383
R-distance_step500 74 2 2 0.6892213129904121
R-distance_step500 74 2 3 0.6878026099875569
R-distance_step500 74 2 4 0.6915634468896315
R-distance_step500 74 2 5 0.6880405821138993
R-distance_step500 74 2 6 0.6895415929611772
R-distance_step500 74 2 7 0.6886562869185582
R-distance_step500 74 2 8 0.6872668330324814
R-distance_step500 74 2 9 0.6872239949880168
R-distance_step500 74 3 0 0.6886965120211244
R-distance_step500 74 3 1 0.69071549794171
R-distance_step500 74 3 2 0.6864953869953752
R-distance_step500 74 3 3 0.6788857369683683
R-distance_step500 74 3 4 0.6898364749504253
R-distance_step500 74 3 5 0.6886563079897314
R-distance_step500 74 3 6 0.7067709770053625
R-distance_step500 74 3 7 0.7024641630705446
R-distance_step500 74 3 8 0.7022263969993219
R-distance_step500 74 3 9 0.6949743429431692
R-distance_step500 74 4 0 0.6999872290762141
R-distance_step500 74 4 1 0.6883320909691975
R-distance_step500 74 4 2 0.6904342150082812
R-distance_step500 74 4 3 0.6937932489672676
R-distance_step500 74 4 4 0.67807995993644
R-distance_step500 74 4 5 0.6923491091001779
R-distance_step500 74 4 6 0.6787443748908117
R-distance_step500 74 4 7 0.6736694539431483
R-distance_step500 74 4 8 0.7565705799497664
R-distance_step500 74 4 9 0.7054461420048028
R-distance_step500 74 5 0 0.6940533169545233
R-distance_step500 74 5 1 0.6744879310717806
R-distance_step500 74 5 2 0.6916619499679655
R-distance_step500 74 5 3 0.6949567730771378
R-distance_step500 74 5 4 0.710901182028465
R-distance_step500 74 5 5 0.6979669800493866
R-distance_step500 74 5 6 0.6928633210482076
R-distance_step500 74 5 7 0.6858453239547089
R-distance_step500 74 5 8 0.6874327990226448
R-distance_step500 74 5 9 0.6862007409799844
R-distance_step500 74 6 0 0.68272690102458
R-distance_step500 74 6 1 0.6774993190774694
R-distance_step500 74 6 2 0.6825109820347279
R-distance_step500 74 6 3 0.6869971550768241
R-distance_step500 74 6 4 0.6852285159984604
R-distance_step500 74 6 5 0.6869209599681199
R-distance_step500 74 6 6 0.6870961399981752
R-distance_step500 74 6 7 0.6749702490633354
R-distance_step500 74 6 8 0.6966546949697658
R-distance_step500 74 6 9 0.6915267220465466
R-distance_step500 74 7 0 0.6888936329632998
R-distance_step500 74 7 1 0.6958048369269818
R-distance_step500 74 7 2 0.6941130110062659
R-distance_step500 74 7 3 0.7005757399601862
R-distance_step500 74 7 4 0.6937633870402351
R-distance_step500 74 7 5 0.7046778689837083
R-distance_step500 74 7 6 0.6816699149785563
R-distance_step500 74 7 7 0.6913684540195391
R-distance_step500 74 7 8 0.6958991419523954
R-distance_step500 74 7 9 0.6972066909074783
R-distance_step500 74 8 0 0.6849552420899272
R-distance_step500 74 8 1 0.6879569030134007
R-distance_step500 74 8 2 0.6831732920836657
R-distance_step500 74 8 3 0.6834175359690562
R-distance_step500 74 8 4 0.6954746260307729
R-distance_step500 74 8 5 0.6803695280104876
R-distance_step500 74 8 6 0.7098061270080507
R-distance_step500 74 8 7 0.6947160339914262
R-distance_step500 74 8 8 0.6967061989707872
R-distance_step500 74 8 9 0.6849679450970143
R-distance_step500 74 9 0 0.6923303810181096
R-distance_step500 74 9 1 0.6905790210003033
R-distance_step500 74 9 2 0.7006002010311931
R-distance_step500 74 9 3 0.6866944120265543
R-distance_step500 74 9 4 0.6848092980217189
R-distance_step500 74 9 5 0.6948724139947444
R-distance_step500 74 9 6 0.6955822729505599
R-distance_step500 74 9 7 0.7009912800276652
R-distance_step500 74 9 8 0.6912072279956192
R-distance_step500 74 9 9 0.7275734540307894
R-distance_step500 78 0 0 1.129044754896313
R-distance_step500 78 0 1 1.1445547380717471
R-distance_step500 78 0 2 1.161379092023708
R-distance_step500 78 0 3 1.1338045289739966
R-distance_step500 78 0 4 1.1344028000021353
R-distance_step500 78 0 5 1.1549911230104044
R-distance_step500 78 0 6 1.1225007220637053
R-distance_step500 78 0 7 1.1321647459408268
R-distance_step500 78 0 8 1.1215010709129274
R-distance_step500 78 0 9 1.1188774219481274
R-distance_step500 78 1 0 1.1388904850464314
R-distance_step500 78 1 1 1.1496818689629436
R-distance_step500 78 1 2 1.175342652015388
R-distance_step500 78 1 3 1.1565582369221374
R-distance_step500 78 1 4 1.1250578339677304
R-distance_step500 78 1 5 1.1417728569358587
R-distance_step500 78 1 6 1.1474020819878206
R-distance_step500 78 1 7 1.1462821710156277
R-distance_step500 78 1 8 1.135122091975063
R-distance_step500 78 1 9 1.1556305839912966
R-distance_step500 78 2 0 1.152488478925079
R-distance_step500 78 2 1 1.1766356420703232
R-distance_step500 78 2 2 1.175167644978501
R-distance_step500 78 2 3 1.1484544000122696
R-distance_step500 78 2 4 1.1837139149429277
R-distance_step500 78 2 5 1.1514120519859716
R-distance_step500 78 2 6 1.128059781040065
R-distance_step500 78 2 7 1.1710699220420793
R-distance_step500 78 2 8 1.152092693024315
R-distance_step500 78 2 9 1.1291679120622575
R-distance_step500 78 3 0 1.127568268100731
R-distance_step500 78 3 1 1.1383060970110819
R-distance_step500 78 3 2 1.1696836620103568
R-distance_step500 78 3 3 1.1725420040311292
R-distance_step500 78 3 4 1.1276142899878323
R-distance_step500 78 3 5 1.136864268919453
R-distance_step500 78 3 6 1.1277240820927545
R-distance_step500 78 3 7 1.1290611039148644
R-distance_step500 78 3 8 1.1531061650021002
R-distance_step500 78 3 9 1.1177871830295771
R-distance_step500 78 4 0 1.1554218149976805
R-distance_step500 78 4 1 1.1578161980723962
R-distance_step500 78 4 2 1.1501146029913798
R-distance_step500 78 4 3 1.1441547879949212
R-distance_step500 78 4 4 1.1062030249740928
R-distance_step500 78 4 5 1.1341432390036061
R-distance_step500 78 4 6 1.1261306650703773
R-distance_step500 78 4 7 1.1339739189716056
R-distance_step500 78 4 8 1.119576712953858
R-distance_step500 78 4 9 1.1245788569794968
R-distance_step500 78 5 0 1.1459143350366503
R-distance_step500 78 5 1 1.1186502390773967
R-distance_step500 78 5 2 1.140038134995848
R-distance_step500 78 5 3 1.135101244901307
R-distance_step500 78 5 4 1.1575207790592685
R-distance_step500 78 5 5 1.1147061010124162
R-distance_step500 78 5 6 1.1911118699936196
R-distance_step500 78 5 7 1.1935341020580381
R-distance_step500 78 5 8 1.1369781160028651
R-distance_step500 78 5 9 1.12285664700903
R-distance_step500 78 6 0 1.1221077470108867
R-distance_step500 78 6 1 1.1229441119357944
R-distance_step500 78 6 2 1.1353491399204358
R-distance_step500 78 6 3 1.1329385089920834
R-distance_step500 78 6 4 1.1363159390166402
R-distance_step500 78 6 5 1.1501909660873935
R-distance_step500 78 6 6 1.1379005239577964
R-distance_step500 78 6 7 1.1292399700032547
R-distance_step500 78 6 8 1.1458567410008982
R-distance_step500 78 6 9 1.1603605429409072
R-distance_step500 78 7 0 1.1466076610377058
R-distance_step500 78 7 1 1.1583281439961866
R-distance_step500 78 7 2 1.1428456010762602
R-distance_step500 78 7 3 1.132252815994434
R-distance_step500 78 7 4 1.141379207954742
R-distance_step500 78 7 5 1.1753781569423154
R-distance_step500 78 7 6 1.1806952940532938
R-distance_step500 78 7 7 1.1627456510905176
R-distance_step500 78 7 8 1.124421538086608
R-distance_step500 78 7 9 1.1293267300352454
R-distance_step500 78 8 0 1.1451305919326842
R-distance_step500 78 8 1 1.1353091390337795
R-distance_step500 78 8 2 1.16691369691398
R-distance_step500 78 8 3 1.145838744007051
R-distance_step500 78 8 4 1.129686033935286
R-distance_step500 78 8 5 1.145646581077017
R-distance_step500 78 8 6 1.122786813066341
R-distance_step500 78 8 7 1.2200226939748973
R-distance_step500 78 8 8 1.117546561989002
R-distance_step500 78 8 9 1.1148776480695233
R-distance_step500 78 9 0 1.1349251810461283
R-distance_step500 78 9 1 1.1631304000038654
R-distance_step500 78 9 2 1.1462971459841356
R-distance_step500 78 9 3 1.0976318590110168
R-distance_step500 78 9 4 1.1083740670001134
R-distance_step500 78 9 5 1.1156820330070332
R-distance_step500 78 9 6 1.121227476047352
R-distance_step500 78 9 7 1.1449661140795797
R-distance_step500 78 9 8 1.129815467982553
R-distance_step500 78 9 9 1.1179212619317695
{'model': 'R-distance_step500', 'completed_pairs': 2000, 'requested_pairs': 2000, 'completed': True, 'complete_source_count': 20, 'FRD': 130.68488300103877, 'new_pairs': 2000, 'wall_seconds': 462.9373721560696}
