/home/zhengshiyi/react2025_new/.venv/lib/python3.10/site-packages/torch/_utils.py:831: UserWarning: TypedStorage is deprecated. It will be removed in the future and UntypedStorage will be the only storage class. This should only matter to you if you are using storages directly.  To access UntypedStorage directly, use tensor.untyped_storage() instead of tensor.storage()
  return self.fget.__get__(instance, owner)()
R-distance 1 5.275552988052368 0.0
R-distance 2 3.4181811809539795 0.0005387468952143592
R-distance 3 3.7674412727355957 -0.0006342893017276197
R-distance 4 3.5923266410827637 0.0007924241591155123
R-distance 5 3.7447593212127686 -0.0014203919492189244
R-distance 6 3.7056236267089844 0.0012858203982602846
R-distance 7 3.686595916748047 3.357183785723805e-05
R-distance 8 3.745417356491089 -0.00010518935302741284
R-distance 9 3.7715773582458496 0.0009622842484382943
R-distance 10 3.7167398929595947 -0.00016745898676830964
R-distance 11 3.7555811405181885 -0.001049367891566533
R-distance 12 3.588320732116699 0.0015381646761731815
R-distance 13 3.7572805881500244 -7.712403762809572e-05
R-distance 14 3.597970962524414 0.0017474709577115278
R-distance 15 3.589369535446167 0.002050657511135512
R-distance 16 3.687086582183838 -0.0002641319974451051
R-distance 17 3.735400676727295 -0.0008656515545901301
R-distance 18 3.6041419506073 -0.00294027927625109
R-distance 19 3.6997017860412598 -0.0007451669397880779
R-distance 20 3.7587080001831055 0.00208518416743857
R-distance 21 3.506692886352539 -0.0033549527297495278
R-distance 22 3.752833604812622 -0.0005890264800044065
R-distance 23 3.6893489360809326 8.535143602657059e-05
R-distance 24 4.036638975143433 -0.002881616910755014
R-distance 25 3.5170552730560303 0.002954134874096326
R-distance 26 3.7712464332580566 -0.0008018466762585775
R-distance 27 3.481205940246582 0.0023754303228777475
R-distance 28 3.6794204711914062 0.004392665597606538
R-distance 29 3.5634758472442627 -0.0016342442262889279
R-distance 30 3.621365547180176 -0.004689437572606892
R-distance 31 3.7569007873535156 -0.0018082984256963643
R-distance 32 3.6792654991149902 -0.00015120693610981562
R-distance 33 3.714094638824463 -0.0008302927080684697
R-distance 34 3.635756254196167 -0.0002873836164077659
R-distance 35 3.6297366619110107 0.00039417336476645917
R-distance 36 3.620069742202759 -0.0006556869410339061
R-distance 37 3.741318941116333 0.0001756945984446645
R-distance 38 3.613537073135376 0.00039275005575234445
R-distance 39 3.6894941329956055 -0.0003291917994751259
R-distance 40 3.7394585609436035 0.0045021175571037025
R-distance 41 3.691287040710449 -0.0031030987289483395
R-distance 42 3.7327446937561035 -0.005935767411018845
R-distance 43 3.7207155227661133 -0.0009828601535588177
R-distance 44 3.7552554607391357 0.0059727682863957915
R-distance 45 3.7305185794830322 0.005263441799943536
R-distance 46 3.5733144283294678 0.0064821614060960545
R-distance 47 3.598189353942871 0.0037425236141558575
R-distance 48 3.590231418609619 0.007488317363728215
R-distance 49 3.633016586303711 0.00206126360190666
R-distance 50 3.709813117980957 -0.0018170621180360058
R-distance 51 3.7522382736206055 0.00017802055723166178
R-distance 52 3.6423914432525635 -0.00038403867644873916
R-distance 53 3.7504115104675293 0.003059488737660843
R-distance 54 3.5646238327026367 -0.008021098041881202
R-distance 55 3.675290822982788 0.0009149055691260344
R-distance 56 3.6713168621063232 0.004417730512086138
R-distance 57 3.736790180206299 0.006598661019081931
R-distance 58 3.6383984088897705 0.007126509381118496
R-distance 59 3.633176803588867 -0.0065806564998048605
R-distance 60 4.057734727859497 -0.0005836263661109343
R-distance 61 3.748715877532959 -0.001487685448113041
R-distance 62 3.8425962924957275 -0.0018789478107343882
R-distance 63 3.828930616378784 -0.003718437089839455
R-distance 64 3.562358856201172 0.0005488154965753722
R-distance 65 3.7764859199523926 0.0011054756942314725
R-distance 66 3.695582628250122 0.001913556124371496
R-distance 67 3.7002015113830566 0.004723962042560004
R-distance 68 3.7210686206817627 -0.005361890616025278
R-distance 69 3.6121039390563965 0.004729525557713288
R-distance 70 3.729422092437744 0.0061415282808340525
R-distance 71 3.8039357662200928 0.0006934569675216551
R-distance 72 3.5306098461151123 0.0050218774735860455
R-distance 73 3.6858878135681152 -0.001180125499997331
R-distance 74 3.7329235076904297 0.006643113466084572
R-distance 75 3.729792594909668 -0.004587120295165193
R-distance 76 3.825284481048584 -0.004926233137796033
R-distance 77 3.726865530014038 7.178874187303563e-05
R-distance 78 3.7234106063842773 0.0012061412637280001
R-distance 79 3.6797525882720947 -0.00491309571572458
R-distance 80 3.623540163040161 0.00604478088025644
R-distance 81 3.650977611541748 0.0003502660298970284
R-distance 82 3.6509206295013428 0.002565530920705328
R-distance 83 3.768359422683716 0.0016734194498589261
R-distance 84 3.7079105377197266 -0.0052322437292716024
R-distance 85 3.6930055618286133 0.009303571130173794
R-distance 86 3.510132074356079 -0.0027539541681370853
R-distance 87 3.634049892425537 0.0005123967050920441
R-distance 88 3.692364454269409 -0.005595174242461099
R-distance 89 3.727283239364624 0.004435601264180633
R-distance 90 3.87015962600708 0.003828229239864811
R-distance 91 3.779963254928589 0.001266745943092218
R-distance 92 3.7468698024749756 0.0005275806904286639
R-distance 93 3.7403435707092285 0.0026461988310188646
R-distance 94 3.6395070552825928 -0.0002642303255733225
R-distance 95 3.742475748062134 0.004288995683742769
R-distance 96 3.6444907188415527 0.0018650204785615188
R-distance 97 3.6197168827056885 -0.004616709985192813
R-distance 98 3.7345292568206787 0.003315966916698443
R-distance 99 3.6562681198120117 -0.0022151948188586347
R-distance 100 3.6071557998657227 0.001438304872744567
R-distance 101 3.597973585128784 -0.012166419678288066
R-distance 102 3.5006914138793945 -0.0006540215316007903
R-distance 103 3.760162115097046 0.002148868878634147
R-distance 104 3.6336982250213623 -0.007858743181520111
R-distance 105 3.6609854698181152 -0.01142182612123932
R-distance 106 3.6735029220581055 0.001781842233351938
R-distance 107 3.7126243114471436 -0.006561646614668604
R-distance 108 3.6695048809051514 -0.00388124438819375
R-distance 109 3.595357894897461 -0.0059275798964350205
R-distance 110 3.7114667892456055 0.005359321476000645
R-distance 111 3.6307859420776367 0.004645378974488779
R-distance 112 3.69057559967041 -0.004033800288293321
R-distance 113 3.7926926612854004 -0.000987488368624412
R-distance 114 3.8639769554138184 0.0028669655916793604
R-distance 115 3.5944204330444336 0.000581980426027684
R-distance 116 3.6824707984924316 0.0023861896972022126
R-distance 117 3.7483108043670654 -0.0026141899047829043
R-distance 118 3.590914011001587 0.0033717653060989505
R-distance 119 3.6960134506225586 -0.0034157533014280263
R-distance 120 3.629686117172241 0.004762237460911223
R-distance 121 3.621943950653076 -0.0014479989290293817
R-distance 122 3.7091519832611084 -0.0006935281275417537
R-distance 123 3.6865386962890625 -0.0025108985791568728
R-distance 124 3.5441975593566895 0.004358948187808665
R-distance 125 3.750396251678467 0.002558522019671017
R-distance 126 3.565528392791748 0.0029172489609429423
R-distance 127 3.736938714981079 0.0028378170216591062
R-distance 128 3.595484495162964 -0.0012748852081074348
R-distance 129 3.5733540058135986 0.0005487849710050342
R-distance 130 3.664867401123047 -0.010414565169943303
R-distance 131 3.789397716522217 0.010802540553717677
R-distance 132 3.658928394317627 0.012087937066728928
R-distance 133 3.6470866203308105 0.004670680297482477
R-distance 134 3.7773468494415283 0.0020609730919183278
R-distance 135 3.732668399810791 -0.0016667018565499347
R-distance 136 3.6747188568115234 0.00836427198698928
R-distance 137 3.765160083770752 -0.0009179641816295715
R-distance 138 3.5148141384124756 -0.006943966270159763
R-distance 139 3.5856223106384277 -5.562330755779499e-05
R-distance 140 3.6778764724731445 -0.003848142154348011
R-distance 141 3.6560420989990234 -0.004958476368933873
R-distance 142 3.498128652572632 0.002998908448230964
R-distance 143 3.6468570232391357 0.0002096736796247001
R-distance 144 3.7692885398864746 0.004311894159969398
R-distance 145 3.7096877098083496 0.004165682166211582
R-distance 146 3.7024970054626465 -0.004739181561756567
R-distance 147 3.6072514057159424 -0.004588673153957501
R-distance 148 3.6344592571258545 -0.0011200974618617466
R-distance 149 3.7688381671905518 0.0035799997357663926
R-distance 150 3.6656553745269775 -0.0007595895904572103
R-distance 151 3.7351930141448975 -0.008482775928658271
R-distance 152 3.686797857284546 -0.0003078845872309444
R-distance 153 3.509453058242798 0.00691851103397454
R-distance 154 3.6591432094573975 0.0006118720705877934
R-distance 155 3.7072548866271973 0.008737164839951817
R-distance 156 3.6289780139923096 0.00037098848227756775
R-distance 157 3.5505433082580566 0.009710627667963934
R-distance 158 3.812169313430786 0.00434315269230936
R-distance 159 3.6682989597320557 0.002419106588082798
R-distance 160 3.715261220932007 0.0056357582432063685
R-distance 161 4.064423561096191 -0.005205303632853032
R-distance 162 3.8189775943756104 -0.006975060505661191
R-distance 163 3.6646339893341064 -0.006690895326854474
R-distance 164 3.7563509941101074 -0.006530718702070715
R-distance 165 3.636505603790283 0.002118731710179844
R-distance 166 3.6788039207458496 0.00824543813584171
R-distance 167 3.8920695781707764 0.005225714609743193
R-distance 168 3.720149517059326 -0.00420245631075602
R-distance 169 3.6793181896209717 0.01290074315539016
R-distance 170 3.7222111225128174 -0.004021005849843107
R-distance 171 3.5976526737213135 0.005054675921417129
R-distance 172 3.905296564102173 0.0003089796435723713
R-distance 173 3.555605411529541 -0.0017038817639090098
R-distance 174 3.5424184799194336 0.009686606337785975
R-distance 175 3.4819774627685547 0.001128628058644665
R-distance 176 3.8831183910369873 0.0010262631758237717
R-distance 177 3.6973154544830322 -0.010610376501903574
R-distance 178 3.6191534996032715 0.01129089478303058
R-distance 179 3.6709392070770264 0.0018724206302515257
R-distance 180 3.7441675662994385 -0.003911580161933159
R-distance 181 3.5360631942749023 -0.0028827485934613153
R-distance 182 3.662973642349243 0.003982232724242607
R-distance 183 3.596381425857544 -0.0028038663928967368
R-distance 184 3.7246735095977783 -0.006750858285823114
R-distance 185 3.8026247024536133 -0.0017655585358482995
R-distance 186 3.7436046600341797 -0.00450535851153262
R-distance 187 3.5931787490844727 -0.009828791877360743
R-distance 188 3.8240177631378174 -0.002863089898264093
R-distance 189 3.7099127769470215 0.006060054134097471
R-distance 190 3.751410722732544 0.011010360885517656
R-distance 191 3.745248794555664 -0.002818490051822664
R-distance 192 3.7595434188842773 -0.0008784824965452743
R-distance 193 3.7506954669952393 -0.00835044883417666
R-distance 194 3.8551032543182373 0.008404850786800467
R-distance 195 3.756397008895874 -0.013153153929815177
R-distance 196 3.7573001384735107 0.005740599632227373
R-distance 197 3.6540770530700684 -0.003881483833480104
R-distance 198 3.691718339920044 -0.0021667581082205345
R-distance 199 3.7217156887054443 0.003941060243271011
R-distance 200 3.7510390281677246 0.01715927290696939
R-distance 201 3.7705562114715576 0.003874679603265463
R-distance 202 4.047355890274048 -0.0006410508842776609
R-distance 203 3.761960029602051 0.00830277217512787
R-distance 204 3.6603457927703857 0.0072604348824157235
R-distance 205 3.8267741203308105 0.003085222792577014
R-distance 206 3.766157388687134 0.0007982058746485166
R-distance 207 3.6342341899871826 0.0005878418231944238
R-distance 208 3.8586792945861816 -0.004984428737733993
R-distance 209 3.9124667644500732 -0.0020064498821263043
R-distance 210 3.782156467437744 -0.0007787454063674205
R-distance 211 3.816136360168457 -0.008000222022726433
R-distance 212 3.7276833057403564 -0.0058344295223349725
R-distance 213 3.6584486961364746 0.003937433210268182
R-distance 214 3.6852195262908936 -0.015030740493064344
R-distance 215 3.8066461086273193 0.014520576888170211
R-distance 216 3.8722920417785645 0.0007570019301432751
R-distance 217 3.680426836013794 -0.005132209861054094
R-distance 218 3.6728763580322266 -0.0027790034740306172
R-distance 219 3.801363945007324 0.007928470853700275
R-distance 220 3.5870954990386963 -0.0052999639507333995
R-distance 221 3.7139947414398193 -0.008853981274035761
R-distance 222 3.75268292427063 0.0008538154807524734
R-distance 223 3.740856409072876 -0.006393429531728856
R-distance 224 3.711869716644287 0.01959756684321832
R-distance 225 3.699043035507202 0.006625079842363136
R-distance 226 3.6683056354522705 0.01590062222684523
R-distance 227 3.7684781551361084 0.01130439519261941
R-distance 228 3.7700071334838867 0.01046257897090257
R-distance 229 3.7190890312194824 0.021534102586199567
R-distance 230 3.6996865272521973 0.004711546339454031
R-distance 231 3.6131198406219482 -0.005122502238508276
R-distance 232 3.6736512184143066 0.026432959999825558
R-distance 233 3.70389461517334 0.0034531795267476184
R-distance 234 3.725684642791748 -0.012800441688789733
R-distance 235 3.809439182281494 -0.0054181354298322056
R-distance 236 3.7436611652374268 0.0038321380069149314
R-distance 237 3.7172279357910156 -0.018447535795493054
R-distance 238 3.7010746002197266 -0.004586536775160255
R-distance 239 3.785187005996704 0.0032440305717429396
R-distance 240 3.7813501358032227 -0.004682506656930485
R-distance 241 3.7876198291778564 0.0003831450528060998
R-distance 242 3.7004284858703613 0.009037620202996522
R-distance 243 3.593679904937744 -0.0025975273813962476
R-distance 244 3.530799627304077 -0.0019161204301113345
R-distance 245 3.6724424362182617 -0.008500044774028482
R-distance 246 3.6863834857940674 0.004368634438560548
R-distance 247 3.757903814315796 0.0018143131485103938
R-distance 248 3.7990336418151855 0.011894709407510362
R-distance 249 3.659337043762207 0.0030217127465903106
R-distance 250 3.7936627864837646 -0.021016669998245165
R-distance 251 3.7380058765411377 0.0020276265919591196
R-distance 252 3.719543218612671 -0.0018087593838060911
R-distance 253 3.6261422634124756 0.005979091323205666
R-distance 254 3.5772080421447754 0.010998968085391426
R-distance 255 3.680079698562622 -0.014146336991830566
R-distance 256 3.601250410079956 -0.013440012592759133
R-distance 257 3.757108688354492 -0.0013011002976895726
R-distance 258 3.8226778507232666 -0.004064419797663277
R-distance 259 3.719208002090454 0.00046329579537953693
R-distance 260 3.5174379348754883 -0.014045934355610258
R-distance 261 3.7695772647857666 0.011484491972009892
R-distance 262 3.7237021923065186 0.000966845219916479
R-distance 263 3.7304067611694336 0.006369368331898784
R-distance 264 3.570100784301758 0.011156996594637293
R-distance 265 3.7174205780029297 0.0006070889307117967
R-distance 266 3.681781053543091 -0.004567633116480607
R-distance 267 3.799452066421509 0.0028625969878255833
R-distance 268 3.741410493850708 -0.00310823223092882
R-distance 269 3.669602394104004 0.019615604407827905
R-distance 270 3.7505686283111572 0.0014911691668999085
R-distance 271 3.9779160022735596 -0.014401224865333262
R-distance 272 3.559751033782959 -0.008066207959252836
R-distance 273 3.6521003246307373 -0.001309320567079908
R-distance 274 3.668001174926758 -0.01235562325488644
R-distance 275 3.770799398422241 0.001839554100344998
R-distance 276 3.6136574745178223 -0.0122221453754797
R-distance 277 3.518956422805786 0.0009516603344039255
R-distance 278 3.6732382774353027 0.002063909705780276
R-distance 279 3.7286477088928223 0.01113766255123423
R-distance 280 3.758334159851074 -0.015123617669605238
R-distance 281 3.7179737091064453 0.005695237213654281
R-distance 282 3.7431771755218506 -0.015066852090826189
R-distance 283 3.747762680053711 -0.005160536763442991
R-distance 284 3.67769455909729 0.0037684851852723966
R-distance 285 3.768801212310791 0.004296226449905305
R-distance 286 3.754688262939453 0.0012421945921367696
R-distance 287 3.6871297359466553 -0.007545490651024523
R-distance 288 3.7391088008880615 0.00958846227289243
R-distance 289 3.736663341522217 -0.005803534517051645
R-distance 290 3.5291748046875 -0.012335661720373281
R-distance 291 3.619250535964966 0.004361765783799854
R-distance 292 3.634779691696167 0.005699240806784189
R-distance 293 3.6440510749816895 0.012644633651669325
R-distance 294 3.7201404571533203 0.003088564884495071
