R-quality_step500 0 0 0 0.9264845689758658
R-quality_step500 0 0 1 0.08575390698388219
R-quality_step500 0 0 2 0.08616741804871708
R-quality_step500 0 0 3 0.08946682291571051
R-quality_step500 0 0 4 0.08515314001124352
R-quality_step500 0 0 5 0.08386737306136638
R-quality_step500 0 0 6 0.08939030591864139
R-quality_step500 0 0 7 0.09088377992156893
R-quality_step500 0 0 8 0.09189024299848825
R-quality_step500 0 0 9 0.0902193799847737
R-quality_step500 0 1 0 0.09051290201023221
R-quality_step500 0 1 1 0.08601822308264673
R-quality_step500 0 1 2 0.0868322370806709
R-quality_step500 0 1 3 0.08990161295514554
R-quality_step500 0 1 4 0.08449321903754026
R-quality_step500 0 1 5 0.08456207998096943
R-quality_step500 0 1 6 0.08374211401678622
R-quality_step500 0 1 7 0.08536641695536673
R-quality_step500 0 1 8 0.08769559802021831
R-quality_step500 0 1 9 0.08977413002867252
R-quality_step500 0 2 0 0.08667772309854627
R-quality_step500 0 2 1 0.08389508607797325
R-quality_step500 0 2 2 0.08543429698329419
R-quality_step500 0 2 3 0.08869906503241509
R-quality_step500 0 2 4 0.08504110493231565
R-quality_step500 0 2 5 0.08747310203034431
R-quality_step500 0 2 6 0.0920158929657191
R-quality_step500 0 2 7 0.08762720692902803
R-quality_step500 0 2 8 0.0879873150261119
R-quality_step500 0 2 9 0.09484397596679628
R-quality_step500 0 3 0 0.0903164460323751
R-quality_step500 0 3 1 0.0876089819939807
R-quality_step500 0 3 2 0.08661595499143004
R-quality_step500 0 3 3 0.08831720508169383
R-quality_step500 0 3 4 0.09117718995548785
R-quality_step500 0 3 5 0.08909136499278247
R-quality_step500 0 3 6 0.09296116908080876
R-quality_step500 0 3 7 0.08909030293580145
R-quality_step500 0 3 8 0.0958024769788608
R-quality_step500 0 3 9 0.08978447900153697
R-quality_step500 0 4 0 0.09482316602952778
R-quality_step500 0 4 1 0.08830492198467255
R-quality_step500 0 4 2 0.09070019808132201
R-quality_step500 0 4 3 0.08757700095884502
R-quality_step500 0 4 4 0.0863013529451564
R-quality_step500 0 4 5 0.09044320799876004
R-quality_step500 0 4 6 0.08941758703440428
R-quality_step500 0 4 7 0.08637529495172203
R-quality_step500 0 4 8 0.08831711497623473
R-quality_step500 0 4 9 0.08892229106277227
R-quality_step500 0 5 0 0.09096192894503474
R-quality_step500 0 5 1 0.08700037910602987
R-quality_step500 0 5 2 0.09134133299812675
R-quality_step500 0 5 3 0.08940587600227445
R-quality_step500 0 5 4 0.08772710792254657
R-quality_step500 0 5 5 0.08760859095491469
R-quality_step500 0 5 6 0.08972141798585653
R-quality_step500 0 5 7 0.09050354291684926
R-quality_step500 0 5 8 0.08797197509557009
R-quality_step500 0 5 9 0.09411752899177372
R-quality_step500 0 6 0 0.09152009489480406
R-quality_step500 0 6 1 0.09142753796186298
R-quality_step500 0 6 2 0.08922152302693576
R-quality_step500 0 6 3 0.0888949679210782
R-quality_step500 0 6 4 0.08586474903859198
R-quality_step500 0 6 5 0.09468942100647837
R-quality_step500 0 6 6 0.08895400201436132
R-quality_step500 0 6 7 0.08771296998020262
R-quality_step500 0 6 8 0.0869345129467547
R-quality_step500 0 6 9 0.08877015998587012
R-quality_step500 0 7 0 0.09393356600776315
R-quality_step500 0 7 1 0.08771484391763806
R-quality_step500 0 7 2 0.08887424797285348
R-quality_step500 0 7 3 0.08642134291585535
R-quality_step500 0 7 4 0.0871147969737649
R-quality_step500 0 7 5 0.08908927999436855
R-quality_step500 0 7 6 0.09065000305417925
R-quality_step500 0 7 7 0.08683743700385094
R-quality_step500 0 7 8 0.09027500601951033
R-quality_step500 0 7 9 0.09818703401833773
R-quality_step500 0 8 0 0.0926668259780854
R-quality_step500 0 8 1 0.08952096407301724
R-quality_step500 0 8 2 0.09327665204182267
R-quality_step500 0 8 3 0.09279095300007612
R-quality_step500 0 8 4 0.09057183191180229
R-quality_step500 0 8 5 0.09287385200150311
R-quality_step500 0 8 6 0.09211046295240521
R-quality_step500 0 8 7 0.08743233396671712
R-quality_step500 0 8 8 0.09035611094441265
R-quality_step500 0 8 9 0.09123068093322217
R-quality_step500 0 9 0 0.09139270102605224
R-quality_step500 0 9 1 0.09435246605426073
R-quality_step500 0 9 2 0.08935043902602047
R-quality_step500 0 9 3 0.09266112500336021
R-quality_step500 0 9 4 0.0887608720222488
R-quality_step500 0 9 5 0.09255479194689542
R-quality_step500 0 9 6 0.09004260099027306
R-quality_step500 0 9 7 0.09023340605199337
R-quality_step500 0 9 8 0.08888146199751645
R-quality_step500 0 9 9 0.08824560802895576
R-quality_step500 6 0 0 0.14010732399765402
R-quality_step500 6 0 1 0.1370895579457283
R-quality_step500 6 0 2 0.13732748199254274
R-quality_step500 6 0 3 0.14083806006237864
R-quality_step500 6 0 4 0.14334369800053537
R-quality_step500 6 0 5 0.1409484010655433
R-quality_step500 6 0 6 0.13899432704783976
R-quality_step500 6 0 7 0.14443783892784268
R-quality_step500 6 0 8 0.14718300302047282
R-quality_step500 6 0 9 0.14046540798153728
R-quality_step500 6 1 0 0.15184120496269315
R-quality_step500 6 1 1 0.13954277406446636
R-quality_step500 6 1 2 0.1398562240647152
R-quality_step500 6 1 3 0.14285140705760568
R-quality_step500 6 1 4 0.14636608306318521
R-quality_step500 6 1 5 0.13857722003012896
R-quality_step500 6 1 6 0.1406067080097273
R-quality_step500 6 1 7 0.1432240289868787
R-quality_step500 6 1 8 0.14064439898356795
R-quality_step500 6 1 9 0.1469572720816359
R-quality_step500 6 2 0 0.1440696039935574
R-quality_step500 6 2 1 0.14790042396634817
R-quality_step500 6 2 2 0.13916701695416123
R-quality_step500 6 2 3 0.1437150869751349
R-quality_step500 6 2 4 0.13820791407488286
R-quality_step500 6 2 5 0.14784441702067852
R-quality_step500 6 2 6 0.14058979507535696
R-quality_step500 6 2 7 0.14086411893367767
R-quality_step500 6 2 8 0.14628246205393225
R-quality_step500 6 2 9 0.1488161439774558
R-quality_step500 6 3 0 0.14839450805447996
R-quality_step500 6 3 1 0.14299952902365476
R-quality_step500 6 3 2 0.14281966595444828
R-quality_step500 6 3 3 0.14475769991986454
R-quality_step500 6 3 4 0.1407234399812296
R-quality_step500 6 3 5 0.14900823100470006
R-quality_step500 6 3 6 0.14300676295533776
R-quality_step500 6 3 7 0.14184348995331675
R-quality_step500 6 3 8 0.14167327503673732
R-quality_step500 6 3 9 0.1406993840355426
R-quality_step500 6 4 0 0.1433048329781741
R-quality_step500 6 4 1 0.13909961702302098
R-quality_step500 6 4 2 0.14295438304543495
R-quality_step500 6 4 3 0.1396746669197455
R-quality_step500 6 4 4 0.14058798097539693
R-quality_step500 6 4 5 0.14089235302526504
R-quality_step500 6 4 6 0.14508511300664395
R-quality_step500 6 4 7 0.14909834205172956
R-quality_step500 6 4 8 0.15156886307522655
R-quality_step500 6 4 9 0.1389052360318601
R-quality_step500 6 5 0 0.1425949860131368
R-quality_step500 6 5 1 0.14593223202973604
R-quality_step500 6 5 2 0.14111005899030715
R-quality_step500 6 5 3 0.13907628203742206
R-quality_step500 6 5 4 0.14528717007488012
R-quality_step500 6 5 5 0.1384454369544983
R-quality_step500 6 5 6 0.14355969906318933
R-quality_step500 6 5 7 0.14047986397054046
R-quality_step500 6 5 8 0.1434686550637707
R-quality_step500 6 5 9 0.1396109339548275
R-quality_step500 6 6 0 0.15829037595540285
R-quality_step500 6 6 1 0.1424007440218702
R-quality_step500 6 6 2 0.13924021506682038
R-quality_step500 6 6 3 0.14090679900255054
R-quality_step500 6 6 4 0.1456982250092551
R-quality_step500 6 6 5 0.13880002300720662
R-quality_step500 6 6 6 0.14370190096087754
R-quality_step500 6 6 7 0.1436378579819575
R-quality_step500 6 6 8 0.1398810389218852
R-quality_step500 6 6 9 0.13994360994547606
R-quality_step500 6 7 0 0.1386299190344289
R-quality_step500 6 7 1 0.14356568991206586
R-quality_step500 6 7 2 0.14457203296478838
R-quality_step500 6 7 3 0.144239988992922
R-quality_step500 6 7 4 0.14272097602952272
R-quality_step500 6 7 5 0.14794607006479055
R-quality_step500 6 7 6 0.14068840304389596
R-quality_step500 6 7 7 0.14036101603414863
R-quality_step500 6 7 8 0.14578704501036555
R-quality_step500 6 7 9 0.1419051670236513
R-quality_step500 6 8 0 0.13922050700057298
R-quality_step500 6 8 1 0.14054352510720491
R-quality_step500 6 8 2 0.1444639660185203
R-quality_step500 6 8 3 0.14332834596280009
R-quality_step500 6 8 4 0.13997713301796466
R-quality_step500 6 8 5 0.14687060401774943
R-quality_step500 6 8 6 0.14319063303992152
R-quality_step500 6 8 7 0.14920755999628454
R-quality_step500 6 8 8 0.14359244098886847
R-quality_step500 6 8 9 0.1477834079414606
R-quality_step500 6 9 0 0.14765175699722022
R-quality_step500 6 9 1 0.1560633599292487
R-quality_step500 6 9 2 0.15261196508072317
R-quality_step500 6 9 3 0.15163409593515098
R-quality_step500 6 9 4 0.14531462104059756
R-quality_step500 6 9 5 0.15014169504866004
R-quality_step500 6 9 6 0.14306991209741682
R-quality_step500 6 9 7 0.14342685509473085
R-quality_step500 6 9 8 0.14300182205624878
R-quality_step500 6 9 9 0.1521124599967152
R-quality_step500 9 0 0 0.051278611994348466
R-quality_step500 9 0 1 0.04329337296076119
R-quality_step500 9 0 2 0.04502427997067571
R-quality_step500 9 0 3 0.042484869016334414
R-quality_step500 9 0 4 0.043006886029616
R-quality_step500 9 0 5 0.04264764906838536
R-quality_step500 9 0 6 0.041663798969238997
R-quality_step500 9 0 7 0.043108339072205126
R-quality_step500 9 0 8 0.04407825297676027
R-quality_step500 9 0 9 0.046969496994279325
R-quality_step500 9 1 0 0.04827616398688406
R-quality_step500 9 1 1 0.043008028995245695
R-quality_step500 9 1 2 0.04342679807450622
R-quality_step500 9 1 3 0.044043816975317895
R-quality_step500 9 1 4 0.043291029054671526
R-quality_step500 9 1 5 0.04353685793466866
R-quality_step500 9 1 6 0.0461912410100922
R-quality_step500 9 1 7 0.04450145200826228
R-quality_step500 9 1 8 0.04318064800463617
R-quality_step500 9 1 9 0.042068362003192306
R-quality_step500 9 2 0 0.042670944007113576
R-quality_step500 9 2 1 0.0431844349950552
R-quality_step500 9 2 2 0.04423539305571467
R-quality_step500 9 2 3 0.044122295919805765
R-quality_step500 9 2 4 0.043672336963936687
R-quality_step500 9 2 5 0.042886725976131856
R-quality_step500 9 2 6 0.04262243094854057
R-quality_step500 9 2 7 0.04179708403535187
R-quality_step500 9 2 8 0.041533419978804886
R-quality_step500 9 2 9 0.045592396054416895
R-quality_step500 9 3 0 0.04358066199347377
R-quality_step500 9 3 1 0.0420499270549044
R-quality_step500 9 3 2 0.04357070289552212
R-quality_step500 9 3 3 0.04339275194797665
R-quality_step500 9 3 4 0.04658738791476935
R-quality_step500 9 3 5 0.042442095931619406
R-quality_step500 9 3 6 0.04183134902268648
R-quality_step500 9 3 7 0.04212991998065263
R-quality_step500 9 3 8 0.04467418196145445
R-quality_step500 9 3 9 0.04273232095874846
R-quality_step500 9 4 0 0.04328599793370813
R-quality_step500 9 4 1 0.04249348503071815
R-quality_step500 9 4 2 0.04141873097978532
R-quality_step500 9 4 3 0.041900312062352896
R-quality_step500 9 4 4 0.04143647488672286
R-quality_step500 9 4 5 0.041391298989765346
R-quality_step500 9 4 6 0.041579607990570366
R-quality_step500 9 4 7 0.04138989595230669
R-quality_step500 9 4 8 0.0418602341087535
R-quality_step500 9 4 9 0.049921167897991836
R-quality_step500 9 5 0 0.05736000102479011
R-quality_step500 9 5 1 0.04772064299322665
R-quality_step500 9 5 2 0.047352419001981616
R-quality_step500 9 5 3 0.043915642076171935
R-quality_step500 9 5 4 0.04529753199312836
R-quality_step500 9 5 5 0.053472483064979315
R-quality_step500 9 5 6 0.04332499299198389
R-quality_step500 9 5 7 0.04420749004930258
R-quality_step500 9 5 8 0.042363335960544646
R-quality_step500 9 5 9 0.043862771010026336
R-quality_step500 9 6 0 0.042603926034644246
R-quality_step500 9 6 1 0.04326657101046294
R-quality_step500 9 6 2 0.0442606519209221
R-quality_step500 9 6 3 0.04278150398749858
R-quality_step500 9 6 4 0.042191878077574074
R-quality_step500 9 6 5 0.04223221505526453
R-quality_step500 9 6 6 0.04237765306606889
R-quality_step500 9 6 7 0.04253349092323333
R-quality_step500 9 6 8 0.04284845304209739
R-quality_step500 9 6 9 0.04339906491804868
R-quality_step500 9 7 0 0.04467365995515138
R-quality_step500 9 7 1 0.04353940300643444
R-quality_step500 9 7 2 0.041785852052271366
R-quality_step500 9 7 3 0.041941139032132924
R-quality_step500 9 7 4 0.041727069998160005
R-quality_step500 9 7 5 0.041614894988015294
R-quality_step500 9 7 6 0.04292536003049463
R-quality_step500 9 7 7 0.042004841030575335
R-quality_step500 9 7 8 0.04214509902521968
R-quality_step500 9 7 9 0.04218017600942403
R-quality_step500 9 8 0 0.04220993199851364
R-quality_step500 9 8 1 0.04269233497325331
R-quality_step500 9 8 2 0.042808455997146666
R-quality_step500 9 8 3 0.04425774607807398
R-quality_step500 9 8 4 0.046674914075993
R-quality_step500 9 8 5 0.04313875804655254
R-quality_step500 9 8 6 0.04410278995055705
R-quality_step500 9 8 7 0.04260955599602312
R-quality_step500 9 8 8 0.041931201005354524
R-quality_step500 9 8 9 0.0420865579508245
R-quality_step500 9 9 0 0.042688366025686264
R-quality_step500 9 9 1 0.04215237300377339
R-quality_step500 9 9 2 0.04234951897524297
R-quality_step500 9 9 3 0.044970226008445024
R-quality_step500 9 9 4 0.042632390977814794
R-quality_step500 9 9 5 0.04232119501102716
R-quality_step500 9 9 6 0.041595990071073174
R-quality_step500 9 9 7 0.044397772988304496
R-quality_step500 9 9 8 0.04410423198714852
R-quality_step500 9 9 9 0.04236449801828712
R-quality_step500 12 0 0 0.42951583804097027
R-quality_step500 12 0 1 0.42961869400460273
R-quality_step500 12 0 2 0.4253460500622168
R-quality_step500 12 0 3 0.4302724030567333
R-quality_step500 12 0 4 0.43838731793221086
R-quality_step500 12 0 5 0.4308306489838287
R-quality_step500 12 0 6 0.43477580696344376
R-quality_step500 12 0 7 0.44197499193251133
R-quality_step500 12 0 8 0.4425078600179404
R-quality_step500 12 0 9 0.45156222104560584
R-quality_step500 12 1 0 0.4406176080228761
R-quality_step500 12 1 1 0.4413908349815756
R-quality_step500 12 1 2 0.43347951804753393
R-quality_step500 12 1 3 0.42660516290925443
R-quality_step500 12 1 4 0.42981778201647103
R-quality_step500 12 1 5 0.4333950070431456
R-quality_step500 12 1 6 0.4343696980504319
R-quality_step500 12 1 7 0.42762103397399187
R-quality_step500 12 1 8 0.43070370401255786
R-quality_step500 12 1 9 0.43262932205107063
R-quality_step500 12 2 0 0.43953750107903033
R-quality_step500 12 2 1 0.437990425969474
R-quality_step500 12 2 2 0.4285411500604823
R-quality_step500 12 2 3 0.43809440406039357
R-quality_step500 12 2 4 0.4268012150423601
R-quality_step500 12 2 5 0.43106305797118694
R-quality_step500 12 2 6 0.43126839108299464
R-quality_step500 12 2 7 0.4311795700341463
R-quality_step500 12 2 8 0.4307154439156875
R-quality_step500 12 2 9 0.43557119101751596
R-quality_step500 12 3 0 0.42832984402775764
R-quality_step500 12 3 1 0.43467832391615957
R-quality_step500 12 3 2 0.42980666598305106
R-quality_step500 12 3 3 0.42474365106318146
R-quality_step500 12 3 4 0.43949750205501914
R-quality_step500 12 3 5 0.43309498799499124
R-quality_step500 12 3 6 0.43400878401007503
R-quality_step500 12 3 7 0.43530766596086323
R-quality_step500 12 3 8 0.44633896299637854
R-quality_step500 12 3 9 0.45666848006658256
R-quality_step500 12 4 0 0.43294703401625156
R-quality_step500 12 4 1 0.4405149040976539
R-quality_step500 12 4 2 0.43617472099140286
R-quality_step500 12 4 3 0.4386578849516809
R-quality_step500 12 4 4 0.43411277094855905
R-quality_step500 12 4 5 0.432833214988932
R-quality_step500 12 4 6 0.4329696459462866
R-quality_step500 12 4 7 0.4314129310660064
R-quality_step500 12 4 8 0.42676941805984825
R-quality_step500 12 4 9 0.4351591089507565
R-quality_step500 12 5 0 0.42769040795974433
R-quality_step500 12 5 1 0.4306179719278589
R-quality_step500 12 5 2 0.42678869399242103
R-quality_step500 12 5 3 0.438427233020775
R-quality_step500 12 5 4 0.42309942503925413
R-quality_step500 12 5 5 0.421855288092047
R-quality_step500 12 5 6 0.4257819199701771
R-quality_step500 12 5 7 0.426568933064118
R-quality_step500 12 5 8 0.4366489630192518
R-quality_step500 12 5 9 0.43138404400087893
R-quality_step500 12 6 0 0.4252865529851988
R-quality_step500 12 6 1 0.42360279499553144
R-quality_step500 12 6 2 0.43005516298580915
R-quality_step500 12 6 3 0.43576198699884117
R-quality_step500 12 6 4 0.435893737943843
R-quality_step500 12 6 5 0.435831609996967
R-quality_step500 12 6 6 0.4279899570392445
R-quality_step500 12 6 7 0.42773121199570596
R-quality_step500 12 6 8 0.4228080949978903
R-quality_step500 12 6 9 0.41846134897787124
R-quality_step500 12 7 0 0.4578461019555107
R-quality_step500 12 7 1 0.4436278350185603
R-quality_step500 12 7 2 0.44386245298665017
R-quality_step500 12 7 3 0.43952816003002226
R-quality_step500 12 7 4 0.4287816679570824
R-quality_step500 12 7 5 0.43309822492301464
R-quality_step500 12 7 6 0.4304630790138617
R-quality_step500 12 7 7 0.4327289479551837
R-quality_step500 12 7 8 0.4345751160290092
R-quality_step500 12 7 9 0.42835892899893224
R-quality_step500 12 8 0 0.4348555209580809
R-quality_step500 12 8 1 0.43396204395685345
R-quality_step500 12 8 2 0.43229286500718445
R-quality_step500 12 8 3 0.42950914602261037
R-quality_step500 12 8 4 0.4515132278902456
R-quality_step500 12 8 5 0.4281298890709877
R-quality_step500 12 8 6 0.429551625973545
R-quality_step500 12 8 7 0.4313434499781579
R-quality_step500 12 8 8 0.4306051479652524
R-quality_step500 12 8 9 0.44995753408875316
R-quality_step500 12 9 0 0.4381979559548199
R-quality_step500 12 9 1 0.436365092988126
R-quality_step500 12 9 2 0.43332867103163153
R-quality_step500 12 9 3 0.4361627349862829
R-quality_step500 12 9 4 0.4441231149248779
R-quality_step500 12 9 5 0.4326000880682841
R-quality_step500 12 9 6 0.43233066296670586
R-quality_step500 12 9 7 0.42511880304664373
R-quality_step500 12 9 8 0.4306440599029884
R-quality_step500 12 9 9 0.43095263990107924
R-quality_step500 18 0 0 0.11006641399580985
R-quality_step500 18 0 1 0.10249980608932674
R-quality_step500 18 0 2 0.1042006949428469
R-quality_step500 18 0 3 0.10695082996971905
R-quality_step500 18 0 4 0.10692250600550324
R-quality_step500 18 0 5 0.10464789101388305
R-quality_step500 18 0 6 0.10295216995291412
R-quality_step500 18 0 7 0.10309260804206133
R-quality_step500 18 0 8 0.10896951693575829
R-quality_step500 18 0 9 0.10510102601256222
R-quality_step500 18 1 0 0.10095794999506325
R-quality_step500 18 1 1 0.10312744602560997
R-quality_step500 18 1 2 0.10271678993012756
R-quality_step500 18 1 3 0.10865412501152605
R-quality_step500 18 1 4 0.1074157280381769
R-quality_step500 18 1 5 0.10516322497278452
R-quality_step500 18 1 6 0.10265901999082416
R-quality_step500 18 1 7 0.10164037405047566
R-quality_step500 18 1 8 0.10587182897143066
R-quality_step500 18 1 9 0.1049255810212344
R-quality_step500 18 2 0 0.10617746296338737
R-quality_step500 18 2 1 0.10547357809264213
R-quality_step500 18 2 2 0.10659068205859512
R-quality_step500 18 2 3 0.10230673605110496
R-quality_step500 18 2 4 0.1046212890651077
R-quality_step500 18 2 5 0.10592146299313754
R-quality_step500 18 2 6 0.10056338598951697
R-quality_step500 18 2 7 0.10556338902097195
R-quality_step500 18 2 8 0.10620621801353991
R-quality_step500 18 2 9 0.10498934297356755
R-quality_step500 18 3 0 0.10833279008511454
R-quality_step500 18 3 1 0.10704598110169172
R-quality_step500 18 3 2 0.10284859198145568
R-quality_step500 18 3 3 0.10787434398662299
R-quality_step500 18 3 4 0.10817401693202555
R-quality_step500 18 3 5 0.10497587698046118
R-quality_step500 18 3 6 0.10516081005334854
R-quality_step500 18 3 7 0.1027922040084377
R-quality_step500 18 3 8 0.10220441094134003
R-quality_step500 18 3 9 0.10744711803272367
R-quality_step500 18 4 0 0.0993521009804681
R-quality_step500 18 4 1 0.10268374707084149
R-quality_step500 18 4 2 0.10136678104754537
R-quality_step500 18 4 3 0.10348601010628045
R-quality_step500 18 4 4 0.10649892594665289
R-quality_step500 18 4 5 0.10768632509279996
R-quality_step500 18 4 6 0.10327442595735192
R-quality_step500 18 4 7 0.1015988839790225
R-quality_step500 18 4 8 0.10173966304864734
R-quality_step500 18 4 9 0.1032779230736196
R-quality_step500 18 5 0 0.10418706899508834
R-quality_step500 18 5 1 0.10542675701435655
R-quality_step500 18 5 2 0.10466332896612585
R-quality_step500 18 5 3 0.1044425570871681
R-quality_step500 18 5 4 0.10642994497902691
R-quality_step500 18 5 5 0.10284307203255594
R-quality_step500 18 5 6 0.10477928991895169
R-quality_step500 18 5 7 0.10398071492090821
R-quality_step500 18 5 8 0.10556729603558779
R-quality_step500 18 5 9 0.10484258190263063
R-quality_step500 18 6 0 0.10483442596159875
R-quality_step500 18 6 1 0.10285930288955569
R-quality_step500 18 6 2 0.10767590499017388
R-quality_step500 18 6 3 0.10697468498256058
R-quality_step500 18 6 4 0.10657934902701527
R-quality_step500 18 6 5 0.10640949499793351
R-quality_step500 18 6 6 0.10444953001569957
R-quality_step500 18 6 7 0.10548895702231675
R-quality_step500 18 6 8 0.10534013202413917
R-quality_step500 18 6 9 0.10524501104373485
R-quality_step500 18 7 0 0.1068728199461475
R-quality_step500 18 7 1 0.10275419102981687
R-quality_step500 18 7 2 0.10299936798401177
R-quality_step500 18 7 3 0.10594227293040603
R-quality_step500 18 7 4 0.10305555700324476
R-quality_step500 18 7 5 0.10301174409687519
R-quality_step500 18 7 6 0.10801235702820122
R-quality_step500 18 7 7 0.10423122299835086
R-quality_step500 18 7 8 0.1124998820014298
R-quality_step500 18 7 9 0.10580973094329238
R-quality_step500 18 8 0 0.10635736607946455
R-quality_step500 18 8 1 0.11028484895359725
R-quality_step500 18 8 2 0.10441785003058612
R-quality_step500 18 8 3 0.10457639291416854
R-quality_step500 18 8 4 0.1046803310746327
R-quality_step500 18 8 5 0.10302925703581423
R-quality_step500 18 8 6 0.10933778993785381
R-quality_step500 18 8 7 0.10539035708643496
R-quality_step500 18 8 8 0.10259825293906033
R-quality_step500 18 8 9 0.10416651901323348
R-quality_step500 18 9 0 0.10632339003495872
R-quality_step500 18 9 1 0.10265419003553689
R-quality_step500 18 9 2 0.10599705600179732
R-quality_step500 18 9 3 0.10305020690429956
R-quality_step500 18 9 4 0.10378075193148106
R-quality_step500 18 9 5 0.10416412493214011
R-quality_step500 18 9 6 0.1063375270459801
R-quality_step500 18 9 7 0.10490387794561684
R-quality_step500 18 9 8 0.10632296989206225
R-quality_step500 18 9 9 0.10327917395625263
R-quality_step500 22 0 0 0.01791070098988712
R-quality_step500 22 0 1 0.01595551590435207
R-quality_step500 22 0 2 0.01582613796927035
R-quality_step500 22 0 3 0.015522227971814573
R-quality_step500 22 0 4 0.015449178987182677
R-quality_step500 22 0 5 0.01710869907401502
R-quality_step500 22 0 6 0.016685960930772126
R-quality_step500 22 0 7 0.015457835979759693
R-quality_step500 22 0 8 0.01582593796774745
R-quality_step500 22 0 9 0.015594034921377897
R-quality_step500 22 1 0 0.015510887023992836
R-quality_step500 22 1 1 0.01551488391123712
R-quality_step500 22 1 2 0.015461572096683085
R-quality_step500 22 1 3 0.015449860016815364
R-quality_step500 22 1 4 0.01551270007621497
R-quality_step500 22 1 5 0.01569993793964386
R-quality_step500 22 1 6 0.015561913955025375
R-quality_step500 22 1 7 0.01547736197244376
R-quality_step500 22 1 8 0.01595577597618103
R-quality_step500 22 1 9 0.01593764207791537
R-quality_step500 22 2 0 0.01552494300995022
R-quality_step500 22 2 1 0.015554519952274859
R-quality_step500 22 2 2 0.015448638005182147
R-quality_step500 22 2 3 0.0155143829761073
R-quality_step500 22 2 4 0.017195744905620813
R-quality_step500 22 2 5 0.016251572058536112
R-quality_step500 22 2 6 0.015616097021847963
R-quality_step500 22 2 7 0.01566623291000724
R-quality_step500 22 2 8 0.016879540984518826
R-quality_step500 22 2 9 0.018977319006808102
R-quality_step500 22 3 0 0.01611987000796944
R-quality_step500 22 3 1 0.015485396957956254
R-quality_step500 22 3 2 0.015755382948555052
R-quality_step500 22 3 3 0.015438548987731338
R-quality_step500 22 3 4 0.01522906799800694
R-quality_step500 22 3 5 0.015227024094201624
R-quality_step500 22 3 6 0.01521415007300675
R-quality_step500 22 3 7 0.015473685110919178
R-quality_step500 22 3 8 0.015439289039932191
R-quality_step500 22 3 9 0.015440893010236323
R-quality_step500 22 4 0 0.0154908481054008
R-quality_step500 22 4 1 0.015458066016435623
R-quality_step500 22 4 2 0.015789279015734792
R-quality_step500 22 4 3 0.018808868015185
R-quality_step500 22 4 4 0.01671700004953891
R-quality_step500 22 4 5 0.017357676057145
R-quality_step500 22 4 6 0.01787666603922844
R-quality_step500 22 4 7 0.01585543400142342
R-quality_step500 22 4 8 0.017265961039811373
R-quality_step500 22 4 9 0.01525319297797978
R-quality_step500 22 5 0 0.015249907039105892
R-quality_step500 22 5 1 0.015289162984117866
R-quality_step500 22 5 2 0.015258374041877687
R-quality_step500 22 5 3 0.015291235991753638
R-quality_step500 22 5 4 0.015248165000230074
R-quality_step500 22 5 5 0.015544240013696253
R-quality_step500 22 5 6 0.01550436404068023
R-quality_step500 22 5 7 0.015463977004401386
R-quality_step500 22 5 8 0.015966476988978684
R-quality_step500 22 5 9 0.01579707197379321
R-quality_step500 22 6 0 0.015646805986762047
R-quality_step500 22 6 1 0.017437197035178542
R-quality_step500 22 6 2 0.01565191592089832
R-quality_step500 22 6 3 0.015288730966858566
R-quality_step500 22 6 4 0.016013887943699956
R-quality_step500 22 6 5 0.01852758997119963
R-quality_step500 22 6 6 0.016655653016641736
R-quality_step500 22 6 7 0.016819035983644426
R-quality_step500 22 6 8 0.015915338997729123
R-quality_step500 22 6 9 0.015264065004885197
R-quality_step500 22 7 0 0.015251321019604802
R-quality_step500 22 7 1 0.015232034027576447
R-quality_step500 22 7 2 0.015255338046699762
R-quality_step500 22 7 3 0.015329279936850071
R-quality_step500 22 7 4 0.01605606800876558
R-quality_step500 22 7 5 0.01714587991591543
R-quality_step500 22 7 6 0.016443307977169752
R-quality_step500 22 7 7 0.015793405007570982
R-quality_step500 22 7 8 0.01627913408447057
R-quality_step500 22 7 9 0.015775312087498605
R-quality_step500 22 8 0 0.015488323057070374
R-quality_step500 22 8 1 0.015677495044656098
R-quality_step500 22 8 2 0.016096565988846123
R-quality_step500 22 8 3 0.01571270206477493
R-quality_step500 22 8 4 0.015679228003136814
R-quality_step500 22 8 5 0.016319551970809698
R-quality_step500 22 8 6 0.017106394981965423
R-quality_step500 22 8 7 0.01555328699760139
R-quality_step500 22 8 8 0.01567211397923529
R-quality_step500 22 8 9 0.01563305000308901
R-quality_step500 22 9 0 0.015935117029584944
R-quality_step500 22 9 1 0.015657846932299435
R-quality_step500 22 9 2 0.01580204290803522
R-quality_step500 22 9 3 0.01558668096549809
R-quality_step500 22 9 4 0.01562515494879335
R-quality_step500 22 9 5 0.016578366979956627
R-quality_step500 22 9 6 0.017583835986442864
R-quality_step500 22 9 7 0.016252483008429408
R-quality_step500 22 9 8 0.016428580041974783
R-quality_step500 22 9 9 0.018386490060947835
R-quality_step500 24 0 0 0.01882239500992
R-quality_step500 24 0 1 0.017466992954723537
R-quality_step500 24 0 2 0.017292100004851818
R-quality_step500 24 0 3 0.018135891994461417
R-quality_step500 24 0 4 0.01790661399718374
R-quality_step500 24 0 5 0.017302087973803282
R-quality_step500 24 0 6 0.017527780029922724
R-quality_step500 24 0 7 0.018736580037511885
R-quality_step500 24 0 8 0.018100464018061757
R-quality_step500 24 0 9 0.017922052997164428
R-quality_step500 24 1 0 0.017097819014452398
R-quality_step500 24 1 1 0.017077428987249732
R-quality_step500 24 1 2 0.017685070051811635
R-quality_step500 24 1 3 0.018821532023139298
R-quality_step500 24 1 4 0.018231835099868476
R-quality_step500 24 1 5 0.017215944011695683
R-quality_step500 24 1 6 0.01769117300864309
R-quality_step500 24 1 7 0.017242514993995428
R-quality_step500 24 1 8 0.017213669954799116
R-quality_step500 24 1 9 0.017469699028879404
R-quality_step500 24 2 0 0.017464679083786905
R-quality_step500 24 2 1 0.017151720938272774
R-quality_step500 24 2 2 0.017198281013406813
R-quality_step500 24 2 3 0.0174476969987154
R-quality_step500 24 2 4 0.01821213704533875
R-quality_step500 24 2 5 0.017544401925988495
R-quality_step500 24 2 6 0.01791905809659511
R-quality_step500 24 2 7 0.018331235041841865
R-quality_step500 24 2 8 0.018059686990454793
R-quality_step500 24 2 9 0.019658291013911366
R-quality_step500 24 3 0 0.01741901191417128
R-quality_step500 24 3 1 0.017352855997160077
R-quality_step500 24 3 2 0.017311276053078473
R-quality_step500 24 3 3 0.017338337958790362
R-quality_step500 24 3 4 0.017907597008161247
R-quality_step500 24 3 5 0.017329350928775966
R-quality_step500 24 3 6 0.017417759052477777
R-quality_step500 24 3 7 0.017756918095983565
R-quality_step500 24 3 8 0.017544702044688165
R-quality_step500 24 3 9 0.017399945063516498
R-quality_step500 24 4 0 0.017395116039551795
R-quality_step500 24 4 1 0.017119179014116526
R-quality_step500 24 4 2 0.017270918935537338
R-quality_step500 24 4 3 0.017162080970592797
R-quality_step500 24 4 4 0.01705161004792899
R-quality_step500 24 4 5 0.017466963035985827
R-quality_step500 24 4 6 0.018561333999969065
R-quality_step500 24 4 7 0.018881206982769072
R-quality_step500 24 4 8 0.01779914798680693
R-quality_step500 24 4 9 0.017296037054620683
R-quality_step500 24 5 0 0.01731722801923752
R-quality_step500 24 5 1 0.01833516196347773
R-quality_step500 24 5 2 0.019128709100186825
R-quality_step500 24 5 3 0.01868031290359795
R-quality_step500 24 5 4 0.017843632958829403
R-quality_step500 24 5 5 0.01749727106653154
R-quality_step500 24 5 6 0.017313121003098786
R-quality_step500 24 5 7 0.01737712195608765
R-quality_step500 24 5 8 0.01739957497920841
R-quality_step500 24 5 9 0.017443159013055265
R-quality_step500 24 6 0 0.01761699002236128
R-quality_step500 24 6 1 0.017563148052431643
R-quality_step500 24 6 2 0.019053044030442834
R-quality_step500 24 6 3 0.01798555499408394
R-quality_step500 24 6 4 0.01748167199548334
R-quality_step500 24 6 5 0.017317097052000463
R-quality_step500 24 6 6 0.017439701943658292
R-quality_step500 24 6 7 0.017419273033738136
R-quality_step500 24 6 8 0.01742434303741902
R-quality_step500 24 6 9 0.017317619058303535
R-quality_step500 24 7 0 0.017438468988984823
R-quality_step500 24 7 1 0.01748528890311718
R-quality_step500 24 7 2 0.017338217003270984
R-quality_step500 24 7 3 0.017392041045241058
R-quality_step500 24 7 4 0.0173212350346148
R-quality_step500 24 7 5 0.017378965043462813
R-quality_step500 24 7 6 0.0174236421007663
R-quality_step500 24 7 7 0.017835897975601256
R-quality_step500 24 7 8 0.017925360007211566
R-quality_step500 24 7 9 0.017650243011303246
R-quality_step500 24 8 0 0.01748831500299275
R-quality_step500 24 8 1 0.017727931961417198
R-quality_step500 24 8 2 0.018054125015623868
R-quality_step500 24 8 3 0.01769986900035292
R-quality_step500 24 8 4 0.018149898969568312
R-quality_step500 24 8 5 0.019414153997786343
R-quality_step500 24 8 6 0.01856269803829491
R-quality_step500 24 8 7 0.01886087702587247
R-quality_step500 24 8 8 0.020755377016030252
R-quality_step500 24 8 9 0.017675202107056975
R-quality_step500 24 9 0 0.017114890972152352
R-quality_step500 24 9 1 0.01783705095294863
R-quality_step500 24 9 2 0.0173896859632805
R-quality_step500 24 9 3 0.017285989015363157
R-quality_step500 24 9 4 0.01731108606327325
R-quality_step500 24 9 5 0.017676785006187856
R-quality_step500 24 9 6 0.01799316005781293
R-quality_step500 24 9 7 0.01735180406831205
R-quality_step500 24 9 8 0.018802085076458752
R-quality_step500 24 9 9 0.019616851001046598
R-quality_step500 30 0 0 0.03022954799234867
R-quality_step500 30 0 1 0.027876121923327446
R-quality_step500 30 0 2 0.029570569982752204
R-quality_step500 30 0 3 0.03385501599404961
R-quality_step500 30 0 4 0.030269685084931552
R-quality_step500 30 0 5 0.02865309698972851
R-quality_step500 30 0 6 0.026728488970547915
R-quality_step500 30 0 7 0.028148622950538993
R-quality_step500 30 0 8 0.028267911984585226
R-quality_step500 30 0 9 0.028252421063371003
R-quality_step500 30 1 0 0.028450159006752074
R-quality_step500 30 1 1 0.02702050795778632
R-quality_step500 30 1 2 0.027486859005875885
R-quality_step500 30 1 3 0.02688857598695904
R-quality_step500 30 1 4 0.028915597940795124
R-quality_step500 30 1 5 0.03049712092615664
R-quality_step500 30 1 6 0.028323978069238365
R-quality_step500 30 1 7 0.027825626078993082
R-quality_step500 30 1 8 0.026999265886843204
R-quality_step500 30 1 9 0.029038614011369646
R-quality_step500 30 2 0 0.02980300399940461
R-quality_step500 30 2 1 0.029775860952213407
R-quality_step500 30 2 2 0.02876489097252488
R-quality_step500 30 2 3 0.02791182091459632
R-quality_step500 30 2 4 0.027914074948057532
R-quality_step500 30 2 5 0.029310723999515176
R-quality_step500 30 2 6 0.028388520935550332
R-quality_step500 30 2 7 0.026978097041137516
R-quality_step500 30 2 8 0.027450559893622994
R-quality_step500 30 2 9 0.029138243990018964
R-quality_step500 30 3 0 0.0281827679136768
R-quality_step500 30 3 1 0.028048400999978185
R-quality_step500 30 3 2 0.030268914997577667
R-quality_step500 30 3 3 0.028714713989757
R-quality_step500 30 3 4 0.02769030793569982
R-quality_step500 30 3 5 0.029558517038822174
R-quality_step500 30 3 6 0.028948610997758806
R-quality_step500 30 3 7 0.027394903008826077
R-quality_step500 30 3 8 0.02739711699541658
R-quality_step500 30 3 9 0.027061055065132678
R-quality_step500 30 4 0 0.026994297979399562
R-quality_step500 30 4 1 0.027065763948485255
R-quality_step500 30 4 2 0.02750660595484078
R-quality_step500 30 4 3 0.0273230760358274
R-quality_step500 30 4 4 0.02849021600559354
R-quality_step500 30 4 5 0.028005428961478174
R-quality_step500 30 4 6 0.027911760029383004
R-quality_step500 30 4 7 0.027947158087044954
R-quality_step500 30 4 8 0.026986471959389746
R-quality_step500 30 4 9 0.02929277904331684
R-quality_step500 30 5 0 0.029320342000573874
R-quality_step500 30 5 1 0.028609282919205725
R-quality_step500 30 5 2 0.02833892696071416
R-quality_step500 30 5 3 0.027349334908649325
R-quality_step500 30 5 4 0.027669316972605884
R-quality_step500 30 5 5 0.02717643603682518
R-quality_step500 30 5 6 0.0280026140389964
R-quality_step500 30 5 7 0.027251718915067613
R-quality_step500 30 5 8 0.02764381794258952
R-quality_step500 30 5 9 0.02691695897374302
R-quality_step500 30 6 0 0.026812519994564354
R-quality_step500 30 6 1 0.02735068800393492
R-quality_step500 30 6 2 0.028063379926607013
R-quality_step500 30 6 3 0.027630442986264825
R-quality_step500 30 6 4 0.026984118041582406
R-quality_step500 30 6 5 0.027691658935509622
R-quality_step500 30 6 6 0.02849701896775514
R-quality_step500 30 6 7 0.02974498295225203
R-quality_step500 30 6 8 0.0284461920382455
R-quality_step500 30 6 9 0.03127432405017316
R-quality_step500 30 7 0 0.031079262029379606
R-quality_step500 30 7 1 0.03074363199993968
R-quality_step500 30 7 2 0.029596718959510326
R-quality_step500 30 7 3 0.02977707504760474
R-quality_step500 30 7 4 0.029495515977032483
R-quality_step500 30 7 5 0.02900025004055351
R-quality_step500 30 7 6 0.027858740068040788
R-quality_step500 30 7 7 0.02818085509352386
R-quality_step500 30 7 8 0.02764602203387767
R-quality_step500 30 7 9 0.02728725702036172
R-quality_step500 30 8 0 0.027476598974317312
R-quality_step500 30 8 1 0.027642425964586437
R-quality_step500 30 8 2 0.026921649929136038
R-quality_step500 30 8 3 0.029332875041291118
R-quality_step500 30 8 4 0.02894309104885906
R-quality_step500 30 8 5 0.02855523000471294
R-quality_step500 30 8 6 0.03001273493282497
R-quality_step500 30 8 7 0.028120538918301463
R-quality_step500 30 8 8 0.02850181795656681
R-quality_step500 30 8 9 0.028326913015916944
R-quality_step500 30 9 0 0.028474744991399348
R-quality_step500 30 9 1 0.028278290992602706
R-quality_step500 30 9 2 0.02776023093611002
R-quality_step500 30 9 3 0.02809258596971631
R-quality_step500 30 9 4 0.02743356698192656
R-quality_step500 30 9 5 0.027974169934168458
R-quality_step500 30 9 6 0.029232703964225948
R-quality_step500 30 9 7 0.030733632040210068
R-quality_step500 30 9 8 0.028328316984698176
R-quality_step500 30 9 9 0.029385456000454724
R-quality_step500 33 0 0 0.006978412973694503
R-quality_step500 33 0 1 0.006445105071179569
R-quality_step500 33 0 2 0.006329011986963451
R-quality_step500 33 0 3 0.006133659044280648
R-quality_step500 33 0 4 0.006070819101296365
R-quality_step500 33 0 5 0.006122227990999818
R-quality_step500 33 0 6 0.006069447030313313
R-quality_step500 33 0 7 0.006130984053015709
R-quality_step500 33 0 8 0.006125552929006517
R-quality_step500 33 0 9 0.006124482024461031
R-quality_step500 33 1 0 0.0060824520187452435
R-quality_step500 33 1 1 0.006132417009212077
R-quality_step500 33 1 2 0.006107449997216463
R-quality_step500 33 1 3 0.006160290911793709
R-quality_step500 33 1 4 0.006096958997659385
R-quality_step500 33 1 5 0.00615449994802475
R-quality_step500 33 1 6 0.006097341072745621
R-quality_step500 33 1 7 0.006131596048362553
R-quality_step500 33 1 8 0.006098271929658949
R-quality_step500 33 1 9 0.006132829003036022
R-quality_step500 33 2 0 0.006076218909583986
R-quality_step500 33 2 1 0.006121948012150824
R-quality_step500 33 2 2 0.006087400950491428
R-quality_step500 33 2 3 0.006150981993414462
R-quality_step500 33 2 4 0.00608288194052875
R-quality_step500 33 2 5 0.006147124920971692
R-quality_step500 33 2 6 0.006114232004620135
R-quality_step500 33 2 7 0.006131456000730395
R-quality_step500 33 2 8 0.006070869043469429
R-quality_step500 33 2 9 0.006129510933533311
R-quality_step500 33 3 0 0.006208091974258423
R-quality_step500 33 3 1 0.006123961065895855
R-quality_step500 33 3 2 0.006105425069108605
R-quality_step500 33 3 3 0.006143157952465117
R-quality_step500 33 3 4 0.006080007064156234
R-quality_step500 33 3 5 0.00623060401994735
R-quality_step500 33 3 6 0.006065179011784494
R-quality_step500 33 3 7 0.00614700501319021
R-quality_step500 33 3 8 0.006097369943745434
R-quality_step500 33 3 9 0.006146383937448263
R-quality_step500 33 4 0 0.0060818210477009416
R-quality_step500 33 4 1 0.0061474660178646445
R-quality_step500 33 4 2 0.006072541931644082
R-quality_step500 33 4 3 0.006129842018708587
R-quality_step500 33 4 4 0.0060865189880132675
R-quality_step500 33 4 5 0.006117308046668768
R-quality_step500 33 4 6 0.006061131018213928
R-quality_step500 33 4 7 0.00611967290751636
R-quality_step500 33 4 8 0.006055440055206418
R-quality_step500 33 4 9 0.006124612060375512
R-quality_step500 33 5 0 0.006354531040415168
R-quality_step500 33 5 1 0.006350232986733317
R-quality_step500 33 5 2 0.006261472939513624
R-quality_step500 33 5 3 0.00630971509963274
R-quality_step500 33 5 4 0.006245041964575648
R-quality_step500 33 5 5 0.006297332001850009
R-quality_step500 33 5 6 0.006251745042391121
R-quality_step500 33 5 7 0.0062983440002426505
R-quality_step500 33 5 8 0.006264258990995586
R-quality_step500 33 5 9 0.006316478014923632
R-quality_step500 33 6 0 0.006111155962571502
R-quality_step500 33 6 1 0.0061411840142682195
R-quality_step500 33 6 2 0.006248640012927353
R-quality_step500 33 6 3 0.00767165794968605
R-quality_step500 33 6 4 0.006549984100274742
R-quality_step500 33 6 5 0.006112117902375758
R-quality_step500 33 6 6 0.006405379041098058
R-quality_step500 33 6 7 0.0061403929721564054
R-quality_step500 33 6 8 0.006081148982048035
R-quality_step500 33 6 9 0.0065151090966537595
R-quality_step500 33 7 0 0.006504248012788594
R-quality_step500 33 7 1 0.006436649011448026
R-quality_step500 33 7 2 0.006265881936997175
R-quality_step500 33 7 3 0.006307090981863439
R-quality_step500 33 7 4 0.006791525986045599
R-quality_step500 33 7 5 0.006321719032712281
R-quality_step500 33 7 6 0.006550676072947681
R-quality_step500 33 7 7 0.006284457049332559
R-quality_step500 33 7 8 0.006255683023482561
R-quality_step500 33 7 9 0.0062903090147301555
R-quality_step500 33 8 0 0.006107620080001652
R-quality_step500 33 8 1 0.006088091991841793
R-quality_step500 33 8 2 0.006055340054444969
R-quality_step500 33 8 3 0.006093902979046106
R-quality_step500 33 8 4 0.006041884073056281
R-quality_step500 33 8 5 0.006087251007556915
R-quality_step500 33 8 6 0.006079655955545604
R-quality_step500 33 8 7 0.006106007029302418
R-quality_step500 33 8 8 0.006052564014680684
R-quality_step500 33 8 9 0.006098553072661161
R-quality_step500 33 9 0 0.006120063015259802
R-quality_step500 33 9 1 0.006103803054429591
R-quality_step500 33 9 2 0.00612648599781096
R-quality_step500 33 9 3 0.006117257988080382
R-quality_step500 33 9 4 0.006089035072363913
R-quality_step500 33 9 5 0.006134360912255943
R-quality_step500 33 9 6 0.006087851943448186
R-quality_step500 33 9 7 0.00633348198607564
R-quality_step500 33 9 8 0.006173414993099868
R-quality_step500 33 9 9 0.0061559019377455115
R-quality_step500 36 0 0 0.0067166839726269245
R-quality_step500 36 0 1 0.006636210018768907
R-quality_step500 36 0 2 0.006593146943487227
R-quality_step500 36 0 3 0.006647169939242303
R-quality_step500 36 0 4 0.006636410020291805
R-quality_step500 36 0 5 0.006653623073361814
R-quality_step500 36 0 6 0.006629938026890159
R-quality_step500 36 0 7 0.0066815969767048955
R-quality_step500 36 0 8 0.0065928969997912645
R-quality_step500 36 0 9 0.0066443950636312366
R-quality_step500 36 1 0 0.1375373899936676
R-quality_step500 36 1 1 0.006915202015079558
R-quality_step500 36 1 2 0.007281091995537281
R-quality_step500 36 1 3 0.009183968068100512
R-quality_step500 36 1 4 0.007215355988591909
R-quality_step500 36 1 5 0.0067289069993421435
R-quality_step500 36 1 6 0.006906355964019895
R-quality_step500 36 1 7 0.006701183971017599
R-quality_step500 36 1 8 0.006729117012582719
R-quality_step500 36 1 9 0.006702286074869335
R-quality_step500 36 2 0 0.006529696052893996
R-quality_step500 36 2 1 0.006531490013003349
R-quality_step500 36 2 2 0.006532041006721556
R-quality_step500 36 2 3 0.006579551030881703
R-quality_step500 36 2 4 0.006593338097445667
R-quality_step500 36 2 5 0.006552819977514446
R-quality_step500 36 2 6 0.006599348969757557
R-quality_step500 36 2 7 0.006577457068488002
R-quality_step500 36 2 8 0.006580443005077541
R-quality_step500 36 2 9 0.0065908730030059814
R-quality_step500 36 3 0 0.006578730070032179
R-quality_step500 36 3 1 0.0066198279382660985
R-quality_step500 36 3 2 0.006596353021450341
R-quality_step500 36 3 3 0.006575273931957781
R-quality_step500 36 3 4 0.006579600973054767
R-quality_step500 36 3 5 0.006632052012719214
R-quality_step500 36 3 6 0.006648694048635662
R-quality_step500 36 3 7 0.006593969068489969
R-quality_step500 36 3 8 0.006630118004977703
R-quality_step500 36 3 9 0.006626160000450909
R-quality_step500 36 4 0 0.006609038100577891
R-quality_step500 36 4 1 0.0066765559604391456
R-quality_step500 36 4 2 0.006544784992001951
R-quality_step500 36 4 3 0.00654437392950058
R-quality_step500 36 4 4 0.006533483043313026
R-quality_step500 36 4 5 0.006548391887918115
R-quality_step500 36 4 6 0.006568520097061992
R-quality_step500 36 4 7 0.0066190160578116775
R-quality_step500 36 4 8 0.006601041997782886
R-quality_step500 36 4 9 0.006581344990991056
R-quality_step500 36 5 0 0.006604038993827999
R-quality_step500 36 5 1 0.0066062420373782516
R-quality_step500 36 5 2 0.00657477299682796
R-quality_step500 36 5 3 0.006615279940888286
R-quality_step500 36 5 4 0.0065955809550359845
R-quality_step500 36 5 5 0.006584689952433109
R-quality_step500 36 5 6 0.006591293029487133
R-quality_step500 36 5 7 0.006611271994188428
R-quality_step500 36 5 8 0.006548631936311722
R-quality_step500 36 5 9 0.006609419011510909
R-quality_step500 36 6 0 0.00654753006529063
R-quality_step500 36 6 1 0.006587096024304628
R-quality_step500 36 6 2 0.006583197973668575
R-quality_step500 36 6 3 0.0065707339672371745
R-quality_step500 36 6 4 0.006612114026211202
R-quality_step500 36 6 5 0.006650627008639276
R-quality_step500 36 6 6 0.006582596921361983
R-quality_step500 36 6 7 0.00659930903930217
R-quality_step500 36 6 8 0.006613626959733665
R-quality_step500 36 6 9 0.006577838095836341
R-quality_step500 36 7 0 0.006819389062002301
R-quality_step500 36 7 1 0.006809581071138382
R-quality_step500 36 7 2 0.006997709977440536
R-quality_step500 36 7 3 0.00677762005943805
R-quality_step500 36 7 4 0.006810863967984915
R-quality_step500 36 7 5 0.0068168750731274486
R-quality_step500 36 7 6 0.006783641059882939
R-quality_step500 36 7 7 0.006741701043210924
R-quality_step500 36 7 8 0.006757691968232393
R-quality_step500 36 7 9 0.006778762093745172
R-quality_step500 36 8 0 0.006615048972889781
R-quality_step500 36 8 1 0.006579009932465851
R-quality_step500 36 8 2 0.006625498994253576
R-quality_step500 36 8 3 0.006816545035690069
R-quality_step500 36 8 4 0.006709439912810922
R-quality_step500 36 8 5 0.00699206895660609
R-quality_step500 36 8 6 0.006660486105829477
R-quality_step500 36 8 7 0.0067012839717790484
R-quality_step500 36 8 8 0.0065633009653538465
R-quality_step500 36 8 9 0.00654724903870374
R-quality_step500 36 9 0 0.006951882969588041
R-quality_step500 36 9 1 0.007338992087170482
R-quality_step500 36 9 2 0.00928045203909278
R-quality_step500 36 9 3 0.007119372952729464
R-quality_step500 36 9 4 0.006912727956660092
R-quality_step500 36 9 5 0.006791385938413441
R-quality_step500 36 9 6 0.0067855550441890955
R-quality_step500 36 9 7 0.006799941998906434
R-quality_step500 36 9 8 0.006746329949237406
R-quality_step500 36 9 9 0.0067266219994053245
R-quality_step500 40 0 0 0.004060267936438322
R-quality_step500 40 0 1 0.004092429997399449
R-quality_step500 40 0 2 0.004034278099425137
R-quality_step500 40 0 3 0.004018398001790047
R-quality_step500 40 0 4 0.004050098010338843
R-quality_step500 40 0 5 0.004036601982079446
R-quality_step500 40 0 6 0.0040643049869686365
R-quality_step500 40 0 7 0.004044266999699175
R-quality_step500 40 0 8 0.004022966022603214
R-quality_step500 40 0 9 0.0040479740127921104
R-quality_step500 40 1 0 0.004029558971524239
R-quality_step500 40 1 1 0.004035189980641007
R-quality_step500 40 1 2 0.004026444046758115
R-quality_step500 40 1 3 0.004023757996037602
R-quality_step500 40 1 4 0.004029068979434669
R-quality_step500 40 1 5 0.004026924027130008
R-quality_step500 40 1 6 0.004035089979879558
R-quality_step500 40 1 7 0.004077170044183731
R-quality_step500 40 1 8 0.004217338049784303
R-quality_step500 40 1 9 0.00412485096603632
R-quality_step500 40 2 0 0.004006003960967064
R-quality_step500 40 2 1 0.004027514951303601
R-quality_step500 40 2 2 0.0041160739492625
R-quality_step500 40 2 3 0.004050749004818499
R-quality_step500 40 2 4 0.004027605056762695
R-quality_step500 40 2 5 0.0040344789158552885
R-quality_step500 40 2 6 0.003996836021542549
R-quality_step500 40 2 7 0.0040100220357999206
R-quality_step500 40 2 8 0.0040223849937319756
R-quality_step500 40 2 9 0.00400984100997448
R-quality_step500 40 3 0 0.004057142068631947
R-quality_step500 40 3 1 0.004309433978050947
R-quality_step500 40 3 2 0.003933234955184162
R-quality_step500 40 3 3 0.0039048109902068973
R-quality_step500 40 3 4 0.003925851080566645
R-quality_step500 40 3 5 0.003889551036991179
R-quality_step500 40 3 6 0.004030250944197178
R-quality_step500 40 3 7 0.003973932936787605
R-quality_step500 40 3 8 0.003885213052853942
R-quality_step500 40 3 9 0.0038923269603401423
R-quality_step500 40 4 0 0.004033366916701198
R-quality_step500 40 4 1 0.004021483939141035
R-quality_step500 40 4 2 0.004706142004579306
R-quality_step500 40 4 3 0.004014150006696582
R-quality_step500 40 4 4 0.004004210000857711
R-quality_step500 40 4 5 0.004536126973107457
R-quality_step500 40 4 6 0.0041621619602665305
R-quality_step500 40 4 7 0.0040397889679297805
R-quality_step500 40 4 8 0.003990414086729288
R-quality_step500 40 4 9 0.00398066604975611
R-quality_step500 40 5 0 0.00396565708797425
R-quality_step500 40 5 1 0.004044448025524616
R-quality_step500 40 5 2 0.003981136018410325
R-quality_step500 40 5 3 0.004157582996413112
R-quality_step500 40 5 4 0.0041899350471794605
R-quality_step500 40 5 5 0.0040335970697924495
R-quality_step500 40 5 6 0.003993910970166326
R-quality_step500 40 5 7 0.004092128947377205
R-quality_step500 40 5 8 0.004139870055951178
R-quality_step500 40 5 9 0.004021945060230792
R-quality_step500 40 6 0 0.003998639993369579
R-quality_step500 40 6 1 0.0039924889570102096
R-quality_step500 40 6 2 0.004016113933175802
R-quality_step500 40 6 3 0.003998239990323782
R-quality_step500 40 6 4 0.004046071087941527
R-quality_step500 40 6 5 0.0040099009638652205
R-quality_step500 40 6 6 0.0041279669385403395
R-quality_step500 40 6 7 0.003977810963988304
R-quality_step500 40 6 8 0.004083072068169713
R-quality_step500 40 6 9 0.004158005001954734
R-quality_step500 40 7 0 0.004005532944574952
R-quality_step500 40 7 1 0.004002497997134924
R-quality_step500 40 7 2 0.004013968980871141
R-quality_step500 40 7 3 0.004028546973131597
R-quality_step500 40 7 4 0.0039672598941251636
R-quality_step500 40 7 5 0.004255190026015043
R-quality_step500 40 7 6 0.003992908983491361
R-quality_step500 40 7 7 0.004000923945568502
R-quality_step500 40 7 8 0.004104481893591583
R-quality_step500 40 7 9 0.003998319967649877
R-quality_step500 40 8 0 0.0039001520490273833
R-quality_step500 40 8 1 0.0038893918972462416
R-quality_step500 40 8 2 0.00390019197948277
R-quality_step500 40 8 3 0.003925059922039509
R-quality_step500 40 8 4 0.0039046999299898744
R-quality_step500 40 8 5 0.0038967960281297565
R-quality_step500 40 8 6 0.0038863859372213483
R-quality_step500 40 8 7 0.0039077060064300895
R-quality_step500 40 8 8 0.003910370985977352
R-quality_step500 40 8 9 0.003887167084030807
R-quality_step500 40 9 0 0.003892116015776992
R-quality_step500 40 9 1 0.003897316986694932
R-quality_step500 40 9 2 0.003894602064974606
R-quality_step500 40 9 3 0.0039047501049935818
R-quality_step500 40 9 4 0.003876456990838051
R-quality_step500 40 9 5 0.003897627000696957
R-quality_step500 40 9 6 0.00396530597936362
R-quality_step500 40 9 7 0.004937093006446958
R-quality_step500 40 9 8 0.005312630091793835
R-quality_step500 40 9 9 0.00414784497115761
R-quality_step500 47 0 0 0.07107046199962497
R-quality_step500 47 0 1 0.06303449906408787
R-quality_step500 47 0 2 0.06345433101523668
R-quality_step500 47 0 3 0.06287697795778513
R-quality_step500 47 0 4 0.061495256959460676
R-quality_step500 47 0 5 0.06083827209658921
R-quality_step500 47 0 6 0.06381429801695049
R-quality_step500 47 0 7 0.06326638197060674
R-quality_step500 47 0 8 0.06499274901580065
R-quality_step500 47 0 9 0.06270570994820446
R-quality_step500 47 1 0 0.06695126206614077
R-quality_step500 47 1 1 0.06136047001928091
R-quality_step500 47 1 2 0.06139324209652841
R-quality_step500 47 1 3 0.06079340598080307
R-quality_step500 47 1 4 0.06292425701394677
R-quality_step500 47 1 5 0.06344977195840329
R-quality_step500 47 1 6 0.0636362269287929
R-quality_step500 47 1 7 0.06304525898303837
R-quality_step500 47 1 8 0.06363470491487533
R-quality_step500 47 1 9 0.0620829799445346
R-quality_step500 47 2 0 0.06608286302071065
R-quality_step500 47 2 1 0.06552459602244198
R-quality_step500 47 2 2 0.06448130297940224
R-quality_step500 47 2 3 0.06380790600087494
R-quality_step500 47 2 4 0.0634972220286727
R-quality_step500 47 2 5 0.06172135903034359
R-quality_step500 47 2 6 0.061216645990498364
R-quality_step500 47 2 7 0.0631946639623493
R-quality_step500 47 2 8 0.061509664985351264
R-quality_step500 47 2 9 0.06037884496618062
R-quality_step500 47 3 0 0.06016397301573306
R-quality_step500 47 3 1 0.06314271397422999
R-quality_step500 47 3 2 0.06313369807321578
R-quality_step500 47 3 3 0.060214811004698277
R-quality_step500 47 3 4 0.06528300396166742
R-quality_step500 47 3 5 0.061945496941916645
R-quality_step500 47 3 6 0.0620195489609614
R-quality_step500 47 3 7 0.06213247508276254
R-quality_step500 47 3 8 0.06363217008765787
R-quality_step500 47 3 9 0.06319131690543145
R-quality_step500 47 4 0 0.061309642042033374
R-quality_step500 47 4 1 0.062255450058728456
R-quality_step500 47 4 2 0.06137421599123627
R-quality_step500 47 4 3 0.06256912904791534
R-quality_step500 47 4 4 0.06354246800765395
R-quality_step500 47 4 5 0.06395405507646501
R-quality_step500 47 4 6 0.06394205195829272
R-quality_step500 47 4 7 0.06414588203188032
R-quality_step500 47 4 8 0.06167908804491162
R-quality_step500 47 4 9 0.06086701701860875
R-quality_step500 47 5 0 0.0600626899395138
R-quality_step500 47 5 1 0.06142925098538399
R-quality_step500 47 5 2 0.06446618295740336
R-quality_step500 47 5 3 0.06607051903847605
R-quality_step500 47 5 4 0.06262348301243037
R-quality_step500 47 5 5 0.0621280160266906
R-quality_step500 47 5 6 0.06097267800942063
R-quality_step500 47 5 7 0.061986485961824656
R-quality_step500 47 5 8 0.062102718045935035
R-quality_step500 47 5 9 0.06560430803801864
R-quality_step500 47 6 0 0.06418659898918122
R-quality_step500 47 6 1 0.06520649697631598
R-quality_step500 47 6 2 0.06524429994169623
R-quality_step500 47 6 3 0.06165329902432859
R-quality_step500 47 6 4 0.06157796492334455
R-quality_step500 47 6 5 0.061772667919285595
R-quality_step500 47 6 6 0.06207351200282574
R-quality_step500 47 6 7 0.06244795804377645
R-quality_step500 47 6 8 0.0619133859872818
R-quality_step500 47 6 9 0.06308056600391865
R-quality_step500 47 7 0 0.06041341903619468
R-quality_step500 47 7 1 0.06329890294000506
R-quality_step500 47 7 2 0.06178529094904661
R-quality_step500 47 7 3 0.06320019392296672
R-quality_step500 47 7 4 0.06250500597525388
R-quality_step500 47 7 5 0.061036931932903826
R-quality_step500 47 7 6 0.06241800892166793
R-quality_step500 47 7 7 0.06225366599392146
R-quality_step500 47 7 8 0.06380730401724577
R-quality_step500 47 7 9 0.06130917195696384
R-quality_step500 47 8 0 0.06162917206529528
R-quality_step500 47 8 1 0.062396878958679736
R-quality_step500 47 8 2 0.06213270500302315
R-quality_step500 47 8 3 0.061286678072065115
R-quality_step500 47 8 4 0.06467231700662524
R-quality_step500 47 8 5 0.06457583303563297
R-quality_step500 47 8 6 0.06069210299756378
R-quality_step500 47 8 7 0.06059140001889318
R-quality_step500 47 8 8 0.06324438890442252
R-quality_step500 47 8 9 0.06205776194110513
R-quality_step500 47 9 0 0.061750615015625954
R-quality_step500 47 9 1 0.0653047050582245
R-quality_step500 47 9 2 0.06370551988948137
R-quality_step500 47 9 3 0.06170626007951796
R-quality_step500 47 9 4 0.06303247401956469
R-quality_step500 47 9 5 0.06296051607932895
R-quality_step500 47 9 6 0.06224614102393389
R-quality_step500 47 9 7 0.06212862697429955
R-quality_step500 47 9 8 0.06611353007610887
R-quality_step500 47 9 9 0.06151541601866484
R-quality_step500 51 0 0 0.025073677068576217
R-quality_step500 51 0 1 0.02470040402840823
R-quality_step500 51 0 2 0.022603027056902647
R-quality_step500 51 0 3 0.022902408032678068
R-quality_step500 51 0 4 0.022506983019411564
R-quality_step500 51 0 5 0.02349369798321277
R-quality_step500 51 0 6 0.023169239051640034
R-quality_step500 51 0 7 0.023034881916828454
R-quality_step500 51 0 8 0.023375772987492383
R-quality_step500 51 0 9 0.023222048999741673
R-quality_step500 51 1 0 0.022725841030478477
R-quality_step500 51 1 1 0.02541166392620653
R-quality_step500 51 1 2 0.02573987003415823
R-quality_step500 51 1 3 0.023946383967995644
R-quality_step500 51 1 4 0.023325907997787
R-quality_step500 51 1 5 0.02288321196101606
R-quality_step500 51 1 6 0.02309571800287813
R-quality_step500 51 1 7 0.022667039069347084
R-quality_step500 51 1 8 0.023132749018259346
R-quality_step500 51 1 9 0.022518064943142235
R-quality_step500 51 2 0 0.02259424899239093
R-quality_step500 51 2 1 0.022519317106343806
R-quality_step500 51 2 2 0.0224802119191736
R-quality_step500 51 2 3 0.022525258013047278
R-quality_step500 51 2 4 0.02246866002678871
R-quality_step500 51 2 5 0.022479331004433334
R-quality_step500 51 2 6 0.0228934419574216
R-quality_step500 51 2 7 0.022503345971927047
R-quality_step500 51 2 8 0.022489318973384798
R-quality_step500 51 2 9 0.022547209984622896
R-quality_step500 51 3 0 0.022564674029126763
R-quality_step500 51 3 1 0.024086260003969073
R-quality_step500 51 3 2 0.023547361022792757
R-quality_step500 51 3 3 0.024242340005002916
R-quality_step500 51 3 4 0.02319208299741149
R-quality_step500 51 3 5 0.02406231500208378
R-quality_step500 51 3 6 0.024144261959008873
R-quality_step500 51 3 7 0.022977282060310245
R-quality_step500 51 3 8 0.02409108995925635
R-quality_step500 51 3 9 0.02260662300977856
R-quality_step500 51 4 0 0.022169197909533978
R-quality_step500 51 4 1 0.022169157047756016
R-quality_step500 51 4 2 0.023543152026832104
R-quality_step500 51 4 3 0.022485523018985987
R-quality_step500 51 4 4 0.0223663350334391
R-quality_step500 51 4 5 0.022263317951001227
R-quality_step500 51 4 6 0.023017999017611146
R-quality_step500 51 4 7 0.023086511064320803
R-quality_step500 51 4 8 0.02311428403481841
R-quality_step500 51 4 9 0.022529186098836362
R-quality_step500 51 5 0 0.02234226791188121
R-quality_step500 51 5 1 0.025329194962978363
R-quality_step500 51 5 2 0.023939711041748524
R-quality_step500 51 5 3 0.02388779097236693
R-quality_step500 51 5 4 0.024507725960575044
R-quality_step500 51 5 5 0.02303137502167374
R-quality_step500 51 5 6 0.02253355400171131
R-quality_step500 51 5 7 0.022560095065273345
R-quality_step500 51 5 8 0.022490661940537393
R-quality_step500 51 5 9 0.02285557903815061
R-quality_step500 51 6 0 0.022509598056785762
R-quality_step500 51 6 1 0.022483087028376758
R-quality_step500 51 6 2 0.022552449954673648
R-quality_step500 51 6 3 0.024028770974837244
R-quality_step500 51 6 4 0.02355927391909063
R-quality_step500 51 6 5 0.022958194953389466
R-quality_step500 51 6 6 0.022533003007993102
R-quality_step500 51 6 7 0.022314094938337803
R-quality_step500 51 6 8 0.023053386947140098
R-quality_step500 51 6 9 0.022556156967766583
R-quality_step500 51 7 0 0.02305039099883288
R-quality_step500 51 7 1 0.026638558018021286
R-quality_step500 51 7 2 0.022685914998874068
R-quality_step500 51 7 3 0.02274888602551073
R-quality_step500 51 7 4 0.022594179958105087
R-quality_step500 51 7 5 0.022560224984772503
R-quality_step500 51 7 6 0.024208544054999948
R-quality_step500 51 7 7 0.022587136016227305
R-quality_step500 51 7 8 0.022458260064013302
R-quality_step500 51 7 9 0.022485060966573656
R-quality_step500 51 8 0 0.022576605901122093
R-quality_step500 51 8 1 0.02259859803598374
R-quality_step500 51 8 2 0.02261872694361955
R-quality_step500 51 8 3 0.022496644058264792
R-quality_step500 51 8 4 0.022475423058494925
R-quality_step500 51 8 5 0.022493007010780275
R-quality_step500 51 8 6 0.022518606041558087
R-quality_step500 51 8 7 0.022479812032543123
R-quality_step500 51 8 8 0.023400060017593205
R-quality_step500 51 8 9 0.02452714298851788
R-quality_step500 51 9 0 0.022526721004396677
R-quality_step500 51 9 1 0.022495891898870468
R-quality_step500 51 9 2 0.02250753401312977
R-quality_step500 51 9 3 0.024075570981949568
R-quality_step500 51 9 4 0.025035884929820895
R-quality_step500 51 9 5 0.023101338068954647
R-quality_step500 51 9 6 0.022551849018782377
R-quality_step500 51 9 7 0.022556057083420455
R-quality_step500 51 9 8 0.022860388970002532
R-quality_step500 51 9 9 0.022298275027424097
R-quality_step500 52 0 0 0.835667407955043
R-quality_step500 52 0 1 0.8206164500443265
R-quality_step500 52 0 2 0.8332232760731131
R-quality_step500 52 0 3 0.8357935680542141
R-quality_step500 52 0 4 0.8376124619971961
R-quality_step500 52 0 5 0.8267755249980837
R-quality_step500 52 0 6 0.8217107170494273
R-quality_step500 52 0 7 0.8323341440409422
R-quality_step500 52 0 8 0.8314623080659658
R-quality_step500 52 0 9 0.8387328169774264
R-quality_step500 52 1 0 0.8367805869784206
R-quality_step500 52 1 1 0.8329886810388416
R-quality_step500 52 1 2 0.8102521189721301
R-quality_step500 52 1 3 0.8268756199395284
R-quality_step500 52 1 4 0.8239796760026366
R-quality_step500 52 1 5 0.8252080410020426
R-quality_step500 52 1 6 0.8520684920949861
R-quality_step500 52 1 7 0.8312574790325016
R-quality_step500 52 1 8 0.8260969179682434
R-quality_step500 52 1 9 0.8274295730516315
R-quality_step500 52 2 0 0.8252235769759864
R-quality_step500 52 2 1 0.8345341860549524
R-quality_step500 52 2 2 0.8297562670195475
R-quality_step500 52 2 3 0.8210608119843528
R-quality_step500 52 2 4 0.8183776640798897
R-quality_step500 52 2 5 0.8172801970504224
R-quality_step500 52 2 6 0.8336446130415425
R-quality_step500 52 2 7 0.8131153689464554
R-quality_step500 52 2 8 0.8069362110691145
R-quality_step500 52 2 9 0.827953637111932
R-quality_step500 52 3 0 0.8555924239335582
R-quality_step500 52 3 1 0.8322441830532625
R-quality_step500 52 3 2 0.829195607919246
R-quality_step500 52 3 3 0.8503916950430721
R-quality_step500 52 3 4 0.8379780659452081
R-quality_step500 52 3 5 0.853624579962343
R-quality_step500 52 3 6 0.8258906709961593
R-quality_step500 52 3 7 0.8281963350018486
R-quality_step500 52 3 8 0.8434849759796634
R-quality_step500 52 3 9 0.8367393249645829
R-quality_step500 52 4 0 0.842645458993502
R-quality_step500 52 4 1 0.8487040139734745
R-quality_step500 52 4 2 0.8309806000906974
R-quality_step500 52 4 3 0.8372381660155952
R-quality_step500 52 4 4 0.8206962789408863
R-quality_step500 52 4 5 0.8553693859139457
R-quality_step500 52 4 6 0.8365069960709661
R-quality_step500 52 4 7 0.8412488260073587
R-quality_step500 52 4 8 0.8226145120570436
R-quality_step500 52 4 9 0.8323284200159833
R-quality_step500 52 5 0 0.839475083979778
R-quality_step500 52 5 1 0.8343537480104715
R-quality_step500 52 5 2 0.8453931900439784
R-quality_step500 52 5 3 0.8289302050834522
R-quality_step500 52 5 4 0.8330200290074572
R-quality_step500 52 5 5 0.8149365870049223
R-quality_step500 52 5 6 0.8195024899905547
R-quality_step500 52 5 7 0.854727579979226
R-quality_step500 52 5 8 0.8320662130136043
R-quality_step500 52 5 9 0.8508079600287601
R-quality_step500 52 6 0 0.860217237030156
R-quality_step500 52 6 1 0.8400754029862583
R-quality_step500 52 6 2 0.8463209950132295
R-quality_step500 52 6 3 0.8351056760875508
R-quality_step500 52 6 4 0.8532264569075778
R-quality_step500 52 6 5 0.8643693259218708
R-quality_step500 52 6 6 0.8371310639195144
R-quality_step500 52 6 7 0.841479380032979
R-quality_step500 52 6 8 0.8291842490434647
R-quality_step500 52 6 9 0.831020726938732
R-quality_step500 52 7 0 0.8342638929607347
R-quality_step500 52 7 1 0.8537219379795715
R-quality_step500 52 7 2 0.8250887020258233
R-quality_step500 52 7 3 0.8425335099454969
R-quality_step500 52 7 4 0.8370093249250203
R-quality_step500 52 7 5 0.8404646470444277
R-quality_step500 52 7 6 0.8305225810036063
R-quality_step500 52 7 7 0.8538527829805389
R-quality_step500 52 7 8 0.8698136779712513
R-quality_step500 52 7 9 0.8366323109949008
R-quality_step500 52 8 0 0.8138969719875604
R-quality_step500 52 8 1 0.8435295569943264
R-quality_step500 52 8 2 0.8261245930334553
R-quality_step500 52 8 3 0.8358250360470265
R-quality_step500 52 8 4 0.8278963469201699
R-quality_step500 52 8 5 0.8446790609741583
R-quality_step500 52 8 6 0.8455464369617403
R-quality_step500 52 8 7 0.8458353079622611
R-quality_step500 52 8 8 0.8326902529224753
R-quality_step500 52 8 9 0.8257464960915968
R-quality_step500 52 9 0 0.8225977079709992
R-quality_step500 52 9 1 0.8363071719650179
R-quality_step500 52 9 2 0.8240799700142816
R-quality_step500 52 9 3 0.8341153229121119
R-quality_step500 52 9 4 0.8440874840598553
R-quality_step500 52 9 5 0.8270716239931062
R-quality_step500 52 9 6 0.828365906025283
R-quality_step500 52 9 7 0.8514358920510858
R-quality_step500 52 9 8 0.8483493739040568
R-quality_step500 52 9 9 0.8607236449606717
R-quality_step500 56 0 0 0.021985004073940217
R-quality_step500 56 0 1 0.017891463008709252
R-quality_step500 56 0 2 0.017212285078130662
R-quality_step500 56 0 3 0.017670280998572707
R-quality_step500 56 0 4 0.016992655000649393
R-quality_step500 56 0 5 0.017239737906493247
R-quality_step500 56 0 6 0.017491650069132447
R-quality_step500 56 0 7 0.017433547996915877
R-quality_step500 56 0 8 0.01713588903658092
R-quality_step500 56 0 9 0.018227305030450225
R-quality_step500 56 1 0 0.017264876049011946
R-quality_step500 56 1 1 0.017095322022214532
R-quality_step500 56 1 2 0.017106423038057983
R-quality_step500 56 1 3 0.01701740303542465
R-quality_step500 56 1 4 0.017383071943186224
R-quality_step500 56 1 5 0.01708411006256938
R-quality_step500 56 1 6 0.016996352933347225
R-quality_step500 56 1 7 0.017153142020106316
R-quality_step500 56 1 8 0.01745413790922612
R-quality_step500 56 1 9 0.01698744494933635
R-quality_step500 56 2 0 0.017588814022019506
R-quality_step500 56 2 1 0.017207056051120162
R-quality_step500 56 2 2 0.01699495001230389
R-quality_step500 56 2 3 0.017012764001265168
R-quality_step500 56 2 4 0.016978750005364418
R-quality_step500 56 2 5 0.01697111502289772
R-quality_step500 56 2 6 0.019584638066589832
R-quality_step500 56 2 7 0.019372151931747794
R-quality_step500 56 2 8 0.019382552010938525
R-quality_step500 56 2 9 0.018461872008629143
R-quality_step500 56 3 0 0.018091454985551536
R-quality_step500 56 3 1 0.017665219958871603
R-quality_step500 56 3 2 0.019141481025144458
R-quality_step500 56 3 3 0.016991883981972933
R-quality_step500 56 3 4 0.01893285207916051
R-quality_step500 56 3 5 0.017238685046322644
R-quality_step500 56 3 6 0.016983689041808248
R-quality_step500 56 3 7 0.017152601038105786
R-quality_step500 56 3 8 0.019495857995934784
R-quality_step500 56 3 9 0.017315532895736396
R-quality_step500 56 4 0 0.017143444041721523
R-quality_step500 56 4 1 0.016986884991638362
R-quality_step500 56 4 2 0.01709263597149402
R-quality_step500 56 4 3 0.01731447095517069
R-quality_step500 56 4 4 0.018020650022663176
R-quality_step500 56 4 5 0.018000190961174667
R-quality_step500 56 4 6 0.01712790399324149
R-quality_step500 56 4 7 0.017011030111461878
R-quality_step500 56 4 8 0.017115731025114655
R-quality_step500 56 4 9 0.017689617001451552
R-quality_step500 56 5 0 0.017732538981363177
R-quality_step500 56 5 1 0.019614945980720222
R-quality_step500 56 5 2 0.01699475897476077
R-quality_step500 56 5 3 0.017465629964135587
R-quality_step500 56 5 4 0.017382179968990386
R-quality_step500 56 5 5 0.019684618921019137
R-quality_step500 56 5 6 0.017379074008204043
R-quality_step500 56 5 7 0.017238985979929566
R-quality_step500 56 5 8 0.017115409951657057
R-quality_step500 56 5 9 0.017858008039183915
R-quality_step500 56 6 0 0.017913927091285586
R-quality_step500 56 6 1 0.017194240004755557
R-quality_step500 56 6 2 0.018820618046447635
R-quality_step500 56 6 3 0.01819080498535186
R-quality_step500 56 6 4 0.017500886926427484
R-quality_step500 56 6 5 0.017362492973916233
R-quality_step500 56 6 6 0.01847608992829919
R-quality_step500 56 6 7 0.01825336506590247
R-quality_step500 56 6 8 0.017521205940283835
R-quality_step500 56 6 9 0.017178129986859858
R-quality_step500 56 7 0 0.017385044950060546
R-quality_step500 56 7 1 0.017058521043509245
R-quality_step500 56 7 2 0.01735653099603951
R-quality_step500 56 7 3 0.017175415065139532
R-quality_step500 56 7 4 0.017552455072291195
R-quality_step500 56 7 5 0.017420032992959023
R-quality_step500 56 7 6 0.017326012020930648
R-quality_step500 56 7 7 0.01734257396310568
R-quality_step500 56 7 8 0.017174453008919954
R-quality_step500 56 7 9 0.017207526019774377
R-quality_step500 56 8 0 0.017660340992733836
R-quality_step500 56 8 1 0.01729512307792902
R-quality_step500 56 8 2 0.017707280931062996
R-quality_step500 56 8 3 0.018563956953585148
R-quality_step500 56 8 4 0.01892700104508549
R-quality_step500 56 8 5 0.018365959986113012
R-quality_step500 56 8 6 0.017575849895365536
R-quality_step500 56 8 7 0.017272330005653203
R-quality_step500 56 8 8 0.01762931200210005
R-quality_step500 56 8 9 0.01701001892797649
R-quality_step500 56 9 0 0.017072349088266492
R-quality_step500 56 9 1 0.017225290066562593
R-quality_step500 56 9 2 0.01704297191463411
R-quality_step500 56 9 3 0.017432034946978092
R-quality_step500 56 9 4 0.01717312098480761
R-quality_step500 56 9 5 0.01703498698771
R-quality_step500 56 9 6 0.016987967072054744
R-quality_step500 56 9 7 0.017038101912476122
R-quality_step500 56 9 8 0.016994489007629454
R-quality_step500 56 9 9 0.01730745704844594
R-quality_step500 62 0 0 0.29250070394482464
R-quality_step500 62 0 1 0.29576474893838167
R-quality_step500 62 0 2 0.2925370529992506
R-quality_step500 62 0 3 0.2849597749300301
R-quality_step500 62 0 4 0.29044579702895135
R-quality_step500 62 0 5 0.2851802670629695
R-quality_step500 62 0 6 0.2880972990533337
R-quality_step500 62 0 7 0.28186415100935847
R-quality_step500 62 0 8 0.28340311103966087
R-quality_step500 62 0 9 0.28161317098420113
R-quality_step500 62 1 0 0.29548709793016315
R-quality_step500 62 1 1 0.2794897349085659
R-quality_step500 62 1 2 0.2863433880265802
R-quality_step500 62 1 3 0.2796615019906312
R-quality_step500 62 1 4 0.28052922908682376
R-quality_step500 62 1 5 0.2849540739553049
R-quality_step500 62 1 6 0.28265386901330203
R-quality_step500 62 1 7 0.28553922194987535
R-quality_step500 62 1 8 0.2955048510339111
R-quality_step500 62 1 9 0.28530457301530987
R-quality_step500 62 2 0 0.28718954406213015
R-quality_step500 62 2 1 0.28308252803981304
R-quality_step500 62 2 2 0.2814594740048051
R-quality_step500 62 2 3 0.27544598700478673
R-quality_step500 62 2 4 0.28127913107164204
R-quality_step500 62 2 5 0.2805869389558211
R-quality_step500 62 2 6 0.2788201029179618
R-quality_step500 62 2 7 0.29072915599681437
R-quality_step500 62 2 8 0.283022474963218
R-quality_step500 62 2 9 0.2941101760370657
R-quality_step500 62 3 0 0.2845046930015087
R-quality_step500 62 3 1 0.28382406290620565
R-quality_step500 62 3 2 0.2835151730105281
R-quality_step500 62 3 3 0.28983915597200394
R-quality_step500 62 3 4 0.29131424392107874
R-quality_step500 62 3 5 0.27624375000596046
R-quality_step500 62 3 6 0.2837872829986736
R-quality_step500 62 3 7 0.2842492050258443
R-quality_step500 62 3 8 0.29089662502519786
R-quality_step500 62 3 9 0.2806670810095966
R-quality_step500 62 4 0 0.2819980039494112
R-quality_step500 62 4 1 0.2914348340127617
R-quality_step500 62 4 2 0.28861124895047396
R-quality_step500 62 4 3 0.2851472309557721
R-quality_step500 62 4 4 0.2798268749611452
R-quality_step500 62 4 5 0.28144362394232303
R-quality_step500 62 4 6 0.28870024904608727
R-quality_step500 62 4 7 0.2849910310469568
R-quality_step500 62 4 8 0.29522662702947855
R-quality_step500 62 4 9 0.2975242469692603
R-quality_step500 62 5 0 0.27932266099378467
R-quality_step500 62 5 1 0.28194593300577253
R-quality_step500 62 5 2 0.28699258598499
R-quality_step500 62 5 3 0.2842784090898931
R-quality_step500 62 5 4 0.2805399469798431
R-quality_step500 62 5 5 0.27797189995180815
R-quality_step500 62 5 6 0.2800639179768041
R-quality_step500 62 5 7 0.28268516494426876
R-quality_step500 62 5 8 0.28676132299005985
R-quality_step500 62 5 9 0.2772714109160006
R-quality_step500 62 6 0 0.2827658000169322
R-quality_step500 62 6 1 0.29947127599734813
R-quality_step500 62 6 2 0.28032387397252023
R-quality_step500 62 6 3 0.2794834279920906
R-quality_step500 62 6 4 0.27998783194925636
R-quality_step500 62 6 5 0.28224191803019494
R-quality_step500 62 6 6 0.28790850401856005
R-quality_step500 62 6 7 0.2897536689415574
R-quality_step500 62 6 8 0.291306214989163
R-quality_step500 62 6 9 0.2898379600374028
R-quality_step500 62 7 0 0.29295107803773135
R-quality_step500 62 7 1 0.2887028210097924
R-quality_step500 62 7 2 0.29075451206881553
R-quality_step500 62 7 3 0.2882345060352236
R-quality_step500 62 7 4 0.29265719605609775
R-quality_step500 62 7 5 0.29067120200488716
R-quality_step500 62 7 6 0.2844748030183837
R-quality_step500 62 7 7 0.28807794698514044
R-quality_step500 62 7 8 0.2814461369998753
R-quality_step500 62 7 9 0.29093803092837334
R-quality_step500 62 8 0 0.2904828010359779
R-quality_step500 62 8 1 0.27761187101714313
R-quality_step500 62 8 2 0.29102240200154483
R-quality_step500 62 8 3 0.29897296195849776
R-quality_step500 62 8 4 0.29794478800613433
R-quality_step500 62 8 5 0.29432950098998845
R-quality_step500 62 8 6 0.27952523599378765
R-quality_step500 62 8 7 0.2875121559482068
R-quality_step500 62 8 8 0.28189469198696315
R-quality_step500 62 8 9 0.28254248097073287
R-quality_step500 62 9 0 0.2862358570564538
R-quality_step500 62 9 1 0.2792638069950044
R-quality_step500 62 9 2 0.3159569789422676
R-quality_step500 62 9 3 0.2859881940530613
R-quality_step500 62 9 4 0.28044803789816797
R-quality_step500 62 9 5 0.28375824296381325
R-quality_step500 62 9 6 0.27913555095437914
R-quality_step500 62 9 7 0.28920450701843947
R-quality_step500 62 9 8 0.2775845469441265
R-quality_step500 62 9 9 0.2805475379573181
R-quality_step500 64 0 0 0.17660858808085322
R-quality_step500 64 0 1 0.16723663196898997
R-quality_step500 64 0 2 0.16781194193754345
R-quality_step500 64 0 3 0.1797235800186172
R-quality_step500 64 0 4 0.17390675598289818
R-quality_step500 64 0 5 0.17293840600177646
R-quality_step500 64 0 6 0.16943661600816995
R-quality_step500 64 0 7 0.1676192730665207
R-quality_step500 64 0 8 0.17094849504064769
R-quality_step500 64 0 9 0.175357426982373
R-quality_step500 64 1 0 0.17387955402955413
R-quality_step500 64 1 1 0.17512236896436661
R-quality_step500 64 1 2 0.1820419280556962
R-quality_step500 64 1 3 0.17672978900372982
R-quality_step500 64 1 4 0.1724378289654851
R-quality_step500 64 1 5 0.17915296903811395
R-quality_step500 64 1 6 0.1696009400766343
R-quality_step500 64 1 7 0.17480616399552673
R-quality_step500 64 1 8 0.17434500297531486
R-quality_step500 64 1 9 0.1778391090920195
R-quality_step500 64 2 0 0.17595899698790163
R-quality_step500 64 2 1 0.17375987500417978
R-quality_step500 64 2 2 0.17262672004289925
R-quality_step500 64 2 3 0.1766694539692253
R-quality_step500 64 2 4 0.17727688397280872
R-quality_step500 64 2 5 0.17913673806469887
R-quality_step500 64 2 6 0.17258346802555025
R-quality_step500 64 2 7 0.17166057403665036
R-quality_step500 64 2 8 0.18001427501440048
R-quality_step500 64 2 9 0.1709636930609122
R-quality_step500 64 3 0 0.16661110694985837
R-quality_step500 64 3 1 0.1732647189637646
R-quality_step500 64 3 2 0.17078570206649601
R-quality_step500 64 3 3 0.16981847491115332
R-quality_step500 64 3 4 0.1684969300404191
R-quality_step500 64 3 5 0.17446318897418678
R-quality_step500 64 3 6 0.17650168191175908
R-quality_step500 64 3 7 0.1673907859949395
R-quality_step500 64 3 8 0.16981593903619796
R-quality_step500 64 3 9 0.16768840397708118
R-quality_step500 64 4 0 0.17356799799017608
R-quality_step500 64 4 1 0.17536100302822888
R-quality_step500 64 4 2 0.16561402089428157
R-quality_step500 64 4 3 0.17323244700673968
R-quality_step500 64 4 4 0.1777945429785177
R-quality_step500 64 4 5 0.1721641659969464
R-quality_step500 64 4 6 0.17403221398126334
R-quality_step500 64 4 7 0.17084537609480321
R-quality_step500 64 4 8 0.17239907407201827
R-quality_step500 64 4 9 0.1658833660185337
R-quality_step500 64 5 0 0.17032742698211223
R-quality_step500 64 5 1 0.17367438098881394
R-quality_step500 64 5 2 0.17925347003620118
R-quality_step500 64 5 3 0.17376223800238222
R-quality_step500 64 5 4 0.17115209298208356
R-quality_step500 64 5 5 0.1872151510324329
R-quality_step500 64 5 6 0.18145299202296883
R-quality_step500 64 5 7 0.1797655379632488
R-quality_step500 64 5 8 0.16915147996041924
R-quality_step500 64 5 9 0.16785762703511864
R-quality_step500 64 6 0 0.17599252902437001
R-quality_step500 64 6 1 0.17183583800215274
R-quality_step500 64 6 2 0.1680431419517845
R-quality_step500 64 6 3 0.1680642020655796
R-quality_step500 64 6 4 0.1781902879010886
R-quality_step500 64 6 5 0.1738398369634524
R-quality_step500 64 6 6 0.17336457804776728
R-quality_step500 64 6 7 0.1711640739813447
R-quality_step500 64 6 8 0.1685055660782382
R-quality_step500 64 6 9 0.17459954705554992
R-quality_step500 64 7 0 0.17196847102604806
R-quality_step500 64 7 1 0.16624966508243233
R-quality_step500 64 7 2 0.16946107207331806
R-quality_step500 64 7 3 0.16651719599030912
R-quality_step500 64 7 4 0.16748572699725628
R-quality_step500 64 7 5 0.17700530402362347
R-quality_step500 64 7 6 0.17054948897566646
R-quality_step500 64 7 7 0.17418740002904087
R-quality_step500 64 7 8 0.16980697202961892
R-quality_step500 64 7 9 0.1691089979140088
R-quality_step500 64 8 0 0.1721855760551989
R-quality_step500 64 8 1 0.17116720997728407
R-quality_step500 64 8 2 0.16920900903642178
R-quality_step500 64 8 3 0.17925267794635147
R-quality_step500 64 8 4 0.17100877792108804
R-quality_step500 64 8 5 0.1669948190683499
R-quality_step500 64 8 6 0.17436381604056805
R-quality_step500 64 8 7 0.1689228219911456
R-quality_step500 64 8 8 0.1727697819005698
R-quality_step500 64 8 9 0.1749568299856037
R-quality_step500 64 9 0 0.16894856095314026
R-quality_step500 64 9 1 0.16587557992897928
R-quality_step500 64 9 2 0.17122902791015804
R-quality_step500 64 9 3 0.17731640697456896
R-quality_step500 64 9 4 0.17128755000885576
R-quality_step500 64 9 5 0.17088967899326235
R-quality_step500 64 9 6 0.1725295620271936
R-quality_step500 64 9 7 0.17224375600926578
R-quality_step500 64 9 8 0.1801866020541638
R-quality_step500 64 9 9 0.17243037291336805
R-quality_step500 69 0 0 0.5098689979640767
R-quality_step500 69 0 1 0.503426679992117
R-quality_step500 69 0 2 0.5078057060018182
R-quality_step500 69 0 3 0.5060801500221714
R-quality_step500 69 0 4 0.5086054640123621
R-quality_step500 69 0 5 0.5215320689603686
R-quality_step500 69 0 6 0.5117185809649527
R-quality_step500 69 0 7 0.5035110400058329
R-quality_step500 69 0 8 0.5083840900333598
R-quality_step500 69 0 9 0.5096749759977683
R-quality_step500 69 1 0 0.5063705719076097
R-quality_step500 69 1 1 0.5232731539290398
R-quality_step500 69 1 2 0.5162762370891869
R-quality_step500 69 1 3 0.5067082870518789
R-quality_step500 69 1 4 0.4982711869524792
R-quality_step500 69 1 5 0.5063314359867945
R-quality_step500 69 1 6 0.5153573310235515
R-quality_step500 69 1 7 0.5033793459879234
R-quality_step500 69 1 8 0.5008014310151339
R-quality_step500 69 1 9 0.5064603210194036
R-quality_step500 69 2 0 0.508331355988048
R-quality_step500 69 2 1 0.5109420439694077
R-quality_step500 69 2 2 0.515086009982042
R-quality_step500 69 2 3 0.5137509900378063
R-quality_step500 69 2 4 0.5098937699804083
R-quality_step500 69 2 5 0.5139346700161695
R-quality_step500 69 2 6 0.5320156840607524
R-quality_step500 69 2 7 0.5091993029927835
R-quality_step500 69 2 8 0.49401969101745635
R-quality_step500 69 2 9 0.5175913060083985
R-quality_step500 69 3 0 0.49523978191427886
R-quality_step500 69 3 1 0.5046015579719096
R-quality_step500 69 3 2 0.5168385759461671
R-quality_step500 69 3 3 0.5194541540695354
R-quality_step500 69 3 4 0.5091728600673378
R-quality_step500 69 3 5 0.5002827260177583
R-quality_step500 69 3 6 0.5182681770529598
R-quality_step500 69 3 7 0.5097964709857479
R-quality_step500 69 3 8 0.5121504990383983
R-quality_step500 69 3 9 0.5084311630344018
R-quality_step500 69 4 0 0.5168832000344992
R-quality_step500 69 4 1 0.5024253170704469
R-quality_step500 69 4 2 0.4990627230145037
R-quality_step500 69 4 3 0.4980273350374773
R-quality_step500 69 4 4 0.5039083899464458
R-quality_step500 69 4 5 0.5141851250082254
R-quality_step500 69 4 6 0.5218957349425182
R-quality_step500 69 4 7 0.5038505290867761
R-quality_step500 69 4 8 0.518731759977527
R-quality_step500 69 4 9 0.5288211760343984
R-quality_step500 69 5 0 0.5037430019583553
R-quality_step500 69 5 1 0.5134460900444537
R-quality_step500 69 5 2 0.5142404680373147
R-quality_step500 69 5 3 0.5001041499199346
R-quality_step500 69 5 4 0.4980046791024506
R-quality_step500 69 5 5 0.5075937389628962
R-quality_step500 69 5 6 0.5005918820388615
R-quality_step500 69 5 7 0.5140088950283825
R-quality_step500 69 5 8 0.5163590250303969
R-quality_step500 69 5 9 0.5097543960437179
R-quality_step500 69 6 0 0.5057846510317177
R-quality_step500 69 6 1 0.5133916239719838
R-quality_step500 69 6 2 0.5101836449466646
R-quality_step500 69 6 3 0.5117399779846892
R-quality_step500 69 6 4 0.5086506260558963
R-quality_step500 69 6 5 0.5134569989750162
R-quality_step500 69 6 6 0.5082480859709904
R-quality_step500 69 6 7 0.5094994970131665
R-quality_step500 69 6 8 0.5345367110567167
R-quality_step500 69 6 9 0.5123004580382258
R-quality_step500 69 7 0 0.5223114429973066
R-quality_step500 69 7 1 0.5129036700818688
R-quality_step500 69 7 2 0.5132874819682911
R-quality_step500 69 7 3 0.5072461409727111
R-quality_step500 69 7 4 0.5204830889124423
R-quality_step500 69 7 5 0.5278110799845308
R-quality_step500 69 7 6 0.5089111709967256
R-quality_step500 69 7 7 0.5234672799706459
R-quality_step500 69 7 8 0.5154121409868822
R-quality_step500 69 7 9 0.5130394679727033
R-quality_step500 69 8 0 0.5075550589244813
R-quality_step500 69 8 1 0.5078776549780741
R-quality_step500 69 8 2 0.5145034049637616
R-quality_step500 69 8 3 0.5099259390262887
R-quality_step500 69 8 4 0.5161706879734993
R-quality_step500 69 8 5 0.5065712279174477
R-quality_step500 69 8 6 0.506561981048435
R-quality_step500 69 8 7 0.5126209559384733
R-quality_step500 69 8 8 0.5366454939357936
R-quality_step500 69 8 9 0.5064531819662079
R-quality_step500 69 9 0 0.5058980820467696
R-quality_step500 69 9 1 0.5000553289428353
R-quality_step500 69 9 2 0.5126056559383869
R-quality_step500 69 9 3 0.500455072033219
R-quality_step500 69 9 4 0.5016515780007467
R-quality_step500 69 9 5 0.5062242130516097
R-quality_step500 69 9 6 0.5106291989795864
R-quality_step500 69 9 7 0.5146185510093346
R-quality_step500 69 9 8 0.5192820000229403
R-quality_step500 69 9 9 0.5041527251014486
R-quality_step500 74 0 0 0.7274823220213875
R-quality_step500 74 0 1 0.7038296039681882
R-quality_step500 74 0 2 0.7126180129125714
R-quality_step500 74 0 3 0.7158310009399429
R-quality_step500 74 0 4 0.7214468190213665
R-quality_step500 74 0 5 0.7267126500373706
R-quality_step500 74 0 6 0.7324340399354696
R-quality_step500 74 0 7 0.7192907190183178
R-quality_step500 74 0 8 0.7068940349854529
R-quality_step500 74 0 9 0.729921908932738
R-quality_step500 74 1 0 0.7269078210229054
R-quality_step500 74 1 1 0.7289332000073045
R-quality_step500 74 1 2 0.7147001679986715
R-quality_step500 74 1 3 0.7187814729986712
R-quality_step500 74 1 4 0.7097281679743901
R-quality_step500 74 1 5 0.7042252639075741
R-quality_step500 74 1 6 0.7367306349333376
R-quality_step500 74 1 7 0.7289174660108984
R-quality_step500 74 1 8 0.7148954569129273
R-quality_step500 74 1 9 0.7335430830717087
R-quality_step500 74 2 0 0.7220332240685821
R-quality_step500 74 2 1 0.7228348039789125
R-quality_step500 74 2 2 0.7108788719633594
R-quality_step500 74 2 3 0.7197998659685254
R-quality_step500 74 2 4 0.7267524470807984
R-quality_step500 74 2 5 0.7094458939973265
R-quality_step500 74 2 6 0.7102756979875267
R-quality_step500 74 2 7 0.7112174580106512
R-quality_step500 74 2 8 0.7201482390519232
R-quality_step500 74 2 9 0.7194131739670411
R-quality_step500 74 3 0 0.7194754129741341
R-quality_step500 74 3 1 0.7086366040166467
R-quality_step500 74 3 2 0.7198934599291533
R-quality_step500 74 3 3 0.7235693029360846
R-quality_step500 74 3 4 0.724444794934243
R-quality_step500 74 3 5 0.6956819349434227
R-quality_step500 74 3 6 0.7258546380326152
R-quality_step500 74 3 7 0.7162331760628149
R-quality_step500 74 3 8 0.7077260030200705
R-quality_step500 74 3 9 0.7171894219936803
R-quality_step500 74 4 0 0.7163002720335498
R-quality_step500 74 4 1 0.7181674489984289
R-quality_step500 74 4 2 0.7072154160123318
R-quality_step500 74 4 3 0.698946227086708
R-quality_step500 74 4 4 0.7089832019992173
R-quality_step500 74 4 5 0.6990728690288961
R-quality_step500 74 4 6 0.7190678369952366
R-quality_step500 74 4 7 0.7224166149972007
R-quality_step500 74 4 8 0.7173707139445469
R-quality_step500 74 4 9 0.7067991679068655
R-quality_step500 74 5 0 0.7292304309085011
R-quality_step500 74 5 1 0.7108830190263689
R-quality_step500 74 5 2 0.711212086956948
R-quality_step500 74 5 3 0.71620773000177
R-quality_step500 74 5 4 0.717337619047612
R-quality_step500 74 5 5 0.7637792330933735
R-quality_step500 74 5 6 0.7135061579756439
R-quality_step500 74 5 7 0.7288511029910296
R-quality_step500 74 5 8 0.7300506150349975
R-quality_step500 74 5 9 0.7190417319070548
R-quality_step500 74 6 0 0.7258687450084835
R-quality_step500 74 6 1 0.7160214920295402
R-quality_step500 74 6 2 0.7355666509829462
R-quality_step500 74 6 3 0.7099942060885951
R-quality_step500 74 6 4 0.7169406668981537
R-quality_step500 74 6 5 0.7279599079629406
R-quality_step500 74 6 6 0.7252109859837219
R-quality_step500 74 6 7 0.7391409679548815
R-quality_step500 74 6 8 0.7194484560750425
R-quality_step500 74 6 9 0.7107501790160313
R-quality_step500 74 7 0 0.7060069359140471
R-quality_step500 74 7 1 0.7202158010331914
R-quality_step500 74 7 2 0.7047656039940193
R-quality_step500 74 7 3 0.7378410119563341
R-quality_step500 74 7 4 0.7149475049227476
R-quality_step500 74 7 5 0.7254718509502709
R-quality_step500 74 7 6 0.7114195750327781
R-quality_step500 74 7 7 0.7228125300025567
R-quality_step500 74 7 8 0.7140088699525222
R-quality_step500 74 7 9 0.7162890759063885
R-quality_step500 74 8 0 0.7117955009452999
R-quality_step500 74 8 1 0.7226069460157305
R-quality_step500 74 8 2 0.720278105000034
R-quality_step500 74 8 3 0.706182817928493
R-quality_step500 74 8 4 0.7010576460743323
R-quality_step500 74 8 5 0.7109015310415998
R-quality_step500 74 8 6 0.710154372965917
R-quality_step500 74 8 7 0.7079247640212998
R-quality_step500 74 8 8 0.7113671499537304
R-quality_step500 74 8 9 0.7166892370441929
R-quality_step500 74 9 0 0.7034355570795015
R-quality_step500 74 9 1 0.714827599003911
R-quality_step500 74 9 2 0.7020978200016543
R-quality_step500 74 9 3 0.7248776589985937
R-quality_step500 74 9 4 0.7046922449953854
R-quality_step500 74 9 5 0.7090613819891587
R-quality_step500 74 9 6 0.7149950979510322
R-quality_step500 74 9 7 0.7205589370569214
R-quality_step500 74 9 8 0.7164782399777323
R-quality_step500 74 9 9 0.7130423560738564
R-quality_step500 78 0 0 1.2183099329704419
R-quality_step500 78 0 1 1.194733210024424
R-quality_step500 78 0 2 1.1923120740102604
R-quality_step500 78 0 3 1.1763888620771468
R-quality_step500 78 0 4 1.1920824729604647
R-quality_step500 78 0 5 1.1876404859358445
R-quality_step500 78 0 6 1.1823437260463834
R-quality_step500 78 0 7 1.2076101850252599
R-quality_step500 78 0 8 1.2064110529609025
R-quality_step500 78 0 9 1.2241770619293675
R-quality_step500 78 1 0 1.1882802430773154
R-quality_step500 78 1 1 1.1889995970996097
R-quality_step500 78 1 2 1.167103194980882
R-quality_step500 78 1 3 1.177762396982871
R-quality_step500 78 1 4 1.1933272810420021
R-quality_step500 78 1 5 1.1994256009347737
R-quality_step500 78 1 6 1.1962275198893622
R-quality_step500 78 1 7 1.2150058830156922
R-quality_step500 78 1 8 1.2260309850098565
R-quality_step500 78 1 9 1.1766385729424655
R-quality_step500 78 2 0 1.1739292970160022
R-quality_step500 78 2 1 1.185616574017331
R-quality_step500 78 2 2 1.2025794290238991
R-quality_step500 78 2 3 1.1851686160080135
R-quality_step500 78 2 4 1.2134034750051796
R-quality_step500 78 2 5 1.220222210045904
R-quality_step500 78 2 6 1.2225240579573438
R-quality_step500 78 2 7 1.2378638910595328
R-quality_step500 78 2 8 1.193224680959247
R-quality_step500 78 2 9 1.2099826560588554
R-quality_step500 78 3 0 1.2466066899942234
R-quality_step500 78 3 1 1.1836181060643867
R-quality_step500 78 3 2 1.200417639920488
R-quality_step500 78 3 3 1.203434249968268
R-quality_step500 78 3 4 1.2049677699105814
R-quality_step500 78 3 5 1.2287709719967097
R-quality_step500 78 3 6 1.2085744480136782
R-quality_step500 78 3 7 1.2171189499786124
R-quality_step500 78 3 8 1.2035775599069893
R-quality_step500 78 3 9 1.1840085950680077
R-quality_step500 78 4 0 1.2038518419722095
R-quality_step500 78 4 1 1.1924532959237695
R-quality_step500 78 4 2 1.1908503329614177
R-quality_step500 78 4 3 1.188277637003921
R-quality_step500 78 4 4 1.2234877400333062
R-quality_step500 78 4 5 1.216733586974442
R-quality_step500 78 4 6 1.2228571239393204
R-quality_step500 78 4 7 1.2052934389794245
R-quality_step500 78 4 8 1.2238158639520407
R-quality_step500 78 4 9 1.1698479729238898
R-quality_step500 78 5 0 1.1870938980719075
R-quality_step500 78 5 1 1.2049419750692323
R-quality_step500 78 5 2 1.1888513939920813
R-quality_step500 78 5 3 1.1953466819832101
R-quality_step500 78 5 4 1.1906887049553916
R-quality_step500 78 5 5 1.2229930729372427
R-quality_step500 78 5 6 1.2273535350104794
R-quality_step500 78 5 7 1.2264863859163597
R-quality_step500 78 5 8 1.217920501017943
R-quality_step500 78 5 9 1.2102660780074075
R-quality_step500 78 6 0 1.1899222730426118
R-quality_step500 78 6 1 1.2060890670400113
R-quality_step500 78 6 2 1.1924606610555202
R-quality_step500 78 6 3 1.2120833969675004
R-quality_step500 78 6 4 1.2177001549862325
R-quality_step500 78 6 5 1.2130523159867153
R-quality_step500 78 6 6 1.1901972929481417
R-quality_step500 78 6 7 1.2038345140172169
R-quality_step500 78 6 8 1.181932462961413
R-quality_step500 78 6 9 1.191632702946663
R-quality_step500 78 7 0 1.2186281230533496
R-quality_step500 78 7 1 1.1943714830558747
R-quality_step500 78 7 2 1.2039300629403442
R-quality_step500 78 7 3 1.2545036160154268
R-quality_step500 78 7 4 1.216408891021274
R-quality_step500 78 7 5 1.2407879729289562
R-quality_step500 78 7 6 1.2056469490053132
R-quality_step500 78 7 7 1.2074242129456252
R-quality_step500 78 7 8 1.191392445936799
R-quality_step500 78 7 9 1.2001302369171754
R-quality_step500 78 8 0 1.2240727960597724
R-quality_step500 78 8 1 1.2264171040151268
R-quality_step500 78 8 2 1.1969516819808632
R-quality_step500 78 8 3 1.2288606900256127
R-quality_step500 78 8 4 1.2132577720331028
R-quality_step500 78 8 5 1.1961987919639796
R-quality_step500 78 8 6 1.2345199879491702
R-quality_step500 78 8 7 1.220935686957091
R-quality_step500 78 8 8 1.1936246119439602
R-quality_step500 78 8 9 1.1873975950293243
R-quality_step500 78 9 0 1.2026773750549182
R-quality_step500 78 9 1 1.2096516960300505
R-quality_step500 78 9 2 1.200854541035369
R-quality_step500 78 9 3 1.2231525660026819
R-quality_step500 78 9 4 1.2197702740086243
R-quality_step500 78 9 5 1.2064080269774422
R-quality_step500 78 9 6 1.2208113910164684
R-quality_step500 78 9 7 1.2159785790136084
R-quality_step500 78 9 8 1.199676595046185
R-quality_step500 78 9 9 1.2364092360949144
{'model': 'R-quality_step500', 'completed_pairs': 2000, 'requested_pairs': 2000, 'completed': True, 'complete_source_count': 20, 'FRD': 130.68739683812055, 'new_pairs': 2000, 'wall_seconds': 474.2561855389504}
