N0-quality_step4000 0 0 0 0.7735028789611533
N0-quality_step4000 0 0 1 0.08680294710211456
N0-quality_step4000 0 0 2 0.09549273701850325
N0-quality_step4000 0 0 3 0.09348469797987491
N0-quality_step4000 0 0 4 0.09444137697573751
N0-quality_step4000 0 0 5 0.08834368106909096
N0-quality_step4000 0 0 6 0.09031362796667963
N0-quality_step4000 0 0 7 0.09095441200770438
N0-quality_step4000 0 0 8 0.09491692599840462
N0-quality_step4000 0 0 9 0.09121352701913565
N0-quality_step4000 0 1 0 0.09294061793480068
N0-quality_step4000 0 1 1 0.08877522707916796
N0-quality_step4000 0 1 2 0.09034038800746202
N0-quality_step4000 0 1 3 0.09122365701477975
N0-quality_step4000 0 1 4 0.08738604094833136
N0-quality_step4000 0 1 5 0.08911935403011739
N0-quality_step4000 0 1 6 0.08837884897366166
N0-quality_step4000 0 1 7 0.09080552693922073
N0-quality_step4000 0 1 8 0.09456738701555878
N0-quality_step4000 0 1 9 0.08541774901095778
N0-quality_step4000 0 2 0 0.09085029410198331
N0-quality_step4000 0 2 1 0.09002444404177368
N0-quality_step4000 0 2 2 0.1011870299698785
N0-quality_step4000 0 2 3 0.09408435504883528
N0-quality_step4000 0 2 4 0.09025826107244939
N0-quality_step4000 0 2 5 0.09047076804563403
N0-quality_step4000 0 2 6 0.08966843294911087
N0-quality_step4000 0 2 7 0.09479921206366271
N0-quality_step4000 0 2 8 0.09324127295985818
N0-quality_step4000 0 2 9 0.08791163598652929
N0-quality_step4000 0 3 0 0.09951770002953708
N0-quality_step4000 0 3 1 0.09760920202825218
N0-quality_step4000 0 3 2 0.08880708704236895
N0-quality_step4000 0 3 3 0.10046656301710755
N0-quality_step4000 0 3 4 0.09709540999028832
N0-quality_step4000 0 3 5 0.09225143096409738
N0-quality_step4000 0 3 6 0.09643908496946096
N0-quality_step4000 0 3 7 0.08948759804479778
N0-quality_step4000 0 3 8 0.09775033197365701
N0-quality_step4000 0 3 9 0.09678139898460358
N0-quality_step4000 0 4 0 0.09149649797473103
N0-quality_step4000 0 4 1 0.09523765998892486
N0-quality_step4000 0 4 2 0.0949288789415732
N0-quality_step4000 0 4 3 0.09763941902201623
N0-quality_step4000 0 4 4 0.09336562105454504
N0-quality_step4000 0 4 5 0.09145706193521619
N0-quality_step4000 0 4 6 0.09463011799380183
N0-quality_step4000 0 4 7 0.09259042807389051
N0-quality_step4000 0 4 8 0.09216387395281345
N0-quality_step4000 0 4 9 0.09977248695213348
N0-quality_step4000 0 5 0 0.09233067196328193
N0-quality_step4000 0 5 1 0.09245071199256927
N0-quality_step4000 0 5 2 0.09307049703784287
N0-quality_step4000 0 5 3 0.09320771892089397
N0-quality_step4000 0 5 4 0.09593689499888569
N0-quality_step4000 0 5 5 0.10267584607936442
N0-quality_step4000 0 5 6 0.09886926005128771
N0-quality_step4000 0 5 7 0.09663113206624985
N0-quality_step4000 0 5 8 0.09633205109275877
N0-quality_step4000 0 5 9 0.0972255989909172
N0-quality_step4000 0 6 0 0.09251327102538198
N0-quality_step4000 0 6 1 0.09420908195897937
N0-quality_step4000 0 6 2 0.0947672490729019
N0-quality_step4000 0 6 3 0.09028059302363545
N0-quality_step4000 0 6 4 0.09838710899930447
N0-quality_step4000 0 6 5 0.09055824403185397
N0-quality_step4000 0 6 6 0.09188147389795631
N0-quality_step4000 0 6 7 0.0938483530189842
N0-quality_step4000 0 6 8 0.09108700510114431
N0-quality_step4000 0 6 9 0.0960518850479275
N0-quality_step4000 0 7 0 0.09439751296304166
N0-quality_step4000 0 7 1 0.09302405803464353
N0-quality_step4000 0 7 2 0.09796820802148432
N0-quality_step4000 0 7 3 0.09879422700032592
N0-quality_step4000 0 7 4 0.09423020400572568
N0-quality_step4000 0 7 5 0.09593919001054019
N0-quality_step4000 0 7 6 0.09045903501100838
N0-quality_step4000 0 7 7 0.09465161804109812
N0-quality_step4000 0 7 8 0.10102019202895463
N0-quality_step4000 0 7 9 0.09708416892681271
N0-quality_step4000 0 8 0 0.09584986802656204
N0-quality_step4000 0 8 1 0.09490608493797481
N0-quality_step4000 0 8 2 0.09551953698974103
N0-quality_step4000 0 8 3 0.10147458000574261
N0-quality_step4000 0 8 4 0.09456423099618405
N0-quality_step4000 0 8 5 0.10143631708342582
N0-quality_step4000 0 8 6 0.09564653993584216
N0-quality_step4000 0 8 7 0.10081125295255333
N0-quality_step4000 0 8 8 0.09896790899802
N0-quality_step4000 0 8 9 0.09823568898718804
N0-quality_step4000 0 9 0 0.09101771202404052
N0-quality_step4000 0 9 1 0.09507305501028895
N0-quality_step4000 0 9 2 0.0928300260566175
N0-quality_step4000 0 9 3 0.09580334008205682
N0-quality_step4000 0 9 4 0.09624681703280658
N0-quality_step4000 0 9 5 0.09069848200306296
N0-quality_step4000 0 9 6 0.09584037098102272
N0-quality_step4000 0 9 7 0.09278971992898732
N0-quality_step4000 0 9 8 0.09118226694408804
N0-quality_step4000 0 9 9 0.092957429937087
N0-quality_step4000 6 0 0 0.14902879600413144
N0-quality_step4000 6 0 1 0.14534697798080742
N0-quality_step4000 6 0 2 0.14215854404028505
N0-quality_step4000 6 0 3 0.14970305399037898
N0-quality_step4000 6 0 4 0.14439728297293186
N0-quality_step4000 6 0 5 0.14080088899936527
N0-quality_step4000 6 0 6 0.13824415195267648
N0-quality_step4000 6 0 7 0.14397970505524427
N0-quality_step4000 6 0 8 0.1457501290133223
N0-quality_step4000 6 0 9 0.14666373608633876
N0-quality_step4000 6 1 0 0.15072349505499005
N0-quality_step4000 6 1 1 0.1497955520171672
N0-quality_step4000 6 1 2 0.14926046901382506
N0-quality_step4000 6 1 3 0.13881868903990835
N0-quality_step4000 6 1 4 0.14117827999871224
N0-quality_step4000 6 1 5 0.16088491794653237
N0-quality_step4000 6 1 6 0.14798545092344284
N0-quality_step4000 6 1 7 0.1465376749401912
N0-quality_step4000 6 1 8 0.15305091394111514
N0-quality_step4000 6 1 9 0.14523960405495018
N0-quality_step4000 6 2 0 0.14528928801883012
N0-quality_step4000 6 2 1 0.14802372502163053
N0-quality_step4000 6 2 2 0.15273479896131903
N0-quality_step4000 6 2 3 0.15073622902855277
N0-quality_step4000 6 2 4 0.14991340599954128
N0-quality_step4000 6 2 5 0.15277249098289758
N0-quality_step4000 6 2 6 0.15660103899426758
N0-quality_step4000 6 2 7 0.15012262598611414
N0-quality_step4000 6 2 8 0.14778945699799806
N0-quality_step4000 6 2 9 0.14880694192834198
N0-quality_step4000 6 3 0 0.1474608590360731
N0-quality_step4000 6 3 1 0.14779164106585085
N0-quality_step4000 6 3 2 0.14893814304377884
N0-quality_step4000 6 3 3 0.14791292196605355
N0-quality_step4000 6 3 4 0.1425373979145661
N0-quality_step4000 6 3 5 0.15044777805451304
N0-quality_step4000 6 3 6 0.14508943597320467
N0-quality_step4000 6 3 7 0.14191592996940017
N0-quality_step4000 6 3 8 0.14822844590526074
N0-quality_step4000 6 3 9 0.1431539859622717
N0-quality_step4000 6 4 0 0.14655309298541397
N0-quality_step4000 6 4 1 0.14627574407495558
N0-quality_step4000 6 4 2 0.14662504103034735
N0-quality_step4000 6 4 3 0.14223158394452184
N0-quality_step4000 6 4 4 0.14087877795100212
N0-quality_step4000 6 4 5 0.14801237301435322
N0-quality_step4000 6 4 6 0.14014663803391159
N0-quality_step4000 6 4 7 0.14385710994247347
N0-quality_step4000 6 4 8 0.1427873249631375
N0-quality_step4000 6 4 9 0.1478174199583009
N0-quality_step4000 6 5 0 0.14683448092546314
N0-quality_step4000 6 5 1 0.14964953099843115
N0-quality_step4000 6 5 2 0.14859043795149773
N0-quality_step4000 6 5 3 0.14559382002335042
N0-quality_step4000 6 5 4 0.14873740798793733
N0-quality_step4000 6 5 5 0.14558267896063626
N0-quality_step4000 6 5 6 0.15466620004735887
N0-quality_step4000 6 5 7 0.14956348796840757
N0-quality_step4000 6 5 8 0.14513415098190308
N0-quality_step4000 6 5 9 0.15928918798454106
N0-quality_step4000 6 6 0 0.15759656194131821
N0-quality_step4000 6 6 1 0.14965937100350857
N0-quality_step4000 6 6 2 0.15606722910888493
N0-quality_step4000 6 6 3 0.15278957493137568
N0-quality_step4000 6 6 4 0.14881238201633096
N0-quality_step4000 6 6 5 0.15125637303572148
N0-quality_step4000 6 6 6 0.15352309599984437
N0-quality_step4000 6 6 7 0.1460935139330104
N0-quality_step4000 6 6 8 0.14960203098598868
N0-quality_step4000 6 6 9 0.14509186998475343
N0-quality_step4000 6 7 0 0.164171829004772
N0-quality_step4000 6 7 1 0.15807464602403343
N0-quality_step4000 6 7 2 0.1568963930476457
N0-quality_step4000 6 7 3 0.15079403901472688
N0-quality_step4000 6 7 4 0.14697606104891747
N0-quality_step4000 6 7 5 0.15692661108914763
N0-quality_step4000 6 7 6 0.15060677099972963
N0-quality_step4000 6 7 7 0.15052658796776086
N0-quality_step4000 6 7 8 0.15505538508296013
N0-quality_step4000 6 7 9 0.147810296039097
N0-quality_step4000 6 8 0 0.14956539100967348
N0-quality_step4000 6 8 1 0.14679044694639742
N0-quality_step4000 6 8 2 0.15498419804498553
N0-quality_step4000 6 8 3 0.14746990601997823
N0-quality_step4000 6 8 4 0.15153064706828445
N0-quality_step4000 6 8 5 0.15151640004478395
N0-quality_step4000 6 8 6 0.1526270929025486
N0-quality_step4000 6 8 7 0.14961363293696195
N0-quality_step4000 6 8 8 0.15203218592796475
N0-quality_step4000 6 8 9 0.1491717379540205
N0-quality_step4000 6 9 0 0.1469386100070551
N0-quality_step4000 6 9 1 0.14337065001018345
N0-quality_step4000 6 9 2 0.1500660179881379
N0-quality_step4000 6 9 3 0.1451244419440627
N0-quality_step4000 6 9 4 0.14225252205505967
N0-quality_step4000 6 9 5 0.15334963297937065
N0-quality_step4000 6 9 6 0.147621987038292
N0-quality_step4000 6 9 7 0.1524618569528684
N0-quality_step4000 6 9 8 0.155486547970213
N0-quality_step4000 6 9 9 0.14580602501519024
N0-quality_step4000 9 0 0 0.04943260608706623
N0-quality_step4000 9 0 1 0.03841110900975764
N0-quality_step4000 9 0 2 0.0451438189484179
N0-quality_step4000 9 0 3 0.04088636999949813
N0-quality_step4000 9 0 4 0.03979095595423132
N0-quality_step4000 9 0 5 0.039452439988963306
N0-quality_step4000 9 0 6 0.04422152601182461
N0-quality_step4000 9 0 7 0.041620414005592465
N0-quality_step4000 9 0 8 0.04483604000415653
N0-quality_step4000 9 0 9 0.042582742986269295
N0-quality_step4000 9 1 0 0.042488000937737525
N0-quality_step4000 9 1 1 0.04147975496016443
N0-quality_step4000 9 1 2 0.04116152599453926
N0-quality_step4000 9 1 3 0.04413641302380711
N0-quality_step4000 9 1 4 0.0420082249911502
N0-quality_step4000 9 1 5 0.04990283492952585
N0-quality_step4000 9 1 6 0.04256534005980939
N0-quality_step4000 9 1 7 0.042898596031591296
N0-quality_step4000 9 1 8 0.04156556900124997
N0-quality_step4000 9 1 9 0.0414397680433467
N0-quality_step4000 9 2 0 0.04779757093638182
N0-quality_step4000 9 2 1 0.040813641040585935
N0-quality_step4000 9 2 2 0.04067704104818404
N0-quality_step4000 9 2 3 0.04195308999624103
N0-quality_step4000 9 2 4 0.04279888595920056
N0-quality_step4000 9 2 5 0.038600791012868285
N0-quality_step4000 9 2 6 0.040605413960292935
N0-quality_step4000 9 2 7 0.04127838893327862
N0-quality_step4000 9 2 8 0.041919375071302056
N0-quality_step4000 9 2 9 0.04404692200478166
N0-quality_step4000 9 3 0 0.04239026503637433
N0-quality_step4000 9 3 1 0.04627475992310792
N0-quality_step4000 9 3 2 0.04110048001166433
N0-quality_step4000 9 3 3 0.04104281892068684
N0-quality_step4000 9 3 4 0.04320153594017029
N0-quality_step4000 9 3 5 0.04268145200330764
N0-quality_step4000 9 3 6 0.04092822107486427
N0-quality_step4000 9 3 7 0.03995383810251951
N0-quality_step4000 9 3 8 0.041390353930182755
N0-quality_step4000 9 3 9 0.041155124083161354
N0-quality_step4000 9 4 0 0.04054472700227052
N0-quality_step4000 9 4 1 0.041298588970676064
N0-quality_step4000 9 4 2 0.04589843994472176
N0-quality_step4000 9 4 3 0.041886933031491935
N0-quality_step4000 9 4 4 0.04219264700077474
N0-quality_step4000 9 4 5 0.04406111896969378
N0-quality_step4000 9 4 6 0.04133982700295746
N0-quality_step4000 9 4 7 0.04211684304755181
N0-quality_step4000 9 4 8 0.04235321399755776
N0-quality_step4000 9 4 9 0.0449183079181239
N0-quality_step4000 9 5 0 0.042589675984345376
N0-quality_step4000 9 5 1 0.04219876998104155
N0-quality_step4000 9 5 2 0.04310423997230828
N0-quality_step4000 9 5 3 0.04423432995099574
N0-quality_step4000 9 5 4 0.043644290999509394
N0-quality_step4000 9 5 5 0.044288553996011615
N0-quality_step4000 9 5 6 0.04200224298983812
N0-quality_step4000 9 5 7 0.04312260600272566
N0-quality_step4000 9 5 8 0.04106684506405145
N0-quality_step4000 9 5 9 0.041643738048151135
N0-quality_step4000 9 6 0 0.04025281989015639
N0-quality_step4000 9 6 1 0.042288128985092044
N0-quality_step4000 9 6 2 0.04149378091096878
N0-quality_step4000 9 6 3 0.044219020986929536
N0-quality_step4000 9 6 4 0.044217368005774915
N0-quality_step4000 9 6 5 0.042739272001199424
N0-quality_step4000 9 6 6 0.0427436699392274
N0-quality_step4000 9 6 7 0.0423357019899413
N0-quality_step4000 9 6 8 0.043655653949826956
N0-quality_step4000 9 6 9 0.04230959096457809
N0-quality_step4000 9 7 0 0.04162834899034351
N0-quality_step4000 9 7 1 0.04251218808349222
N0-quality_step4000 9 7 2 0.043562123901210725
N0-quality_step4000 9 7 3 0.04303912492468953
N0-quality_step4000 9 7 4 0.041939312941394746
N0-quality_step4000 9 7 5 0.04302812402602285
N0-quality_step4000 9 7 6 0.04312905704136938
N0-quality_step4000 9 7 7 0.043480588006787
N0-quality_step4000 9 7 8 0.0411072630668059
N0-quality_step4000 9 7 9 0.04250985395628959
N0-quality_step4000 9 8 0 0.0420486320508644
N0-quality_step4000 9 8 1 0.04033431597054005
N0-quality_step4000 9 8 2 0.0438729579327628
N0-quality_step4000 9 8 3 0.04172761901281774
N0-quality_step4000 9 8 4 0.04202077898662537
N0-quality_step4000 9 8 5 0.043124768999405205
N0-quality_step4000 9 8 6 0.043162530986592174
N0-quality_step4000 9 8 7 0.04200489795766771
N0-quality_step4000 9 8 8 0.04122379596810788
N0-quality_step4000 9 8 9 0.044827954028733075
N0-quality_step4000 9 9 0 0.04299790691584349
N0-quality_step4000 9 9 1 0.051279315957799554
N0-quality_step4000 9 9 2 0.0446555350208655
N0-quality_step4000 9 9 3 0.043674129992723465
N0-quality_step4000 9 9 4 0.04404452699236572
N0-quality_step4000 9 9 5 0.04187229601666331
N0-quality_step4000 9 9 6 0.041069229948334396
N0-quality_step4000 9 9 7 0.04287412902340293
N0-quality_step4000 9 9 8 0.04145259293727577
N0-quality_step4000 9 9 9 0.042019705986604095
N0-quality_step4000 12 0 0 0.44358539197128266
N0-quality_step4000 12 0 1 0.4545854979660362
N0-quality_step4000 12 0 2 0.45185844600200653
N0-quality_step4000 12 0 3 0.44049451395403594
N0-quality_step4000 12 0 4 0.4513397639384493
N0-quality_step4000 12 0 5 0.45500155293848366
N0-quality_step4000 12 0 6 0.469719143002294
N0-quality_step4000 12 0 7 0.4572789859957993
N0-quality_step4000 12 0 8 0.4646803030045703
N0-quality_step4000 12 0 9 0.4546008760808036
N0-quality_step4000 12 1 0 0.45808900508563966
N0-quality_step4000 12 1 1 0.4459327890072018
N0-quality_step4000 12 1 2 0.4458694770000875
N0-quality_step4000 12 1 3 0.44525462202727795
N0-quality_step4000 12 1 4 0.4452679270179942
N0-quality_step4000 12 1 5 0.4445830989861861
N0-quality_step4000 12 1 6 0.46043815393932164
N0-quality_step4000 12 1 7 0.44591807993128896
N0-quality_step4000 12 1 8 0.4434534090105444
N0-quality_step4000 12 1 9 0.44761651603039354
N0-quality_step4000 12 2 0 0.4627178810769692
N0-quality_step4000 12 2 1 0.44876005209516734
N0-quality_step4000 12 2 2 0.4483081379439682
N0-quality_step4000 12 2 3 0.45101144502405077
N0-quality_step4000 12 2 4 0.44203588902018964
N0-quality_step4000 12 2 5 0.4494163360213861
N0-quality_step4000 12 2 6 0.44058026710990816
N0-quality_step4000 12 2 7 0.4441363229416311
N0-quality_step4000 12 2 8 0.44819856795948
N0-quality_step4000 12 2 9 0.4561716979369521
N0-quality_step4000 12 3 0 0.45976827293634415
N0-quality_step4000 12 3 1 0.4578451159177348
N0-quality_step4000 12 3 2 0.46580711496062577
N0-quality_step4000 12 3 3 0.4593449829844758
N0-quality_step4000 12 3 4 0.4591670730151236
N0-quality_step4000 12 3 5 0.45430632098577917
N0-quality_step4000 12 3 6 0.4504857099382207
N0-quality_step4000 12 3 7 0.44968269404489547
N0-quality_step4000 12 3 8 0.44847228995058686
N0-quality_step4000 12 3 9 0.4534011010546237
N0-quality_step4000 12 4 0 0.4548140619881451
N0-quality_step4000 12 4 1 0.4539835440227762
N0-quality_step4000 12 4 2 0.45002481795381755
N0-quality_step4000 12 4 3 0.44562580005731434
N0-quality_step4000 12 4 4 0.45122318901121616
N0-quality_step4000 12 4 5 0.44509686902165413
N0-quality_step4000 12 4 6 0.4510983891086653
N0-quality_step4000 12 4 7 0.45761295105330646
N0-quality_step4000 12 4 8 0.4482896210392937
N0-quality_step4000 12 4 9 0.4537335359491408
N0-quality_step4000 12 5 0 0.4516995979938656
N0-quality_step4000 12 5 1 0.4589867560425773
N0-quality_step4000 12 5 2 0.4574119260068983
N0-quality_step4000 12 5 3 0.4643852049484849
N0-quality_step4000 12 5 4 0.4482196570606902
N0-quality_step4000 12 5 5 0.45543495705351233
N0-quality_step4000 12 5 6 0.4621899190824479
N0-quality_step4000 12 5 7 0.45640556199941784
N0-quality_step4000 12 5 8 0.47106319898739457
N0-quality_step4000 12 5 9 0.4636656690854579
N0-quality_step4000 12 6 0 0.45606150501407683
N0-quality_step4000 12 6 1 0.4605674670310691
N0-quality_step4000 12 6 2 0.45574684301391244
N0-quality_step4000 12 6 3 0.4525774950161576
N0-quality_step4000 12 6 4 0.47055406600702554
N0-quality_step4000 12 6 5 0.4564758059568703
N0-quality_step4000 12 6 6 0.4543003379367292
N0-quality_step4000 12 6 7 0.448107170057483
N0-quality_step4000 12 6 8 0.4435422739479691
N0-quality_step4000 12 6 9 0.45616470207460225
N0-quality_step4000 12 7 0 0.4674034620402381
N0-quality_step4000 12 7 1 0.4567636559950188
N0-quality_step4000 12 7 2 0.4460558779537678
N0-quality_step4000 12 7 3 0.4679446369409561
N0-quality_step4000 12 7 4 0.4729020131053403
N0-quality_step4000 12 7 5 0.4560909300344065
N0-quality_step4000 12 7 6 0.4626665679970756
N0-quality_step4000 12 7 7 0.4600008740089834
N0-quality_step4000 12 7 8 0.4652303489856422
N0-quality_step4000 12 7 9 0.45743746298830956
N0-quality_step4000 12 8 0 0.48287699802313
N0-quality_step4000 12 8 1 0.4631585089955479
N0-quality_step4000 12 8 2 0.44644649501424283
N0-quality_step4000 12 8 3 0.45139747799839824
N0-quality_step4000 12 8 4 0.4645396179985255
N0-quality_step4000 12 8 5 0.4546403760323301
N0-quality_step4000 12 8 6 0.4481867511058226
N0-quality_step4000 12 8 7 0.45975293801166117
N0-quality_step4000 12 8 8 0.44702265493106097
N0-quality_step4000 12 8 9 0.45466559496708214
N0-quality_step4000 12 9 0 0.46585035300813615
N0-quality_step4000 12 9 1 0.4517855589510873
N0-quality_step4000 12 9 2 0.45955892698839307
N0-quality_step4000 12 9 3 0.4483075609896332
N0-quality_step4000 12 9 4 0.4542778730392456
N0-quality_step4000 12 9 5 0.4545385519741103
N0-quality_step4000 12 9 6 0.4478367120027542
N0-quality_step4000 12 9 7 0.4554188329493627
N0-quality_step4000 12 9 8 0.44439625495579094
N0-quality_step4000 12 9 9 0.44358613598160446
N0-quality_step4000 18 0 0 0.10681906307581812
N0-quality_step4000 18 0 1 0.11056525295134634
N0-quality_step4000 18 0 2 0.10691764100920409
N0-quality_step4000 18 0 3 0.10407712205778807
N0-quality_step4000 18 0 4 0.10708859795704484
N0-quality_step4000 18 0 5 0.10354534606449306
N0-quality_step4000 18 0 6 0.10624248103704304
N0-quality_step4000 18 0 7 0.10760228999424726
N0-quality_step4000 18 0 8 0.10281860700342804
N0-quality_step4000 18 0 9 0.10313109401613474
N0-quality_step4000 18 1 0 0.10489931295160204
N0-quality_step4000 18 1 1 0.10471081407740712
N0-quality_step4000 18 1 2 0.10296285199001431
N0-quality_step4000 18 1 3 0.10493651393335313
N0-quality_step4000 18 1 4 0.104193244013004
N0-quality_step4000 18 1 5 0.10499114904087037
N0-quality_step4000 18 1 6 0.10127976594958454
N0-quality_step4000 18 1 7 0.10146104206796736
N0-quality_step4000 18 1 8 0.10917604807764292
N0-quality_step4000 18 1 9 0.10502380190882832
N0-quality_step4000 18 2 0 0.11446713097393513
N0-quality_step4000 18 2 1 0.10527963994536549
N0-quality_step4000 18 2 2 0.10082902398426086
N0-quality_step4000 18 2 3 0.10758947499562055
N0-quality_step4000 18 2 4 0.10797938099130988
N0-quality_step4000 18 2 5 0.10491349000949413
N0-quality_step4000 18 2 6 0.10483574203681201
N0-quality_step4000 18 2 7 0.104530428070575
N0-quality_step4000 18 2 8 0.1058311240049079
N0-quality_step4000 18 2 9 0.10925856500398368
N0-quality_step4000 18 3 0 0.11010465293657035
N0-quality_step4000 18 3 1 0.10743372701108456
N0-quality_step4000 18 3 2 0.11732607590965927
N0-quality_step4000 18 3 3 0.10997122793924063
N0-quality_step4000 18 3 4 0.10810672398656607
N0-quality_step4000 18 3 5 0.10619821608997881
N0-quality_step4000 18 3 6 0.1081333450274542
N0-quality_step4000 18 3 7 0.10346377990208566
N0-quality_step4000 18 3 8 0.11332699202466756
N0-quality_step4000 18 3 9 0.10351681103929877
N0-quality_step4000 18 4 0 0.10667578899301589
N0-quality_step4000 18 4 1 0.11215078399982303
N0-quality_step4000 18 4 2 0.10622658091597259
N0-quality_step4000 18 4 3 0.10777579096611589
N0-quality_step4000 18 4 4 0.10920653596986085
N0-quality_step4000 18 4 5 0.10452679195441306
N0-quality_step4000 18 4 6 0.10699484904762357
N0-quality_step4000 18 4 7 0.10699094098526984
N0-quality_step4000 18 4 8 0.10607554099988192
N0-quality_step4000 18 4 9 0.1085494599537924
N0-quality_step4000 18 5 0 0.10921133495867252
N0-quality_step4000 18 5 1 0.10852965305093676
N0-quality_step4000 18 5 2 0.10733740299474448
N0-quality_step4000 18 5 3 0.11168367008212954
N0-quality_step4000 18 5 4 0.10547948197927326
N0-quality_step4000 18 5 5 0.11221766099333763
N0-quality_step4000 18 5 6 0.11000857991166413
N0-quality_step4000 18 5 7 0.10518032009713352
N0-quality_step4000 18 5 8 0.10683640500064939
N0-quality_step4000 18 5 9 0.11215317796450108
N0-quality_step4000 18 6 0 0.10830629500560462
N0-quality_step4000 18 6 1 0.10849863302428275
N0-quality_step4000 18 6 2 0.10679661901667714
N0-quality_step4000 18 6 3 0.10606450005434453
N0-quality_step4000 18 6 4 0.10532995604444295
N0-quality_step4000 18 6 5 0.1044582900358364
N0-quality_step4000 18 6 6 0.10509786300826818
N0-quality_step4000 18 6 7 0.1033686469309032
N0-quality_step4000 18 6 8 0.1036285039735958
N0-quality_step4000 18 6 9 0.11044619500171393
N0-quality_step4000 18 7 0 0.10399258998222649
N0-quality_step4000 18 7 1 0.10404306696727872
N0-quality_step4000 18 7 2 0.10363630892243236
N0-quality_step4000 18 7 3 0.11136100406292826
N0-quality_step4000 18 7 4 0.10882741096429527
N0-quality_step4000 18 7 5 0.10816750000230968
N0-quality_step4000 18 7 6 0.10896857094485313
N0-quality_step4000 18 7 7 0.10791038896422833
N0-quality_step4000 18 7 8 0.10728957201354206
N0-quality_step4000 18 7 9 0.10776678402908146
N0-quality_step4000 18 8 0 0.10446515399962664
N0-quality_step4000 18 8 1 0.10622687090653926
N0-quality_step4000 18 8 2 0.10137836402282119
N0-quality_step4000 18 8 3 0.10979373892769217
N0-quality_step4000 18 8 4 0.10707810800522566
N0-quality_step4000 18 8 5 0.1027964340755716
N0-quality_step4000 18 8 6 0.10542466794140637
N0-quality_step4000 18 8 7 0.10876012302469462
N0-quality_step4000 18 8 8 0.1030891229165718
N0-quality_step4000 18 8 9 0.1009589210152626
N0-quality_step4000 18 9 0 0.10465881298296154
N0-quality_step4000 18 9 1 0.10575338592752814
N0-quality_step4000 18 9 2 0.10259937797673047
N0-quality_step4000 18 9 3 0.10509912599809468
N0-quality_step4000 18 9 4 0.10519891593139619
N0-quality_step4000 18 9 5 0.10150189907290041
N0-quality_step4000 18 9 6 0.11066695698536932
N0-quality_step4000 18 9 7 0.1069917120039463
N0-quality_step4000 18 9 8 0.10848183103371412
N0-quality_step4000 18 9 9 0.10588728205766529
N0-quality_step4000 22 0 0 0.017250781995244324
N0-quality_step4000 22 0 1 0.015062790946103632
N0-quality_step4000 22 0 2 0.017227428033947945
N0-quality_step4000 22 0 3 0.015372122987173498
N0-quality_step4000 22 0 4 0.01700406102463603
N0-quality_step4000 22 0 5 0.015439610928297043
N0-quality_step4000 22 0 6 0.015110781998373568
N0-quality_step4000 22 0 7 0.015083721023984253
N0-quality_step4000 22 0 8 0.0152122569270432
N0-quality_step4000 22 0 9 0.015448788064531982
N0-quality_step4000 22 1 0 0.015570982010103762
N0-quality_step4000 22 1 1 0.016440483974292874
N0-quality_step4000 22 1 2 0.015433809952810407
N0-quality_step4000 22 1 3 0.015121032018214464
N0-quality_step4000 22 1 4 0.015078049036674201
N0-quality_step4000 22 1 5 0.014735865988768637
N0-quality_step4000 22 1 6 0.014686260954476893
N0-quality_step4000 22 1 7 0.014841367956250906
N0-quality_step4000 22 1 8 0.014662475092336535
N0-quality_step4000 22 1 9 0.014923445065505803
N0-quality_step4000 22 2 0 0.0147661849623546
N0-quality_step4000 22 2 1 0.01514668099116534
N0-quality_step4000 22 2 2 0.016744274995289743
N0-quality_step4000 22 2 3 0.015648048953153193
N0-quality_step4000 22 2 4 0.015143304015509784
N0-quality_step4000 22 2 5 0.015261159976944327
N0-quality_step4000 22 2 6 0.01468935701996088
N0-quality_step4000 22 2 7 0.014603673946112394
N0-quality_step4000 22 2 8 0.015059945057146251
N0-quality_step4000 22 2 9 0.014679247979074717
N0-quality_step4000 22 3 0 0.014825106947682798
N0-quality_step4000 22 3 1 0.014729593065567315
N0-quality_step4000 22 3 2 0.01547223306261003
N0-quality_step4000 22 3 3 0.016066328971646726
N0-quality_step4000 22 3 4 0.015092596993781626
N0-quality_step4000 22 3 5 0.014624512987211347
N0-quality_step4000 22 3 6 0.014552144915796816
N0-quality_step4000 22 3 7 0.014699626946821809
N0-quality_step4000 22 3 8 0.01452615496236831
N0-quality_step4000 22 3 9 0.01439459400717169
N0-quality_step4000 22 4 0 0.014293531072326005
N0-quality_step4000 22 4 1 0.015395527007058263
N0-quality_step4000 22 4 2 0.016106235096231103
N0-quality_step4000 22 4 3 0.015225732000544667
N0-quality_step4000 22 4 4 0.015833163051865995
N0-quality_step4000 22 4 5 0.01546178397256881
N0-quality_step4000 22 4 6 0.015416487003676593
N0-quality_step4000 22 4 7 0.015697874943725765
N0-quality_step4000 22 4 8 0.015790462028235197
N0-quality_step4000 22 4 9 0.015490427962504327
N0-quality_step4000 22 5 0 0.018242639023810625
N0-quality_step4000 22 5 1 0.01632597390562296
N0-quality_step4000 22 5 2 0.016094313003122807
N0-quality_step4000 22 5 3 0.015164303942583501
N0-quality_step4000 22 5 4 0.015148314996622503
N0-quality_step4000 22 5 5 0.01618382299784571
N0-quality_step4000 22 5 6 0.01602224400267005
N0-quality_step4000 22 5 7 0.015615997952409089
N0-quality_step4000 22 5 8 0.015467794961296022
N0-quality_step4000 22 5 9 0.01515391597058624
N0-quality_step4000 22 6 0 0.015144687029533088
N0-quality_step4000 22 6 1 0.014744261978194118
N0-quality_step4000 22 6 2 0.015568998991511762
N0-quality_step4000 22 6 3 0.01844173902645707
N0-quality_step4000 22 6 4 0.01571391592733562
N0-quality_step4000 22 6 5 0.016268474981188774
N0-quality_step4000 22 6 6 0.015404134057462215
N0-quality_step4000 22 6 7 0.015086265048012137
N0-quality_step4000 22 6 8 0.014662726083770394
N0-quality_step4000 22 6 9 0.014425813918933272
N0-quality_step4000 22 7 0 0.014578946051187813
N0-quality_step4000 22 7 1 0.01537089899647981
N0-quality_step4000 22 7 2 0.01547623099759221
N0-quality_step4000 22 7 3 0.01588342897593975
N0-quality_step4000 22 7 4 0.018633235944435
N0-quality_step4000 22 7 5 0.01526768202893436
N0-quality_step4000 22 7 6 0.015064664999954402
N0-quality_step4000 22 7 7 0.015116233029402792
N0-quality_step4000 22 7 8 0.015095944982022047
N0-quality_step4000 22 7 9 0.015277561964467168
N0-quality_step4000 22 8 0 0.015851889038458467
N0-quality_step4000 22 8 1 0.015292319003492594
N0-quality_step4000 22 8 2 0.015604296000674367
N0-quality_step4000 22 8 3 0.015304994070902467
N0-quality_step4000 22 8 4 0.015071166097186506
N0-quality_step4000 22 8 5 0.014560651034116745
N0-quality_step4000 22 8 6 0.014425183064304292
N0-quality_step4000 22 8 7 0.014689596951939166
N0-quality_step4000 22 8 8 0.014326642965897918
N0-quality_step4000 22 8 9 0.014601540053263307
N0-quality_step4000 22 9 0 0.014705126988701522
N0-quality_step4000 22 9 1 0.015415456029586494
N0-quality_step4000 22 9 2 0.015448187943547964
N0-quality_step4000 22 9 3 0.015872117946855724
N0-quality_step4000 22 9 4 0.015891104005277157
N0-quality_step4000 22 9 5 0.015073992079123855
N0-quality_step4000 22 9 6 0.014753430034033954
N0-quality_step4000 22 9 7 0.01470411499030888
N0-quality_step4000 22 9 8 0.014518068986944854
N0-quality_step4000 22 9 9 0.014452946023084223
N0-quality_step4000 24 0 0 0.016406137961894274
N0-quality_step4000 24 0 1 0.0170310630928725
N0-quality_step4000 24 0 2 0.017062522936612368
N0-quality_step4000 24 0 3 0.01706929598003626
N0-quality_step4000 24 0 4 0.01659718295559287
N0-quality_step4000 24 0 5 0.016428090049885213
N0-quality_step4000 24 0 6 0.016819759039208293
N0-quality_step4000 24 0 7 0.01697919296566397
N0-quality_step4000 24 0 8 0.016480862046591938
N0-quality_step4000 24 0 9 0.016127847018651664
N0-quality_step4000 24 1 0 0.017229772987775505
N0-quality_step4000 24 1 1 0.01920007902663201
N0-quality_step4000 24 1 2 0.019137630006298423
N0-quality_step4000 24 1 3 0.01716237294021994
N0-quality_step4000 24 1 4 0.01727031997870654
N0-quality_step4000 24 1 5 0.016837602946907282
N0-quality_step4000 24 1 6 0.01691820693667978
N0-quality_step4000 24 1 7 0.0168360109673813
N0-quality_step4000 24 1 8 0.01678033301141113
N0-quality_step4000 24 1 9 0.017348470049910247
N0-quality_step4000 24 2 0 0.017682087025605142
N0-quality_step4000 24 2 1 0.016699959989637136
N0-quality_step4000 24 2 2 0.016834585927426815
N0-quality_step4000 24 2 3 0.016404074034653604
N0-quality_step4000 24 2 4 0.017082602018490434
N0-quality_step4000 24 2 5 0.01610492297913879
N0-quality_step4000 24 2 6 0.01627353602088988
N0-quality_step4000 24 2 7 0.01643690699711442
N0-quality_step4000 24 2 8 0.017608938040211797
N0-quality_step4000 24 2 9 0.016890453989617527
N0-quality_step4000 24 3 0 0.016387763083912432
N0-quality_step4000 24 3 1 0.016338789951987565
N0-quality_step4000 24 3 2 0.016497603966854513
N0-quality_step4000 24 3 3 0.016163335065357387
N0-quality_step4000 24 3 4 0.016132034943439066
N0-quality_step4000 24 3 5 0.016430014045909047
N0-quality_step4000 24 3 6 0.0164044649573043
N0-quality_step4000 24 3 7 0.016879643080756068
N0-quality_step4000 24 3 8 0.01720971497707069
N0-quality_step4000 24 3 9 0.016873922082595527
N0-quality_step4000 24 4 0 0.018919122056104243
N0-quality_step4000 24 4 1 0.01915276807267219
N0-quality_step4000 24 4 2 0.01740853500086814
N0-quality_step4000 24 4 3 0.01729541807435453
N0-quality_step4000 24 4 4 0.017276052036322653
N0-quality_step4000 24 4 5 0.01763292297255248
N0-quality_step4000 24 4 6 0.017643233994022012
N0-quality_step4000 24 4 7 0.01713573292363435
N0-quality_step4000 24 4 8 0.017521900939755142
N0-quality_step4000 24 4 9 0.01756533293519169
N0-quality_step4000 24 5 0 0.01714366697706282
N0-quality_step4000 24 5 1 0.017271421966142952
N0-quality_step4000 24 5 2 0.017220364068634808
N0-quality_step4000 24 5 3 0.016777077922597528
N0-quality_step4000 24 5 4 0.0177563289180398
N0-quality_step4000 24 5 5 0.018261856050230563
N0-quality_step4000 24 5 6 0.02053427801001817
N0-quality_step4000 24 5 7 0.017169968923553824
N0-quality_step4000 24 5 8 0.017623143969103694
N0-quality_step4000 24 5 9 0.01768796902615577
N0-quality_step4000 24 6 0 0.019118183059617877
N0-quality_step4000 24 6 1 0.017823967966251075
N0-quality_step4000 24 6 2 0.016477975994348526
N0-quality_step4000 24 6 3 0.01720125798601657
N0-quality_step4000 24 6 4 0.01739768497645855
N0-quality_step4000 24 6 5 0.017596652964130044
N0-quality_step4000 24 6 6 0.016414885059930384
N0-quality_step4000 24 6 7 0.01656419993378222
N0-quality_step4000 24 6 8 0.017351876012980938
N0-quality_step4000 24 6 9 0.016380739980377257
N0-quality_step4000 24 7 0 0.01611171499826014
N0-quality_step4000 24 7 1 0.018682249006815255
N0-quality_step4000 24 7 2 0.01924745796713978
N0-quality_step4000 24 7 3 0.017097451025620103
N0-quality_step4000 24 7 4 0.0175847610225901
N0-quality_step4000 24 7 5 0.017311599920503795
N0-quality_step4000 24 7 6 0.017076338990591466
N0-quality_step4000 24 7 7 0.017283524968661368
N0-quality_step4000 24 7 8 0.01726442901417613
N0-quality_step4000 24 7 9 0.01662179990671575
N0-quality_step4000 24 8 0 0.017287252936512232
N0-quality_step4000 24 8 1 0.017245691968128085
N0-quality_step4000 24 8 2 0.017077611992135644
N0-quality_step4000 24 8 3 0.01707903400529176
N0-quality_step4000 24 8 4 0.017036322969943285
N0-quality_step4000 24 8 5 0.016702093998901546
N0-quality_step4000 24 8 6 0.01659441797528416
N0-quality_step4000 24 8 7 0.01634417998138815
N0-quality_step4000 24 8 8 0.016144088003784418
N0-quality_step4000 24 8 9 0.01683281408622861
N0-quality_step4000 24 9 0 0.017513014026917517
N0-quality_step4000 24 9 1 0.01747531199362129
N0-quality_step4000 24 9 2 0.01711590599734336
N0-quality_step4000 24 9 3 0.016473016003146768
N0-quality_step4000 24 9 4 0.01642895198892802
N0-quality_step4000 24 9 5 0.01617615798022598
N0-quality_step4000 24 9 6 0.01667058398015797
N0-quality_step4000 24 9 7 0.016373406047932804
N0-quality_step4000 24 9 8 0.01822636800352484
N0-quality_step4000 24 9 9 0.018692679004743695
N0-quality_step4000 30 0 0 0.028044432983733714
N0-quality_step4000 30 0 1 0.027913272962905467
N0-quality_step4000 30 0 2 0.028161567985080183
N0-quality_step4000 30 0 3 0.027409189962781966
N0-quality_step4000 30 0 4 0.028906230931170285
N0-quality_step4000 30 0 5 0.029432266019284725
N0-quality_step4000 30 0 6 0.029196135001257062
N0-quality_step4000 30 0 7 0.02757285302504897
N0-quality_step4000 30 0 8 0.026894615963101387
N0-quality_step4000 30 0 9 0.027036115992814302
N0-quality_step4000 30 1 0 0.028195803984999657
N0-quality_step4000 30 1 1 0.027774226968176663
N0-quality_step4000 30 1 2 0.027587449993006885
N0-quality_step4000 30 1 3 0.027094919001683593
N0-quality_step4000 30 1 4 0.027235978981480002
N0-quality_step4000 30 1 5 0.029093798017129302
N0-quality_step4000 30 1 6 0.029517399962060153
N0-quality_step4000 30 1 7 0.02745148097164929
N0-quality_step4000 30 1 8 0.030923456070013344
N0-quality_step4000 30 1 9 0.029144475935027003
N0-quality_step4000 30 2 0 0.029017282999120653
N0-quality_step4000 30 2 1 0.02909540303517133
N0-quality_step4000 30 2 2 0.029715066077187657
N0-quality_step4000 30 2 3 0.03301017498597503
N0-quality_step4000 30 2 4 0.02979376702569425
N0-quality_step4000 30 2 5 0.03000083297956735
N0-quality_step4000 30 2 6 0.028810526942834258
N0-quality_step4000 30 2 7 0.03267962299287319
N0-quality_step4000 30 2 8 0.031647440046072006
N0-quality_step4000 30 2 9 0.027974691009148955
N0-quality_step4000 30 3 0 0.02806117502041161
N0-quality_step4000 30 3 1 0.029761465964838862
N0-quality_step4000 30 3 2 0.028130489052273333
N0-quality_step4000 30 3 3 0.028828211943618953
N0-quality_step4000 30 3 4 0.026595844072289765
N0-quality_step4000 30 3 5 0.028354397043585777
N0-quality_step4000 30 3 6 0.028844813001342118
N0-quality_step4000 30 3 7 0.029405644978396595
N0-quality_step4000 30 3 8 0.0274828199762851
N0-quality_step4000 30 3 9 0.027038221014663577
N0-quality_step4000 30 4 0 0.02653085091151297
N0-quality_step4000 30 4 1 0.027293959981761873
N0-quality_step4000 30 4 2 0.02904473594389856
N0-quality_step4000 30 4 3 0.028538186918012798
N0-quality_step4000 30 4 4 0.027206351049244404
N0-quality_step4000 30 4 5 0.02821837703231722
N0-quality_step4000 30 4 6 0.02875303791370243
N0-quality_step4000 30 4 7 0.02871401305310428
N0-quality_step4000 30 4 8 0.03221601701807231
N0-quality_step4000 30 4 9 0.028939845971763134
N0-quality_step4000 30 5 0 0.02633220108691603
N0-quality_step4000 30 5 1 0.026967776007950306
N0-quality_step4000 30 5 2 0.029818936018273234
N0-quality_step4000 30 5 3 0.02748954202979803
N0-quality_step4000 30 5 4 0.029124718974344432
N0-quality_step4000 30 5 5 0.028684568009339273
N0-quality_step4000 30 5 6 0.027216802001930773
N0-quality_step4000 30 5 7 0.030731959966942668
N0-quality_step4000 30 5 8 0.0283862070646137
N0-quality_step4000 30 5 9 0.02857794309966266
N0-quality_step4000 30 6 0 0.02829668507911265
N0-quality_step4000 30 6 1 0.02692789991851896
N0-quality_step4000 30 6 2 0.028644480975344777
N0-quality_step4000 30 6 3 0.02838437305763364
N0-quality_step4000 30 6 4 0.027562403003685176
N0-quality_step4000 30 6 5 0.026198885985650122
N0-quality_step4000 30 6 6 0.026901358040049672
N0-quality_step4000 30 6 7 0.026446991018019617
N0-quality_step4000 30 6 8 0.02880669094156474
N0-quality_step4000 30 6 9 0.02757045696489513
N0-quality_step4000 30 7 0 0.029247884056530893
N0-quality_step4000 30 7 1 0.027104015927761793
N0-quality_step4000 30 7 2 0.028509562951512635
N0-quality_step4000 30 7 3 0.02847405499778688
N0-quality_step4000 30 7 4 0.026914493995718658
N0-quality_step4000 30 7 5 0.027638206956908107
N0-quality_step4000 30 7 6 0.027461769990622997
N0-quality_step4000 30 7 7 0.026327172061428428
N0-quality_step4000 30 7 8 0.0252658718964085
N0-quality_step4000 30 7 9 0.02835359505843371
N0-quality_step4000 30 8 0 0.027586559066548944
N0-quality_step4000 30 8 1 0.026780718006193638
N0-quality_step4000 30 8 2 0.02616648399271071
N0-quality_step4000 30 8 3 0.02715568500570953
N0-quality_step4000 30 8 4 0.029795680078677833
N0-quality_step4000 30 8 5 0.026708549936302006
N0-quality_step4000 30 8 6 0.026391544030047953
N0-quality_step4000 30 8 7 0.026753035024739802
N0-quality_step4000 30 8 8 0.026847055996768177
N0-quality_step4000 30 8 9 0.02810285601299256
N0-quality_step4000 30 9 0 0.031663220026530325
N0-quality_step4000 30 9 1 0.028866374981589615
N0-quality_step4000 30 9 2 0.027923824032768607
N0-quality_step4000 30 9 3 0.028987055993638933
N0-quality_step4000 30 9 4 0.029794899048283696
N0-quality_step4000 30 9 5 0.028520895051769912
N0-quality_step4000 30 9 6 0.029310264042578638
N0-quality_step4000 30 9 7 0.02869245200417936
N0-quality_step4000 30 9 8 0.028321994002908468
N0-quality_step4000 30 9 9 0.026632313965819776
N0-quality_step4000 33 0 0 0.008412890951149166
N0-quality_step4000 33 0 1 0.006911900942213833
N0-quality_step4000 33 0 2 0.006672843941487372
N0-quality_step4000 33 0 3 0.006413148017600179
N0-quality_step4000 33 0 4 0.00653722498100251
N0-quality_step4000 33 0 5 0.006257490953430533
N0-quality_step4000 33 0 6 0.006583442911505699
N0-quality_step4000 33 0 7 0.006364083965308964
N0-quality_step4000 33 0 8 0.006710425950586796
N0-quality_step4000 33 0 9 0.006261478061787784
N0-quality_step4000 33 1 0 0.006250316044315696
N0-quality_step4000 33 1 1 0.0060203269822523
N0-quality_step4000 33 1 2 0.006185033009387553
N0-quality_step4000 33 1 3 0.006034623947925866
N0-quality_step4000 33 1 4 0.006163390935398638
N0-quality_step4000 33 1 5 0.006058108992874622
N0-quality_step4000 33 1 6 0.006401053979061544
N0-quality_step4000 33 1 7 0.006229115999303758
N0-quality_step4000 33 1 8 0.006237061927095056
N0-quality_step4000 33 1 9 0.006144935032352805
N0-quality_step4000 33 2 0 0.006002162001095712
N0-quality_step4000 33 2 1 0.006089820060878992
N0-quality_step4000 33 2 2 0.006023462978191674
N0-quality_step4000 33 2 3 0.005980110028758645
N0-quality_step4000 33 2 4 0.00794484606012702
N0-quality_step4000 33 2 5 0.006236832006834447
N0-quality_step4000 33 2 6 0.006389533053152263
N0-quality_step4000 33 2 7 0.006330410018563271
N0-quality_step4000 33 2 8 0.0062024249928072095
N0-quality_step4000 33 2 9 0.006348784896545112
N0-quality_step4000 33 3 0 0.006056464975699782
N0-quality_step4000 33 3 1 0.006057900027371943
N0-quality_step4000 33 3 2 0.007287087966687977
N0-quality_step4000 33 3 3 0.008087288006208837
N0-quality_step4000 33 3 4 0.00605657696723938
N0-quality_step4000 33 3 5 0.006134946015663445
N0-quality_step4000 33 3 6 0.0061840100679546595
N0-quality_step4000 33 3 7 0.006200021016411483
N0-quality_step4000 33 3 8 0.006279602996073663
N0-quality_step4000 33 3 9 0.006157169002108276
N0-quality_step4000 33 4 0 0.006103074993006885
N0-quality_step4000 33 4 1 0.006091513088904321
N0-quality_step4000 33 4 2 0.006101142033003271
N0-quality_step4000 33 4 3 0.006087305024266243
N0-quality_step4000 33 4 4 0.006126109976321459
N0-quality_step4000 33 4 5 0.006110129063017666
N0-quality_step4000 33 4 6 0.006362810963764787
N0-quality_step4000 33 4 7 0.007105660974048078
N0-quality_step4000 33 4 8 0.00608006096445024
N0-quality_step4000 33 4 9 0.0060864840634167194
N0-quality_step4000 33 5 0 0.006237733061425388
N0-quality_step4000 33 5 1 0.006203157012350857
N0-quality_step4000 33 5 2 0.00622019893489778
N0-quality_step4000 33 5 3 0.006208877079188824
N0-quality_step4000 33 5 4 0.006242220988497138
N0-quality_step4000 33 5 5 0.006202565971761942
N0-quality_step4000 33 5 6 0.006249986938200891
N0-quality_step4000 33 5 7 0.006226001074537635
N0-quality_step4000 33 5 8 0.006238544010557234
N0-quality_step4000 33 5 9 0.006213146029040217
N0-quality_step4000 33 6 0 0.00608759606257081
N0-quality_step4000 33 6 1 0.006067938054911792
N0-quality_step4000 33 6 2 0.006056164973415434
N0-quality_step4000 33 6 3 0.0059911219868808985
N0-quality_step4000 33 6 4 0.005939402966760099
N0-quality_step4000 33 6 5 0.006015618098899722
N0-quality_step4000 33 6 6 0.006031046970747411
N0-quality_step4000 33 6 7 0.005995150073431432
N0-quality_step4000 33 6 8 0.005955402972176671
N0-quality_step4000 33 6 9 0.0061153589049354196
N0-quality_step4000 33 7 0 0.006844913004897535
N0-quality_step4000 33 7 1 0.006488622981123626
N0-quality_step4000 33 7 2 0.006333636003546417
N0-quality_step4000 33 7 3 0.006433335947804153
N0-quality_step4000 33 7 4 0.007620234973728657
N0-quality_step4000 33 7 5 0.006524460972286761
N0-quality_step4000 33 7 6 0.006679135956801474
N0-quality_step4000 33 7 7 0.0063431140733882785
N0-quality_step4000 33 7 8 0.006334297941066325
N0-quality_step4000 33 7 9 0.006454817019402981
N0-quality_step4000 33 8 0 0.006268650991842151
N0-quality_step4000 33 8 1 0.006241640076041222
N0-quality_step4000 33 8 2 0.006233904976397753
N0-quality_step4000 33 8 3 0.006242210976779461
N0-quality_step4000 33 8 4 0.006164413061924279
N0-quality_step4000 33 8 5 0.006015277933329344
N0-quality_step4000 33 8 6 0.005898052942939103
N0-quality_step4000 33 8 7 0.005877184099517763
N0-quality_step4000 33 8 8 0.005892451968975365
N0-quality_step4000 33 8 9 0.005866674007847905
N0-quality_step4000 33 9 0 0.006030226009897888
N0-quality_step4000 33 9 1 0.0059058889746665955
N0-quality_step4000 33 9 2 0.005912902066484094
N0-quality_step4000 33 9 3 0.0059104569954797626
N0-quality_step4000 33 9 4 0.005922280019149184
N0-quality_step4000 33 9 5 0.005943609983660281
N0-quality_step4000 33 9 6 0.0059100460493937135
N0-quality_step4000 33 9 7 0.006036769016645849
N0-quality_step4000 33 9 8 0.005975001025944948
N0-quality_step4000 33 9 9 0.007926290039904416
N0-quality_step4000 36 0 0 0.007200502906925976
N0-quality_step4000 36 0 1 0.0067759910598397255
N0-quality_step4000 36 0 2 0.006777624017558992
N0-quality_step4000 36 0 3 0.0067779249511659145
N0-quality_step4000 36 0 4 0.0064551690593361855
N0-quality_step4000 36 0 5 0.006472481996752322
N0-quality_step4000 36 0 6 0.006399531965143979
N0-quality_step4000 36 0 7 0.006447853986173868
N0-quality_step4000 36 0 8 0.0065363539615646005
N0-quality_step4000 36 0 9 0.006615063990466297
N0-quality_step4000 36 1 0 0.007239197031594813
N0-quality_step4000 36 1 1 0.009131364058703184
N0-quality_step4000 36 1 2 0.006804825970903039
N0-quality_step4000 36 1 3 0.0068034440046176314
N0-quality_step4000 36 1 4 0.13270706392358989
N0-quality_step4000 36 1 5 0.007045587059110403
N0-quality_step4000 36 1 6 0.0068109179846942425
N0-quality_step4000 36 1 7 0.00711979903280735
N0-quality_step4000 36 1 8 0.006777283968403935
N0-quality_step4000 36 1 9 0.006810307037085295
N0-quality_step4000 36 2 0 0.006575727951712906
N0-quality_step4000 36 2 1 0.00652132392860949
N0-quality_step4000 36 2 2 0.006366628920659423
N0-quality_step4000 36 2 3 0.006290814024396241
N0-quality_step4000 36 2 4 0.006475718109868467
N0-quality_step4000 36 2 5 0.012380753993056715
N0-quality_step4000 36 2 6 0.007081986055709422
N0-quality_step4000 36 2 7 0.006576801068149507
N0-quality_step4000 36 2 8 0.006575087085366249
N0-quality_step4000 36 2 9 0.006568595999851823
N0-quality_step4000 36 3 0 0.007265125983394682
N0-quality_step4000 36 3 1 0.0069374809972941875
N0-quality_step4000 36 3 2 0.00679475802462548
N0-quality_step4000 36 3 3 0.006772073917090893
N0-quality_step4000 36 3 4 0.006778937065973878
N0-quality_step4000 36 3 5 0.0067472869995981455
N0-quality_step4000 36 3 6 0.006763868033885956
N0-quality_step4000 36 3 7 0.006776493042707443
N0-quality_step4000 36 3 8 0.006885070004500449
N0-quality_step4000 36 3 9 0.007153532933443785
N0-quality_step4000 36 4 0 0.006561551010236144
N0-quality_step4000 36 4 1 0.006543116993270814
N0-quality_step4000 36 4 2 0.006761203985661268
N0-quality_step4000 36 4 3 0.006548846955411136
N0-quality_step4000 36 4 4 0.0065364131005480886
N0-quality_step4000 36 4 5 0.006586999981664121
N0-quality_step4000 36 4 6 0.008234660024754703
N0-quality_step4000 36 4 7 0.007766755996271968
N0-quality_step4000 36 4 8 0.006558064022101462
N0-quality_step4000 36 4 9 0.006545129930600524
N0-quality_step4000 36 5 0 0.00658285291865468
N0-quality_step4000 36 5 1 0.006551222060807049
N0-quality_step4000 36 5 2 0.0067886559991165996
N0-quality_step4000 36 5 3 0.006573125021532178
N0-quality_step4000 36 5 4 0.0066671830136328936
N0-quality_step4000 36 5 5 0.006581259076483548
N0-quality_step4000 36 5 6 0.00656345603056252
N0-quality_step4000 36 5 7 0.0065663609420880675
N0-quality_step4000 36 5 8 0.006579927052371204
N0-quality_step4000 36 5 9 0.006692633032798767
N0-quality_step4000 36 6 0 0.006584424991160631
N0-quality_step4000 36 6 1 0.006565778981894255
N0-quality_step4000 36 6 2 0.006714743911288679
N0-quality_step4000 36 6 3 0.006543237017467618
N0-quality_step4000 36 6 4 0.006803704076446593
N0-quality_step4000 36 6 5 0.006549568963237107
N0-quality_step4000 36 6 6 0.006548076984472573
N0-quality_step4000 36 6 7 0.006547715049237013
N0-quality_step4000 36 6 8 0.007365848985500634
N0-quality_step4000 36 6 9 0.0069889380829408765
N0-quality_step4000 36 7 0 0.006762295961380005
N0-quality_step4000 36 7 1 0.006937299040146172
N0-quality_step4000 36 7 2 0.006758749019354582
N0-quality_step4000 36 7 3 0.006865091971121728
N0-quality_step4000 36 7 4 0.0067256150068715215
N0-quality_step4000 36 7 5 0.00831963203381747
N0-quality_step4000 36 7 6 0.009255049983039498
N0-quality_step4000 36 7 7 0.006731947069056332
N0-quality_step4000 36 7 8 0.006746605969965458
N0-quality_step4000 36 7 9 0.006737316958606243
N0-quality_step4000 36 8 0 0.006575578008778393
N0-quality_step4000 36 8 1 0.006541081937029958
N0-quality_step4000 36 8 2 0.006727869040332735
N0-quality_step4000 36 8 3 0.006582020898349583
N0-quality_step4000 36 8 4 0.006586189032532275
N0-quality_step4000 36 8 5 0.006585386930964887
N0-quality_step4000 36 8 6 0.006564286071807146
N0-quality_step4000 36 8 7 0.006799506023526192
N0-quality_step4000 36 8 8 0.00673057499807328
N0-quality_step4000 36 8 9 0.007689618039876223
N0-quality_step4000 36 9 0 0.006818261928856373
N0-quality_step4000 36 9 1 0.006724552949890494
N0-quality_step4000 36 9 2 0.006746885948814452
N0-quality_step4000 36 9 3 0.0067389600444585085
N0-quality_step4000 36 9 4 0.00677154294680804
N0-quality_step4000 36 9 5 0.006735283997841179
N0-quality_step4000 36 9 6 0.006737358053214848
N0-quality_step4000 36 9 7 0.006789257982745767
N0-quality_step4000 36 9 8 0.006966475979425013
N0-quality_step4000 36 9 9 0.006730975001119077
N0-quality_step4000 40 0 0 0.004256746033206582
N0-quality_step4000 40 0 1 0.004104044055566192
N0-quality_step4000 40 0 2 0.004007300012744963
N0-quality_step4000 40 0 3 0.00399992591701448
N0-quality_step4000 40 0 4 0.004017860046587884
N0-quality_step4000 40 0 5 0.004006337956525385
N0-quality_step4000 40 0 6 0.004009664058685303
N0-quality_step4000 40 0 7 0.004068817012012005
N0-quality_step4000 40 0 8 0.004014623002149165
N0-quality_step4000 40 0 9 0.0039974210085347295
N0-quality_step4000 40 1 0 0.0038727120263502
N0-quality_step4000 40 1 1 0.0038839130429551005
N0-quality_step4000 40 1 2 0.0038845849921926856
N0-quality_step4000 40 1 3 0.0038790040416643023
N0-quality_step4000 40 1 4 0.0038842749781906605
N0-quality_step4000 40 1 5 0.003873332985676825
N0-quality_step4000 40 1 6 0.0038726929342374206
N0-quality_step4000 40 1 7 0.003971800906583667
N0-quality_step4000 40 1 8 0.0038870599819347262
N0-quality_step4000 40 1 9 0.004474442102946341
N0-quality_step4000 40 2 0 0.004683783045038581
N0-quality_step4000 40 2 1 0.003908550948835909
N0-quality_step4000 40 2 2 0.003988403943367302
N0-quality_step4000 40 2 3 0.003909593098796904
N0-quality_step4000 40 2 4 0.00390968204010278
N0-quality_step4000 40 2 5 0.0039438779931515455
N0-quality_step4000 40 2 6 0.003926174947991967
N0-quality_step4000 40 2 7 0.003916215966455638
N0-quality_step4000 40 2 8 0.003920132992789149
N0-quality_step4000 40 2 9 0.004093835013918579
N0-quality_step4000 40 3 0 0.004025603993795812
N0-quality_step4000 40 3 1 0.004024381982162595
N0-quality_step4000 40 3 2 0.004031955963000655
N0-quality_step4000 40 3 3 0.004031506017781794
N0-quality_step4000 40 3 4 0.004022930050268769
N0-quality_step4000 40 3 5 0.004011678043752909
N0-quality_step4000 40 3 6 0.004027117975056171
N0-quality_step4000 40 3 7 0.004036827012896538
N0-quality_step4000 40 3 8 0.004206871031783521
N0-quality_step4000 40 3 9 0.004152918001636863
N0-quality_step4000 40 4 0 0.0038737939903512597
N0-quality_step4000 40 4 1 0.0039188399678096175
N0-quality_step4000 40 4 2 0.0038962370017543435
N0-quality_step4000 40 4 3 0.003907829988747835
N0-quality_step4000 40 4 4 0.00392260798253119
N0-quality_step4000 40 4 5 0.003914852975867689
N0-quality_step4000 40 4 6 0.003918198985047638
N0-quality_step4000 40 4 7 0.003915875102393329
N0-quality_step4000 40 4 8 0.003920463961549103
N0-quality_step4000 40 4 9 0.003921936033293605
N0-quality_step4000 40 5 0 0.0038967279251664877
N0-quality_step4000 40 5 1 0.003914472064934671
N0-quality_step4000 40 5 2 0.003920883988030255
N0-quality_step4000 40 5 3 0.0038497280329465866
N0-quality_step4000 40 5 4 0.0038324049673974514
N0-quality_step4000 40 5 5 0.003942715935409069
N0-quality_step4000 40 5 6 0.003900764975696802
N0-quality_step4000 40 5 7 0.005290120956487954
N0-quality_step4000 40 5 8 0.0039032510248944163
N0-quality_step4000 40 5 9 0.003909873077645898
N0-quality_step4000 40 6 0 0.004008652060292661
N0-quality_step4000 40 6 1 0.004001248045824468
N0-quality_step4000 40 6 2 0.004017879022285342
N0-quality_step4000 40 6 3 0.004012548946775496
N0-quality_step4000 40 6 4 0.003994124010205269
N0-quality_step4000 40 6 5 0.004012778983451426
N0-quality_step4000 40 6 6 0.00399902299977839
N0-quality_step4000 40 6 7 0.004810846061445773
N0-quality_step4000 40 6 8 0.005521503975614905
N0-quality_step4000 40 6 9 0.005246808053925633
N0-quality_step4000 40 7 0 0.0040438189171254635
N0-quality_step4000 40 7 1 0.004001518012955785
N0-quality_step4000 40 7 2 0.0039804690750315785
N0-quality_step4000 40 7 3 0.004024171968922019
N0-quality_step4000 40 7 4 0.003992582089267671
N0-quality_step4000 40 7 5 0.004040061961859465
N0-quality_step4000 40 7 6 0.0039991040248423815
N0-quality_step4000 40 7 7 0.004014772945083678
N0-quality_step4000 40 7 8 0.004037036909721792
N0-quality_step4000 40 7 9 0.004006909090094268
N0-quality_step4000 40 8 0 0.0039482059655711055
N0-quality_step4000 40 8 1 0.004039521096274257
N0-quality_step4000 40 8 2 0.003912297892384231
N0-quality_step4000 40 8 3 0.003927357029169798
N0-quality_step4000 40 8 4 0.003909481922164559
N0-quality_step4000 40 8 5 0.003960850997827947
N0-quality_step4000 40 8 6 0.003905424033291638
N0-quality_step4000 40 8 7 0.003909643040969968
N0-quality_step4000 40 8 8 0.003924380987882614
N0-quality_step4000 40 8 9 0.003907709964551032
N0-quality_step4000 40 9 0 0.004048087983392179
N0-quality_step4000 40 9 1 0.004008912947028875
N0-quality_step4000 40 9 2 0.005393999977968633
N0-quality_step4000 40 9 3 0.004044460947625339
N0-quality_step4000 40 9 4 0.004157205927185714
N0-quality_step4000 40 9 5 0.004059739992953837
N0-quality_step4000 40 9 6 0.004004213027656078
N0-quality_step4000 40 9 7 0.0039839050732553005
N0-quality_step4000 40 9 8 0.004005896975286305
N0-quality_step4000 40 9 9 0.00399407499935478
N0-quality_step4000 47 0 0 0.07217444200068712
N0-quality_step4000 47 0 1 0.06203252903651446
N0-quality_step4000 47 0 2 0.06261011201422662
N0-quality_step4000 47 0 3 0.061190799926407635
N0-quality_step4000 47 0 4 0.0622191340662539
N0-quality_step4000 47 0 5 0.060208301059901714
N0-quality_step4000 47 0 6 0.06037462898530066
N0-quality_step4000 47 0 7 0.06402086792513728
N0-quality_step4000 47 0 8 0.060184977017343044
N0-quality_step4000 47 0 9 0.061575022991746664
N0-quality_step4000 47 1 0 0.05859997705556452
N0-quality_step4000 47 1 1 0.06274453899823129
N0-quality_step4000 47 1 2 0.06617406394798309
N0-quality_step4000 47 1 3 0.06370480498299003
N0-quality_step4000 47 1 4 0.06078626506496221
N0-quality_step4000 47 1 5 0.0630974929081276
N0-quality_step4000 47 1 6 0.06511135294567794
N0-quality_step4000 47 1 7 0.06205834692809731
N0-quality_step4000 47 1 8 0.061765367980115116
N0-quality_step4000 47 1 9 0.06291924195829779
N0-quality_step4000 47 2 0 0.058147231000475585
N0-quality_step4000 47 2 1 0.06245332199614495
N0-quality_step4000 47 2 2 0.06215792696457356
N0-quality_step4000 47 2 3 0.060168124036863446
N0-quality_step4000 47 2 4 0.05958900798577815
N0-quality_step4000 47 2 5 0.05742594297043979
N0-quality_step4000 47 2 6 0.060235011973418295
N0-quality_step4000 47 2 7 0.05770990590099245
N0-quality_step4000 47 2 8 0.05850693897809833
N0-quality_step4000 47 2 9 0.06154942396096885
N0-quality_step4000 47 3 0 0.06186946597881615
N0-quality_step4000 47 3 1 0.06280431302729994
N0-quality_step4000 47 3 2 0.0622186140390113
N0-quality_step4000 47 3 3 0.06031127809546888
N0-quality_step4000 47 3 4 0.061916395905427635
N0-quality_step4000 47 3 5 0.06145862105768174
N0-quality_step4000 47 3 6 0.06281353102531284
N0-quality_step4000 47 3 7 0.06200128805357963
N0-quality_step4000 47 3 8 0.06621784705203027
N0-quality_step4000 47 3 9 0.06432992999907583
N0-quality_step4000 47 4 0 0.0590219940058887
N0-quality_step4000 47 4 1 0.06359419308137149
N0-quality_step4000 47 4 2 0.05855912994593382
N0-quality_step4000 47 4 3 0.05927022791001946
N0-quality_step4000 47 4 4 0.06073903595097363
N0-quality_step4000 47 4 5 0.05938571901060641
N0-quality_step4000 47 4 6 0.06425520603079349
N0-quality_step4000 47 4 7 0.06193772703409195
N0-quality_step4000 47 4 8 0.05998763989191502
N0-quality_step4000 47 4 9 0.05869034002535045
N0-quality_step4000 47 5 0 0.05794333200901747
N0-quality_step4000 47 5 1 0.06300078891217709
N0-quality_step4000 47 5 2 0.06347190996166319
N0-quality_step4000 47 5 3 0.06060035992413759
N0-quality_step4000 47 5 4 0.06273472995962948
N0-quality_step4000 47 5 5 0.05781746201682836
N0-quality_step4000 47 5 6 0.06169372994918376
N0-quality_step4000 47 5 7 0.05798453092575073
N0-quality_step4000 47 5 8 0.05988344002980739
N0-quality_step4000 47 5 9 0.06385957100428641
N0-quality_step4000 47 6 0 0.06574771902523935
N0-quality_step4000 47 6 1 0.06246697797905654
N0-quality_step4000 47 6 2 0.05930026597343385
N0-quality_step4000 47 6 3 0.06038113101385534
N0-quality_step4000 47 6 4 0.060086699086241424
N0-quality_step4000 47 6 5 0.06006037793122232
N0-quality_step4000 47 6 6 0.07577382307499647
N0-quality_step4000 47 6 7 0.06243746099062264
N0-quality_step4000 47 6 8 0.06653604691382498
N0-quality_step4000 47 6 9 0.061132656992413104
N0-quality_step4000 47 7 0 0.06024408002849668
N0-quality_step4000 47 7 1 0.062075319001451135
N0-quality_step4000 47 7 2 0.059384776977822185
N0-quality_step4000 47 7 3 0.06419922900386155
N0-quality_step4000 47 7 4 0.05893999699037522
N0-quality_step4000 47 7 5 0.05930153792724013
N0-quality_step4000 47 7 6 0.06493905396200716
N0-quality_step4000 47 7 7 0.06384199601598084
N0-quality_step4000 47 7 8 0.06350462103728205
N0-quality_step4000 47 7 9 0.061964838998392224
N0-quality_step4000 47 8 0 0.06053954397793859
N0-quality_step4000 47 8 1 0.06113761803135276
N0-quality_step4000 47 8 2 0.0601157940691337
N0-quality_step4000 47 8 3 0.06411524000577629
N0-quality_step4000 47 8 4 0.06107719196006656
N0-quality_step4000 47 8 5 0.06329758500214666
N0-quality_step4000 47 8 6 0.0658406059956178
N0-quality_step4000 47 8 7 0.06366953696124256
N0-quality_step4000 47 8 8 0.06320238392800093
N0-quality_step4000 47 8 9 0.06280356098432094
N0-quality_step4000 47 9 0 0.06282702693715692
N0-quality_step4000 47 9 1 0.05910753598436713
N0-quality_step4000 47 9 2 0.061536308960057795
N0-quality_step4000 47 9 3 0.06536573800258338
N0-quality_step4000 47 9 4 0.06473764905240387
N0-quality_step4000 47 9 5 0.060954486951231956
N0-quality_step4000 47 9 6 0.06035638402681798
N0-quality_step4000 47 9 7 0.06392528594005853
N0-quality_step4000 47 9 8 0.058894218993373215
N0-quality_step4000 47 9 9 0.06378817395307124
N0-quality_step4000 51 0 0 0.027629870921373367
N0-quality_step4000 51 0 1 0.023886246024630964
N0-quality_step4000 51 0 2 0.02697761496528983
N0-quality_step4000 51 0 3 0.024596372968517244
N0-quality_step4000 51 0 4 0.024334892979823053
N0-quality_step4000 51 0 5 0.023776727030053735
N0-quality_step4000 51 0 6 0.022864622063934803
N0-quality_step4000 51 0 7 0.02227399405092001
N0-quality_step4000 51 0 8 0.02213830396067351
N0-quality_step4000 51 0 9 0.0218392739770934
N0-quality_step4000 51 1 0 0.021807232056744397
N0-quality_step4000 51 1 1 0.02124986599665135
N0-quality_step4000 51 1 2 0.0221001619938761
N0-quality_step4000 51 1 3 0.022480077110230923
N0-quality_step4000 51 1 4 0.022103728959336877
N0-quality_step4000 51 1 5 0.02238638896960765
N0-quality_step4000 51 1 6 0.0236263390397653
N0-quality_step4000 51 1 7 0.023599817999638617
N0-quality_step4000 51 1 8 0.022866295999847353
N0-quality_step4000 51 1 9 0.023457275005057454
N0-quality_step4000 51 2 0 0.022317816969007254
N0-quality_step4000 51 2 1 0.022320562973618507
N0-quality_step4000 51 2 2 0.024633234017528594
N0-quality_step4000 51 2 3 0.02820146398153156
N0-quality_step4000 51 2 4 0.024638393078930676
N0-quality_step4000 51 2 5 0.02446816803421825
N0-quality_step4000 51 2 6 0.02229588502086699
N0-quality_step4000 51 2 7 0.02331181801855564
N0-quality_step4000 51 2 8 0.02414355694781989
N0-quality_step4000 51 2 9 0.024012045934796333
N0-quality_step4000 51 3 0 0.02361067896708846
N0-quality_step4000 51 3 1 0.02342075703199953
N0-quality_step4000 51 3 2 0.022689056931994855
N0-quality_step4000 51 3 3 0.022363385069184005
N0-quality_step4000 51 3 4 0.022389044985175133
N0-quality_step4000 51 3 5 0.030252664000727236
N0-quality_step4000 51 3 6 0.02480564301367849
N0-quality_step4000 51 3 7 0.022627900005318224
N0-quality_step4000 51 3 8 0.02243595407344401
N0-quality_step4000 51 3 9 0.02245663304347545
N0-quality_step4000 51 4 0 0.02239186002407223
N0-quality_step4000 51 4 1 0.026380912982858717
N0-quality_step4000 51 4 2 0.023449652013368905
N0-quality_step4000 51 4 3 0.026649986975826323
N0-quality_step4000 51 4 4 0.024783270084299147
N0-quality_step4000 51 4 5 0.02323478099424392
N0-quality_step4000 51 4 6 0.02219549403525889
N0-quality_step4000 51 4 7 0.023297218955121934
N0-quality_step4000 51 4 8 0.023332857992500067
N0-quality_step4000 51 4 9 0.02277160598896444
N0-quality_step4000 51 5 0 0.02433661709073931
N0-quality_step4000 51 5 1 0.023067923029884696
N0-quality_step4000 51 5 2 0.022677454981021583
N0-quality_step4000 51 5 3 0.022375267930328846
N0-quality_step4000 51 5 4 0.0237365789944306
N0-quality_step4000 51 5 5 0.02292873605620116
N0-quality_step4000 51 5 6 0.022647807956673205
N0-quality_step4000 51 5 7 0.023623273940756917
N0-quality_step4000 51 5 8 0.021976655931212008
N0-quality_step4000 51 5 9 0.022581542027182877
N0-quality_step4000 51 6 0 0.02199577202554792
N0-quality_step4000 51 6 1 0.022785360924899578
N0-quality_step4000 51 6 2 0.023443149053491652
N0-quality_step4000 51 6 3 0.026663744007237256
N0-quality_step4000 51 6 4 0.025177774019539356
N0-quality_step4000 51 6 5 0.023827492957934737
N0-quality_step4000 51 6 6 0.022464507957920432
N0-quality_step4000 51 6 7 0.022487632930278778
N0-quality_step4000 51 6 8 0.022414252045564353
N0-quality_step4000 51 6 9 0.022095261956565082
N0-quality_step4000 51 7 0 0.021590557997114956
N0-quality_step4000 51 7 1 0.021277980995364487
N0-quality_step4000 51 7 2 0.021098837023600936
N0-quality_step4000 51 7 3 0.021388571010902524
N0-quality_step4000 51 7 4 0.021989181055687368
N0-quality_step4000 51 7 5 0.0219544229330495
N0-quality_step4000 51 7 6 0.020866543985903263
N0-quality_step4000 51 7 7 0.020902311895042658
N0-quality_step4000 51 7 8 0.021730905980803072
N0-quality_step4000 51 7 9 0.030555312987416983
N0-quality_step4000 51 8 0 0.02742810593917966
N0-quality_step4000 51 8 1 0.02503845700994134
N0-quality_step4000 51 8 2 0.022672143997624516
N0-quality_step4000 51 8 3 0.021144245052710176
N0-quality_step4000 51 8 4 0.02085641399025917
N0-quality_step4000 51 8 5 0.022249758010730147
N0-quality_step4000 51 8 6 0.023726729908958077
N0-quality_step4000 51 8 7 0.02587317395955324
N0-quality_step4000 51 8 8 0.02311853796709329
N0-quality_step4000 51 8 9 0.022018434945493937
N0-quality_step4000 51 9 0 0.022083840100094676
N0-quality_step4000 51 9 1 0.02339007705450058
N0-quality_step4000 51 9 2 0.021353624993935227
N0-quality_step4000 51 9 3 0.021119316923432052
N0-quality_step4000 51 9 4 0.023759523988701403
N0-quality_step4000 51 9 5 0.021717179915867746
N0-quality_step4000 51 9 6 0.021220230031758547
N0-quality_step4000 51 9 7 0.020983829046599567
N0-quality_step4000 51 9 8 0.02127492497675121
N0-quality_step4000 51 9 9 0.0211891409708187
N0-quality_step4000 52 0 0 0.8226919380249456
N0-quality_step4000 52 0 1 0.8267765650525689
N0-quality_step4000 52 0 2 0.8311562960734591
N0-quality_step4000 52 0 3 0.8449505829485133
N0-quality_step4000 52 0 4 0.8485312579432502
N0-quality_step4000 52 0 5 0.8208157999906689
N0-quality_step4000 52 0 6 0.8485449519939721
N0-quality_step4000 52 0 7 0.8271779210772365
N0-quality_step4000 52 0 8 0.8412373430328444
N0-quality_step4000 52 0 9 0.8139489049790427
N0-quality_step4000 52 1 0 0.8336258640047163
N0-quality_step4000 52 1 1 0.8480322799878195
N0-quality_step4000 52 1 2 0.8580653669778258
N0-quality_step4000 52 1 3 0.8617436269996688
N0-quality_step4000 52 1 4 0.8143204939551651
N0-quality_step4000 52 1 5 0.8348125510383397
N0-quality_step4000 52 1 6 0.8366187739884481
N0-quality_step4000 52 1 7 0.8281424529850483
N0-quality_step4000 52 1 8 0.8475435340078548
N0-quality_step4000 52 1 9 0.8358334630029276
N0-quality_step4000 52 2 0 0.8449646850349382
N0-quality_step4000 52 2 1 0.8356138820527121
N0-quality_step4000 52 2 2 0.8422380420379341
N0-quality_step4000 52 2 3 0.8496533869765699
N0-quality_step4000 52 2 4 0.8463117679348215
N0-quality_step4000 52 2 5 0.8571262300247326
N0-quality_step4000 52 2 6 0.8449143270263448
N0-quality_step4000 52 2 7 0.8553081030258909
N0-quality_step4000 52 2 8 0.8361234640469775
N0-quality_step4000 52 2 9 0.8384171380894259
N0-quality_step4000 52 3 0 0.8650466669350863
N0-quality_step4000 52 3 1 0.8602756980108097
N0-quality_step4000 52 3 2 0.8578148030210286
N0-quality_step4000 52 3 3 0.8443724300013855
N0-quality_step4000 52 3 4 0.8572501139715314
N0-quality_step4000 52 3 5 0.8708671510685235
N0-quality_step4000 52 3 6 0.8486790310125798
N0-quality_step4000 52 3 7 0.8586046720156446
N0-quality_step4000 52 3 8 0.8882709849858657
N0-quality_step4000 52 3 9 0.8618256989866495
N0-quality_step4000 52 4 0 0.8546328800730407
N0-quality_step4000 52 4 1 0.8532449960475788
N0-quality_step4000 52 4 2 0.8438308229669929
N0-quality_step4000 52 4 3 0.8631020979955792
N0-quality_step4000 52 4 4 0.8743883789284155
N0-quality_step4000 52 4 5 0.842822193983011
N0-quality_step4000 52 4 6 0.8442318789893761
N0-quality_step4000 52 4 7 0.8659168550511822
N0-quality_step4000 52 4 8 0.8616539780050516
N0-quality_step4000 52 4 9 0.8570817789295688
N0-quality_step4000 52 5 0 0.8475488369585946
N0-quality_step4000 52 5 1 0.887850017985329
N0-quality_step4000 52 5 2 0.8572404410224408
N0-quality_step4000 52 5 3 0.8508869369979948
N0-quality_step4000 52 5 4 0.8474114539567381
N0-quality_step4000 52 5 5 0.8692279020324349
N0-quality_step4000 52 5 6 0.8368466600077227
N0-quality_step4000 52 5 7 0.8384697320871055
N0-quality_step4000 52 5 8 0.8614513189531863
N0-quality_step4000 52 5 9 0.8544425209984183
N0-quality_step4000 52 6 0 0.8619294819654897
N0-quality_step4000 52 6 1 0.8792694640578702
N0-quality_step4000 52 6 2 0.8697364539839327
N0-quality_step4000 52 6 3 0.8623811550205573
N0-quality_step4000 52 6 4 0.8769908290123567
N0-quality_step4000 52 6 5 0.851796603994444
N0-quality_step4000 52 6 6 0.8580129150068387
N0-quality_step4000 52 6 7 0.8603531569242477
N0-quality_step4000 52 6 8 0.8682405529543757
N0-quality_step4000 52 6 9 0.8392817119602114
N0-quality_step4000 52 7 0 0.8587424079887569
N0-quality_step4000 52 7 1 0.8580516370711848
N0-quality_step4000 52 7 2 0.8407054230337963
N0-quality_step4000 52 7 3 0.8429756609257311
N0-quality_step4000 52 7 4 0.8616879460169002
N0-quality_step4000 52 7 5 0.8460327530046925
N0-quality_step4000 52 7 6 0.8712047159206122
N0-quality_step4000 52 7 7 0.8592165029840544
N0-quality_step4000 52 7 8 0.8606924029299989
N0-quality_step4000 52 7 9 0.866240979055874
N0-quality_step4000 52 8 0 0.8658421860309318
N0-quality_step4000 52 8 1 0.839816892053932
N0-quality_step4000 52 8 2 0.8507635549176484
N0-quality_step4000 52 8 3 0.8554061790928245
N0-quality_step4000 52 8 4 0.8626424189424142
N0-quality_step4000 52 8 5 0.8423696300014853
N0-quality_step4000 52 8 6 0.848978252033703
N0-quality_step4000 52 8 7 0.8530691410414875
N0-quality_step4000 52 8 8 0.8671003279741853
N0-quality_step4000 52 8 9 0.8569482340244576
N0-quality_step4000 52 9 0 0.8889735650736839
N0-quality_step4000 52 9 1 0.872274782974273
N0-quality_step4000 52 9 2 0.8498571270611137
N0-quality_step4000 52 9 3 0.8692818239796907
N0-quality_step4000 52 9 4 0.8561082370579243
N0-quality_step4000 52 9 5 0.8559151580557227
N0-quality_step4000 52 9 6 0.8775970080168918
N0-quality_step4000 52 9 7 0.8453046769136563
N0-quality_step4000 52 9 8 0.8478536929469556
N0-quality_step4000 52 9 9 0.8597153830341995
N0-quality_step4000 56 0 0 0.021179456962272525
N0-quality_step4000 56 0 1 0.017408358049578965
N0-quality_step4000 56 0 2 0.01901574106886983
N0-quality_step4000 56 0 3 0.01705061097163707
N0-quality_step4000 56 0 4 0.017264041933231056
N0-quality_step4000 56 0 5 0.01707268296740949
N0-quality_step4000 56 0 6 0.01704697299282998
N0-quality_step4000 56 0 7 0.01738685497548431
N0-quality_step4000 56 0 8 0.017054177005775273
N0-quality_step4000 56 0 9 0.01688889996148646
N0-quality_step4000 56 1 0 0.018125398084521294
N0-quality_step4000 56 1 1 0.01684949197806418
N0-quality_step4000 56 1 2 0.016837909002788365
N0-quality_step4000 56 1 3 0.016836646012961864
N0-quality_step4000 56 1 4 0.01660129998344928
N0-quality_step4000 56 1 5 0.016471061971969903
N0-quality_step4000 56 1 6 0.017362967948429286
N0-quality_step4000 56 1 7 0.016700968029908836
N0-quality_step4000 56 1 8 0.016657611005939543
N0-quality_step4000 56 1 9 0.018933288985863328
N0-quality_step4000 56 2 0 0.01756805495824665
N0-quality_step4000 56 2 1 0.01823993504513055
N0-quality_step4000 56 2 2 0.017488618032075465
N0-quality_step4000 56 2 3 0.016944849980063736
N0-quality_step4000 56 2 4 0.01694201398640871
N0-quality_step4000 56 2 5 0.01732920203357935
N0-quality_step4000 56 2 6 0.01659498701337725
N0-quality_step4000 56 2 7 0.017398978932760656
N0-quality_step4000 56 2 8 0.01682857098057866
N0-quality_step4000 56 2 9 0.01687740592751652
N0-quality_step4000 56 3 0 0.016851133899763227
N0-quality_step4000 56 3 1 0.016762587008997798
N0-quality_step4000 56 3 2 0.01622277800925076
N0-quality_step4000 56 3 3 0.016782426042482257
N0-quality_step4000 56 3 4 0.017747117090038955
N0-quality_step4000 56 3 5 0.017070989008061588
N0-quality_step4000 56 3 6 0.01703781308606267
N0-quality_step4000 56 3 7 0.01724583492614329
N0-quality_step4000 56 3 8 0.017059996025636792
N0-quality_step4000 56 3 9 0.017061820020899177
N0-quality_step4000 56 4 0 0.01717408304102719
N0-quality_step4000 56 4 1 0.016772947972640395
N0-quality_step4000 56 4 2 0.017048774054273963
N0-quality_step4000 56 4 3 0.016835140995681286
N0-quality_step4000 56 4 4 0.016474928008392453
N0-quality_step4000 56 4 5 0.01997627306263894
N0-quality_step4000 56 4 6 0.01762557600159198
N0-quality_step4000 56 4 7 0.017305321991443634
N0-quality_step4000 56 4 8 0.016942945076152682
N0-quality_step4000 56 4 9 0.016104735084809363
N0-quality_step4000 56 5 0 0.016890491009689867
N0-quality_step4000 56 5 1 0.017177158035337925
N0-quality_step4000 56 5 2 0.017113483045250177
N0-quality_step4000 56 5 3 0.01829049305524677
N0-quality_step4000 56 5 4 0.017938846023753285
N0-quality_step4000 56 5 5 0.017716075060889125
N0-quality_step4000 56 5 6 0.017306293942965567
N0-quality_step4000 56 5 7 0.01690122194122523
N0-quality_step4000 56 5 8 0.016832705936394632
N0-quality_step4000 56 5 9 0.016957393032498658
N0-quality_step4000 56 6 0 0.01683906896505505
N0-quality_step4000 56 6 1 0.017523864982649684
N0-quality_step4000 56 6 2 0.019094666000455618
N0-quality_step4000 56 6 3 0.01760812196880579
N0-quality_step4000 56 6 4 0.01793470897246152
N0-quality_step4000 56 6 5 0.017631619004532695
N0-quality_step4000 56 6 6 0.01770629605744034
N0-quality_step4000 56 6 7 0.01765458402223885
N0-quality_step4000 56 6 8 0.017075105919502676
N0-quality_step4000 56 6 9 0.017037291079759598
N0-quality_step4000 56 7 0 0.017134284018538892
N0-quality_step4000 56 7 1 0.01777564303483814
N0-quality_step4000 56 7 2 0.017480638925917447
N0-quality_step4000 56 7 3 0.016822776990011334
N0-quality_step4000 56 7 4 0.017125817015767097
N0-quality_step4000 56 7 5 0.017225613933987916
N0-quality_step4000 56 7 6 0.01704090798739344
N0-quality_step4000 56 7 7 0.017423215904273093
N0-quality_step4000 56 7 8 0.01780699600931257
N0-quality_step4000 56 7 9 0.017705804901197553
N0-quality_step4000 56 8 0 0.018948205979540944
N0-quality_step4000 56 8 1 0.017887715017423034
N0-quality_step4000 56 8 2 0.018026169971562922
N0-quality_step4000 56 8 3 0.017681868048384786
N0-quality_step4000 56 8 4 0.01750118099153042
N0-quality_step4000 56 8 5 0.01715317089110613
N0-quality_step4000 56 8 6 0.017140095005743206
N0-quality_step4000 56 8 7 0.01715986302588135
N0-quality_step4000 56 8 8 0.01733385701663792
N0-quality_step4000 56 8 9 0.01769429096020758
N0-quality_step4000 56 9 0 0.01801543589681387
N0-quality_step4000 56 9 1 0.017065305029973388
N0-quality_step4000 56 9 2 0.017087779007852077
N0-quality_step4000 56 9 3 0.01705192809458822
N0-quality_step4000 56 9 4 0.017049012007191777
N0-quality_step4000 56 9 5 0.017068551969714463
N0-quality_step4000 56 9 6 0.017060865997336805
N0-quality_step4000 56 9 7 0.01949557801708579
N0-quality_step4000 56 9 8 0.01788869604934007
N0-quality_step4000 56 9 9 0.017074733041226864
N0-quality_step4000 62 0 0 0.30630207795184106
N0-quality_step4000 62 0 1 0.2927548000589013
N0-quality_step4000 62 0 2 0.3011758920038119
N0-quality_step4000 62 0 3 0.2879255219595507
N0-quality_step4000 62 0 4 0.29814817605074495
N0-quality_step4000 62 0 5 0.2965786471031606
N0-quality_step4000 62 0 6 0.29858600604347885
N0-quality_step4000 62 0 7 0.29784323601052165
N0-quality_step4000 62 0 8 0.29940154193900526
N0-quality_step4000 62 0 9 0.2889486700296402
N0-quality_step4000 62 1 0 0.2896694560768083
N0-quality_step4000 62 1 1 0.29118125000968575
N0-quality_step4000 62 1 2 0.28823645098600537
N0-quality_step4000 62 1 3 0.27830181596800685
N0-quality_step4000 62 1 4 0.288716507027857
N0-quality_step4000 62 1 5 0.29388296394608915
N0-quality_step4000 62 1 6 0.296258621965535
N0-quality_step4000 62 1 7 0.2981007790658623
N0-quality_step4000 62 1 8 0.2822111420100555
N0-quality_step4000 62 1 9 0.2889930069213733
N0-quality_step4000 62 2 0 0.29650131799280643
N0-quality_step4000 62 2 1 0.29074481199495494
N0-quality_step4000 62 2 2 0.2827651350526139
N0-quality_step4000 62 2 3 0.2895636629546061
N0-quality_step4000 62 2 4 0.292733613983728
N0-quality_step4000 62 2 5 0.28967787593137473
N0-quality_step4000 62 2 6 0.28961227100808173
N0-quality_step4000 62 2 7 0.2797214830061421
N0-quality_step4000 62 2 8 0.2829487120034173
N0-quality_step4000 62 2 9 0.28596256801392883
N0-quality_step4000 62 3 0 0.27828492992557585
N0-quality_step4000 62 3 1 0.276195282000117
N0-quality_step4000 62 3 2 0.29021030105650425
N0-quality_step4000 62 3 3 0.2933265060419217
N0-quality_step4000 62 3 4 0.3067630169680342
N0-quality_step4000 62 3 5 0.2910702290246263
N0-quality_step4000 62 3 6 0.30054934707004577
N0-quality_step4000 62 3 7 0.2870771730085835
N0-quality_step4000 62 3 8 0.29714789206627756
N0-quality_step4000 62 3 9 0.2883276470238343
N0-quality_step4000 62 4 0 0.30371135903988034
N0-quality_step4000 62 4 1 0.29169757198542356
N0-quality_step4000 62 4 2 0.2911208199802786
N0-quality_step4000 62 4 3 0.2880294560454786
N0-quality_step4000 62 4 4 0.2891771210124716
N0-quality_step4000 62 4 5 0.29848594090435654
N0-quality_step4000 62 4 6 0.28707489103544503
N0-quality_step4000 62 4 7 0.2902532230364159
N0-quality_step4000 62 4 8 0.28816661704331636
N0-quality_step4000 62 4 9 0.28652331593912095
N0-quality_step4000 62 5 0 0.28294573503080755
N0-quality_step4000 62 5 1 0.29212036705575883
N0-quality_step4000 62 5 2 0.28709184704348445
N0-quality_step4000 62 5 3 0.2899482890497893
N0-quality_step4000 62 5 4 0.2803865820169449
N0-quality_step4000 62 5 5 0.28470574296079576
N0-quality_step4000 62 5 6 0.29019749793224037
N0-quality_step4000 62 5 7 0.2747315189335495
N0-quality_step4000 62 5 8 0.2886972869746387
N0-quality_step4000 62 5 9 0.3037081729853526
N0-quality_step4000 62 6 0 0.28572861291468143
N0-quality_step4000 62 6 1 0.2803821769775823
N0-quality_step4000 62 6 2 0.2860434940084815
N0-quality_step4000 62 6 3 0.2855345959542319
N0-quality_step4000 62 6 4 0.2860735700232908
N0-quality_step4000 62 6 5 0.29348534101154655
N0-quality_step4000 62 6 6 0.29941072198562324
N0-quality_step4000 62 6 7 0.2961254429537803
N0-quality_step4000 62 6 8 0.29634587501641363
N0-quality_step4000 62 6 9 0.2941053539980203
N0-quality_step4000 62 7 0 0.2873969649663195
N0-quality_step4000 62 7 1 0.27951499505434185
N0-quality_step4000 62 7 2 0.2919022219721228
N0-quality_step4000 62 7 3 0.290772648062557
N0-quality_step4000 62 7 4 0.2841804149793461
N0-quality_step4000 62 7 5 0.2879287910182029
N0-quality_step4000 62 7 6 0.28297764901071787
N0-quality_step4000 62 7 7 0.28459120995830745
N0-quality_step4000 62 7 8 0.28448673302773386
N0-quality_step4000 62 7 9 0.2859243539860472
N0-quality_step4000 62 8 0 0.29528813203796744
N0-quality_step4000 62 8 1 0.29618860594928265
N0-quality_step4000 62 8 2 0.28444486495573074
N0-quality_step4000 62 8 3 0.29594883404206485
N0-quality_step4000 62 8 4 0.28530179895460606
N0-quality_step4000 62 8 5 0.3014778720680624
N0-quality_step4000 62 8 6 0.298841179930605
N0-quality_step4000 62 8 7 0.28915036795660853
N0-quality_step4000 62 8 8 0.28706387896090746
N0-quality_step4000 62 8 9 0.28487583296373487
N0-quality_step4000 62 9 0 0.28548723098356277
N0-quality_step4000 62 9 1 0.27697155403438956
N0-quality_step4000 62 9 2 0.28067602100782096
N0-quality_step4000 62 9 3 0.2784876989899203
N0-quality_step4000 62 9 4 0.2890513649908826
N0-quality_step4000 62 9 5 0.28558044298551977
N0-quality_step4000 62 9 6 0.2765953859779984
N0-quality_step4000 62 9 7 0.29975134797859937
N0-quality_step4000 62 9 8 0.2955406620167196
N0-quality_step4000 62 9 9 0.28532734198961407
N0-quality_step4000 64 0 0 0.17142380599398166
N0-quality_step4000 64 0 1 0.17849537695292383
N0-quality_step4000 64 0 2 0.16699064197018743
N0-quality_step4000 64 0 3 0.17812582605984062
N0-quality_step4000 64 0 4 0.1742790259886533
N0-quality_step4000 64 0 5 0.16739600501023233
N0-quality_step4000 64 0 6 0.17083095491398126
N0-quality_step4000 64 0 7 0.1736621919553727
N0-quality_step4000 64 0 8 0.16781524289399385
N0-quality_step4000 64 0 9 0.1726225670427084
N0-quality_step4000 64 1 0 0.1725401560543105
N0-quality_step4000 64 1 1 0.16909411305096
N0-quality_step4000 64 1 2 0.16761464800219983
N0-quality_step4000 64 1 3 0.1732821799814701
N0-quality_step4000 64 1 4 0.17354552098549902
N0-quality_step4000 64 1 5 0.1759487200761214
N0-quality_step4000 64 1 6 0.17761940509080887
N0-quality_step4000 64 1 7 0.17305608501192182
N0-quality_step4000 64 1 8 0.17360951891168952
N0-quality_step4000 64 1 9 0.1735126971034333
N0-quality_step4000 64 2 0 0.17812948301434517
N0-quality_step4000 64 2 1 0.17000312195159495
N0-quality_step4000 64 2 2 0.17876334500033408
N0-quality_step4000 64 2 3 0.18233550596050918
N0-quality_step4000 64 2 4 0.1761283369269222
N0-quality_step4000 64 2 5 0.18054441595450044
N0-quality_step4000 64 2 6 0.17024037998635322
N0-quality_step4000 64 2 7 0.1705453289905563
N0-quality_step4000 64 2 8 0.18546343804337084
N0-quality_step4000 64 2 9 0.17064308701083064
N0-quality_step4000 64 3 0 0.17232372798025608
N0-quality_step4000 64 3 1 0.1694012020016089
N0-quality_step4000 64 3 2 0.16808146401308477
N0-quality_step4000 64 3 3 0.16873120900709182
N0-quality_step4000 64 3 4 0.18111589399632066
N0-quality_step4000 64 3 5 0.17552124802023172
N0-quality_step4000 64 3 6 0.1743479089345783
N0-quality_step4000 64 3 7 0.17166195099707693
N0-quality_step4000 64 3 8 0.1744975900510326
N0-quality_step4000 64 3 9 0.17536084109451622
N0-quality_step4000 64 4 0 0.1771708989981562
N0-quality_step4000 64 4 1 0.17047290201298892
N0-quality_step4000 64 4 2 0.16999950702302158
N0-quality_step4000 64 4 3 0.17690213699825108
N0-quality_step4000 64 4 4 0.1711150408955291
N0-quality_step4000 64 4 5 0.17600509501062334
N0-quality_step4000 64 4 6 0.17584194196388125
N0-quality_step4000 64 4 7 0.17236069298814982
N0-quality_step4000 64 4 8 0.170064767007716
N0-quality_step4000 64 4 9 0.16996401792857796
N0-quality_step4000 64 5 0 0.17113953595981002
N0-quality_step4000 64 5 1 0.16802637896034867
N0-quality_step4000 64 5 2 0.17675312305800617
N0-quality_step4000 64 5 3 0.17225781199522316
N0-quality_step4000 64 5 4 0.1667560200439766
N0-quality_step4000 64 5 5 0.17457684292457998
N0-quality_step4000 64 5 6 0.1734074850101024
N0-quality_step4000 64 5 7 0.16995478188619018
N0-quality_step4000 64 5 8 0.17894520610570908
N0-quality_step4000 64 5 9 0.17120361898560077
N0-quality_step4000 64 6 0 0.17345065891277045
N0-quality_step4000 64 6 1 0.17835582594852895
N0-quality_step4000 64 6 2 0.17160894093103707
N0-quality_step4000 64 6 3 0.16928972792811692
N0-quality_step4000 64 6 4 0.17272292193956673
N0-quality_step4000 64 6 5 0.171292967046611
N0-quality_step4000 64 6 6 0.16682686295825988
N0-quality_step4000 64 6 7 0.17727245204150677
N0-quality_step4000 64 6 8 0.16623673704452813
N0-quality_step4000 64 6 9 0.1749798629898578
N0-quality_step4000 64 7 0 0.1731657370692119
N0-quality_step4000 64 7 1 0.16957938205450773
N0-quality_step4000 64 7 2 0.17857648700010031
N0-quality_step4000 64 7 3 0.16477571206633002
N0-quality_step4000 64 7 4 0.16899543907493353
N0-quality_step4000 64 7 5 0.17082129803020507
N0-quality_step4000 64 7 6 0.17102358595002443
N0-quality_step4000 64 7 7 0.1734818429686129
N0-quality_step4000 64 7 8 0.16539520805235952
N0-quality_step4000 64 7 9 0.1670205059926957
N0-quality_step4000 64 8 0 0.16589805309195071
N0-quality_step4000 64 8 1 0.17009902198333293
N0-quality_step4000 64 8 2 0.16604669706430286
N0-quality_step4000 64 8 3 0.17300930002238601
N0-quality_step4000 64 8 4 0.16632524691522121
N0-quality_step4000 64 8 5 0.16575922502670437
N0-quality_step4000 64 8 6 0.1779219750314951
N0-quality_step4000 64 8 7 0.177589989034459
N0-quality_step4000 64 8 8 0.17106257588602602
N0-quality_step4000 64 8 9 0.16864250495564193
N0-quality_step4000 64 9 0 0.17235163203440607
N0-quality_step4000 64 9 1 0.166222627973184
N0-quality_step4000 64 9 2 0.16720654093660414
N0-quality_step4000 64 9 3 0.18586014490574598
N0-quality_step4000 64 9 4 0.17630675504915416
N0-quality_step4000 64 9 5 0.1791151820216328
N0-quality_step4000 64 9 6 0.17094460898078978
N0-quality_step4000 64 9 7 0.17200053099077195
N0-quality_step4000 64 9 8 0.17323421803303063
N0-quality_step4000 64 9 9 0.18142497492954135
N0-quality_step4000 69 0 0 0.5306475659599528
N0-quality_step4000 69 0 1 0.5255580689990893
N0-quality_step4000 69 0 2 0.5327338230563328
N0-quality_step4000 69 0 3 0.5335717989364639
N0-quality_step4000 69 0 4 0.536433772998862
N0-quality_step4000 69 0 5 0.5294812920037657
N0-quality_step4000 69 0 6 0.530501023051329
N0-quality_step4000 69 0 7 0.5223904129816219
N0-quality_step4000 69 0 8 0.5179296369897202
N0-quality_step4000 69 0 9 0.5251694130711257
N0-quality_step4000 69 1 0 0.5244045299477875
N0-quality_step4000 69 1 1 0.5237931089941412
N0-quality_step4000 69 1 2 0.5061098600272089
N0-quality_step4000 69 1 3 0.5200776370475069
N0-quality_step4000 69 1 4 0.5167074629571289
N0-quality_step4000 69 1 5 0.5206452909624204
N0-quality_step4000 69 1 6 0.5184470779495314
N0-quality_step4000 69 1 7 0.5123519219923764
N0-quality_step4000 69 1 8 0.5127424689708278
N0-quality_step4000 69 1 9 0.5112536959350109
N0-quality_step4000 69 2 0 0.5232769580325112
N0-quality_step4000 69 2 1 0.5270372009836137
N0-quality_step4000 69 2 2 0.5301139070652425
N0-quality_step4000 69 2 3 0.5301789080258459
N0-quality_step4000 69 2 4 0.5359569130232558
N0-quality_step4000 69 2 5 0.5391845980193466
N0-quality_step4000 69 2 6 0.5467927899444476
N0-quality_step4000 69 2 7 0.5342100339476019
N0-quality_step4000 69 2 8 0.5267636750359088
N0-quality_step4000 69 2 9 0.5345013949554414
N0-quality_step4000 69 3 0 0.5167182859731838
N0-quality_step4000 69 3 1 0.5168447530595586
N0-quality_step4000 69 3 2 0.5359699800610542
N0-quality_step4000 69 3 3 0.5335442021023482
N0-quality_step4000 69 3 4 0.5458497439976782
N0-quality_step4000 69 3 5 0.5208419689442962
N0-quality_step4000 69 3 6 0.526000628946349
N0-quality_step4000 69 3 7 0.5303731380263343
N0-quality_step4000 69 3 8 0.5237457279581577
N0-quality_step4000 69 3 9 0.5285301359836012
N0-quality_step4000 69 4 0 0.5145357099827379
N0-quality_step4000 69 4 1 0.5217337729409337
N0-quality_step4000 69 4 2 0.5082659239415079
N0-quality_step4000 69 4 3 0.5504735510330647
N0-quality_step4000 69 4 4 0.5385205709608272
N0-quality_step4000 69 4 5 0.5617490540025756
N0-quality_step4000 69 4 6 0.5381819870090112
N0-quality_step4000 69 4 7 0.5343795919325203
N0-quality_step4000 69 4 8 0.5177740319631994
N0-quality_step4000 69 4 9 0.5296561210416257
N0-quality_step4000 69 5 0 0.5299573820084333
N0-quality_step4000 69 5 1 0.5378754490520805
N0-quality_step4000 69 5 2 0.5344324799953029
N0-quality_step4000 69 5 3 0.5377447889186442
N0-quality_step4000 69 5 4 0.5241519809933379
N0-quality_step4000 69 5 5 0.5440999679267406
N0-quality_step4000 69 5 6 0.5303892469964921
N0-quality_step4000 69 5 7 0.5344064299715683
N0-quality_step4000 69 5 8 0.5248078759759665
N0-quality_step4000 69 5 9 0.5336947669275105
N0-quality_step4000 69 6 0 0.5240961889503524
N0-quality_step4000 69 6 1 0.5491558569483459
N0-quality_step4000 69 6 2 0.5373994030524045
N0-quality_step4000 69 6 3 0.5347123079700395
N0-quality_step4000 69 6 4 0.5227100499905646
N0-quality_step4000 69 6 5 0.5300967879593372
N0-quality_step4000 69 6 6 0.522351305000484
N0-quality_step4000 69 6 7 0.5340549250831828
N0-quality_step4000 69 6 8 0.5358679790515453
N0-quality_step4000 69 6 9 0.5240268741035834
N0-quality_step4000 69 7 0 0.532138395938091
N0-quality_step4000 69 7 1 0.5402137360069901
N0-quality_step4000 69 7 2 0.525388902053237
N0-quality_step4000 69 7 3 0.5381920860381797
N0-quality_step4000 69 7 4 0.5280875909375027
N0-quality_step4000 69 7 5 0.5257504619657993
N0-quality_step4000 69 7 6 0.5300885050091892
N0-quality_step4000 69 7 7 0.5320534399943426
N0-quality_step4000 69 7 8 0.5233718489762396
N0-quality_step4000 69 7 9 0.5333258039318025
N0-quality_step4000 69 8 0 0.5215159930521622
N0-quality_step4000 69 8 1 0.540454677073285
N0-quality_step4000 69 8 2 0.5358922730665654
N0-quality_step4000 69 8 3 0.5315073549281806
N0-quality_step4000 69 8 4 0.5280168530298397
N0-quality_step4000 69 8 5 0.527544878073968
N0-quality_step4000 69 8 6 0.5257754439953715
N0-quality_step4000 69 8 7 0.5281155640259385
N0-quality_step4000 69 8 8 0.530828666058369
N0-quality_step4000 69 8 9 0.5171004349831492
N0-quality_step4000 69 9 0 0.5311667590867728
N0-quality_step4000 69 9 1 0.5347300390712917
N0-quality_step4000 69 9 2 0.5370672789867967
N0-quality_step4000 69 9 3 0.5358296339400113
N0-quality_step4000 69 9 4 0.5455980909755453
N0-quality_step4000 69 9 5 0.5365263459971175
N0-quality_step4000 69 9 6 0.526834367075935
N0-quality_step4000 69 9 7 0.5345772160217166
N0-quality_step4000 69 9 8 0.5222266749478877
N0-quality_step4000 69 9 9 0.5220062240259722
N0-quality_step4000 74 0 0 0.7299869999988005
N0-quality_step4000 74 0 1 0.7432420189725235
N0-quality_step4000 74 0 2 0.7245494689559564
N0-quality_step4000 74 0 3 0.7340235359733924
N0-quality_step4000 74 0 4 0.7322563900379464
N0-quality_step4000 74 0 5 0.7398594139376655
N0-quality_step4000 74 0 6 0.7444612039253116
N0-quality_step4000 74 0 7 0.7449623219436035
N0-quality_step4000 74 0 8 0.7261520499596372
N0-quality_step4000 74 0 9 0.760554431937635
N0-quality_step4000 74 1 0 0.7246254459023476
N0-quality_step4000 74 1 1 0.7430922680068761
N0-quality_step4000 74 1 2 0.7458214230136946
N0-quality_step4000 74 1 3 0.7473764690803364
N0-quality_step4000 74 1 4 0.7214767810655758
N0-quality_step4000 74 1 5 0.7290158070391044
N0-quality_step4000 74 1 6 0.7291434839135036
N0-quality_step4000 74 1 7 0.7308214879594743
N0-quality_step4000 74 1 8 0.7267689569853246
N0-quality_step4000 74 1 9 0.7352668279781938
N0-quality_step4000 74 2 0 0.749846534919925
N0-quality_step4000 74 2 1 0.736106168013066
N0-quality_step4000 74 2 2 0.7406891749706119
N0-quality_step4000 74 2 3 0.7437216269318014
N0-quality_step4000 74 2 4 0.7301524700596929
N0-quality_step4000 74 2 5 0.7326093359151855
N0-quality_step4000 74 2 6 0.7393883200129494
N0-quality_step4000 74 2 7 0.7762178559787571
N0-quality_step4000 74 2 8 0.7503283279947937
N0-quality_step4000 74 2 9 0.7781389938900247
N0-quality_step4000 74 3 0 0.7510614100610837
N0-quality_step4000 74 3 1 0.7316469789948314
N0-quality_step4000 74 3 2 0.7254147269995883
N0-quality_step4000 74 3 3 0.7311535980552435
N0-quality_step4000 74 3 4 0.7397620560368523
N0-quality_step4000 74 3 5 0.7492641219869256
N0-quality_step4000 74 3 6 0.7448617230402306
N0-quality_step4000 74 3 7 0.7450172719545662
N0-quality_step4000 74 3 8 0.7323027109960094
N0-quality_step4000 74 3 9 0.7395188780501485
N0-quality_step4000 74 4 0 0.7411646040854976
N0-quality_step4000 74 4 1 0.7282747129211202
N0-quality_step4000 74 4 2 0.7568124289391562
N0-quality_step4000 74 4 3 0.7380207399837673
N0-quality_step4000 74 4 4 0.7451194140594453
N0-quality_step4000 74 4 5 0.7409706559265032
N0-quality_step4000 74 4 6 0.7445871030213311
N0-quality_step4000 74 4 7 0.7345814750296995
N0-quality_step4000 74 4 8 0.7554917500820011
N0-quality_step4000 74 4 9 0.744635198963806
N0-quality_step4000 74 5 0 0.7267749910242856
N0-quality_step4000 74 5 1 0.7298873979598284
N0-quality_step4000 74 5 2 0.7414078660076484
N0-quality_step4000 74 5 3 0.7176240819972008
N0-quality_step4000 74 5 4 0.7516462170751765
N0-quality_step4000 74 5 5 0.7355528799816966
N0-quality_step4000 74 5 6 0.7369904610095546
N0-quality_step4000 74 5 7 0.7499855870846659
N0-quality_step4000 74 5 8 0.7442374640377238
N0-quality_step4000 74 5 9 0.7607354319188744
N0-quality_step4000 74 6 0 0.7458855520235375
N0-quality_step4000 74 6 1 0.7909878899808973
N0-quality_step4000 74 6 2 0.7431370249250904
N0-quality_step4000 74 6 3 0.7588918299879879
N0-quality_step4000 74 6 4 0.7454215870238841
N0-quality_step4000 74 6 5 0.7456628319341689
N0-quality_step4000 74 6 6 0.733290918986313
N0-quality_step4000 74 6 7 0.7522161999950185
N0-quality_step4000 74 6 8 0.7317541440716013
N0-quality_step4000 74 6 9 0.7426393949426711
N0-quality_step4000 74 7 0 0.7318997730035335
N0-quality_step4000 74 7 1 0.7477634251117706
N0-quality_step4000 74 7 2 0.7531804819591343
N0-quality_step4000 74 7 3 0.7278237150749192
N0-quality_step4000 74 7 4 0.7336892370367423
N0-quality_step4000 74 7 5 0.7305462160147727
N0-quality_step4000 74 7 6 0.7640019200043753
N0-quality_step4000 74 7 7 0.7372292600339279
N0-quality_step4000 74 7 8 0.7572419629432261
N0-quality_step4000 74 7 9 0.7411732450127602
N0-quality_step4000 74 8 0 0.7401617990108207
N0-quality_step4000 74 8 1 0.7455919689964503
N0-quality_step4000 74 8 2 0.7394386329688132
N0-quality_step4000 74 8 3 0.7462428560247645
N0-quality_step4000 74 8 4 0.7289041979238391
N0-quality_step4000 74 8 5 0.7370855140034109
N0-quality_step4000 74 8 6 0.7343512140214443
N0-quality_step4000 74 8 7 0.7377965960185975
N0-quality_step4000 74 8 8 0.7391480980440974
N0-quality_step4000 74 8 9 0.7413083859719336
N0-quality_step4000 74 9 0 0.7663292170036584
N0-quality_step4000 74 9 1 0.7489289599470794
N0-quality_step4000 74 9 2 0.743411834933795
N0-quality_step4000 74 9 3 0.7433992209844291
N0-quality_step4000 74 9 4 0.7463591060368344
N0-quality_step4000 74 9 5 0.7410873420303687
N0-quality_step4000 74 9 6 0.742837609956041
N0-quality_step4000 74 9 7 0.7421132849995047
N0-quality_step4000 74 9 8 0.7601038349093869
N0-quality_step4000 74 9 9 0.7420775359496474
N0-quality_step4000 78 0 0 1.2341410319786519
N0-quality_step4000 78 0 1 1.1902908469783142
N0-quality_step4000 78 0 2 1.1881105520296842
N0-quality_step4000 78 0 3 1.2018848430598155
N0-quality_step4000 78 0 4 1.2154885890195146
N0-quality_step4000 78 0 5 1.2270164899528027
N0-quality_step4000 78 0 6 1.2376043479889631
N0-quality_step4000 78 0 7 1.2092335149645805
N0-quality_step4000 78 0 8 1.216174813103862
N0-quality_step4000 78 0 9 1.2131285280920565
N0-quality_step4000 78 1 0 1.2031638759654015
N0-quality_step4000 78 1 1 1.1941178439883515
N0-quality_step4000 78 1 2 1.1853248309344053
N0-quality_step4000 78 1 3 1.2076808060519397
N0-quality_step4000 78 1 4 1.1894620670937002
N0-quality_step4000 78 1 5 1.2003000359982252
N0-quality_step4000 78 1 6 1.2319416250102222
N0-quality_step4000 78 1 7 1.217327096965164
N0-quality_step4000 78 1 8 1.215944799943827
N0-quality_step4000 78 1 9 1.20073646097444
N0-quality_step4000 78 2 0 1.195232922094874
N0-quality_step4000 78 2 1 1.2388940469827503
N0-quality_step4000 78 2 2 1.2196487890323624
N0-quality_step4000 78 2 3 1.1865721610374749
N0-quality_step4000 78 2 4 1.2183252869872376
N0-quality_step4000 78 2 5 1.225974814966321
N0-quality_step4000 78 2 6 1.2254270530538633
N0-quality_step4000 78 2 7 1.2459070569602773
N0-quality_step4000 78 2 8 1.2048576269298792
N0-quality_step4000 78 2 9 1.2474950759205967
N0-quality_step4000 78 3 0 1.2046537640271708
N0-quality_step4000 78 3 1 1.196007399004884
N0-quality_step4000 78 3 2 1.2174646540079266
N0-quality_step4000 78 3 3 1.1974633350037038
N0-quality_step4000 78 3 4 1.211314351996407
N0-quality_step4000 78 3 5 1.214751714025624
N0-quality_step4000 78 3 6 1.2177767789689824
N0-quality_step4000 78 3 7 1.1959453179733828
N0-quality_step4000 78 3 8 1.2358869019662961
N0-quality_step4000 78 3 9 1.2166921210009605
N0-quality_step4000 78 4 0 1.2119244609493762
N0-quality_step4000 78 4 1 1.2166168609401211
N0-quality_step4000 78 4 2 1.2216401890618727
N0-quality_step4000 78 4 3 1.2044185539707541
N0-quality_step4000 78 4 4 1.221781958010979
N0-quality_step4000 78 4 5 1.2761374070541933
N0-quality_step4000 78 4 6 1.218147244071588
N0-quality_step4000 78 4 7 1.2073727500392124
N0-quality_step4000 78 4 8 1.2209207309642807
N0-quality_step4000 78 4 9 1.2074481140589342
N0-quality_step4000 78 5 0 1.2142497019376606
N0-quality_step4000 78 5 1 1.2190292020095512
N0-quality_step4000 78 5 2 1.2302270960062742
N0-quality_step4000 78 5 3 1.2263900260441005
N0-quality_step4000 78 5 4 1.2454180610366166
N0-quality_step4000 78 5 5 1.2210802340414375
N0-quality_step4000 78 5 6 1.1901652700034901
N0-quality_step4000 78 5 7 1.2024680480826646
N0-quality_step4000 78 5 8 1.207500864053145
N0-quality_step4000 78 5 9 1.1986392160179093
N0-quality_step4000 78 6 0 1.2154934729915112
N0-quality_step4000 78 6 1 1.2092545389896259
N0-quality_step4000 78 6 2 1.2240078480681404
N0-quality_step4000 78 6 3 1.2194723259890452
N0-quality_step4000 78 6 4 1.1975455509964377
N0-quality_step4000 78 6 5 1.2236463220324367
N0-quality_step4000 78 6 6 1.2035622410476208
N0-quality_step4000 78 6 7 1.214543981011957
N0-quality_step4000 78 6 8 1.2032329520443454
N0-quality_step4000 78 6 9 1.2106210420606658
N0-quality_step4000 78 7 0 1.194760752026923
N0-quality_step4000 78 7 1 1.2118302560411394
N0-quality_step4000 78 7 2 1.1997016539098695
N0-quality_step4000 78 7 3 1.2341318079270422
N0-quality_step4000 78 7 4 1.2249388759955764
N0-quality_step4000 78 7 5 1.220694290008396
N0-quality_step4000 78 7 6 1.1730735449818894
N0-quality_step4000 78 7 7 1.1980820290045813
N0-quality_step4000 78 7 8 1.203047436894849
N0-quality_step4000 78 7 9 1.24147890903987
N0-quality_step4000 78 8 0 1.2237431550165638
N0-quality_step4000 78 8 1 1.2396812799852341
N0-quality_step4000 78 8 2 1.2391385349910706
N0-quality_step4000 78 8 3 1.2428873499156907
N0-quality_step4000 78 8 4 1.2179009650135413
N0-quality_step4000 78 8 5 1.2203005970222875
N0-quality_step4000 78 8 6 1.2296244220342487
N0-quality_step4000 78 8 7 1.2253902850206941
N0-quality_step4000 78 8 8 1.2094394080340862
N0-quality_step4000 78 8 9 1.1991340179229155
N0-quality_step4000 78 9 0 1.2089471379294991
N0-quality_step4000 78 9 1 1.2438049369957298
N0-quality_step4000 78 9 2 1.210294101969339
N0-quality_step4000 78 9 3 1.2096697799861431
N0-quality_step4000 78 9 4 1.2441085720201954
N0-quality_step4000 78 9 5 1.2113507690373808
N0-quality_step4000 78 9 6 1.1959004059899598
N0-quality_step4000 78 9 7 1.2039779530605301
N0-quality_step4000 78 9 8 1.2177026889985427
N0-quality_step4000 78 9 9 1.2189101270632818
{'model': 'N0-quality_step4000', 'completed_pairs': 2000, 'requested_pairs': 2000, 'completed': True, 'complete_source_count': 20, 'FRD': 142.77694946679023, 'new_pairs': 2000, 'wall_seconds': 484.4693772100145}
