/home/zhengshiyi/react2025_new/.venv/lib/python3.10/site-packages/torch/_utils.py:831: UserWarning: TypedStorage is deprecated. It will be removed in the future and UntypedStorage will be the only storage class. This should only matter to you if you are using storages directly.  To access UntypedStorage directly, use tensor.untyped_storage() instead of tensor.storage()
  return self.fget.__get__(instance, owner)()
R0-baselined 1 10.838753700256348 {'quality_norm': 3.6447480590188106, 'bonus_norm': 6.371957722890563e-06, 'weighted_KL_norm': 0.060326774874697994, 'quality_bonus_cosine': 0.18024794508101408, 'actor_KL_cosine': -0.07681428484462319}
R0-baselined 2 10.941802740097046 {'quality_norm': 2.877519090015776, 'bonus_norm': 0.0, 'weighted_KL_norm': 0.056476247903295494, 'quality_bonus_cosine': 5.8574006464192634e-173, 'actor_KL_cosine': 0.16381713914727844}
R0-baselined 3 12.536511421203613 {'quality_norm': 4.153147451579732, 'bonus_norm': 0.044011468596706904, 'weighted_KL_norm': 0.0674796111105472, 'quality_bonus_cosine': 0.2858140473603965, 'actor_KL_cosine': 0.03836647650857862}
R0-baselined 4 13.659126996994019 {'quality_norm': 3.4318781244573024, 'bonus_norm': 2.894638495141639e-27, 'weighted_KL_norm': 0.06314269725581895, 'quality_bonus_cosine': 7.672317011525394e-20, 'actor_KL_cosine': 0.023701360913012965}
R0-baselined 5 13.797323942184448 {'quality_norm': 4.676040725072252, 'bonus_norm': 0.027738859399436887, 'weighted_KL_norm': 0.0638479201884922, 'quality_bonus_cosine': 0.14723933846918902, 'actor_KL_cosine': 0.06528724134745749}
R0-baselined 6 13.820179224014282 {'quality_norm': 3.3053513259813445, 'bonus_norm': 7.979199746748678e-10, 'weighted_KL_norm': 0.06800512418573425, 'quality_bonus_cosine': 0.0163622271454709, 'actor_KL_cosine': -0.07878473600532693}
R0-baselined 7 13.864246845245361 {'quality_norm': 2.287242170162521, 'bonus_norm': 7.612455051316503e-44, 'weighted_KL_norm': 0.06125532004330386, 'quality_bonus_cosine': 1.8589538038117044e-37, 'actor_KL_cosine': -0.026984030609783976}
R0-baselined 8 13.510492086410522 {'quality_norm': 5.740307391871452, 'bonus_norm': 5.340522012210414e-08, 'weighted_KL_norm': 0.06394066091102892, 'quality_bonus_cosine': 0.6656450197844272, 'actor_KL_cosine': -0.06978664618335867}
R0-baselined 9 14.104015111923218 {'quality_norm': 2.7072582774526945, 'bonus_norm': 1.2332506789582702e-17, 'weighted_KL_norm': 0.0519294923426122, 'quality_bonus_cosine': -1.089356589524585e-10, 'actor_KL_cosine': 0.10958602563822924}
R0-baselined 10 13.025629997253418 {'quality_norm': 4.48651989885843, 'bonus_norm': 7.83496705585984e-67, 'weighted_KL_norm': 0.051014716829620554, 'quality_bonus_cosine': 3.1536395277252143e-59, 'actor_KL_cosine': 0.009527107227161349}
R0-baselined 11 11.17259168624878 {'quality_norm': 2.1581327282130927, 'bonus_norm': 2.989697239408341e-14, 'weighted_KL_norm': 0.06338909610650788, 'quality_bonus_cosine': -4.1725660624444115e-07, 'actor_KL_cosine': -0.09541550181659632}
R0-baselined 12 10.882025718688965 {'quality_norm': 3.5474252525028636, 'bonus_norm': 0.0, 'weighted_KL_norm': 0.0626207686151412, 'quality_bonus_cosine': 0.0, 'actor_KL_cosine': -0.01922173676016828}
R0-baselined 13 10.90329384803772 {'quality_norm': 3.5120128292856863, 'bonus_norm': 7.410022493371779e-10, 'weighted_KL_norm': 0.052756920101555436, 'quality_bonus_cosine': 0.017636665663778257, 'actor_KL_cosine': -0.024589425145626415}
R0-baselined 14 10.99093747138977 {'quality_norm': 5.0687979344699015, 'bonus_norm': 3.0973649100654567e-38, 'weighted_KL_norm': 0.06203429540611735, 'quality_bonus_cosine': 2.329535804750169e-31, 'actor_KL_cosine': 0.06124306143474075}
R0-baselined 15 10.960909128189087 {'quality_norm': 2.227948053018479, 'bonus_norm': 0.2319537560683811, 'weighted_KL_norm': 0.06336063830855253, 'quality_bonus_cosine': 0.3727514456470693, 'actor_KL_cosine': 0.020979017600501}
R0-baselined 16 10.989643096923828 {'quality_norm': 3.195724405955044, 'bonus_norm': 5.779562670078966e-60, 'weighted_KL_norm': 0.06855308431839871, 'quality_bonus_cosine': -7.179420447203868e-53, 'actor_KL_cosine': -0.08422310917169154}
R0-baselined 17 10.898024797439575 {'quality_norm': 2.9322487409028986, 'bonus_norm': 0.042345848043862495, 'weighted_KL_norm': 0.06233852841112817, 'quality_bonus_cosine': -0.028316827685495996, 'actor_KL_cosine': 0.04899236389405099}
R0-baselined 18 10.730443239212036 {'quality_norm': 2.275301222478317, 'bonus_norm': 6.589823345835817e-112, 'weighted_KL_norm': 0.05525787008300133, 'quality_bonus_cosine': 1.6976921366328087e-104, 'actor_KL_cosine': -0.007830672660306485}
R0-baselined 19 10.820524215698242 {'quality_norm': 2.9386030212670793, 'bonus_norm': 2.472395469828123e-31, 'weighted_KL_norm': 0.05933147294682601, 'quality_bonus_cosine': 5.495933246915027e-24, 'actor_KL_cosine': -0.027317355788185622}
R0-baselined 20 10.957053661346436 {'quality_norm': 3.955168897635997, 'bonus_norm': 0.0, 'weighted_KL_norm': 0.06484503896775361, 'quality_bonus_cosine': 8.760973407382856e-166, 'actor_KL_cosine': 0.06506386412737096}
R0-baselined 21 10.614097595214844 {'quality_norm': 3.762117123573794, 'bonus_norm': 0.0, 'weighted_KL_norm': 0.060042633715143054, 'quality_bonus_cosine': 0.0, 'actor_KL_cosine': 0.12752122175447203}
R0-baselined 22 10.89402723312378 {'quality_norm': 2.49036841217335, 'bonus_norm': 0.6151743312835022, 'weighted_KL_norm': 0.05469811876663369, 'quality_bonus_cosine': 0.27557658409408, 'actor_KL_cosine': 0.10826644962763601}
R0-baselined 23 10.814199447631836 {'quality_norm': 4.000703896014047, 'bonus_norm': 0.0022100405420481667, 'weighted_KL_norm': 0.05787460633751647, 'quality_bonus_cosine': 0.09949033511644222, 'actor_KL_cosine': 0.04861699152682627}
R0-baselined 24 11.029491662979126 {'quality_norm': 1.9894410595940704, 'bonus_norm': 0.0, 'weighted_KL_norm': 0.06903038742772269, 'quality_bonus_cosine': 0.0, 'actor_KL_cosine': 0.11685916288232683}
R0-baselined 25 11.030243635177612 {'quality_norm': 2.337433521652178, 'bonus_norm': 1.5719518639170256, 'weighted_KL_norm': 0.057895116693288715, 'quality_bonus_cosine': 0.32735199171238194, 'actor_KL_cosine': 0.14233571086545427}
R0-baselined 26 10.768000841140747 {'quality_norm': 2.833408475909206, 'bonus_norm': 2.405056255449152, 'weighted_KL_norm': 0.062277897133446516, 'quality_bonus_cosine': 0.23781200490390184, 'actor_KL_cosine': 0.030129904289066898}
R0-baselined 27 10.890774011611938 {'quality_norm': 2.177137188687379, 'bonus_norm': 2.163846598431213, 'weighted_KL_norm': 0.05891980153230349, 'quality_bonus_cosine': 0.35781444386971656, 'actor_KL_cosine': -0.00619845209915741}
R0-baselined 28 10.850746393203735 {'quality_norm': 2.7721520981282426, 'bonus_norm': 1.0105042460907392e-150, 'weighted_KL_norm': 0.06787333931492373, 'quality_bonus_cosine': 3.7703544596044345e-144, 'actor_KL_cosine': 0.24910921398818486}
R0-baselined 29 10.801528692245483 {'quality_norm': 4.2629261811487185, 'bonus_norm': 0.0, 'weighted_KL_norm': 0.06804644267840414, 'quality_bonus_cosine': 0.0, 'actor_KL_cosine': -0.0888816899092477}
R0-baselined 30 10.929133892059326 {'quality_norm': 2.0712924927770406, 'bonus_norm': 0.3456201484901804, 'weighted_KL_norm': 0.05956518134045315, 'quality_bonus_cosine': -0.2093538058458661, 'actor_KL_cosine': -0.08908412253014596}
R0-baselined 31 10.963743448257446 {'quality_norm': 1.7296918376626353, 'bonus_norm': 0.00041662843539456854, 'weighted_KL_norm': 0.058186189589730514, 'quality_bonus_cosine': 0.019433985117465632, 'actor_KL_cosine': 0.03623046531371805}
R0-baselined 32 10.900704622268677 {'quality_norm': 3.5289664885410534, 'bonus_norm': 8.499201376120272e-26, 'weighted_KL_norm': 0.056259788787539795, 'quality_bonus_cosine': 8.14804970159958e-19, 'actor_KL_cosine': -0.006772465128588651}
R0-baselined 33 10.838233232498169 {'quality_norm': 2.309045558098272, 'bonus_norm': 8.199233339600733e-56, 'weighted_KL_norm': 0.06177615089993576, 'quality_bonus_cosine': -5.97854571592713e-49, 'actor_KL_cosine': 0.0382625277347197}
R0-baselined 34 10.938788652420044 {'quality_norm': 3.2383887615105253, 'bonus_norm': 1.323695807809066, 'weighted_KL_norm': 0.06008617695749182, 'quality_bonus_cosine': 0.11390180126783747, 'actor_KL_cosine': -0.05270969114211457}
R0-baselined 35 10.86616849899292 {'quality_norm': 4.576455336947602, 'bonus_norm': 2.2885095819293257e-05, 'weighted_KL_norm': 0.05212840314491317, 'quality_bonus_cosine': 0.17867194491601623, 'actor_KL_cosine': -0.07930323742238467}
R0-baselined 36 10.720491170883179 {'quality_norm': 2.5723149098934175, 'bonus_norm': 4.1973090109412296e-16, 'weighted_KL_norm': 0.055106750332552884, 'quality_bonus_cosine': -1.9050681673062808e-10, 'actor_KL_cosine': 0.1498667558247994}
R0-baselined 37 10.844577312469482 {'quality_norm': 2.309695670623064, 'bonus_norm': 3.364461415449572, 'weighted_KL_norm': 0.07277418073517936, 'quality_bonus_cosine': -0.19962092358091452, 'actor_KL_cosine': -0.07825080004422987}
R0-baselined 38 10.738608360290527 {'quality_norm': 2.426476787651788, 'bonus_norm': 5.1549788376656695e-107, 'weighted_KL_norm': 0.06459358330572303, 'quality_bonus_cosine': -2.0724592907260026e-100, 'actor_KL_cosine': 0.09098801807694028}
R0-baselined 39 10.73018741607666 {'quality_norm': 2.8226955132356473, 'bonus_norm': 0.0, 'weighted_KL_norm': 0.06134533962894935, 'quality_bonus_cosine': 0.0, 'actor_KL_cosine': -0.07871144860367801}
R0-baselined 40 10.890556335449219 {'quality_norm': 3.4673028752701676, 'bonus_norm': 1.0839073217055132e-40, 'weighted_KL_norm': 0.06906495428216143, 'quality_bonus_cosine': 7.653245614111545e-33, 'actor_KL_cosine': 0.14891105879329863}
R0-baselined 41 10.923193216323853 {'quality_norm': 2.856199875510216, 'bonus_norm': 0.006555297807784083, 'weighted_KL_norm': 0.05958972563905827, 'quality_bonus_cosine': 0.369174636320043, 'actor_KL_cosine': 0.020722192798879963}
R0-baselined 42 10.890857696533203 {'quality_norm': 2.4998477970246817, 'bonus_norm': 0.0, 'weighted_KL_norm': 0.054868297922189405, 'quality_bonus_cosine': 4.264721609293676e-258, 'actor_KL_cosine': -0.13246516551292226}
R0-baselined 43 11.154059886932373 {'quality_norm': 2.8388830676850403, 'bonus_norm': 0.054653243249334287, 'weighted_KL_norm': 0.06374687360658196, 'quality_bonus_cosine': -0.0808857369283419, 'actor_KL_cosine': -0.0610815818334206}
R0-baselined 44 11.145845651626587 {'quality_norm': 2.4507017607981507, 'bonus_norm': 0.25495793835621594, 'weighted_KL_norm': 0.06600233392411833, 'quality_bonus_cosine': 0.12375132705328265, 'actor_KL_cosine': 0.03308445106639686}
R0-baselined 45 10.807748317718506 {'quality_norm': 4.715586064341563, 'bonus_norm': 9.641082738036438e-05, 'weighted_KL_norm': 0.07155536490928485, 'quality_bonus_cosine': 0.13593318556494924, 'actor_KL_cosine': 0.02437148392062126}
R0-baselined 46 10.925890445709229 {'quality_norm': 4.959351151286533, 'bonus_norm': 6.842640518113924e-19, 'weighted_KL_norm': 0.0620856838161202, 'quality_bonus_cosine': 3.535649806746242e-11, 'actor_KL_cosine': -0.000629021258148287}
R0-baselined 47 10.705251693725586 {'quality_norm': 3.796844878703973, 'bonus_norm': 0.0, 'weighted_KL_norm': 0.0555627063393276, 'quality_bonus_cosine': 9.948632888234114e-227, 'actor_KL_cosine': -0.008671221031780748}
R0-baselined 48 10.804959058761597 {'quality_norm': 3.26069789318609, 'bonus_norm': 0.5361523091166127, 'weighted_KL_norm': 0.06455441335185759, 'quality_bonus_cosine': 0.042496195285905494, 'actor_KL_cosine': -0.016294329330504728}
R0-baselined 49 10.942609071731567 {'quality_norm': 2.742112994917366, 'bonus_norm': 0.403482778275165, 'weighted_KL_norm': 0.0584031895084491, 'quality_bonus_cosine': 0.14839226123773921, 'actor_KL_cosine': 0.09738366886577456}
R0-baselined 50 10.791054964065552 {'quality_norm': 4.326128165743144, 'bonus_norm': 0.0024411027156773916, 'weighted_KL_norm': 0.05647375643057157, 'quality_bonus_cosine': 0.05282288891848573, 'actor_KL_cosine': 0.05848543568851288}
R0-baselined 51 10.978142976760864 {'quality_norm': 3.37135819046365, 'bonus_norm': 0.9930754812285157, 'weighted_KL_norm': 0.06775776427409236, 'quality_bonus_cosine': 0.4436224040393178, 'actor_KL_cosine': 0.050050654228932914}
R0-baselined 52 10.918057680130005 {'quality_norm': 2.112205758349984, 'bonus_norm': 1.3393618478456734e-22, 'weighted_KL_norm': 0.05876838750709024, 'quality_bonus_cosine': 1.9240958565607264e-15, 'actor_KL_cosine': -0.1624264566051196}
R0-baselined 53 10.997369289398193 {'quality_norm': 3.269012005082509, 'bonus_norm': 0.22129449507133186, 'weighted_KL_norm': 0.06307790149100966, 'quality_bonus_cosine': 0.5942745260448785, 'actor_KL_cosine': -0.026240200100582017}
R0-baselined 54 10.717195510864258 {'quality_norm': 2.522581607305128, 'bonus_norm': 1.315146003938794e-34, 'weighted_KL_norm': 0.06733188771179817, 'quality_bonus_cosine': -4.101643340774967e-27, 'actor_KL_cosine': 0.07660256948934929}
R0-baselined 55 10.994816303253174 {'quality_norm': 3.8237480759309, 'bonus_norm': 0.0, 'weighted_KL_norm': 0.061875361852621595, 'quality_bonus_cosine': 1.8851511946815716e-169, 'actor_KL_cosine': -0.0112586580693298}
R0-baselined 56 11.11541223526001 {'quality_norm': 2.2450917138068847, 'bonus_norm': 0.0, 'weighted_KL_norm': 0.05749459775330818, 'quality_bonus_cosine': -1.854884640414059e-269, 'actor_KL_cosine': -0.013414632830594091}
R0-baselined 57 10.930540084838867 {'quality_norm': 3.239664939919524, 'bonus_norm': 0.0, 'weighted_KL_norm': 0.055752662719729125, 'quality_bonus_cosine': 0.0, 'actor_KL_cosine': -0.08922968046795962}
R0-baselined 58 10.915124654769897 {'quality_norm': 1.8503945853398782, 'bonus_norm': 2.3489539616391187e-58, 'weighted_KL_norm': 0.05670259396938077, 'quality_bonus_cosine': 8.682365733096705e-51, 'actor_KL_cosine': -0.029866872151193827}
R0-baselined 59 11.060149431228638 {'quality_norm': 1.690763911684167, 'bonus_norm': 1.7334704128216356, 'weighted_KL_norm': 0.07127358645197608, 'quality_bonus_cosine': 0.24540059687464272, 'actor_KL_cosine': 0.12363787639950427}
R0-baselined 60 11.152128458023071 {'quality_norm': 3.7385333408255343, 'bonus_norm': 3.5323857571352063e-37, 'weighted_KL_norm': 0.05029392955431477, 'quality_bonus_cosine': 3.0728402700915915e-30, 'actor_KL_cosine': 0.09365458568897313}
R0-baselined 61 10.929761409759521 {'quality_norm': 3.472217911053871, 'bonus_norm': 9.234776912930116e-79, 'weighted_KL_norm': 0.05859809069574657, 'quality_bonus_cosine': 7.260675730165538e-72, 'actor_KL_cosine': -0.07612655226349313}
R0-baselined 62 11.295518159866333 {'quality_norm': 2.203480559720841, 'bonus_norm': 0.1273418646153424, 'weighted_KL_norm': 0.0665264260133362, 'quality_bonus_cosine': -0.05201559484473196, 'actor_KL_cosine': 0.0651406165449748}
R0-baselined 63 11.03062915802002 {'quality_norm': 2.659461212339684, 'bonus_norm': 6.50470093044888e-11, 'weighted_KL_norm': 0.058620370277435746, 'quality_bonus_cosine': -0.0009939426180610423, 'actor_KL_cosine': 0.019273357773201265}
R0-baselined 64 10.751057147979736 {'quality_norm': 3.9127884304690332, 'bonus_norm': 1.2136031139353431, 'weighted_KL_norm': 0.06541597453406962, 'quality_bonus_cosine': -0.04628402465283559, 'actor_KL_cosine': 0.060619106871336495}
R0-baselined 65 11.0307297706604 {'quality_norm': 3.652141725440634, 'bonus_norm': 0.013930677183389664, 'weighted_KL_norm': 0.06248251278866352, 'quality_bonus_cosine': -0.2965018430688744, 'actor_KL_cosine': -0.16212623092991835}
R0-baselined 66 10.848312377929688 {'quality_norm': 3.011945419132599, 'bonus_norm': 0.29103610397839724, 'weighted_KL_norm': 0.06987945902837804, 'quality_bonus_cosine': 0.29517786688593084, 'actor_KL_cosine': 0.015406062329493514}
R0-baselined 67 10.94337773323059 {'quality_norm': 2.4068922387778358, 'bonus_norm': 0.7876356526129759, 'weighted_KL_norm': 0.05773827702852377, 'quality_bonus_cosine': 0.11495155531718529, 'actor_KL_cosine': -0.029421615304506505}
R0-baselined 68 10.84201431274414 {'quality_norm': 2.1951948728553066, 'bonus_norm': 1.6487075311365669, 'weighted_KL_norm': 0.0582219117531225, 'quality_bonus_cosine': -0.1846956774637581, 'actor_KL_cosine': 0.024528251074707613}
R0-baselined 69 10.870975494384766 {'quality_norm': 2.7697221325837744, 'bonus_norm': 0.0, 'weighted_KL_norm': 0.0512197433235473, 'quality_bonus_cosine': 0.0, 'actor_KL_cosine': 0.07401101315908305}
R0-baselined 70 11.000959873199463 {'quality_norm': 2.884653849311615, 'bonus_norm': 0.0, 'weighted_KL_norm': 0.062013558732429946, 'quality_bonus_cosine': 0.0, 'actor_KL_cosine': 0.041475477853457156}
R0-baselined 71 11.12650179862976 {'quality_norm': 2.697356414369112, 'bonus_norm': 0.060778584941115626, 'weighted_KL_norm': 0.05475563059980155, 'quality_bonus_cosine': 0.07848170909875073, 'actor_KL_cosine': -0.11497522666900176}
R0-baselined 72 10.925666093826294 {'quality_norm': 3.0434625717955086, 'bonus_norm': 3.7743501235063625e-06, 'weighted_KL_norm': 0.06215664610865557, 'quality_bonus_cosine': 0.2634813813400537, 'actor_KL_cosine': 0.0254745726856035}
R0-baselined 73 10.795914649963379 {'quality_norm': 2.9855506223010466, 'bonus_norm': 0.0, 'weighted_KL_norm': 0.05946794416170555, 'quality_bonus_cosine': 0.0, 'actor_KL_cosine': -0.034500171423967683}
R0-baselined 74 11.176297903060913 {'quality_norm': 3.082505827755838, 'bonus_norm': 2.768511219158012e-34, 'weighted_KL_norm': 0.060822038639060466, 'quality_bonus_cosine': -8.089871698197488e-27, 'actor_KL_cosine': 0.03184988800439229}
R0-baselined 75 10.908841609954834 {'quality_norm': 3.318312849647627, 'bonus_norm': 2.7139089288282228, 'weighted_KL_norm': 0.062223221291053836, 'quality_bonus_cosine': 0.22842234003229359, 'actor_KL_cosine': -0.08584115998964349}
R0-baselined 76 11.10925555229187 {'quality_norm': 3.946082900505822, 'bonus_norm': 2.0551874275737996, 'weighted_KL_norm': 0.0652932543788397, 'quality_bonus_cosine': 0.06535836831470042, 'actor_KL_cosine': -0.023065940595245915}
R0-baselined 77 10.993866205215454 {'quality_norm': 2.5894479286133545, 'bonus_norm': 0.6860452792413321, 'weighted_KL_norm': 0.05735844740289824, 'quality_bonus_cosine': -0.13642791448972297, 'actor_KL_cosine': -0.11679065641556842}
R0-baselined 78 11.019635677337646 {'quality_norm': 2.602402256781278, 'bonus_norm': 1.2382892478430352, 'weighted_KL_norm': 0.06456192413680877, 'quality_bonus_cosine': 0.20213896690562497, 'actor_KL_cosine': -0.018413049453893653}
R0-baselined 79 10.816248178482056 {'quality_norm': 1.9772156425287242, 'bonus_norm': 2.8564074712830855e-05, 'weighted_KL_norm': 0.053065192645135366, 'quality_bonus_cosine': 0.049023536142810874, 'actor_KL_cosine': 0.10790747292536142}
R0-baselined 80 10.90418267250061 {'quality_norm': 2.676836681363295, 'bonus_norm': 4.67933524960901e-152, 'weighted_KL_norm': 0.06091612882511146, 'quality_bonus_cosine': 1.0394227100941422e-144, 'actor_KL_cosine': 0.06690812637444463}
R0-baselined 81 10.935245990753174 {'quality_norm': 2.894287539237185, 'bonus_norm': 5.164813501609716e-104, 'weighted_KL_norm': 0.05891594573360647, 'quality_bonus_cosine': -1.302838594366197e-96, 'actor_KL_cosine': 0.013419399074187825}
R0-baselined 82 10.977094411849976 {'quality_norm': 2.3078877376714098, 'bonus_norm': 6.025022818557825e-68, 'weighted_KL_norm': 0.06546884625836966, 'quality_bonus_cosine': 2.1409391710772944e-60, 'actor_KL_cosine': -0.03123648901088323}
R0-baselined 83 11.16982388496399 {'quality_norm': 2.7097709956145297, 'bonus_norm': 5.767153261725463e-111, 'weighted_KL_norm': 0.05380353071341298, 'quality_bonus_cosine': -5.4572128402343686e-104, 'actor_KL_cosine': 0.012153583969693672}
R0-baselined 84 11.012930393218994 {'quality_norm': 2.410076736077872, 'bonus_norm': 0.17003438597564544, 'weighted_KL_norm': 0.06091748693251856, 'quality_bonus_cosine': -0.1569552795509875, 'actor_KL_cosine': 0.04305796484279117}
R0-baselined 85 10.964536190032959 {'quality_norm': 2.0354535970955516, 'bonus_norm': 0.4840218884803946, 'weighted_KL_norm': 0.05059677252116223, 'quality_bonus_cosine': -0.1423990089986305, 'actor_KL_cosine': -0.1051203134200572}
R0-baselined 86 10.785744428634644 {'quality_norm': 1.9258537684786239, 'bonus_norm': 2.948618605510205e-37, 'weighted_KL_norm': 0.05927746287621799, 'quality_bonus_cosine': 8.309815592986336e-30, 'actor_KL_cosine': -0.003148244578223792}
R0-baselined 87 10.933258056640625 {'quality_norm': 4.430814877262077, 'bonus_norm': 3.064879515370511e-20, 'weighted_KL_norm': 0.05896434814940968, 'quality_bonus_cosine': 4.1136294070402337e-13, 'actor_KL_cosine': 0.008701328219841356}
R0-baselined 88 10.702120780944824 {'quality_norm': 2.998440025650402, 'bonus_norm': 0.0, 'weighted_KL_norm': 0.05257695418921454, 'quality_bonus_cosine': 0.0, 'actor_KL_cosine': 0.05963014634946584}
R0-baselined 89 11.13081669807434 {'quality_norm': 3.5542373053533622, 'bonus_norm': 2.6584346737761964, 'weighted_KL_norm': 0.06261036205794511, 'quality_bonus_cosine': 0.06806101896866648, 'actor_KL_cosine': 0.16788880513455987}
R0-baselined 90 11.012741565704346 {'quality_norm': 4.266259959620855, 'bonus_norm': 3.9816243312759977e-63, 'weighted_KL_norm': 0.056812608479966664, 'quality_bonus_cosine': 2.5887012054956777e-56, 'actor_KL_cosine': -0.11396087002688524}
R0-baselined 91 11.261223077774048 {'quality_norm': 2.4482168979962218, 'bonus_norm': 0.21142535463451625, 'weighted_KL_norm': 0.05841545169991842, 'quality_bonus_cosine': -0.05818002490311055, 'actor_KL_cosine': 0.015822629217905955}
R0-baselined 92 10.800042867660522 {'quality_norm': 4.121989263545096, 'bonus_norm': 0.25502235599338474, 'weighted_KL_norm': 0.06150009033936128, 'quality_bonus_cosine': 0.306808956580041, 'actor_KL_cosine': 0.063427307992654}
R0-baselined 93 11.109791040420532 {'quality_norm': 2.3816593083121402, 'bonus_norm': 1.5830191667064276e-20, 'weighted_KL_norm': 0.0636038214657187, 'quality_bonus_cosine': -6.665033393969334e-13, 'actor_KL_cosine': 0.012205521575743377}
R0-baselined 94 10.79644227027893 {'quality_norm': 5.213403947349476, 'bonus_norm': 0.3182798466231448, 'weighted_KL_norm': 0.05803662133071817, 'quality_bonus_cosine': -0.23855428298990436, 'actor_KL_cosine': -0.12028755278276862}
R0-baselined 95 11.030038118362427 {'quality_norm': 5.038785759136825, 'bonus_norm': 0.00019881525646142932, 'weighted_KL_norm': 0.0674744862293456, 'quality_bonus_cosine': 0.05777045854423471, 'actor_KL_cosine': 0.005783476751111642}
R0-baselined 96 10.894717693328857 {'quality_norm': 2.4550611659184844, 'bonus_norm': 0.0, 'weighted_KL_norm': 0.058247152522110004, 'quality_bonus_cosine': 0.0, 'actor_KL_cosine': -0.08549409984124756}
R0-baselined 97 11.003557920455933 {'quality_norm': 4.8909195648428305, 'bonus_norm': 0.8665447735824305, 'weighted_KL_norm': 0.07274931328591458, 'quality_bonus_cosine': 0.23977246696219368, 'actor_KL_cosine': -0.020332590103167892}
R0-baselined 98 11.023811101913452 {'quality_norm': 4.517649357569694, 'bonus_norm': 0.9514043972283366, 'weighted_KL_norm': 0.06630862434272167, 'quality_bonus_cosine': 0.08891159934825074, 'actor_KL_cosine': -0.06994911844747669}
R0-baselined 99 11.114279508590698 {'quality_norm': 3.8872881317550942, 'bonus_norm': 1.040727827191249, 'weighted_KL_norm': 0.059396516132774954, 'quality_bonus_cosine': 0.026744939290389482, 'actor_KL_cosine': -0.025425201588633588}
R0-baselined 100 10.988797664642334 {'quality_norm': 2.3884023188299612, 'bonus_norm': 0.07800601775233756, 'weighted_KL_norm': 0.06689516732876377, 'quality_bonus_cosine': 0.49433284031195335, 'actor_KL_cosine': 0.041446687914430624}
