R0-baselined_step100 0 0 0 0.8049551799194887
R0-baselined_step100 0 0 1 0.08375786093529314
R0-baselined_step100 0 0 2 0.08372347604017705
R0-baselined_step100 0 0 3 0.09237340895924717
R0-baselined_step100 0 0 4 0.08707868598867208
R0-baselined_step100 0 0 5 0.08804082195274532
R0-baselined_step100 0 0 6 0.08565718296449631
R0-baselined_step100 0 0 7 0.08672985201701522
R0-baselined_step100 0 0 8 0.0871111520100385
R0-baselined_step100 0 0 9 0.09240300906822085
R0-baselined_step100 0 1 0 0.08578070509247482
R0-baselined_step100 0 1 1 0.0842512829694897
R0-baselined_step100 0 1 2 0.09025315998587757
R0-baselined_step100 0 1 3 0.09379428008105606
R0-baselined_step100 0 1 4 0.09373172197956592
R0-baselined_step100 0 1 5 0.08674025302752852
R0-baselined_step100 0 1 6 0.08457857195753604
R0-baselined_step100 0 1 7 0.08748949808068573
R0-baselined_step100 0 1 8 0.08317842695396394
R0-baselined_step100 0 1 9 0.08627896709367633
R0-baselined_step100 0 2 0 0.08613372303079814
R0-baselined_step100 0 2 1 0.08721944002900273
R0-baselined_step100 0 2 2 0.08537483401596546
R0-baselined_step100 0 2 3 0.08792436693329364
R0-baselined_step100 0 2 4 0.09406496398150921
R0-baselined_step100 0 2 5 0.08588119805790484
R0-baselined_step100 0 2 6 0.08550433802884072
R0-baselined_step100 0 2 7 0.08585743501316756
R0-baselined_step100 0 2 8 0.08797224098816514
R0-baselined_step100 0 2 9 0.08681675395928323
R0-baselined_step100 0 3 0 0.08519149199128151
R0-baselined_step100 0 3 1 0.09192751196678728
R0-baselined_step100 0 3 2 0.08919372200034559
R0-baselined_step100 0 3 3 0.08841055701486766
R0-baselined_step100 0 3 4 0.088636782951653
R0-baselined_step100 0 3 5 0.09107501595281065
R0-baselined_step100 0 3 6 0.09595174307469279
R0-baselined_step100 0 3 7 0.0909106070175767
R0-baselined_step100 0 3 8 0.08906714408658445
R0-baselined_step100 0 3 9 0.08896189893130213
R0-baselined_step100 0 4 0 0.08987070096191019
R0-baselined_step100 0 4 1 0.08838939003180712
R0-baselined_step100 0 4 2 0.09001119597814977
R0-baselined_step100 0 4 3 0.08874436898622662
R0-baselined_step100 0 4 4 0.08735786809120327
R0-baselined_step100 0 4 5 0.08930024702567607
R0-baselined_step100 0 4 6 0.08785263006575406
R0-baselined_step100 0 4 7 0.0901307410094887
R0-baselined_step100 0 4 8 0.08990662905853242
R0-baselined_step100 0 4 9 0.09006818407215178
R0-baselined_step100 0 5 0 0.08772237796802074
R0-baselined_step100 0 5 1 0.08965028007514775
R0-baselined_step100 0 5 2 0.08927605499047786
R0-baselined_step100 0 5 3 0.08780234807636589
R0-baselined_step100 0 5 4 0.0927037529181689
R0-baselined_step100 0 5 5 0.08690860494971275
R0-baselined_step100 0 5 6 0.09269602701533586
R0-baselined_step100 0 5 7 0.09174151904881
R0-baselined_step100 0 5 8 0.09073431289289147
R0-baselined_step100 0 5 9 0.09406027803197503
R0-baselined_step100 0 6 0 0.08705892798025161
R0-baselined_step100 0 6 1 0.09173123398795724
R0-baselined_step100 0 6 2 0.0906312019797042
R0-baselined_step100 0 6 3 0.08792368089780211
R0-baselined_step100 0 6 4 0.0895691110054031
R0-baselined_step100 0 6 5 0.09723740699701011
R0-baselined_step100 0 6 6 0.09117324301041663
R0-baselined_step100 0 6 7 0.09087563201319426
R0-baselined_step100 0 6 8 0.09199079300742596
R0-baselined_step100 0 6 9 0.0928944949992001
R0-baselined_step100 0 7 0 0.0928039860446006
R0-baselined_step100 0 7 1 0.0936672919197008
R0-baselined_step100 0 7 2 0.0911038569174707
R0-baselined_step100 0 7 3 0.09270681696943939
R0-baselined_step100 0 7 4 0.09723037900403142
R0-baselined_step100 0 7 5 0.09236682509072125
R0-baselined_step100 0 7 6 0.09004678507335484
R0-baselined_step100 0 7 7 0.09352932602632791
R0-baselined_step100 0 7 8 0.09166983200702816
R0-baselined_step100 0 7 9 0.08986328903120011
R0-baselined_step100 0 8 0 0.09398439305368811
R0-baselined_step100 0 8 1 0.09162571898195893
R0-baselined_step100 0 8 2 0.09637708298396319
R0-baselined_step100 0 8 3 0.08869973104447126
R0-baselined_step100 0 8 4 0.09004846203606576
R0-baselined_step100 0 8 5 0.0893244780600071
R0-baselined_step100 0 8 6 0.09388408798258752
R0-baselined_step100 0 8 7 0.09504829195793718
R0-baselined_step100 0 8 8 0.0911810148973018
R0-baselined_step100 0 8 9 0.09177101694513112
R0-baselined_step100 0 9 0 0.09062776400242001
R0-baselined_step100 0 9 1 0.09845069306902587
R0-baselined_step100 0 9 2 0.09323225996922702
R0-baselined_step100 0 9 3 0.09243380895350128
R0-baselined_step100 0 9 4 0.09548051108140498
R0-baselined_step100 0 9 5 0.09193078300449997
R0-baselined_step100 0 9 6 0.09203313605394214
R0-baselined_step100 0 9 7 0.09149864898063242
R0-baselined_step100 0 9 8 0.09790403593797237
R0-baselined_step100 0 9 9 0.08996583102270961
R0-baselined_step100 6 0 0 0.1472360499901697
R0-baselined_step100 6 0 1 0.14916084799915552
R0-baselined_step100 6 0 2 0.15006739809177816
R0-baselined_step100 6 0 3 0.1449538170127198
R0-baselined_step100 6 0 4 0.14941199694294482
R0-baselined_step100 6 0 5 0.15141285699792206
R0-baselined_step100 6 0 6 0.14652332407422364
R0-baselined_step100 6 0 7 0.1464588629314676
R0-baselined_step100 6 0 8 0.14855801803059876
R0-baselined_step100 6 0 9 0.14965451904572546
R0-baselined_step100 6 1 0 0.15323658904526383
R0-baselined_step100 6 1 1 0.1595094489166513
R0-baselined_step100 6 1 2 0.1531339359935373
R0-baselined_step100 6 1 3 0.15388520096894354
R0-baselined_step100 6 1 4 0.14887063403148204
R0-baselined_step100 6 1 5 0.14999306004028767
R0-baselined_step100 6 1 6 0.15053068799898028
R0-baselined_step100 6 1 7 0.14798212598543614
R0-baselined_step100 6 1 8 0.14833847805857658
R0-baselined_step100 6 1 9 0.15052485698834062
R0-baselined_step100 6 2 0 0.1505495230667293
R0-baselined_step100 6 2 1 0.14532615197822452
R0-baselined_step100 6 2 2 0.15077667601872236
R0-baselined_step100 6 2 3 0.1441947469720617
R0-baselined_step100 6 2 4 0.14365838502999395
R0-baselined_step100 6 2 5 0.14361086604185402
R0-baselined_step100 6 2 6 0.14792733895592391
R0-baselined_step100 6 2 7 0.1443678829818964
R0-baselined_step100 6 2 8 0.14411469595506787
R0-baselined_step100 6 2 9 0.15815027605276555
R0-baselined_step100 6 3 0 0.16189955302979797
R0-baselined_step100 6 3 1 0.15090794197749346
R0-baselined_step100 6 3 2 0.1517346299951896
R0-baselined_step100 6 3 3 0.15053998806979507
R0-baselined_step100 6 3 4 0.15000244497787207
R0-baselined_step100 6 3 5 0.14981931098736823
R0-baselined_step100 6 3 6 0.15068987803533673
R0-baselined_step100 6 3 7 0.1510762959951535
R0-baselined_step100 6 3 8 0.15452913206536323
R0-baselined_step100 6 3 9 0.15031502104829997
R0-baselined_step100 6 4 0 0.14620321290567517
R0-baselined_step100 6 4 1 0.17858082300517708
R0-baselined_step100 6 4 2 0.15821163496002555
R0-baselined_step100 6 4 3 0.1522537210257724
R0-baselined_step100 6 4 4 0.15046902792528272
R0-baselined_step100 6 4 5 0.14926592097617686
R0-baselined_step100 6 4 6 0.15248676005285233
R0-baselined_step100 6 4 7 0.14743441005703062
R0-baselined_step100 6 4 8 0.14747653098311275
R0-baselined_step100 6 4 9 0.1471130900317803
R0-baselined_step100 6 5 0 0.14706976898014545
R0-baselined_step100 6 5 1 0.1499729190254584
R0-baselined_step100 6 5 2 0.15466928004752845
R0-baselined_step100 6 5 3 0.15413856995292008
R0-baselined_step100 6 5 4 0.15355747402645648
R0-baselined_step100 6 5 5 0.14852316107135266
R0-baselined_step100 6 5 6 0.1497940990375355
R0-baselined_step100 6 5 7 0.14723991497885436
R0-baselined_step100 6 5 8 0.14863117807544768
R0-baselined_step100 6 5 9 0.15370613092090935
R0-baselined_step100 6 6 0 0.15062812098767608
R0-baselined_step100 6 6 1 0.1542333950055763
R0-baselined_step100 6 6 2 0.15199716691859066
R0-baselined_step100 6 6 3 0.14816013700328767
R0-baselined_step100 6 6 4 0.14756155805662274
R0-baselined_step100 6 6 5 0.1471307158935815
R0-baselined_step100 6 6 6 0.16176134906709194
R0-baselined_step100 6 6 7 0.15144967508967966
R0-baselined_step100 6 6 8 0.14833442703820765
R0-baselined_step100 6 6 9 0.14846107992343605
R0-baselined_step100 6 7 0 0.14844716398511082
R0-baselined_step100 6 7 1 0.14755859889555722
R0-baselined_step100 6 7 2 0.1495965999783948
R0-baselined_step100 6 7 3 0.15111974102910608
R0-baselined_step100 6 7 4 0.14681072998791933
R0-baselined_step100 6 7 5 0.14932961098384112
R0-baselined_step100 6 7 6 0.15721661795396358
R0-baselined_step100 6 7 7 0.1508558300556615
R0-baselined_step100 6 7 8 0.162425373098813
R0-baselined_step100 6 7 9 0.14395574596710503
R0-baselined_step100 6 8 0 0.14193299401085824
R0-baselined_step100 6 8 1 0.14609298401046544
R0-baselined_step100 6 8 2 0.1501065930351615
R0-baselined_step100 6 8 3 0.14746823208406568
R0-baselined_step100 6 8 4 0.14759043196681887
R0-baselined_step100 6 8 5 0.15043170598801225
R0-baselined_step100 6 8 6 0.14506259793415666
R0-baselined_step100 6 8 7 0.15068354201503098
R0-baselined_step100 6 8 8 0.14695808093529195
R0-baselined_step100 6 8 9 0.14846885402221233
R0-baselined_step100 6 9 0 0.14772258698940277
R0-baselined_step100 6 9 1 0.15377461398020387
R0-baselined_step100 6 9 2 0.1456468349788338
R0-baselined_step100 6 9 3 0.14695838699117303
R0-baselined_step100 6 9 4 0.1508745379978791
R0-baselined_step100 6 9 5 0.15265392500441521
R0-baselined_step100 6 9 6 0.15364388399757445
R0-baselined_step100 6 9 7 0.1497217930154875
R0-baselined_step100 6 9 8 0.1570122130215168
R0-baselined_step100 6 9 9 0.1490321409655735
R0-baselined_step100 9 0 0 0.05364565702620894
R0-baselined_step100 9 0 1 0.04165877401828766
R0-baselined_step100 9 0 2 0.04086660104803741
R0-baselined_step100 9 0 3 0.042932255077175796
R0-baselined_step100 9 0 4 0.04437786899507046
R0-baselined_step100 9 0 5 0.044689527014270425
R0-baselined_step100 9 0 6 0.04435305297374725
R0-baselined_step100 9 0 7 0.04377569502685219
R0-baselined_step100 9 0 8 0.044050024007447064
R0-baselined_step100 9 0 9 0.0435868299100548
R0-baselined_step100 9 1 0 0.04668044194113463
R0-baselined_step100 9 1 1 0.043573213974013925
R0-baselined_step100 9 1 2 0.043385199969634414
R0-baselined_step100 9 1 3 0.04497267201077193
R0-baselined_step100 9 1 4 0.04273598699364811
R0-baselined_step100 9 1 5 0.041392946033738554
R0-baselined_step100 9 1 6 0.04300791898276657
R0-baselined_step100 9 1 7 0.04614845896139741
R0-baselined_step100 9 1 8 0.04328217590227723
R0-baselined_step100 9 1 9 0.04435580992139876
R0-baselined_step100 9 2 0 0.04409304400905967
R0-baselined_step100 9 2 1 0.0432414700044319
R0-baselined_step100 9 2 2 0.04361493303440511
R0-baselined_step100 9 2 3 0.04405401006806642
R0-baselined_step100 9 2 4 0.045336387935094535
R0-baselined_step100 9 2 5 0.04460641206242144
R0-baselined_step100 9 2 6 0.04518526396714151
R0-baselined_step100 9 2 7 0.04653675004374236
R0-baselined_step100 9 2 8 0.04440280899871141
R0-baselined_step100 9 2 9 0.043929016101174057
R0-baselined_step100 9 3 0 0.04522973811253905
R0-baselined_step100 9 3 1 0.044879558961838484
R0-baselined_step100 9 3 2 0.044006743002682924
R0-baselined_step100 9 3 3 0.04396431299392134
R0-baselined_step100 9 3 4 0.04304250597488135
R0-baselined_step100 9 3 5 0.042932939948514104
R0-baselined_step100 9 3 6 0.041682462906464934
R0-baselined_step100 9 3 7 0.04459159600082785
R0-baselined_step100 9 3 8 0.04400231491308659
R0-baselined_step100 9 3 9 0.04510951298289001
R0-baselined_step100 9 4 0 0.046737942029722035
R0-baselined_step100 9 4 1 0.04683498397935182
R0-baselined_step100 9 4 2 0.04430931399110705
R0-baselined_step100 9 4 3 0.04260653501842171
R0-baselined_step100 9 4 4 0.044265410979278386
R0-baselined_step100 9 4 5 0.04305965802632272
R0-baselined_step100 9 4 6 0.04356120398733765
R0-baselined_step100 9 4 7 0.04392691294196993
R0-baselined_step100 9 4 8 0.046324352035298944
R0-baselined_step100 9 4 9 0.044469104963354766
R0-baselined_step100 9 5 0 0.04318027605768293
R0-baselined_step100 9 5 1 0.04385520797222853
R0-baselined_step100 9 5 2 0.044503582059405744
R0-baselined_step100 9 5 3 0.04337612597737461
R0-baselined_step100 9 5 4 0.043618593947030604
R0-baselined_step100 9 5 5 0.04484606708865613
R0-baselined_step100 9 5 6 0.045865067979320884
R0-baselined_step100 9 5 7 0.04517567902803421
R0-baselined_step100 9 5 8 0.044697598088532686
R0-baselined_step100 9 5 9 0.04282056994270533
R0-baselined_step100 9 6 0 0.04292776098009199
R0-baselined_step100 9 6 1 0.042969990987330675
R0-baselined_step100 9 6 2 0.043056915048509836
R0-baselined_step100 9 6 3 0.04397351294755936
R0-baselined_step100 9 6 4 0.044774503097869456
R0-baselined_step100 9 6 5 0.04562850191723555
R0-baselined_step100 9 6 6 0.04315659299027175
R0-baselined_step100 9 6 7 0.044731912086717784
R0-baselined_step100 9 6 8 0.04377151106018573
R0-baselined_step100 9 6 9 0.04446863604243845
R0-baselined_step100 9 7 0 0.043311584973707795
R0-baselined_step100 9 7 1 0.04424197901971638
R0-baselined_step100 9 7 2 0.04470362898427993
R0-baselined_step100 9 7 3 0.04571812099311501
R0-baselined_step100 9 7 4 0.043546890025027096
R0-baselined_step100 9 7 5 0.04447779501788318
R0-baselined_step100 9 7 6 0.04531727696303278
R0-baselined_step100 9 7 7 0.043353345012292266
R0-baselined_step100 9 7 8 0.04398391500581056
R0-baselined_step100 9 7 9 0.04239745391532779
R0-baselined_step100 9 8 0 0.04314088507089764
R0-baselined_step100 9 8 1 0.042588223004713655
R0-baselined_step100 9 8 2 0.046459231059998274
R0-baselined_step100 9 8 3 0.045165400952100754
R0-baselined_step100 9 8 4 0.043093337095342577
R0-baselined_step100 9 8 5 0.04422590998001397
R0-baselined_step100 9 8 6 0.04429874802008271
R0-baselined_step100 9 8 7 0.043288432992994785
R0-baselined_step100 9 8 8 0.042704954044893384
R0-baselined_step100 9 8 9 0.04325329698622227
R0-baselined_step100 9 9 0 0.041492408025078475
R0-baselined_step100 9 9 1 0.044884191011078656
R0-baselined_step100 9 9 2 0.041861713980324566
R0-baselined_step100 9 9 3 0.045099286013282835
R0-baselined_step100 9 9 4 0.04450618801638484
R0-baselined_step100 9 9 5 0.04281995096243918
R0-baselined_step100 9 9 6 0.04486899310722947
R0-baselined_step100 9 9 7 0.044573017046786845
R0-baselined_step100 9 9 8 0.044911052915267646
R0-baselined_step100 9 9 9 0.04378756694495678
R0-baselined_step100 12 0 0 0.4207416649442166
R0-baselined_step100 12 0 1 0.4309942399850115
R0-baselined_step100 12 0 2 0.43303217994980514
R0-baselined_step100 12 0 3 0.43439120100811124
R0-baselined_step100 12 0 4 0.43040319706778973
R0-baselined_step100 12 0 5 0.4518549289787188
R0-baselined_step100 12 0 6 0.4246974040288478
R0-baselined_step100 12 0 7 0.4284741950687021
R0-baselined_step100 12 0 8 0.4315763741033152
R0-baselined_step100 12 0 9 0.43033689295407385
R0-baselined_step100 12 1 0 0.4324076269986108
R0-baselined_step100 12 1 1 0.4378954170970246
R0-baselined_step100 12 1 2 0.43515259004198015
R0-baselined_step100 12 1 3 0.429702834924683
R0-baselined_step100 12 1 4 0.42867122997995466
R0-baselined_step100 12 1 5 0.43277592200320214
R0-baselined_step100 12 1 6 0.4351472769631073
R0-baselined_step100 12 1 7 0.4309633680386469
R0-baselined_step100 12 1 8 0.4419456690084189
R0-baselined_step100 12 1 9 0.43706280505284667
R0-baselined_step100 12 2 0 0.44863064598757774
R0-baselined_step100 12 2 1 0.4335013600066304
R0-baselined_step100 12 2 2 0.4389050640165806
R0-baselined_step100 12 2 3 0.4245375379687175
R0-baselined_step100 12 2 4 0.42445711698383093
R0-baselined_step100 12 2 5 0.4284950270084664
R0-baselined_step100 12 2 6 0.4286998629104346
R0-baselined_step100 12 2 7 0.4259262450505048
R0-baselined_step100 12 2 8 0.42919125698972493
R0-baselined_step100 12 2 9 0.42735570296645164
R0-baselined_step100 12 3 0 0.4286395750241354
R0-baselined_step100 12 3 1 0.4283745560096577
R0-baselined_step100 12 3 2 0.4223625280428678
R0-baselined_step100 12 3 3 0.4235787600046024
R0-baselined_step100 12 3 4 0.4248717090813443
R0-baselined_step100 12 3 5 0.4120261250063777
R0-baselined_step100 12 3 6 0.4227502499707043
R0-baselined_step100 12 3 7 0.4229866989189759
R0-baselined_step100 12 3 8 0.4252359609818086
R0-baselined_step100 12 3 9 0.42805719596799463
R0-baselined_step100 12 4 0 0.42398217401932925
R0-baselined_step100 12 4 1 0.42107941897120327
R0-baselined_step100 12 4 2 0.42798936797771603
R0-baselined_step100 12 4 3 0.4308568179840222
R0-baselined_step100 12 4 4 0.410601667012088
R0-baselined_step100 12 4 5 0.4250440609175712
R0-baselined_step100 12 4 6 0.4475955809466541
R0-baselined_step100 12 4 7 0.4420630920212716
R0-baselined_step100 12 4 8 0.4337039689999074
R0-baselined_step100 12 4 9 0.4219207559945062
R0-baselined_step100 12 5 0 0.4306406229734421
R0-baselined_step100 12 5 1 0.4331144420430064
R0-baselined_step100 12 5 2 0.4335578689351678
R0-baselined_step100 12 5 3 0.4328345509711653
R0-baselined_step100 12 5 4 0.42534741200506687
R0-baselined_step100 12 5 5 0.4317897920263931
R0-baselined_step100 12 5 6 0.4252115630079061
R0-baselined_step100 12 5 7 0.42646798701025546
R0-baselined_step100 12 5 8 0.42789042298682034
R0-baselined_step100 12 5 9 0.42253147601149976
R0-baselined_step100 12 6 0 0.4345337189733982
R0-baselined_step100 12 6 1 0.4365606619976461
R0-baselined_step100 12 6 2 0.43495880207046866
R0-baselined_step100 12 6 3 0.42355911899358034
R0-baselined_step100 12 6 4 0.421843915944919
R0-baselined_step100 12 6 5 0.42962039704434574
R0-baselined_step100 12 6 6 0.4305981619982049
R0-baselined_step100 12 6 7 0.4284382240148261
R0-baselined_step100 12 6 8 0.4318332690745592
R0-baselined_step100 12 6 9 0.4325615329435095
R0-baselined_step100 12 7 0 0.4371874650241807
R0-baselined_step100 12 7 1 0.43065982800908387
R0-baselined_step100 12 7 2 0.4300998030230403
R0-baselined_step100 12 7 3 0.42848907597362995
R0-baselined_step100 12 7 4 0.4349568020552397
R0-baselined_step100 12 7 5 0.4314943209756166
R0-baselined_step100 12 7 6 0.42423233401495963
R0-baselined_step100 12 7 7 0.4314754119841382
R0-baselined_step100 12 7 8 0.42649128602351993
R0-baselined_step100 12 7 9 0.427444314933382
R0-baselined_step100 12 8 0 0.4315470060100779
R0-baselined_step100 12 8 1 0.4367712769890204
R0-baselined_step100 12 8 2 0.4314522829372436
R0-baselined_step100 12 8 3 0.42900133202783763
R0-baselined_step100 12 8 4 0.42983192403335124
R0-baselined_step100 12 8 5 0.43062194902449846
R0-baselined_step100 12 8 6 0.438025988987647
R0-baselined_step100 12 8 7 0.4370478260098025
R0-baselined_step100 12 8 8 0.4297323588980362
R0-baselined_step100 12 8 9 0.4300801770295948
R0-baselined_step100 12 9 0 0.43022026296239346
R0-baselined_step100 12 9 1 0.4293387640500441
R0-baselined_step100 12 9 2 0.4292259180219844
R0-baselined_step100 12 9 3 0.4316757300402969
R0-baselined_step100 12 9 4 0.4283555180300027
R0-baselined_step100 12 9 5 0.4287269030464813
R0-baselined_step100 12 9 6 0.4348338650306687
R0-baselined_step100 12 9 7 0.43656794005073607
R0-baselined_step100 12 9 8 0.43585397594142705
R0-baselined_step100 12 9 9 0.4305690659675747
R0-baselined_step100 18 0 0 0.10917815298307687
R0-baselined_step100 18 0 1 0.10675039293710142
R0-baselined_step100 18 0 2 0.10167255299165845
R0-baselined_step100 18 0 3 0.10330178705044091
R0-baselined_step100 18 0 4 0.10800839599687606
R0-baselined_step100 18 0 5 0.1079350879881531
R0-baselined_step100 18 0 6 0.10110957000870258
R0-baselined_step100 18 0 7 0.101534215034917
R0-baselined_step100 18 0 8 0.10237848793622106
R0-baselined_step100 18 0 9 0.1059755349997431
R0-baselined_step100 18 1 0 0.10371541103813797
R0-baselined_step100 18 1 1 0.10402661794796586
R0-baselined_step100 18 1 2 0.10175959102343768
R0-baselined_step100 18 1 3 0.10127360397018492
R0-baselined_step100 18 1 4 0.10424846701789647
R0-baselined_step100 18 1 5 0.09982743498403579
R0-baselined_step100 18 1 6 0.10390335507690907
R0-baselined_step100 18 1 7 0.1012570159509778
R0-baselined_step100 18 1 8 0.10241998103447258
R0-baselined_step100 18 1 9 0.10200633096974343
R0-baselined_step100 18 2 0 0.10114241007249802
R0-baselined_step100 18 2 1 0.1013809199212119
R0-baselined_step100 18 2 2 0.1032941109733656
R0-baselined_step100 18 2 3 0.0979852540185675
R0-baselined_step100 18 2 4 0.09885179798584431
R0-baselined_step100 18 2 5 0.10253804293461144
R0-baselined_step100 18 2 6 0.10551156499423087
R0-baselined_step100 18 2 7 0.09922132000792772
R0-baselined_step100 18 2 8 0.1014914030674845
R0-baselined_step100 18 2 9 0.10431406798306853
R0-baselined_step100 18 3 0 0.1057414619717747
R0-baselined_step100 18 3 1 0.10112369002308697
R0-baselined_step100 18 3 2 0.10138758597895503
R0-baselined_step100 18 3 3 0.10139290697406977
R0-baselined_step100 18 3 4 0.09974301396869123
R0-baselined_step100 18 3 5 0.10693897097371519
R0-baselined_step100 18 3 6 0.10281835903879255
R0-baselined_step100 18 3 7 0.10604899597819895
R0-baselined_step100 18 3 8 0.10536673897877336
R0-baselined_step100 18 3 9 0.10421339294407517
R0-baselined_step100 18 4 0 0.10478444094769657
R0-baselined_step100 18 4 1 0.10626202903222293
R0-baselined_step100 18 4 2 0.10353217693045735
R0-baselined_step100 18 4 3 0.10194776696152985
R0-baselined_step100 18 4 4 0.10516599996481091
R0-baselined_step100 18 4 5 0.10153900692239404
R0-baselined_step100 18 4 6 0.10289494891185313
R0-baselined_step100 18 4 7 0.1060260470258072
R0-baselined_step100 18 4 8 0.10463804798200727
R0-baselined_step100 18 4 9 0.10171339998487383
R0-baselined_step100 18 5 0 0.1016857479698956
R0-baselined_step100 18 5 1 0.10354093799833208
R0-baselined_step100 18 5 2 0.10060187196359038
R0-baselined_step100 18 5 3 0.10121763404458761
R0-baselined_step100 18 5 4 0.10252939898055047
R0-baselined_step100 18 5 5 0.10604639607481658
R0-baselined_step100 18 5 6 0.10100135998800397
R0-baselined_step100 18 5 7 0.10816785204224288
R0-baselined_step100 18 5 8 0.10406178398989141
R0-baselined_step100 18 5 9 0.10249659104738384
R0-baselined_step100 18 6 0 0.10164983407594264
R0-baselined_step100 18 6 1 0.10455061693210155
R0-baselined_step100 18 6 2 0.1042586270486936
R0-baselined_step100 18 6 3 0.10408176190685481
R0-baselined_step100 18 6 4 0.10479461797513068
R0-baselined_step100 18 6 5 0.10284675401635468
R0-baselined_step100 18 6 6 0.10362880199681967
R0-baselined_step100 18 6 7 0.10392028198111802
R0-baselined_step100 18 6 8 0.10298711096402258
R0-baselined_step100 18 6 9 0.10399696603417397
R0-baselined_step100 18 7 0 0.0987227939767763
R0-baselined_step100 18 7 1 0.10532135504763573
R0-baselined_step100 18 7 2 0.10259391798172146
R0-baselined_step100 18 7 3 0.10136519093066454
R0-baselined_step100 18 7 4 0.10333448695018888
R0-baselined_step100 18 7 5 0.10086244600825012
R0-baselined_step100 18 7 6 0.10591235500760376
R0-baselined_step100 18 7 7 0.10130747500807047
R0-baselined_step100 18 7 8 0.10151384503114969
R0-baselined_step100 18 7 9 0.10448648408055305
R0-baselined_step100 18 8 0 0.10490705806296319
R0-baselined_step100 18 8 1 0.10292581899557263
R0-baselined_step100 18 8 2 0.10532506706658751
R0-baselined_step100 18 8 3 0.10582648310810328
R0-baselined_step100 18 8 4 0.10512488207314163
R0-baselined_step100 18 8 5 0.09858038299717009
R0-baselined_step100 18 8 6 0.10419273399747908
R0-baselined_step100 18 8 7 0.10146158002316952
R0-baselined_step100 18 8 8 0.10096949199214578
R0-baselined_step100 18 8 9 0.10814152599778026
R0-baselined_step100 18 9 0 0.10305187094490975
R0-baselined_step100 18 9 1 0.10417953797150403
R0-baselined_step100 18 9 2 0.11131696694064885
R0-baselined_step100 18 9 3 0.10556445200927556
R0-baselined_step100 18 9 4 0.10479829006362706
R0-baselined_step100 18 9 5 0.10567485506180674
R0-baselined_step100 18 9 6 0.10578473191708326
R0-baselined_step100 18 9 7 0.11024060007184744
R0-baselined_step100 18 9 8 0.10545031109359115
R0-baselined_step100 18 9 9 0.10768869507592171
R0-baselined_step100 22 0 0 0.01776569406501949
R0-baselined_step100 22 0 1 0.016131300013512373
R0-baselined_step100 22 0 2 0.01598868193104863
R0-baselined_step100 22 0 3 0.016060236957855523
R0-baselined_step100 22 0 4 0.016688272007741034
R0-baselined_step100 22 0 5 0.0158736240118742
R0-baselined_step100 22 0 6 0.016267858096398413
R0-baselined_step100 22 0 7 0.01821334904525429
R0-baselined_step100 22 0 8 0.016129807918332517
R0-baselined_step100 22 0 9 0.015786258969455957
R0-baselined_step100 22 1 0 0.016390508972108364
R0-baselined_step100 22 1 1 0.015818259911611676
R0-baselined_step100 22 1 2 0.01543978601694107
R0-baselined_step100 22 1 3 0.018868335988372564
R0-baselined_step100 22 1 4 0.01595065009314567
R0-baselined_step100 22 1 5 0.015693735098466277
R0-baselined_step100 22 1 6 0.015579689992591739
R0-baselined_step100 22 1 7 0.015621309052221477
R0-baselined_step100 22 1 8 0.016017306013964117
R0-baselined_step100 22 1 9 0.016424222965724766
R0-baselined_step100 22 2 0 0.015804463997483253
R0-baselined_step100 22 2 1 0.015419647912494838
R0-baselined_step100 22 2 2 0.015421170042827725
R0-baselined_step100 22 2 3 0.01542343501932919
R0-baselined_step100 22 2 4 0.015570373041555285
R0-baselined_step100 22 2 5 0.015955328941345215
R0-baselined_step100 22 2 6 0.015510819968767464
R0-baselined_step100 22 2 7 0.015828919946216047
R0-baselined_step100 22 2 8 0.015770560945384204
R0-baselined_step100 22 2 9 0.016439602943137288
R0-baselined_step100 22 3 0 0.01548316900152713
R0-baselined_step100 22 3 1 0.015517342020757496
R0-baselined_step100 22 3 2 0.016318936017341912
R0-baselined_step100 22 3 3 0.016749196918681264
R0-baselined_step100 22 3 4 0.015503808041103184
R0-baselined_step100 22 3 5 0.015402737073600292
R0-baselined_step100 22 3 6 0.01578957703895867
R0-baselined_step100 22 3 7 0.016128045041114092
R0-baselined_step100 22 3 8 0.015584759996272624
R0-baselined_step100 22 3 9 0.015446519013494253
R0-baselined_step100 22 4 0 0.01589068805333227
R0-baselined_step100 22 4 1 0.01647522102575749
R0-baselined_step100 22 4 2 0.017104468075558543
R0-baselined_step100 22 4 3 0.016154626035131514
R0-baselined_step100 22 4 4 0.015823199995793402
R0-baselined_step100 22 4 5 0.015594617929309607
R0-baselined_step100 22 4 6 0.016938413958996534
R0-baselined_step100 22 4 7 0.016110772034153342
R0-baselined_step100 22 4 8 0.015767505043186247
R0-baselined_step100 22 4 9 0.016480559948831797
R0-baselined_step100 22 5 0 0.01638128305785358
R0-baselined_step100 22 5 1 0.017254890990443528
R0-baselined_step100 22 5 2 0.016504876082763076
R0-baselined_step100 22 5 3 0.016340375994332135
R0-baselined_step100 22 5 4 0.015593786956742406
R0-baselined_step100 22 5 5 0.01568502897862345
R0-baselined_step100 22 5 6 0.01592187595088035
R0-baselined_step100 22 5 7 0.015813512029126287
R0-baselined_step100 22 5 8 0.015425639925524592
R0-baselined_step100 22 5 9 0.017604750930331647
R0-baselined_step100 22 6 0 0.016568385995924473
R0-baselined_step100 22 6 1 0.01621246396098286
R0-baselined_step100 22 6 2 0.016087047988548875
R0-baselined_step100 22 6 3 0.01577372697647661
R0-baselined_step100 22 6 4 0.015399761032313108
R0-baselined_step100 22 6 5 0.01521395007148385
R0-baselined_step100 22 6 6 0.01543022901751101
R0-baselined_step100 22 6 7 0.01580964506138116
R0-baselined_step100 22 6 8 0.015661334968172014
R0-baselined_step100 22 6 9 0.015918700024485588
R0-baselined_step100 22 7 0 0.01764307403936982
R0-baselined_step100 22 7 1 0.01802899199537933
R0-baselined_step100 22 7 2 0.015629193978384137
R0-baselined_step100 22 7 3 0.01555502403061837
R0-baselined_step100 22 7 4 0.01609203708358109
R0-baselined_step100 22 7 5 0.01639733393676579
R0-baselined_step100 22 7 6 0.015443674055859447
R0-baselined_step100 22 7 7 0.015832167002372444
R0-baselined_step100 22 7 8 0.015455996966920793
R0-baselined_step100 22 7 9 0.017131768981926143
R0-baselined_step100 22 8 0 0.016107255942188203
R0-baselined_step100 22 8 1 0.016239925986155868
R0-baselined_step100 22 8 2 0.01556532399263233
R0-baselined_step100 22 8 3 0.015340048004873097
R0-baselined_step100 22 8 4 0.015681352000683546
R0-baselined_step100 22 8 5 0.01630932802800089
R0-baselined_step100 22 8 6 0.015749100944958627
R0-baselined_step100 22 8 7 0.015497536049224436
R0-baselined_step100 22 8 8 0.015986418002285063
R0-baselined_step100 22 8 9 0.015804466092959046
R0-baselined_step100 22 9 0 0.016033757012337446
R0-baselined_step100 22 9 1 0.015681743971072137
R0-baselined_step100 22 9 2 0.016151510062627494
R0-baselined_step100 22 9 3 0.01588253304362297
R0-baselined_step100 22 9 4 0.016698742983862758
R0-baselined_step100 22 9 5 0.017278015962801874
R0-baselined_step100 22 9 6 0.016082650050520897
R0-baselined_step100 22 9 7 0.015916827018372715
R0-baselined_step100 22 9 8 0.016600116970948875
R0-baselined_step100 22 9 9 0.015613264054991305
R0-baselined_step100 24 0 0 0.01795633602887392
R0-baselined_step100 24 0 1 0.01826257409993559
R0-baselined_step100 24 0 2 0.01747666101437062
R0-baselined_step100 24 0 3 0.0181108380202204
R0-baselined_step100 24 0 4 0.018688817974179983
R0-baselined_step100 24 0 5 0.017483863979578018
R0-baselined_step100 24 0 6 0.01802907302044332
R0-baselined_step100 24 0 7 0.01741741003934294
R0-baselined_step100 24 0 8 0.01745299599133432
R0-baselined_step100 24 0 9 0.017291220952756703
R0-baselined_step100 24 1 0 0.017427087062969804
R0-baselined_step100 24 1 1 0.01881761197000742
R0-baselined_step100 24 1 2 0.01860744401346892
R0-baselined_step100 24 1 3 0.017601266037672758
R0-baselined_step100 24 1 4 0.018318590009585023
R0-baselined_step100 24 1 5 0.01958663295954466
R0-baselined_step100 24 1 6 0.018307488993741572
R0-baselined_step100 24 1 7 0.018113662023097277
R0-baselined_step100 24 1 8 0.017786004929803312
R0-baselined_step100 24 1 9 0.01762802596203983
R0-baselined_step100 24 2 0 0.017834685975685716
R0-baselined_step100 24 2 1 0.01795311993919313
R0-baselined_step100 24 2 2 0.018012671964243054
R0-baselined_step100 24 2 3 0.017519561923108995
R0-baselined_step100 24 2 4 0.017442075069993734
R0-baselined_step100 24 2 5 0.017361724050715566
R0-baselined_step100 24 2 6 0.018039111979305744
R0-baselined_step100 24 2 7 0.019167660968378186
R0-baselined_step100 24 2 8 0.01810672995634377
R0-baselined_step100 24 2 9 0.01834597100969404
R0-baselined_step100 24 3 0 0.018091251025907695
R0-baselined_step100 24 3 1 0.01840154593810439
R0-baselined_step100 24 3 2 0.017849924974143505
R0-baselined_step100 24 3 3 0.01910814002621919
R0-baselined_step100 24 3 4 0.018125755013898015
R0-baselined_step100 24 3 5 0.01757822302170098
R0-baselined_step100 24 3 6 0.01771196397021413
R0-baselined_step100 24 3 7 0.017570608062669635
R0-baselined_step100 24 3 8 0.017574546043761075
R0-baselined_step100 24 3 9 0.01871472701895982
R0-baselined_step100 24 4 0 0.018164879991672933
R0-baselined_step100 24 4 1 0.01732247998006642
R0-baselined_step100 24 4 2 0.01843596203252673
R0-baselined_step100 24 4 3 0.017674264032393694
R0-baselined_step100 24 4 4 0.017655538977123797
R0-baselined_step100 24 4 5 0.018058097921311855
R0-baselined_step100 24 4 6 0.017789261997677386
R0-baselined_step100 24 4 7 0.019091228023171425
R0-baselined_step100 24 4 8 0.018172112992033362
R0-baselined_step100 24 4 9 0.018110617995262146
R0-baselined_step100 24 5 0 0.01765054906718433
R0-baselined_step100 24 5 1 0.01758008694741875
R0-baselined_step100 24 5 2 0.017372344038449228
R0-baselined_step100 24 5 3 0.01751986308954656
R0-baselined_step100 24 5 4 0.019757434958592057
R0-baselined_step100 24 5 5 0.01785397296771407
R0-baselined_step100 24 5 6 0.018869700958020985
R0-baselined_step100 24 5 7 0.01860115397721529
R0-baselined_step100 24 5 8 0.01810329407453537
R0-baselined_step100 24 5 9 0.01800070097669959
R0-baselined_step100 24 6 0 0.01758025703020394
R0-baselined_step100 24 6 1 0.01981249894015491
R0-baselined_step100 24 6 2 0.02100954798515886
R0-baselined_step100 24 6 3 0.017782258917577565
R0-baselined_step100 24 6 4 0.01916431705467403
R0-baselined_step100 24 6 5 0.020343350945040584
R0-baselined_step100 24 6 6 0.01807923906017095
R0-baselined_step100 24 6 7 0.01827580900862813
R0-baselined_step100 24 6 8 0.018612965941429138
R0-baselined_step100 24 6 9 0.0177192990668118
R0-baselined_step100 24 7 0 0.018452052026987076
R0-baselined_step100 24 7 1 0.017388856038451195
R0-baselined_step100 24 7 2 0.01957864803262055
R0-baselined_step100 24 7 3 0.020451035001315176
R0-baselined_step100 24 7 4 0.017302693100646138
R0-baselined_step100 24 7 5 0.017985412036068738
R0-baselined_step100 24 7 6 0.017945035942830145
R0-baselined_step100 24 7 7 0.018773477990180254
R0-baselined_step100 24 7 8 0.01756420696619898
R0-baselined_step100 24 7 9 0.017311158939264715
R0-baselined_step100 24 8 0 0.023879584041424096
R0-baselined_step100 24 8 1 0.018000039970502257
R0-baselined_step100 24 8 2 0.020270073087885976
R0-baselined_step100 24 8 3 0.020582102006301284
R0-baselined_step100 24 8 4 0.01716519391629845
R0-baselined_step100 24 8 5 0.016948514035902917
R0-baselined_step100 24 8 6 0.017077819094993174
R0-baselined_step100 24 8 7 0.017870153998956084
R0-baselined_step100 24 8 8 0.01780076406430453
R0-baselined_step100 24 8 9 0.01698557403869927
R0-baselined_step100 24 9 0 0.017515866085886955
R0-baselined_step100 24 9 1 0.016996535006910563
R0-baselined_step100 24 9 2 0.01775128999724984
R0-baselined_step100 24 9 3 0.017304236069321632
R0-baselined_step100 24 9 4 0.01708253799006343
R0-baselined_step100 24 9 5 0.017051468952558935
R0-baselined_step100 24 9 6 0.01744429103564471
R0-baselined_step100 24 9 7 0.017959253047592938
R0-baselined_step100 24 9 8 0.017201352049596608
R0-baselined_step100 24 9 9 0.017163319978863
R0-baselined_step100 30 0 0 0.027458879980258644
R0-baselined_step100 30 0 1 0.02785154210869223
R0-baselined_step100 30 0 2 0.027669738046824932
R0-baselined_step100 30 0 3 0.027637297986075282
R0-baselined_step100 30 0 4 0.02765690500382334
R0-baselined_step100 30 0 5 0.027380342013202608
R0-baselined_step100 30 0 6 0.02877800993155688
R0-baselined_step100 30 0 7 0.02678837499115616
R0-baselined_step100 30 0 8 0.02635375503450632
R0-baselined_step100 30 0 9 0.02657646592706442
R0-baselined_step100 30 1 0 0.02633066091220826
R0-baselined_step100 30 1 1 0.0265379729680717
R0-baselined_step100 30 1 2 0.028247058973647654
R0-baselined_step100 30 1 3 0.027859064983204007
R0-baselined_step100 30 1 4 0.02766403800342232
R0-baselined_step100 30 1 5 0.02820460801012814
R0-baselined_step100 30 1 6 0.027707590023055673
R0-baselined_step100 30 1 7 0.026896159048192203
R0-baselined_step100 30 1 8 0.026747337076812983
R0-baselined_step100 30 1 9 0.02674695709720254
R0-baselined_step100 30 2 0 0.02764268801547587
R0-baselined_step100 30 2 1 0.027256368077360094
R0-baselined_step100 30 2 2 0.02677078195847571
R0-baselined_step100 30 2 3 0.02808660501614213
R0-baselined_step100 30 2 4 0.02806645806413144
R0-baselined_step100 30 2 5 0.028245885972864926
R0-baselined_step100 30 2 6 0.02654915302991867
R0-baselined_step100 30 2 7 0.027584207011386752
R0-baselined_step100 30 2 8 0.02775672299321741
R0-baselined_step100 30 2 9 0.02725295105483383
R0-baselined_step100 30 3 0 0.028949002968147397
R0-baselined_step100 30 3 1 0.02754655701573938
R0-baselined_step100 30 3 2 0.027069525909610093
R0-baselined_step100 30 3 3 0.028160676010884345
R0-baselined_step100 30 3 4 0.02782570302952081
R0-baselined_step100 30 3 5 0.027102679014205933
R0-baselined_step100 30 3 6 0.027098129969090223
R0-baselined_step100 30 3 7 0.026340331067331135
R0-baselined_step100 30 3 8 0.026896000024862587
R0-baselined_step100 30 3 9 0.028077478986233473
R0-baselined_step100 30 4 0 0.026540467981249094
R0-baselined_step100 30 4 1 0.026630959007889032
R0-baselined_step100 30 4 2 0.027687553083524108
R0-baselined_step100 30 4 3 0.02987695496995002
R0-baselined_step100 30 4 4 0.026653180946595967
R0-baselined_step100 30 4 5 0.026777455932460725
R0-baselined_step100 30 4 6 0.027964966953732073
R0-baselined_step100 30 4 7 0.027281818096525967
R0-baselined_step100 30 4 8 0.028016634983941913
R0-baselined_step100 30 4 9 0.02752002701163292
R0-baselined_step100 30 5 0 0.02768994797952473
R0-baselined_step100 30 5 1 0.028235306963324547
R0-baselined_step100 30 5 2 0.028104380005970597
R0-baselined_step100 30 5 3 0.02760239294730127
R0-baselined_step100 30 5 4 0.027887429925613105
R0-baselined_step100 30 5 5 0.02746755804400891
R0-baselined_step100 30 5 6 0.02820243500173092
R0-baselined_step100 30 5 7 0.027266438002698123
R0-baselined_step100 30 5 8 0.03213853295892477
R0-baselined_step100 30 5 9 0.02839174191467464
R0-baselined_step100 30 6 0 0.027842405019327998
R0-baselined_step100 30 6 1 0.0284341819351539
R0-baselined_step100 30 6 2 0.029128763009794056
R0-baselined_step100 30 6 3 0.028149244957603514
R0-baselined_step100 30 6 4 0.031029100064188242
R0-baselined_step100 30 6 5 0.02749585104174912
R0-baselined_step100 30 6 6 0.02845582307782024
R0-baselined_step100 30 6 7 0.028218957013450563
R0-baselined_step100 30 6 8 0.02710445295087993
R0-baselined_step100 30 6 9 0.02828749595209956
R0-baselined_step100 30 7 0 0.02834698895458132
R0-baselined_step100 30 7 1 0.028414405998773873
R0-baselined_step100 30 7 2 0.0307966829277575
R0-baselined_step100 30 7 3 0.03126208996400237
R0-baselined_step100 30 7 4 0.02793956990353763
R0-baselined_step100 30 7 5 0.02873652393463999
R0-baselined_step100 30 7 6 0.028639449970796704
R0-baselined_step100 30 7 7 0.02765585493762046
R0-baselined_step100 30 7 8 0.027204171987250447
R0-baselined_step100 30 7 9 0.027438234072178602
R0-baselined_step100 30 8 0 0.02718548697885126
R0-baselined_step100 30 8 1 0.02668996201828122
R0-baselined_step100 30 8 2 0.027771031949669123
R0-baselined_step100 30 8 3 0.02805839409120381
R0-baselined_step100 30 8 4 0.027410642011091113
R0-baselined_step100 30 8 5 0.028097077971324325
R0-baselined_step100 30 8 6 0.02804828609805554
R0-baselined_step100 30 8 7 0.027718003024347126
R0-baselined_step100 30 8 8 0.027523434022441506
R0-baselined_step100 30 8 9 0.027607423020526767
R0-baselined_step100 30 9 0 0.02852828206960112
R0-baselined_step100 30 9 1 0.028188439086079597
R0-baselined_step100 30 9 2 0.027062805951572955
R0-baselined_step100 30 9 3 0.026992082013748586
R0-baselined_step100 30 9 4 0.027852355036884546
R0-baselined_step100 30 9 5 0.028267849935218692
R0-baselined_step100 30 9 6 0.02815208095125854
R0-baselined_step100 30 9 7 0.028534202021546662
R0-baselined_step100 30 9 8 0.02855659497436136
R0-baselined_step100 30 9 9 0.029121750965714455
R0-baselined_step100 33 0 0 0.006891596945933998
R0-baselined_step100 33 0 1 0.007070975028909743
R0-baselined_step100 33 0 2 0.007619970943778753
R0-baselined_step100 33 0 3 0.007063230033963919
R0-baselined_step100 33 0 4 0.006645651999861002
R0-baselined_step100 33 0 5 0.00677849305793643
R0-baselined_step100 33 0 6 0.006379509926773608
R0-baselined_step100 33 0 7 0.0064649509731680155
R0-baselined_step100 33 0 8 0.0063845200929790735
R0-baselined_step100 33 0 9 0.006175103015266359
R0-baselined_step100 33 1 0 0.006264011957682669
R0-baselined_step100 33 1 1 0.00616413401439786
R0-baselined_step100 33 1 2 0.00634418404661119
R0-baselined_step100 33 1 3 0.0062068430706858635
R0-baselined_step100 33 1 4 0.006366906105540693
R0-baselined_step100 33 1 5 0.006218064925633371
R0-baselined_step100 33 1 6 0.006203728029504418
R0-baselined_step100 33 1 7 0.006369129987433553
R0-baselined_step100 33 1 8 0.006279882043600082
R0-baselined_step100 33 1 9 0.0061845420859754086
R0-baselined_step100 33 2 0 0.006326560978777707
R0-baselined_step100 33 2 1 0.006461625918745995
R0-baselined_step100 33 2 2 0.006054706987924874
R0-baselined_step100 33 2 3 0.00611351802945137
R0-baselined_step100 33 2 4 0.00614626903552562
R0-baselined_step100 33 2 5 0.006145818973891437
R0-baselined_step100 33 2 6 0.006290592020377517
R0-baselined_step100 33 2 7 0.006077529978938401
R0-baselined_step100 33 2 8 0.006623120047152042
R0-baselined_step100 33 2 9 0.0063648829236626625
R0-baselined_step100 33 3 0 0.006363830994814634
R0-baselined_step100 33 3 1 0.0061862950678914785
R0-baselined_step100 33 3 2 0.006094382028095424
R0-baselined_step100 33 3 3 0.006212203996255994
R0-baselined_step100 33 3 4 0.006166888982988894
R0-baselined_step100 33 3 5 0.006152231013402343
R0-baselined_step100 33 3 6 0.0062067529652267694
R0-baselined_step100 33 3 7 0.0061291479505598545
R0-baselined_step100 33 3 8 0.006229677004739642
R0-baselined_step100 33 3 9 0.0061826989986002445
R0-baselined_step100 33 4 0 0.006267218035645783
R0-baselined_step100 33 4 1 0.0066475559724494815
R0-baselined_step100 33 4 2 0.006356335943564773
R0-baselined_step100 33 4 3 0.00620178401004523
R0-baselined_step100 33 4 4 0.0062273729126900434
R0-baselined_step100 33 4 5 0.006175203947350383
R0-baselined_step100 33 4 6 0.006182327982969582
R0-baselined_step100 33 4 7 0.006184222060255706
R0-baselined_step100 33 4 8 0.006188609986566007
R0-baselined_step100 33 4 9 0.006214509019628167
R0-baselined_step100 33 5 0 0.007789611001498997
R0-baselined_step100 33 5 1 0.008575525018386543
R0-baselined_step100 33 5 2 0.006634181016124785
R0-baselined_step100 33 5 3 0.006215439992956817
R0-baselined_step100 33 5 4 0.006200431962497532
R0-baselined_step100 33 5 5 0.006272318074479699
R0-baselined_step100 33 5 6 0.006380461971275508
R0-baselined_step100 33 5 7 0.006287786993198097
R0-baselined_step100 33 5 8 0.0061801240080967546
R0-baselined_step100 33 5 9 0.0062509269919246435
R0-baselined_step100 33 6 0 0.006285964045673609
R0-baselined_step100 33 6 1 0.0063352559227496386
R0-baselined_step100 33 6 2 0.006239796988666058
R0-baselined_step100 33 6 3 0.006515086046420038
R0-baselined_step100 33 6 4 0.00652179797179997
R0-baselined_step100 33 6 5 0.006349774077534676
R0-baselined_step100 33 6 6 0.006488915998488665
R0-baselined_step100 33 6 7 0.006212285021319985
R0-baselined_step100 33 6 8 0.006192506989464164
R0-baselined_step100 33 6 9 0.006224237033165991
R0-baselined_step100 33 7 0 0.006495419074781239
R0-baselined_step100 33 7 1 0.006373548996634781
R0-baselined_step100 33 7 2 0.0065462259808555245
R0-baselined_step100 33 7 3 0.006471974076703191
R0-baselined_step100 33 7 4 0.006496881949715316
R0-baselined_step100 33 7 5 0.006360494066029787
R0-baselined_step100 33 7 6 0.00667494791559875
R0-baselined_step100 33 7 7 0.006409275927580893
R0-baselined_step100 33 7 8 0.006398375960998237
R0-baselined_step100 33 7 9 0.006419935962185264
R0-baselined_step100 33 8 0 0.0062491330318152905
R0-baselined_step100 33 8 1 0.006202365970239043
R0-baselined_step100 33 8 2 0.006210600957274437
R0-baselined_step100 33 8 3 0.0063125439919531345
R0-baselined_step100 33 8 4 0.00620193500071764
R0-baselined_step100 33 8 5 0.006208117003552616
R0-baselined_step100 33 8 6 0.006220930954441428
R0-baselined_step100 33 8 7 0.006461806013248861
R0-baselined_step100 33 8 8 0.006291524972766638
R0-baselined_step100 33 8 9 0.0062222940614447
R0-baselined_step100 33 9 0 0.00621215405408293
R0-baselined_step100 33 9 1 0.006148334010504186
R0-baselined_step100 33 9 2 0.0062123340321704745
R0-baselined_step100 33 9 3 0.006127423956058919
R0-baselined_step100 33 9 4 0.006145237945020199
R0-baselined_step100 33 9 5 0.006184731959365308
R0-baselined_step100 33 9 6 0.0062234350480139256
R0-baselined_step100 33 9 7 0.006200332078151405
R0-baselined_step100 33 9 8 0.006179683026857674
R0-baselined_step100 33 9 9 0.006184692028909922
R0-baselined_step100 36 0 0 0.0067496090196073055
R0-baselined_step100 36 0 1 0.006807057070545852
R0-baselined_step100 36 0 2 0.006684074993245304
R0-baselined_step100 36 0 3 0.006707028020173311
R0-baselined_step100 36 0 4 0.006719851982779801
R0-baselined_step100 36 0 5 0.006647826987318695
R0-baselined_step100 36 0 6 0.006617359002120793
R0-baselined_step100 36 0 7 0.006794153014197946
R0-baselined_step100 36 0 8 0.006656543002463877
R0-baselined_step100 36 0 9 0.006786028039641678
R0-baselined_step100 36 1 0 0.12938278692308813
R0-baselined_step100 36 1 1 0.00714735989458859
R0-baselined_step100 36 1 2 0.006787278922274709
R0-baselined_step100 36 1 3 0.007578493910841644
R0-baselined_step100 36 1 4 0.007465870003215969
R0-baselined_step100 36 1 5 0.0067381070693954825
R0-baselined_step100 36 1 6 0.0067552789114415646
R0-baselined_step100 36 1 7 0.006753355031833053
R0-baselined_step100 36 1 8 0.006748687010258436
R0-baselined_step100 36 1 9 0.006750941975042224
R0-baselined_step100 36 2 0 0.006608122028410435
R0-baselined_step100 36 2 1 0.0066108169266954064
R0-baselined_step100 36 2 2 0.006581953028216958
R0-baselined_step100 36 2 3 0.006648677051998675
R0-baselined_step100 36 2 4 0.0065949870040640235
R0-baselined_step100 36 2 5 0.006629461073316634
R0-baselined_step100 36 2 6 0.006594376056455076
R0-baselined_step100 36 2 7 0.006582824047654867
R0-baselined_step100 36 2 8 0.006767993094399571
R0-baselined_step100 36 2 9 0.006661181920208037
R0-baselined_step100 36 3 0 0.006655570934526622
R0-baselined_step100 36 3 1 0.0065960289211943746
R0-baselined_step100 36 3 2 0.006616125931032002
R0-baselined_step100 36 3 3 0.006595417973585427
R0-baselined_step100 36 3 4 0.006628939998336136
R0-baselined_step100 36 3 5 0.008196339942514896
R0-baselined_step100 36 3 6 0.006560881971381605
R0-baselined_step100 36 3 7 0.006578727043233812
R0-baselined_step100 36 3 8 0.006603062967769802
R0-baselined_step100 36 3 9 0.007446774048730731
R0-baselined_step100 36 4 0 0.007502670050598681
R0-baselined_step100 36 4 1 0.006595226936042309
R0-baselined_step100 36 4 2 0.006571062025614083
R0-baselined_step100 36 4 3 0.006551455007866025
R0-baselined_step100 36 4 4 0.006550432066433132
R0-baselined_step100 36 4 5 0.006826193071901798
R0-baselined_step100 36 4 6 0.006563998991623521
R0-baselined_step100 36 4 7 0.00662497291341424
R0-baselined_step100 36 4 8 0.00656160491053015
R0-baselined_step100 36 4 9 0.00653705804143101
R0-baselined_step100 36 5 0 0.006528291036374867
R0-baselined_step100 36 5 1 0.006721655954606831
R0-baselined_step100 36 5 2 0.006551695987582207
R0-baselined_step100 36 5 3 0.0066124399891123176
R0-baselined_step100 36 5 4 0.006553248967975378
R0-baselined_step100 36 5 5 0.006860438035801053
R0-baselined_step100 36 5 6 0.006549841957166791
R0-baselined_step100 36 5 7 0.007868551067076623
R0-baselined_step100 36 5 8 0.006704743951559067
R0-baselined_step100 36 5 9 0.006686249980702996
R0-baselined_step100 36 6 0 0.006585840019397438
R0-baselined_step100 36 6 1 0.0067373460624367
R0-baselined_step100 36 6 2 0.006556774955242872
R0-baselined_step100 36 6 3 0.0065949170384556055
R0-baselined_step100 36 6 4 0.006621947977691889
R0-baselined_step100 36 6 5 0.0069043010007590055
R0-baselined_step100 36 6 6 0.006604876019991934
R0-baselined_step100 36 6 7 0.006843175971880555
R0-baselined_step100 36 6 8 0.006615907070226967
R0-baselined_step100 36 6 9 0.0066318969475105405
R0-baselined_step100 36 7 0 0.0067852160427719355
R0-baselined_step100 36 7 1 0.006954345037229359
R0-baselined_step100 36 7 2 0.006801938056014478
R0-baselined_step100 36 7 3 0.006770167965441942
R0-baselined_step100 36 7 4 0.006796538014896214
R0-baselined_step100 36 7 5 0.006787310936488211
R0-baselined_step100 36 7 6 0.006794504006393254
R0-baselined_step100 36 7 7 0.00679110805504024
R0-baselined_step100 36 7 8 0.007084219949319959
R0-baselined_step100 36 7 9 0.00791305408347398
R0-baselined_step100 36 8 0 0.007378216017968953
R0-baselined_step100 36 8 1 0.009437681990675628
R0-baselined_step100 36 8 2 0.010125639964826405
R0-baselined_step100 36 8 3 0.00697507499717176
R0-baselined_step100 36 8 4 0.007191232987679541
R0-baselined_step100 36 8 5 0.007272615912370384
R0-baselined_step100 36 8 6 0.00872876401990652
R0-baselined_step100 36 8 7 0.00899915408808738
R0-baselined_step100 36 8 8 0.006560351932421327
R0-baselined_step100 36 8 9 0.006564379087649286
R0-baselined_step100 36 9 0 0.007015370996668935
R0-baselined_step100 36 9 1 0.006917987018823624
R0-baselined_step100 36 9 2 0.0067331589525565505
R0-baselined_step100 36 9 3 0.007017894997261465
R0-baselined_step100 36 9 4 0.006886036018840969
R0-baselined_step100 36 9 5 0.006735422066412866
R0-baselined_step100 36 9 6 0.006756542017683387
R0-baselined_step100 36 9 7 0.006726986961439252
R0-baselined_step100 36 9 8 0.00683565204963088
R0-baselined_step100 36 9 9 0.008759613032452762
R0-baselined_step100 40 0 0 0.004496495937928557
R0-baselined_step100 40 0 1 0.00428130105137825
R0-baselined_step100 40 0 2 0.004383132909424603
R0-baselined_step100 40 0 3 0.004133210983127356
R0-baselined_step100 40 0 4 0.004031218006275594
R0-baselined_step100 40 0 5 0.004003966925665736
R0-baselined_step100 40 0 6 0.003999008098617196
R0-baselined_step100 40 0 7 0.0041607830207794905
R0-baselined_step100 40 0 8 0.004004677990451455
R0-baselined_step100 40 0 9 0.00401131110265851
R0-baselined_step100 40 1 0 0.004140233970247209
R0-baselined_step100 40 1 1 0.004005789989605546
R0-baselined_step100 40 1 2 0.004081282997503877
R0-baselined_step100 40 1 3 0.0041749399388208985
R0-baselined_step100 40 1 4 0.004016841063275933
R0-baselined_step100 40 1 5 0.004123633028939366
R0-baselined_step100 40 1 6 0.004016911028884351
R0-baselined_step100 40 1 7 0.004005099064670503
R0-baselined_step100 40 1 8 0.0040061710169538856
R0-baselined_step100 40 1 9 0.0040345650631934404
R0-baselined_step100 40 2 0 0.004020979045890272
R0-baselined_step100 40 2 1 0.003984029986895621
R0-baselined_step100 40 2 2 0.004069018992595375
R0-baselined_step100 40 2 3 0.003997865016572177
R0-baselined_step100 40 2 4 0.003996432991698384
R0-baselined_step100 40 2 5 0.003979310975410044
R0-baselined_step100 40 2 6 0.0039771770825609565
R0-baselined_step100 40 2 7 0.0039730280404910445
R0-baselined_step100 40 2 8 0.003980722976848483
R0-baselined_step100 40 2 9 0.0040402860613539815
R0-baselined_step100 40 3 0 0.004073227988556027
R0-baselined_step100 40 3 1 0.004035566002130508
R0-baselined_step100 40 3 2 0.003999228007160127
R0-baselined_step100 40 3 3 0.00403997499961406
R0-baselined_step100 40 3 4 0.005563020007684827
R0-baselined_step100 40 3 5 0.004588379990309477
R0-baselined_step100 40 3 6 0.003985562943853438
R0-baselined_step100 40 3 7 0.004174347966909409
R0-baselined_step100 40 3 8 0.003978859982453287
R0-baselined_step100 40 3 9 0.0041699400171637535
R0-baselined_step100 40 4 0 0.003983428003266454
R0-baselined_step100 40 4 1 0.004014977952465415
R0-baselined_step100 40 4 2 0.004132469999603927
R0-baselined_step100 40 4 3 0.004252235987223685
R0-baselined_step100 40 4 4 0.004004849004559219
R0-baselined_step100 40 4 5 0.004107943968847394
R0-baselined_step100 40 4 6 0.003985462011769414
R0-baselined_step100 40 4 7 0.004118683049455285
R0-baselined_step100 40 4 8 0.003987155971117318
R0-baselined_step100 40 4 9 0.003991013043560088
R0-baselined_step100 40 5 0 0.003971916972659528
R0-baselined_step100 40 5 1 0.004021279979497194
R0-baselined_step100 40 5 2 0.003976323991082609
R0-baselined_step100 40 5 3 0.003991754027083516
R0-baselined_step100 40 5 4 0.0041440409841015935
R0-baselined_step100 40 5 5 0.0041669049533084035
R0-baselined_step100 40 5 6 0.003986753989011049
R0-baselined_step100 40 5 7 0.004062416963279247
R0-baselined_step100 40 5 8 0.0055997989838942885
R0-baselined_step100 40 5 9 0.004219474038109183
R0-baselined_step100 40 6 0 0.0040023139445111156
R0-baselined_step100 40 6 1 0.003994980012066662
R0-baselined_step100 40 6 2 0.004070752998813987
R0-baselined_step100 40 6 3 0.004135073977522552
R0-baselined_step100 40 6 4 0.004062196938320994
R0-baselined_step100 40 6 5 0.0041453540325164795
R0-baselined_step100 40 6 6 0.004063448985107243
R0-baselined_step100 40 6 7 0.004019016050733626
R0-baselined_step100 40 6 8 0.0039820559322834015
R0-baselined_step100 40 6 9 0.00485333998221904
R0-baselined_step100 40 7 0 0.005454123951494694
R0-baselined_step100 40 7 1 0.00428885396104306
R0-baselined_step100 40 7 2 0.003998045111075044
R0-baselined_step100 40 7 3 0.003992846002802253
R0-baselined_step100 40 7 4 0.003987426054663956
R0-baselined_step100 40 7 5 0.003991443081758916
R0-baselined_step100 40 7 6 0.003977076034061611
R0-baselined_step100 40 7 7 0.003983898903243244
R0-baselined_step100 40 7 8 0.003997936029918492
R0-baselined_step100 40 7 9 0.003996843006461859
R0-baselined_step100 40 8 0 0.0038894909666851163
R0-baselined_step100 40 8 1 0.0038936890196055174
R0-baselined_step100 40 8 2 0.003877697978168726
R0-baselined_step100 40 8 3 0.0038919360376894474
R0-baselined_step100 40 8 4 0.00388247799128294
R0-baselined_step100 40 8 5 0.003882306977175176
R0-baselined_step100 40 8 6 0.003925358061678708
R0-baselined_step100 40 8 7 0.003884662059135735
R0-baselined_step100 40 8 8 0.0038934580516070127
R0-baselined_step100 40 8 9 0.003981635090894997
R0-baselined_step100 40 9 0 0.0038825880037620664
R0-baselined_step100 40 9 1 0.003945105941966176
R0-baselined_step100 40 9 2 0.0038876179605722427
R0-baselined_step100 40 9 3 0.0038841599598526955
R0-baselined_step100 40 9 4 0.0038828880060464144
R0-baselined_step100 40 9 5 0.0038853229489177465
R0-baselined_step100 40 9 6 0.003894519992172718
R0-baselined_step100 40 9 7 0.003875473979860544
R0-baselined_step100 40 9 8 0.003882376942783594
R0-baselined_step100 40 9 9 0.0038857239997014403
R0-baselined_step100 47 0 0 0.06814157799817622
R0-baselined_step100 47 0 1 0.06455540005117655
R0-baselined_step100 47 0 2 0.06252750300336629
R0-baselined_step100 47 0 3 0.0625993199646473
R0-baselined_step100 47 0 4 0.06330695503856987
R0-baselined_step100 47 0 5 0.06259013293311
R0-baselined_step100 47 0 6 0.06349888793192804
R0-baselined_step100 47 0 7 0.06246790196746588
R0-baselined_step100 47 0 8 0.06254927592817694
R0-baselined_step100 47 0 9 0.06405574909877032
R0-baselined_step100 47 1 0 0.061251886072568595
R0-baselined_step100 47 1 1 0.061574095976538956
R0-baselined_step100 47 1 2 0.06466865597758442
R0-baselined_step100 47 1 3 0.061137009994126856
R0-baselined_step100 47 1 4 0.06074923800770193
R0-baselined_step100 47 1 5 0.06071933207567781
R0-baselined_step100 47 1 6 0.0640686530387029
R0-baselined_step100 47 1 7 0.06090069399215281
R0-baselined_step100 47 1 8 0.06430064199957997
R0-baselined_step100 47 1 9 0.06274558801669627
R0-baselined_step100 47 2 0 0.06613479496445507
R0-baselined_step100 47 2 1 0.06143719900865108
R0-baselined_step100 47 2 2 0.060748228104785085
R0-baselined_step100 47 2 3 0.06029177701566368
R0-baselined_step100 47 2 4 0.060916306101717055
R0-baselined_step100 47 2 5 0.061927744070999324
R0-baselined_step100 47 2 6 0.06304519402328879
R0-baselined_step100 47 2 7 0.06590637401677668
R0-baselined_step100 47 2 8 0.06306181603576988
R0-baselined_step100 47 2 9 0.06337206996977329
R0-baselined_step100 47 3 0 0.061552626895718277
R0-baselined_step100 47 3 1 0.06294457404874265
R0-baselined_step100 47 3 2 0.0612773469183594
R0-baselined_step100 47 3 3 0.061069264891557395
R0-baselined_step100 47 3 4 0.06104946800041944
R0-baselined_step100 47 3 5 0.061746635008603334
R0-baselined_step100 47 3 6 0.0687934160232544
R0-baselined_step100 47 3 7 0.0639671660028398
R0-baselined_step100 47 3 8 0.06491662899497896
R0-baselined_step100 47 3 9 0.06121828802861273
R0-baselined_step100 47 4 0 0.06340183899737895
R0-baselined_step100 47 4 1 0.06408368702977896
R0-baselined_step100 47 4 2 0.0632495729951188
R0-baselined_step100 47 4 3 0.06688665703404695
R0-baselined_step100 47 4 4 0.06038436491508037
R0-baselined_step100 47 4 5 0.061249897931702435
R0-baselined_step100 47 4 6 0.060698427027091384
R0-baselined_step100 47 4 7 0.06403905095066875
R0-baselined_step100 47 4 8 0.06128539505880326
R0-baselined_step100 47 4 9 0.06098960596136749
R0-baselined_step100 47 5 0 0.06340179103426635
R0-baselined_step100 47 5 1 0.06217606796417385
R0-baselined_step100 47 5 2 0.06059927202295512
R0-baselined_step100 47 5 3 0.06414149794727564
R0-baselined_step100 47 5 4 0.06577503099106252
R0-baselined_step100 47 5 5 0.06324228108860552
R0-baselined_step100 47 5 6 0.06214945809915662
R0-baselined_step100 47 5 7 0.06651429599151015
R0-baselined_step100 47 5 8 0.06868076603859663
R0-baselined_step100 47 5 9 0.06470650504343212
R0-baselined_step100 47 6 0 0.06549091497436166
R0-baselined_step100 47 6 1 0.0660531260073185
R0-baselined_step100 47 6 2 0.06742604705505073
R0-baselined_step100 47 6 3 0.06387771002482623
R0-baselined_step100 47 6 4 0.06353237794246525
R0-baselined_step100 47 6 5 0.06374160398263484
R0-baselined_step100 47 6 6 0.06465388799551874
R0-baselined_step100 47 6 7 0.06515847996342927
R0-baselined_step100 47 6 8 0.06315332499798387
R0-baselined_step100 47 6 9 0.06222931109368801
R0-baselined_step100 47 7 0 0.06472617294639349
R0-baselined_step100 47 7 1 0.06531344295945019
R0-baselined_step100 47 7 2 0.06179311708547175
R0-baselined_step100 47 7 3 0.06697808508761227
R0-baselined_step100 47 7 4 0.06689575896598399
R0-baselined_step100 47 7 5 0.062431422993540764
R0-baselined_step100 47 7 6 0.06628535699564964
R0-baselined_step100 47 7 7 0.0626900609349832
R0-baselined_step100 47 7 8 0.06423351401463151
R0-baselined_step100 47 7 9 0.06559121608734131
R0-baselined_step100 47 8 0 0.06505877105519176
R0-baselined_step100 47 8 1 0.06434247188735753
R0-baselined_step100 47 8 2 0.06489585700910538
R0-baselined_step100 47 8 3 0.06603340397123247
R0-baselined_step100 47 8 4 0.06250013399403542
R0-baselined_step100 47 8 5 0.06524940300732851
R0-baselined_step100 47 8 6 0.0665552990976721
R0-baselined_step100 47 8 7 0.06426004599779844
R0-baselined_step100 47 8 8 0.06375564401969314
R0-baselined_step100 47 8 9 0.06629643007181585
R0-baselined_step100 47 9 0 0.06426495593041182
R0-baselined_step100 47 9 1 0.06462527601979673
R0-baselined_step100 47 9 2 0.06460366502869874
R0-baselined_step100 47 9 3 0.06652610492892563
R0-baselined_step100 47 9 4 0.06402482197154313
R0-baselined_step100 47 9 5 0.06451861409004778
R0-baselined_step100 47 9 6 0.06281906901858747
R0-baselined_step100 47 9 7 0.0658528549829498
R0-baselined_step100 47 9 8 0.06283288495615125
R0-baselined_step100 47 9 9 0.06530083296820521
R0-baselined_step100 51 0 0 0.025610974058508873
R0-baselined_step100 51 0 1 0.023810836020857096
R0-baselined_step100 51 0 2 0.024757442995905876
R0-baselined_step100 51 0 3 0.0245965690119192
R0-baselined_step100 51 0 4 0.025025057955645025
R0-baselined_step100 51 0 5 0.025588151067495346
R0-baselined_step100 51 0 6 0.025701585924252868
R0-baselined_step100 51 0 7 0.02503560797777027
R0-baselined_step100 51 0 8 0.025299345958046615
R0-baselined_step100 51 0 9 0.026483922032639384
R0-baselined_step100 51 1 0 0.025134254014119506
R0-baselined_step100 51 1 1 0.027670722105540335
R0-baselined_step100 51 1 2 0.025765555910766125
R0-baselined_step100 51 1 3 0.026533665019087493
R0-baselined_step100 51 1 4 0.02615288703236729
R0-baselined_step100 51 1 5 0.025655578006990254
R0-baselined_step100 51 1 6 0.024435244034975767
R0-baselined_step100 51 1 7 0.025103375897742808
R0-baselined_step100 51 1 8 0.023699263925664127
R0-baselined_step100 51 1 9 0.02419982000719756
R0-baselined_step100 51 2 0 0.024287045001983643
R0-baselined_step100 51 2 1 0.025532055064104497
R0-baselined_step100 51 2 2 0.02562014095019549
R0-baselined_step100 51 2 3 0.025139244040474296
R0-baselined_step100 51 2 4 0.0251926239579916
R0-baselined_step100 51 2 5 0.025021461071446538
R0-baselined_step100 51 2 6 0.025624409900046885
R0-baselined_step100 51 2 7 0.02576643694192171
R0-baselined_step100 51 2 8 0.025024326983839273
R0-baselined_step100 51 2 9 0.024765398004092276
R0-baselined_step100 51 3 0 0.025724087958224118
R0-baselined_step100 51 3 1 0.024642386008054018
R0-baselined_step100 51 3 2 0.025090252049267292
R0-baselined_step100 51 3 3 0.02614882099442184
R0-baselined_step100 51 3 4 0.023823900963179767
R0-baselined_step100 51 3 5 0.024093420011922717
R0-baselined_step100 51 3 6 0.025361022911965847
R0-baselined_step100 51 3 7 0.024090313934721053
R0-baselined_step100 51 3 8 0.025458327028900385
R0-baselined_step100 51 3 9 0.02590378699824214
R0-baselined_step100 51 4 0 0.025546372053213418
R0-baselined_step100 51 4 1 0.02671418699901551
R0-baselined_step100 51 4 2 0.024609363987110555
R0-baselined_step100 51 4 3 0.025109958951361477
R0-baselined_step100 51 4 4 0.025731962989084423
R0-baselined_step100 51 4 5 0.025489025050774217
R0-baselined_step100 51 4 6 0.02599671296775341
R0-baselined_step100 51 4 7 0.02743698190897703
R0-baselined_step100 51 4 8 0.025122291990555823
R0-baselined_step100 51 4 9 0.02524030499625951
R0-baselined_step100 51 5 0 0.024805294000543654
R0-baselined_step100 51 5 1 0.024937503971159458
R0-baselined_step100 51 5 2 0.026168528012931347
R0-baselined_step100 51 5 3 0.026238768943585455
R0-baselined_step100 51 5 4 0.023854519007727504
R0-baselined_step100 51 5 5 0.02380535693373531
R0-baselined_step100 51 5 6 0.024093460990116
R0-baselined_step100 51 5 7 0.02560560405254364
R0-baselined_step100 51 5 8 0.025877377949655056
R0-baselined_step100 51 5 9 0.025431656977161765
R0-baselined_step100 51 6 0 0.02396609995048493
R0-baselined_step100 51 6 1 0.02496455400250852
R0-baselined_step100 51 6 2 0.025998165947385132
R0-baselined_step100 51 6 3 0.02666012500412762
R0-baselined_step100 51 6 4 0.02599868702236563
R0-baselined_step100 51 6 5 0.02603775099851191
R0-baselined_step100 51 6 6 0.02421570208389312
R0-baselined_step100 51 6 7 0.026358315022662282
R0-baselined_step100 51 6 8 0.025921531021595
R0-baselined_step100 51 6 9 0.025230498053133488
R0-baselined_step100 51 7 0 0.025513001019135118
R0-baselined_step100 51 7 1 0.02444174897391349
R0-baselined_step100 51 7 2 0.023397137061692774
R0-baselined_step100 51 7 3 0.02412621397525072
R0-baselined_step100 51 7 4 0.02449308696668595
R0-baselined_step100 51 7 5 0.024166528950445354
R0-baselined_step100 51 7 6 0.023853587917983532
R0-baselined_step100 51 7 7 0.023296024999581277
R0-baselined_step100 51 7 8 0.02466348698362708
R0-baselined_step100 51 7 9 0.023227366036735475
R0-baselined_step100 51 8 0 0.022703818045556545
R0-baselined_step100 51 8 1 0.022676717024296522
R0-baselined_step100 51 8 2 0.023066021967679262
R0-baselined_step100 51 8 3 0.022710991092026234
R0-baselined_step100 51 8 4 0.024454412050545216
R0-baselined_step100 51 8 5 0.02346106804907322
R0-baselined_step100 51 8 6 0.025014479993842542
R0-baselined_step100 51 8 7 0.023750724038109183
R0-baselined_step100 51 8 8 0.023201807984150946
R0-baselined_step100 51 8 9 0.024135982035659254
R0-baselined_step100 51 9 0 0.02548973693046719
R0-baselined_step100 51 9 1 0.02462156699039042
R0-baselined_step100 51 9 2 0.024651765008457005
R0-baselined_step100 51 9 3 0.025195000926032662
R0-baselined_step100 51 9 4 0.026023003039881587
R0-baselined_step100 51 9 5 0.024927735910750926
R0-baselined_step100 51 9 6 0.02496358403004706
R0-baselined_step100 51 9 7 0.024280273937620223
R0-baselined_step100 51 9 8 0.024293698952533305
R0-baselined_step100 51 9 9 0.024410018930211663
R0-baselined_step100 52 0 0 0.7953874539816752
R0-baselined_step100 52 0 1 0.7967678910354152
R0-baselined_step100 52 0 2 0.7844930100254714
R0-baselined_step100 52 0 3 0.7942520970245823
R0-baselined_step100 52 0 4 0.7929064140189439
R0-baselined_step100 52 0 5 0.7755407099612057
R0-baselined_step100 52 0 6 0.7922794430050999
R0-baselined_step100 52 0 7 0.7864139899611473
R0-baselined_step100 52 0 8 0.8173022309783846
R0-baselined_step100 52 0 9 0.7947604589862749
R0-baselined_step100 52 1 0 0.8200231969822198
R0-baselined_step100 52 1 1 0.7710597940022126
R0-baselined_step100 52 1 2 0.7897255979478359
R0-baselined_step100 52 1 3 0.7974028780590743
R0-baselined_step100 52 1 4 0.7916873600333929
R0-baselined_step100 52 1 5 0.7823975420324132
R0-baselined_step100 52 1 6 0.7726126560010016
R0-baselined_step100 52 1 7 0.7899684080621228
R0-baselined_step100 52 1 8 0.7799665089696646
R0-baselined_step100 52 1 9 0.7770968920085579
R0-baselined_step100 52 2 0 0.7927333890693262
R0-baselined_step100 52 2 1 0.7921913960017264
R0-baselined_step100 52 2 2 0.7966281159315258
R0-baselined_step100 52 2 3 0.7981160320341587
R0-baselined_step100 52 2 4 0.8023721629288048
R0-baselined_step100 52 2 5 0.7878271860536188
R0-baselined_step100 52 2 6 0.7898006630130112
R0-baselined_step100 52 2 7 0.7821734820026904
R0-baselined_step100 52 2 8 0.7885647470830008
R0-baselined_step100 52 2 9 0.7909337820019573
R0-baselined_step100 52 3 0 0.7856488620163873
R0-baselined_step100 52 3 1 0.7937341009965166
R0-baselined_step100 52 3 2 0.7833647329825908
R0-baselined_step100 52 3 3 0.7812767920549959
R0-baselined_step100 52 3 4 0.7989680349128321
R0-baselined_step100 52 3 5 0.7790434340713546
R0-baselined_step100 52 3 6 0.7794336510123685
R0-baselined_step100 52 3 7 0.7793192610843107
R0-baselined_step100 52 3 8 0.7863372969441116
R0-baselined_step100 52 3 9 0.7875926879933104
R0-baselined_step100 52 4 0 0.8030816749669611
R0-baselined_step100 52 4 1 0.7963374080136418
R0-baselined_step100 52 4 2 0.7798432889394462
R0-baselined_step100 52 4 3 0.7910218639299273
R0-baselined_step100 52 4 4 0.7785266200080514
R0-baselined_step100 52 4 5 0.7763283470412716
R0-baselined_step100 52 4 6 0.7884318039286882
R0-baselined_step100 52 4 7 0.7868643059628084
R0-baselined_step100 52 4 8 0.7873607440851629
R0-baselined_step100 52 4 9 0.7798508070409298
R0-baselined_step100 52 5 0 0.7875540680252016
R0-baselined_step100 52 5 1 0.8090922030387446
R0-baselined_step100 52 5 2 0.7846354919020087
R0-baselined_step100 52 5 3 0.801318189012818
R0-baselined_step100 52 5 4 0.7992315971059725
R0-baselined_step100 52 5 5 0.7844754289835691
R0-baselined_step100 52 5 6 0.7748688060091808
R0-baselined_step100 52 5 7 0.8116984480293468
R0-baselined_step100 52 5 8 0.7864144979976118
R0-baselined_step100 52 5 9 0.7894307770766318
R0-baselined_step100 52 6 0 0.8002285079564899
R0-baselined_step100 52 6 1 0.7897624899633229
R0-baselined_step100 52 6 2 0.8162851720117033
R0-baselined_step100 52 6 3 0.8056551699992269
R0-baselined_step100 52 6 4 0.812010366935283
R0-baselined_step100 52 6 5 0.8181529259309173
R0-baselined_step100 52 6 6 0.8188877409556881
R0-baselined_step100 52 6 7 0.8070170920109376
R0-baselined_step100 52 6 8 0.8050549250328913
R0-baselined_step100 52 6 9 0.8327311739558354
R0-baselined_step100 52 7 0 0.8133072500349954
R0-baselined_step100 52 7 1 0.8192927150521427
R0-baselined_step100 52 7 2 0.8116113040596247
R0-baselined_step100 52 7 3 0.8244487140327692
R0-baselined_step100 52 7 4 0.8054133820114657
R0-baselined_step100 52 7 5 0.8115262450883165
R0-baselined_step100 52 7 6 0.8017575349658728
R0-baselined_step100 52 7 7 0.8059087849687785
R0-baselined_step100 52 7 8 0.8242501879576594
R0-baselined_step100 52 7 9 0.8180430489592254
R0-baselined_step100 52 8 0 0.8302195320138708
R0-baselined_step100 52 8 1 0.8007476429920644
R0-baselined_step100 52 8 2 0.8007929319282994
R0-baselined_step100 52 8 3 0.82115747500211
R0-baselined_step100 52 8 4 0.8217990970006213
R0-baselined_step100 52 8 5 0.8162569229025394
R0-baselined_step100 52 8 6 0.8286664979532361
R0-baselined_step100 52 8 7 0.8055547469994053
R0-baselined_step100 52 8 8 0.8165302460547537
R0-baselined_step100 52 8 9 0.8222451600013301
R0-baselined_step100 52 9 0 0.8109513230156153
R0-baselined_step100 52 9 1 0.8262856580549851
R0-baselined_step100 52 9 2 0.808681121096015
R0-baselined_step100 52 9 3 0.808428067015484
R0-baselined_step100 52 9 4 0.8485911790048704
R0-baselined_step100 52 9 5 0.7964149010367692
R0-baselined_step100 52 9 6 0.8051525079645216
R0-baselined_step100 52 9 7 0.8092841660836712
R0-baselined_step100 52 9 8 0.803093055030331
R0-baselined_step100 52 9 9 0.8112317339982837
R0-baselined_step100 56 0 0 0.020537035074084997
R0-baselined_step100 56 0 1 0.018328949925489724
R0-baselined_step100 56 0 2 0.017973958048969507
R0-baselined_step100 56 0 3 0.018743864027783275
R0-baselined_step100 56 0 4 0.018732212018221617
R0-baselined_step100 56 0 5 0.018624688033014536
R0-baselined_step100 56 0 6 0.0183937419205904
R0-baselined_step100 56 0 7 0.018206619075499475
R0-baselined_step100 56 0 8 0.01738730992656201
R0-baselined_step100 56 0 9 0.017355780000798404
R0-baselined_step100 56 1 0 0.017702545039355755
R0-baselined_step100 56 1 1 0.01790871494449675
R0-baselined_step100 56 1 2 0.01720610703341663
R0-baselined_step100 56 1 3 0.017888588015921414
R0-baselined_step100 56 1 4 0.016954171005636454
R0-baselined_step100 56 1 5 0.016907563083805144
R0-baselined_step100 56 1 6 0.016955705010332167
R0-baselined_step100 56 1 7 0.017146814963780344
R0-baselined_step100 56 1 8 0.016927821096032858
R0-baselined_step100 56 1 9 0.017067846027202904
R0-baselined_step100 56 2 0 0.01721860095858574
R0-baselined_step100 56 2 1 0.017213030951097608
R0-baselined_step100 56 2 2 0.017373705049976707
R0-baselined_step100 56 2 3 0.018085110001266003
R0-baselined_step100 56 2 4 0.01765603804960847
R0-baselined_step100 56 2 5 0.017513297963887453
R0-baselined_step100 56 2 6 0.017475857981480658
R0-baselined_step100 56 2 7 0.017076142015866935
R0-baselined_step100 56 2 8 0.017064751009456813
R0-baselined_step100 56 2 9 0.017088746069930494
R0-baselined_step100 56 3 0 0.016964561073109508
R0-baselined_step100 56 3 1 0.016969220945611596
R0-baselined_step100 56 3 2 0.016985169961117208
R0-baselined_step100 56 3 3 0.01697074295952916
R0-baselined_step100 56 3 4 0.01723701599985361
R0-baselined_step100 56 3 5 0.01831859105732292
R0-baselined_step100 56 3 6 0.018774361931718886
R0-baselined_step100 56 3 7 0.0201275598956272
R0-baselined_step100 56 3 8 0.018145202076993883
R0-baselined_step100 56 3 9 0.018228471046313643
R0-baselined_step100 56 4 0 0.02126206608954817
R0-baselined_step100 56 4 1 0.018654454965144396
R0-baselined_step100 56 4 2 0.017721562064252794
R0-baselined_step100 56 4 3 0.01997504208702594
R0-baselined_step100 56 4 4 0.019662000006064773
R0-baselined_step100 56 4 5 0.017907614004798234
R0-baselined_step100 56 4 6 0.019020218052901328
R0-baselined_step100 56 4 7 0.0187900320161134
R0-baselined_step100 56 4 8 0.01705808797851205
R0-baselined_step100 56 4 9 0.016986172064207494
R0-baselined_step100 56 5 0 0.016959130996838212
R0-baselined_step100 56 5 1 0.01730022591073066
R0-baselined_step100 56 5 2 0.017212409991770983
R0-baselined_step100 56 5 3 0.017094125971198082
R0-baselined_step100 56 5 4 0.01706810703035444
R0-baselined_step100 56 5 5 0.018359518027864397
R0-baselined_step100 56 5 6 0.01723919005598873
R0-baselined_step100 56 5 7 0.01893112901598215
R0-baselined_step100 56 5 8 0.018430572003126144
R0-baselined_step100 56 5 9 0.020960535970516503
R0-baselined_step100 56 6 0 0.0175263830460608
R0-baselined_step100 56 6 1 0.01873040897771716
R0-baselined_step100 56 6 2 0.018927372060716152
R0-baselined_step100 56 6 3 0.019024314009584486
R0-baselined_step100 56 6 4 0.01730974402744323
R0-baselined_step100 56 6 5 0.017086451989598572
R0-baselined_step100 56 6 6 0.01723493298050016
R0-baselined_step100 56 6 7 0.017292400007136166
R0-baselined_step100 56 6 8 0.017534447950311005
R0-baselined_step100 56 6 9 0.017376039060764015
R0-baselined_step100 56 7 0 0.01713478402234614
R0-baselined_step100 56 7 1 0.01886103698052466
R0-baselined_step100 56 7 2 0.01810405496507883
R0-baselined_step100 56 7 3 0.016954492079094052
R0-baselined_step100 56 7 4 0.016920718015171587
R0-baselined_step100 56 7 5 0.01713036489672959
R0-baselined_step100 56 7 6 0.017005227971822023
R0-baselined_step100 56 7 7 0.01751252799294889
R0-baselined_step100 56 7 8 0.017360440106131136
R0-baselined_step100 56 7 9 0.01733824808616191
R0-baselined_step100 56 8 0 0.017537103965878487
R0-baselined_step100 56 8 1 0.02129075105767697
R0-baselined_step100 56 8 2 0.01812396408058703
R0-baselined_step100 56 8 3 0.01833893998991698
R0-baselined_step100 56 8 4 0.017554717021994293
R0-baselined_step100 56 8 5 0.01838609902188182
R0-baselined_step100 56 8 6 0.01774981594644487
R0-baselined_step100 56 8 7 0.018990220967680216
R0-baselined_step100 56 8 8 0.01838844397570938
R0-baselined_step100 56 8 9 0.01754170295316726
R0-baselined_step100 56 9 0 0.017370921093970537
R0-baselined_step100 56 9 1 0.019416757044382393
R0-baselined_step100 56 9 2 0.017743625096045434
R0-baselined_step100 56 9 3 0.01731759903486818
R0-baselined_step100 56 9 4 0.018282663892023265
R0-baselined_step100 56 9 5 0.019296008977107704
R0-baselined_step100 56 9 6 0.01829146093223244
R0-baselined_step100 56 9 7 0.017440580995753407
R0-baselined_step100 56 9 8 0.017185739940032363
R0-baselined_step100 56 9 9 0.01821219001431018
R0-baselined_step100 62 0 0 0.2592858710559085
R0-baselined_step100 62 0 1 0.2795472389552742
R0-baselined_step100 62 0 2 0.27759090601466596
R0-baselined_step100 62 0 3 0.281915141036734
R0-baselined_step100 62 0 4 0.27893402497284114
R0-baselined_step100 62 0 5 0.27536686800885946
R0-baselined_step100 62 0 6 0.2858180080074817
R0-baselined_step100 62 0 7 0.2833945759339258
R0-baselined_step100 62 0 8 0.27699810604099184
R0-baselined_step100 62 0 9 0.2850282039726153
R0-baselined_step100 62 1 0 0.2784391469322145
R0-baselined_step100 62 1 1 0.27905243600253016
R0-baselined_step100 62 1 2 0.27117854508105665
R0-baselined_step100 62 1 3 0.2695280580082908
R0-baselined_step100 62 1 4 0.27409083500970155
R0-baselined_step100 62 1 5 0.29238014307338744
R0-baselined_step100 62 1 6 0.28255423507653177
R0-baselined_step100 62 1 7 0.2724530469859019
R0-baselined_step100 62 1 8 0.2694781420286745
R0-baselined_step100 62 1 9 0.27653252298478037
R0-baselined_step100 62 2 0 0.2729043388972059
R0-baselined_step100 62 2 1 0.27716151799540967
R0-baselined_step100 62 2 2 0.2881717140553519
R0-baselined_step100 62 2 3 0.28590966504998505
R0-baselined_step100 62 2 4 0.2803363889688626
R0-baselined_step100 62 2 5 0.27625700598582625
R0-baselined_step100 62 2 6 0.2796784070087597
R0-baselined_step100 62 2 7 0.26690073392819613
R0-baselined_step100 62 2 8 0.2701032490003854
R0-baselined_step100 62 2 9 0.2708661319920793
R0-baselined_step100 62 3 0 0.28082037810236216
R0-baselined_step100 62 3 1 0.28074268402997404
R0-baselined_step100 62 3 2 0.2876096679829061
R0-baselined_step100 62 3 3 0.2814325790386647
R0-baselined_step100 62 3 4 0.28557828592602164
R0-baselined_step100 62 3 5 0.28300906904041767
R0-baselined_step100 62 3 6 0.28021009697113186
R0-baselined_step100 62 3 7 0.2817425479879603
R0-baselined_step100 62 3 8 0.28712773602455854
R0-baselined_step100 62 3 9 0.2879041620763019
R0-baselined_step100 62 4 0 0.28927497600670904
R0-baselined_step100 62 4 1 0.29102299897931516
R0-baselined_step100 62 4 2 0.28381491894833744
R0-baselined_step100 62 4 3 0.28367466502822936
R0-baselined_step100 62 4 4 0.29103560897056013
R0-baselined_step100 62 4 5 0.287382734939456
R0-baselined_step100 62 4 6 0.2890003629727289
R0-baselined_step100 62 4 7 0.2921971690375358
R0-baselined_step100 62 4 8 0.2840735560748726
R0-baselined_step100 62 4 9 0.28829226398374885
R0-baselined_step100 62 5 0 0.28612010600045323
R0-baselined_step100 62 5 1 0.28943428897764534
R0-baselined_step100 62 5 2 0.2926238439977169
R0-baselined_step100 62 5 3 0.29186102095991373
R0-baselined_step100 62 5 4 0.3018378879642114
R0-baselined_step100 62 5 5 0.29340782400686294
R0-baselined_step100 62 5 6 0.29370385501533747
R0-baselined_step100 62 5 7 0.28726547898259014
R0-baselined_step100 62 5 8 0.28950184606947005
R0-baselined_step100 62 5 9 0.2940197209827602
R0-baselined_step100 62 6 0 0.2978006099583581
R0-baselined_step100 62 6 1 0.2912912060273811
R0-baselined_step100 62 6 2 0.29319345799740404
R0-baselined_step100 62 6 3 0.2916753670433536
R0-baselined_step100 62 6 4 0.2917102030478418
R0-baselined_step100 62 6 5 0.2899872219422832
R0-baselined_step100 62 6 6 0.2935869300272316
R0-baselined_step100 62 6 7 0.29058300994802266
R0-baselined_step100 62 6 8 0.2853040910558775
R0-baselined_step100 62 6 9 0.28861324407625943
R0-baselined_step100 62 7 0 0.28440510493237525
R0-baselined_step100 62 7 1 0.2926285279681906
R0-baselined_step100 62 7 2 0.29221562505699694
R0-baselined_step100 62 7 3 0.2888966780155897
R0-baselined_step100 62 7 4 0.2938526899088174
R0-baselined_step100 62 7 5 0.29571429709903896
R0-baselined_step100 62 7 6 0.293914234964177
R0-baselined_step100 62 7 7 0.2917854810366407
R0-baselined_step100 62 7 8 0.2891259519383311
R0-baselined_step100 62 7 9 0.290070304996334
R0-baselined_step100 62 8 0 0.28594185691326857
R0-baselined_step100 62 8 1 0.2924925059778616
R0-baselined_step100 62 8 2 0.29582814301829785
R0-baselined_step100 62 8 3 0.2936974740587175
R0-baselined_step100 62 8 4 0.28742218599654734
R0-baselined_step100 62 8 5 0.2937531230272725
R0-baselined_step100 62 8 6 0.29552165197674185
R0-baselined_step100 62 8 7 0.2923525390215218
R0-baselined_step100 62 8 8 0.28909791400656104
R0-baselined_step100 62 8 9 0.29470185097306967
R0-baselined_step100 62 9 0 0.29899083299096674
R0-baselined_step100 62 9 1 0.2955783379729837
R0-baselined_step100 62 9 2 0.296701118000783
R0-baselined_step100 62 9 3 0.2911400330485776
R0-baselined_step100 62 9 4 0.29280210693832487
R0-baselined_step100 62 9 5 0.2968105400213972
R0-baselined_step100 62 9 6 0.30105248000472784
R0-baselined_step100 62 9 7 0.30289594701025635
R0-baselined_step100 62 9 8 0.29716272302903235
R0-baselined_step100 62 9 9 0.2922819700324908
R0-baselined_step100 64 0 0 0.17799418594222516
R0-baselined_step100 64 0 1 0.17301467899233103
R0-baselined_step100 64 0 2 0.17135947896167636
R0-baselined_step100 64 0 3 0.1739520919509232
R0-baselined_step100 64 0 4 0.1827258620178327
R0-baselined_step100 64 0 5 0.18017781199887395
R0-baselined_step100 64 0 6 0.168194868019782
R0-baselined_step100 64 0 7 0.1765532869612798
R0-baselined_step100 64 0 8 0.16746686096303165
R0-baselined_step100 64 0 9 0.17875677498523146
R0-baselined_step100 64 1 0 0.17090014007408172
R0-baselined_step100 64 1 1 0.1673128749243915
R0-baselined_step100 64 1 2 0.17606046004220843
R0-baselined_step100 64 1 3 0.17756628792267293
R0-baselined_step100 64 1 4 0.1714368750108406
R0-baselined_step100 64 1 5 0.16952768503688276
R0-baselined_step100 64 1 6 0.17931218701414764
R0-baselined_step100 64 1 7 0.1789816110394895
R0-baselined_step100 64 1 8 0.16757785994559526
R0-baselined_step100 64 1 9 0.16974485898390412
R0-baselined_step100 64 2 0 0.17572106304578483
R0-baselined_step100 64 2 1 0.18411867099348456
R0-baselined_step100 64 2 2 0.1763212539954111
R0-baselined_step100 64 2 3 0.17214888194575906
R0-baselined_step100 64 2 4 0.1786541270557791
R0-baselined_step100 64 2 5 0.1802214509807527
R0-baselined_step100 64 2 6 0.17181620304472744
R0-baselined_step100 64 2 7 0.18103904195595533
R0-baselined_step100 64 2 8 0.17551529395859689
R0-baselined_step100 64 2 9 0.16943078697659075
R0-baselined_step100 64 3 0 0.17240956902969629
R0-baselined_step100 64 3 1 0.1697167259408161
R0-baselined_step100 64 3 2 0.1858119530370459
R0-baselined_step100 64 3 3 0.17260894202627242
R0-baselined_step100 64 3 4 0.16861299402080476
R0-baselined_step100 64 3 5 0.17488231207244098
R0-baselined_step100 64 3 6 0.16644237795844674
R0-baselined_step100 64 3 7 0.1811668500304222
R0-baselined_step100 64 3 8 0.17329525400418788
R0-baselined_step100 64 3 9 0.17438791191671044
R0-baselined_step100 64 4 0 0.17807189095765352
R0-baselined_step100 64 4 1 0.17626778897829354
R0-baselined_step100 64 4 2 0.16835276607889682
R0-baselined_step100 64 4 3 0.1691029560752213
R0-baselined_step100 64 4 4 0.18074839795008302
R0-baselined_step100 64 4 5 0.17147611000109464
R0-baselined_step100 64 4 6 0.16935990599449724
R0-baselined_step100 64 4 7 0.17168573604431003
R0-baselined_step100 64 4 8 0.1772107679862529
R0-baselined_step100 64 4 9 0.1745247560320422
R0-baselined_step100 64 5 0 0.1734572920249775
R0-baselined_step100 64 5 1 0.17384139902424067
R0-baselined_step100 64 5 2 0.1730089249322191
R0-baselined_step100 64 5 3 0.1749772479524836
R0-baselined_step100 64 5 4 0.17684434005059302
R0-baselined_step100 64 5 5 0.17878332792315632
R0-baselined_step100 64 5 6 0.1745772969443351
R0-baselined_step100 64 5 7 0.17399369296617806
R0-baselined_step100 64 5 8 0.17954494303558022
R0-baselined_step100 64 5 9 0.17721669899765402
R0-baselined_step100 64 6 0 0.1829314900096506
R0-baselined_step100 64 6 1 0.17563927895389497
R0-baselined_step100 64 6 2 0.1809788109967485
R0-baselined_step100 64 6 3 0.17825396603439003
R0-baselined_step100 64 6 4 0.18154918996151537
R0-baselined_step100 64 6 5 0.1829522040206939
R0-baselined_step100 64 6 6 0.17721690505277365
R0-baselined_step100 64 6 7 0.17807315895333886
R0-baselined_step100 64 6 8 0.18094045401085168
R0-baselined_step100 64 6 9 0.18190464691724628
R0-baselined_step100 64 7 0 0.1896166979568079
R0-baselined_step100 64 7 1 0.180426161037758
R0-baselined_step100 64 7 2 0.18203393602743745
R0-baselined_step100 64 7 3 0.17987605591770262
R0-baselined_step100 64 7 4 0.1821836809394881
R0-baselined_step100 64 7 5 0.18462496006395668
R0-baselined_step100 64 7 6 0.17957029701210558
R0-baselined_step100 64 7 7 0.18321197701152414
R0-baselined_step100 64 7 8 0.18309913901612163
R0-baselined_step100 64 7 9 0.17859306407626718
R0-baselined_step100 64 8 0 0.18245937791652977
R0-baselined_step100 64 8 1 0.17892934009432793
R0-baselined_step100 64 8 2 0.18058370891958475
R0-baselined_step100 64 8 3 0.18084421602543443
R0-baselined_step100 64 8 4 0.18308002699632198
R0-baselined_step100 64 8 5 0.18056667200289667
R0-baselined_step100 64 8 6 0.18134786002337933
R0-baselined_step100 64 8 7 0.18539941497147083
R0-baselined_step100 64 8 8 0.17797662306111306
R0-baselined_step100 64 8 9 0.1796385709894821
R0-baselined_step100 64 9 0 0.18377975595649332
R0-baselined_step100 64 9 1 0.184172370005399
R0-baselined_step100 64 9 2 0.17654341598972678
R0-baselined_step100 64 9 3 0.18023633200209588
R0-baselined_step100 64 9 4 0.18296599003951997
R0-baselined_step100 64 9 5 0.18044279899913818
R0-baselined_step100 64 9 6 0.17796229606028646
R0-baselined_step100 64 9 7 0.18503701000008732
R0-baselined_step100 64 9 8 0.18078761000651866
R0-baselined_step100 64 9 9 0.17912526696454734
R0-baselined_step100 69 0 0 0.507980099064298
R0-baselined_step100 69 0 1 0.5189465989824384
R0-baselined_step100 69 0 2 0.5152365219546482
R0-baselined_step100 69 0 3 0.5057997510302812
R0-baselined_step100 69 0 4 0.513568491092883
R0-baselined_step100 69 0 5 0.5035040320362896
R0-baselined_step100 69 0 6 0.5166161609813571
R0-baselined_step100 69 0 7 0.5182621199637651
R0-baselined_step100 69 0 8 0.5093638360267505
R0-baselined_step100 69 0 9 0.5212536660255864
R0-baselined_step100 69 1 0 0.5241687309462577
R0-baselined_step100 69 1 1 0.5215907199308276
R0-baselined_step100 69 1 2 0.514580725110136
R0-baselined_step100 69 1 3 0.5119811339536682
R0-baselined_step100 69 1 4 0.5204789700219408
R0-baselined_step100 69 1 5 0.5145049439743161
R0-baselined_step100 69 1 6 0.5120351669611409
R0-baselined_step100 69 1 7 0.5167916469508782
R0-baselined_step100 69 1 8 0.5035472610034049
R0-baselined_step100 69 1 9 0.5043344598961994
R0-baselined_step100 69 2 0 0.5019414969719946
R0-baselined_step100 69 2 1 0.5001551669556648
R0-baselined_step100 69 2 2 0.5066637569107115
R0-baselined_step100 69 2 3 0.5067936819978058
R0-baselined_step100 69 2 4 0.5064063429599628
R0-baselined_step100 69 2 5 0.5020798969781026
R0-baselined_step100 69 2 6 0.5031260009855032
R0-baselined_step100 69 2 7 0.49595493101514876
R0-baselined_step100 69 2 8 0.503431583987549
R0-baselined_step100 69 2 9 0.5072756370063871
R0-baselined_step100 69 3 0 0.5112589399795979
R0-baselined_step100 69 3 1 0.5029805439990014
R0-baselined_step100 69 3 2 0.5058123370399699
R0-baselined_step100 69 3 3 0.496840268955566
R0-baselined_step100 69 3 4 0.5084305859636515
R0-baselined_step100 69 3 5 0.5025297389365733
R0-baselined_step100 69 3 6 0.49919151596259326
R0-baselined_step100 69 3 7 0.5025967609835789
R0-baselined_step100 69 3 8 0.5046970079420134
R0-baselined_step100 69 3 9 0.4994648169958964
R0-baselined_step100 69 4 0 0.5137091169599444
R0-baselined_step100 69 4 1 0.5044112529139966
R0-baselined_step100 69 4 2 0.5000735759967938
R0-baselined_step100 69 4 3 0.5064742510439828
R0-baselined_step100 69 4 4 0.5100769120035693
R0-baselined_step100 69 4 5 0.5083995290333405
R0-baselined_step100 69 4 6 0.5060917129740119
R0-baselined_step100 69 4 7 0.5147576669696718
R0-baselined_step100 69 4 8 0.5077726889867336
R0-baselined_step100 69 4 9 0.5101280399831012
R0-baselined_step100 69 5 0 0.5149426830466837
R0-baselined_step100 69 5 1 0.5094489699695259
R0-baselined_step100 69 5 2 0.503760372987017
R0-baselined_step100 69 5 3 0.5063405609689653
R0-baselined_step100 69 5 4 0.5087167270248756
R0-baselined_step100 69 5 5 0.4988782199798152
R0-baselined_step100 69 5 6 0.5047013920266181
R0-baselined_step100 69 5 7 0.5049634609604254
R0-baselined_step100 69 5 8 0.5031037520384416
R0-baselined_step100 69 5 9 0.5111068130936474
R0-baselined_step100 69 6 0 0.49715117004234344
R0-baselined_step100 69 6 1 0.5092294230125844
R0-baselined_step100 69 6 2 0.5114993019960821
R0-baselined_step100 69 6 3 0.5147054819390178
R0-baselined_step100 69 6 4 0.5078587949974462
R0-baselined_step100 69 6 5 0.5110217230394483
R0-baselined_step100 69 6 6 0.5165530369849876
R0-baselined_step100 69 6 7 0.49823854002170265
R0-baselined_step100 69 6 8 0.5031983020016924
R0-baselined_step100 69 6 9 0.5114221490221098
R0-baselined_step100 69 7 0 0.5280888120178133
R0-baselined_step100 69 7 1 0.5080867079086602
R0-baselined_step100 69 7 2 0.512595318024978
R0-baselined_step100 69 7 3 0.510227994993329
R0-baselined_step100 69 7 4 0.5162987830117345
R0-baselined_step100 69 7 5 0.5211258189519867
R0-baselined_step100 69 7 6 0.5220536219421774
R0-baselined_step100 69 7 7 0.5153671209700406
R0-baselined_step100 69 7 8 0.5268204299500212
R0-baselined_step100 69 7 9 0.515055135008879
R0-baselined_step100 69 8 0 0.5180373589973897
R0-baselined_step100 69 8 1 0.507649868959561
R0-baselined_step100 69 8 2 0.5081419909838587
R0-baselined_step100 69 8 3 0.5081352520501241
R0-baselined_step100 69 8 4 0.5114519110647961
R0-baselined_step100 69 8 5 0.5090802339836955
R0-baselined_step100 69 8 6 0.5103177269920707
R0-baselined_step100 69 8 7 0.515124851022847
R0-baselined_step100 69 8 8 0.5079303620150313
R0-baselined_step100 69 8 9 0.5098798950202763
R0-baselined_step100 69 9 0 0.5133018660126254
R0-baselined_step100 69 9 1 0.5106970550259575
R0-baselined_step100 69 9 2 0.5168934490066022
R0-baselined_step100 69 9 3 0.5062499491032213
R0-baselined_step100 69 9 4 0.522583064972423
R0-baselined_step100 69 9 5 0.5143459419487044
R0-baselined_step100 69 9 6 0.5092014740221202
R0-baselined_step100 69 9 7 0.5151500270003453
R0-baselined_step100 69 9 8 0.5152250119717792
R0-baselined_step100 69 9 9 0.5206144480034709
R0-baselined_step100 74 0 0 0.7175878329435363
R0-baselined_step100 74 0 1 0.7113294389564544
R0-baselined_step100 74 0 2 0.6975348099367693
R0-baselined_step100 74 0 3 0.7160938510205597
R0-baselined_step100 74 0 4 0.6948344360571355
R0-baselined_step100 74 0 5 0.7060267080087215
R0-baselined_step100 74 0 6 0.7036743239732459
R0-baselined_step100 74 0 7 0.6810370589373633
R0-baselined_step100 74 0 8 0.7044959689956158
R0-baselined_step100 74 0 9 0.6936044149333611
R0-baselined_step100 74 1 0 0.7203714139759541
R0-baselined_step100 74 1 1 0.7153543889289722
R0-baselined_step100 74 1 2 0.7091832139994949
R0-baselined_step100 74 1 3 0.7158214340452105
R0-baselined_step100 74 1 4 0.6879447259707376
R0-baselined_step100 74 1 5 0.7092670920537785
R0-baselined_step100 74 1 6 0.7189616709947586
R0-baselined_step100 74 1 7 0.7227111870888621
R0-baselined_step100 74 1 8 0.6878496248973534
R0-baselined_step100 74 1 9 0.7033651469973847
R0-baselined_step100 74 2 0 0.6918151759309694
R0-baselined_step100 74 2 1 0.7019693900365382
R0-baselined_step100 74 2 2 0.7296126399887726
R0-baselined_step100 74 2 3 0.712034992990084
R0-baselined_step100 74 2 4 0.7088943020207807
R0-baselined_step100 74 2 5 0.702390106045641
R0-baselined_step100 74 2 6 0.7253555989591405
R0-baselined_step100 74 2 7 0.7119703430216759
R0-baselined_step100 74 2 8 0.7115694798994809
R0-baselined_step100 74 2 9 0.7217807000270113
R0-baselined_step100 74 3 0 0.7287069080630317
R0-baselined_step100 74 3 1 0.7086237280163914
R0-baselined_step100 74 3 2 0.7259355679852888
R0-baselined_step100 74 3 3 0.7218815609812737
R0-baselined_step100 74 3 4 0.6854808219941333
R0-baselined_step100 74 3 5 0.7200725630391389
R0-baselined_step100 74 3 6 0.71369877201505
R0-baselined_step100 74 3 7 0.7163041670573875
R0-baselined_step100 74 3 8 0.7176594400079921
R0-baselined_step100 74 3 9 0.7082962390268221
R0-baselined_step100 74 4 0 0.7040679400088266
R0-baselined_step100 74 4 1 0.7183655719272792
R0-baselined_step100 74 4 2 0.6984488849993795
R0-baselined_step100 74 4 3 0.7106668469496071
R0-baselined_step100 74 4 4 0.7132500390289351
R0-baselined_step100 74 4 5 0.7388672590022907
R0-baselined_step100 74 4 6 0.7186760660260916
R0-baselined_step100 74 4 7 0.7111279700184241
R0-baselined_step100 74 4 8 0.725437875953503
R0-baselined_step100 74 4 9 0.7074897160055116
R0-baselined_step100 74 5 0 0.7159593199612573
R0-baselined_step100 74 5 1 0.7406623539282009
R0-baselined_step100 74 5 2 0.7559765480691567
R0-baselined_step100 74 5 3 0.7374110850505531
R0-baselined_step100 74 5 4 0.7287507719593123
R0-baselined_step100 74 5 5 0.734673528932035
R0-baselined_step100 74 5 6 0.7272892000619322
R0-baselined_step100 74 5 7 0.7288325460394844
R0-baselined_step100 74 5 8 0.7392860810505226
R0-baselined_step100 74 5 9 0.7305011280113831
R0-baselined_step100 74 6 0 0.739090317976661
R0-baselined_step100 74 6 1 0.7343382770195603
R0-baselined_step100 74 6 2 0.7354121319949627
R0-baselined_step100 74 6 3 0.720480075920932
R0-baselined_step100 74 6 4 0.7268054360756651
R0-baselined_step100 74 6 5 0.7221793020144105
R0-baselined_step100 74 6 6 0.7376431489828974
R0-baselined_step100 74 6 7 0.724188323947601
R0-baselined_step100 74 6 8 0.7275059729581699
R0-baselined_step100 74 6 9 0.7456835230113938
R0-baselined_step100 74 7 0 0.7390396450646222
R0-baselined_step100 74 7 1 0.7301867799833417
R0-baselined_step100 74 7 2 0.7354474590392783
R0-baselined_step100 74 7 3 0.7269959570840001
R0-baselined_step100 74 7 4 0.7264086160575971
R0-baselined_step100 74 7 5 0.7221329209860414
R0-baselined_step100 74 7 6 0.7524405450094491
R0-baselined_step100 74 7 7 0.730632105958648
R0-baselined_step100 74 7 8 0.7290338110178709
R0-baselined_step100 74 7 9 0.7278370290296152
R0-baselined_step100 74 8 0 0.7313195379683748
R0-baselined_step100 74 8 1 0.7348865160020068
R0-baselined_step100 74 8 2 0.740702060982585
R0-baselined_step100 74 8 3 0.7353028929792345
R0-baselined_step100 74 8 4 0.7549562640488148
R0-baselined_step100 74 8 5 0.738172382931225
R0-baselined_step100 74 8 6 0.7471320059848949
R0-baselined_step100 74 8 7 0.7272969839395955
R0-baselined_step100 74 8 8 0.7326580929802731
R0-baselined_step100 74 8 9 0.7269808370620012
R0-baselined_step100 74 9 0 0.722230490995571
R0-baselined_step100 74 9 1 0.7490644609788433
R0-baselined_step100 74 9 2 0.7475790670141578
R0-baselined_step100 74 9 3 0.7432750529842451
R0-baselined_step100 74 9 4 0.7388907799031585
R0-baselined_step100 74 9 5 0.7346878779353574
R0-baselined_step100 74 9 6 0.7361521630082279
R0-baselined_step100 74 9 7 0.7351334349950776
R0-baselined_step100 74 9 8 0.724339023930952
R0-baselined_step100 74 9 9 0.7401960339630023
R0-baselined_step100 78 0 0 1.1735098059289157
R0-baselined_step100 78 0 1 1.1964529149699956
R0-baselined_step100 78 0 2 1.175402102060616
R0-baselined_step100 78 0 3 1.153859818005003
R0-baselined_step100 78 0 4 1.202500091982074
R0-baselined_step100 78 0 5 1.2144726439146325
R0-baselined_step100 78 0 6 1.2231910389382392
R0-baselined_step100 78 0 7 1.1941993959480897
R0-baselined_step100 78 0 8 1.1940691419877112
R0-baselined_step100 78 0 9 1.1762899059103802
R0-baselined_step100 78 1 0 1.2065520340111107
R0-baselined_step100 78 1 1 1.1715147061040625
R0-baselined_step100 78 1 2 1.1881436940748245
R0-baselined_step100 78 1 3 1.2020731089869514
R0-baselined_step100 78 1 4 1.1649341270094737
R0-baselined_step100 78 1 5 1.1594929420389235
R0-baselined_step100 78 1 6 1.1437497190199792
R0-baselined_step100 78 1 7 1.146340278093703
R0-baselined_step100 78 1 8 1.146597341983579
R0-baselined_step100 78 1 9 1.1541536540025845
R0-baselined_step100 78 2 0 1.1984355479944497
R0-baselined_step100 78 2 1 1.1982836889801547
R0-baselined_step100 78 2 2 1.2337049470515922
R0-baselined_step100 78 2 3 1.2350463310722262
R0-baselined_step100 78 2 4 1.2219424729701132
R0-baselined_step100 78 2 5 1.2060796449659392
R0-baselined_step100 78 2 6 1.2110294089652598
R0-baselined_step100 78 2 7 1.2069154310738668
R0-baselined_step100 78 2 8 1.2184155220165849
R0-baselined_step100 78 2 9 1.227130788960494
R0-baselined_step100 78 3 0 1.2006706249667332
R0-baselined_step100 78 3 1 1.2185101460199803
R0-baselined_step100 78 3 2 1.2036693500122055
R0-baselined_step100 78 3 3 1.2129245470277965
R0-baselined_step100 78 3 4 1.1874401740496978
R0-baselined_step100 78 3 5 1.1972405830165371
R0-baselined_step100 78 3 6 1.2132206610403955
R0-baselined_step100 78 3 7 1.1824900640640408
R0-baselined_step100 78 3 8 1.225701012997888
R0-baselined_step100 78 3 9 1.2138710570288822
R0-baselined_step100 78 4 0 1.2101069989148527
R0-baselined_step100 78 4 1 1.1986814850242808
R0-baselined_step100 78 4 2 1.2419846929842606
R0-baselined_step100 78 4 3 1.1868295399472117
R0-baselined_step100 78 4 4 1.192258764989674
R0-baselined_step100 78 4 5 1.2025749059394002
R0-baselined_step100 78 4 6 1.1991883120499551
R0-baselined_step100 78 4 7 1.214668225031346
R0-baselined_step100 78 4 8 1.2234201220562682
R0-baselined_step100 78 4 9 1.2279817250091583
R0-baselined_step100 78 5 0 1.2474277711007744
R0-baselined_step100 78 5 1 1.2160421720473096
R0-baselined_step100 78 5 2 1.210315349046141
R0-baselined_step100 78 5 3 1.2207126909634098
R0-baselined_step100 78 5 4 1.212134400033392
R0-baselined_step100 78 5 5 1.2085071010515094
R0-baselined_step100 78 5 6 1.21317821694538
R0-baselined_step100 78 5 7 1.1901032939786091
R0-baselined_step100 78 5 8 1.1907914991024882
R0-baselined_step100 78 5 9 1.1941998499678448
R0-baselined_step100 78 6 0 1.2128064770950004
R0-baselined_step100 78 6 1 1.2105431930394843
R0-baselined_step100 78 6 2 1.2026155369821936
R0-baselined_step100 78 6 3 1.2063998030498624
R0-baselined_step100 78 6 4 1.209153383038938
R0-baselined_step100 78 6 5 1.2259026300162077
R0-baselined_step100 78 6 6 1.2210617460077628
R0-baselined_step100 78 6 7 1.1957281450740993
R0-baselined_step100 78 6 8 1.2191676530055702
R0-baselined_step100 78 6 9 1.2357463180087507
R0-baselined_step100 78 7 0 1.2277809269726276
R0-baselined_step100 78 7 1 1.197235094034113
R0-baselined_step100 78 7 2 1.220944638014771
R0-baselined_step100 78 7 3 1.199634392047301
R0-baselined_step100 78 7 4 1.2065860459115356
R0-baselined_step100 78 7 5 1.2134240840096027
R0-baselined_step100 78 7 6 1.2219989680452272
R0-baselined_step100 78 7 7 1.2228239750256762
R0-baselined_step100 78 7 8 1.2471400289796293
R0-baselined_step100 78 7 9 1.223905159975402
R0-baselined_step100 78 8 0 1.2158778980374336
R0-baselined_step100 78 8 1 1.2262745120096952
R0-baselined_step100 78 8 2 1.2384534660959616
R0-baselined_step100 78 8 3 1.2243255900684744
R0-baselined_step100 78 8 4 1.205229479004629
R0-baselined_step100 78 8 5 1.2185848950175568
R0-baselined_step100 78 8 6 1.2086269800784066
R0-baselined_step100 78 8 7 1.1979595680022612
R0-baselined_step100 78 8 8 1.206121739000082
R0-baselined_step100 78 8 9 1.2190561559982598
R0-baselined_step100 78 9 0 1.2020802759798244
R0-baselined_step100 78 9 1 1.2070192240644246
R0-baselined_step100 78 9 2 1.2253629539627582
R0-baselined_step100 78 9 3 1.2202792760217562
R0-baselined_step100 78 9 4 1.2178365860600024
R0-baselined_step100 78 9 5 1.220911420066841
R0-baselined_step100 78 9 6 1.2061006330186501
R0-baselined_step100 78 9 7 1.2237387269269675
R0-baselined_step100 78 9 8 1.2258171759312972
R0-baselined_step100 78 9 9 1.2046269959537312
{'model': 'R0-baselined_step100', 'completed_pairs': 2000, 'requested_pairs': 2000, 'completed': True, 'complete_source_count': 20, 'FRD': 130.68060319664423, 'new_pairs': 2000, 'wall_seconds': 472.23886101704556}
