R1-calibrated_step100 0 0 0 0.8995208459673449
R1-calibrated_step100 0 0 1 0.11646241205744445
R1-calibrated_step100 0 0 2 0.09649861801881343
R1-calibrated_step100 0 0 3 0.09414543502498418
R1-calibrated_step100 0 0 4 0.09550130402203649
R1-calibrated_step100 0 0 5 0.09347703901585191
R1-calibrated_step100 0 0 6 0.09897362592164427
R1-calibrated_step100 0 0 7 0.09241396700963378
R1-calibrated_step100 0 0 8 0.09748661401681602
R1-calibrated_step100 0 0 9 0.09350478206761181
R1-calibrated_step100 0 1 0 0.09447480994276702
R1-calibrated_step100 0 1 1 0.09933454601559788
R1-calibrated_step100 0 1 2 0.09556650707963854
R1-calibrated_step100 0 1 3 0.10297811997588724
R1-calibrated_step100 0 1 4 0.09759119397494942
R1-calibrated_step100 0 1 5 0.10598221607506275
R1-calibrated_step100 0 1 6 0.10516920301597565
R1-calibrated_step100 0 1 7 0.1027979759965092
R1-calibrated_step100 0 1 8 0.09621494298335165
R1-calibrated_step100 0 1 9 0.10706690896768123
R1-calibrated_step100 0 2 0 0.1061981429811567
R1-calibrated_step100 0 2 1 0.10160917602479458
R1-calibrated_step100 0 2 2 0.09602432302199304
R1-calibrated_step100 0 2 3 0.09805695409886539
R1-calibrated_step100 0 2 4 0.10294665000401437
R1-calibrated_step100 0 2 5 0.09554137696977705
R1-calibrated_step100 0 2 6 0.09752773097716272
R1-calibrated_step100 0 2 7 0.09576243499759585
R1-calibrated_step100 0 2 8 0.1116689759073779
R1-calibrated_step100 0 2 9 0.10632746096234769
R1-calibrated_step100 0 3 0 0.10264779801946133
R1-calibrated_step100 0 3 1 0.10235913400538266
R1-calibrated_step100 0 3 2 0.09075081197079271
R1-calibrated_step100 0 3 3 0.097914899000898
R1-calibrated_step100 0 3 4 0.10115978796966374
R1-calibrated_step100 0 3 5 0.09407538000959903
R1-calibrated_step100 0 3 6 0.09530019795056432
R1-calibrated_step100 0 3 7 0.09542269690427929
R1-calibrated_step100 0 3 8 0.09521199099253863
R1-calibrated_step100 0 3 9 0.09556692000478506
R1-calibrated_step100 0 4 0 0.09316389192827046
R1-calibrated_step100 0 4 1 0.09155022201593965
R1-calibrated_step100 0 4 2 0.09163619391620159
R1-calibrated_step100 0 4 3 0.09406093193683773
R1-calibrated_step100 0 4 4 0.11749020090792328
R1-calibrated_step100 0 4 5 0.10324665508233011
R1-calibrated_step100 0 4 6 0.09755902795586735
R1-calibrated_step100 0 4 7 0.09328907204326242
R1-calibrated_step100 0 4 8 0.0978426419897005
R1-calibrated_step100 0 4 9 0.093743518111296
R1-calibrated_step100 0 5 0 0.0948570870095864
R1-calibrated_step100 0 5 1 0.0984346370678395
R1-calibrated_step100 0 5 2 0.09488752391189337
R1-calibrated_step100 0 5 3 0.09769441396929324
R1-calibrated_step100 0 5 4 0.10243971494492143
R1-calibrated_step100 0 5 5 0.09645710606127977
R1-calibrated_step100 0 5 6 0.10039838205557317
R1-calibrated_step100 0 5 7 0.09949102299287915
R1-calibrated_step100 0 5 8 0.09793773596175015
R1-calibrated_step100 0 5 9 0.09290905005764216
R1-calibrated_step100 0 6 0 0.09668169904034585
R1-calibrated_step100 0 6 1 0.09602029295638204
R1-calibrated_step100 0 6 2 0.09529360302258283
R1-calibrated_step100 0 6 3 0.1204105420038104
R1-calibrated_step100 0 6 4 0.09482755593489856
R1-calibrated_step100 0 6 5 0.09520298801362514
R1-calibrated_step100 0 6 6 0.09292585600633174
R1-calibrated_step100 0 6 7 0.09070532093755901
R1-calibrated_step100 0 6 8 0.09478608099743724
R1-calibrated_step100 0 6 9 0.09454573795665056
R1-calibrated_step100 0 7 0 0.09260845801327378
R1-calibrated_step100 0 7 1 0.09574437700212002
R1-calibrated_step100 0 7 2 0.09347813599742949
R1-calibrated_step100 0 7 3 0.08964602497871965
R1-calibrated_step100 0 7 4 0.0937886320753023
R1-calibrated_step100 0 7 5 0.09232729102950543
R1-calibrated_step100 0 7 6 0.09197838499676436
R1-calibrated_step100 0 7 7 0.09215075895190239
R1-calibrated_step100 0 7 8 0.09509790199808776
R1-calibrated_step100 0 7 9 0.09456530003808439
R1-calibrated_step100 0 8 0 0.09390849201008677
R1-calibrated_step100 0 8 1 0.09805107803549618
R1-calibrated_step100 0 8 2 0.09665941598359495
R1-calibrated_step100 0 8 3 0.10173760505858809
R1-calibrated_step100 0 8 4 0.09243129706010222
R1-calibrated_step100 0 8 5 0.09377561195287853
R1-calibrated_step100 0 8 6 0.09325895202346146
R1-calibrated_step100 0 8 7 0.09295949700754136
R1-calibrated_step100 0 8 8 0.0915149450302124
R1-calibrated_step100 0 8 9 0.0962789619807154
R1-calibrated_step100 0 9 0 0.09361052408348769
R1-calibrated_step100 0 9 1 0.09552826802246273
R1-calibrated_step100 0 9 2 0.09345451998524368
R1-calibrated_step100 0 9 3 0.09817723999731243
R1-calibrated_step100 0 9 4 0.09223177505191416
R1-calibrated_step100 0 9 5 0.10023833403829485
R1-calibrated_step100 0 9 6 0.09474821109324694
R1-calibrated_step100 0 9 7 0.09395728202071041
R1-calibrated_step100 0 9 8 0.09577661997172982
R1-calibrated_step100 0 9 9 0.09191402094438672
R1-calibrated_step100 6 0 0 0.14532711799256504
R1-calibrated_step100 6 0 1 0.14545330603141338
R1-calibrated_step100 6 0 2 0.14454486302565783
R1-calibrated_step100 6 0 3 0.1488961239811033
R1-calibrated_step100 6 0 4 0.1477512390119955
R1-calibrated_step100 6 0 5 0.15017219504807144
R1-calibrated_step100 6 0 6 0.1501490200171247
R1-calibrated_step100 6 0 7 0.14630071900319308
R1-calibrated_step100 6 0 8 0.15358430391643196
R1-calibrated_step100 6 0 9 0.14751881500706077
R1-calibrated_step100 6 1 0 0.14519150799605995
R1-calibrated_step100 6 1 1 0.15135988011024892
R1-calibrated_step100 6 1 2 0.15601080399937928
R1-calibrated_step100 6 1 3 0.15175821993034333
R1-calibrated_step100 6 1 4 0.14821582403965294
R1-calibrated_step100 6 1 5 0.14445263193920255
R1-calibrated_step100 6 1 6 0.14657574298325926
R1-calibrated_step100 6 1 7 0.15319317602552474
R1-calibrated_step100 6 1 8 0.14925263507757336
R1-calibrated_step100 6 1 9 0.15221705101430416
R1-calibrated_step100 6 2 0 0.1482828470179811
R1-calibrated_step100 6 2 1 0.14526984910480678
R1-calibrated_step100 6 2 2 0.14746581693179905
R1-calibrated_step100 6 2 3 0.1475972249172628
R1-calibrated_step100 6 2 4 0.15099352900870144
R1-calibrated_step100 6 2 5 0.1489626649999991
R1-calibrated_step100 6 2 6 0.14772041304968297
R1-calibrated_step100 6 2 7 0.15037523698993027
R1-calibrated_step100 6 2 8 0.14901370997540653
R1-calibrated_step100 6 2 9 0.15013887092936784
R1-calibrated_step100 6 3 0 0.14620322396513075
R1-calibrated_step100 6 3 1 0.15368217404466122
R1-calibrated_step100 6 3 2 0.14831943798344582
R1-calibrated_step100 6 3 3 0.16049491602461785
R1-calibrated_step100 6 3 4 0.15561110200360417
R1-calibrated_step100 6 3 5 0.15598663897253573
R1-calibrated_step100 6 3 6 0.14439685607794672
R1-calibrated_step100 6 3 7 0.1532512460835278
R1-calibrated_step100 6 3 8 0.15714892593678087
R1-calibrated_step100 6 3 9 0.15037859603762627
R1-calibrated_step100 6 4 0 0.1533845519879833
R1-calibrated_step100 6 4 1 0.15588646696414798
R1-calibrated_step100 6 4 2 0.15194866596721113
R1-calibrated_step100 6 4 3 0.1560209810268134
R1-calibrated_step100 6 4 4 0.15860580804292113
R1-calibrated_step100 6 4 5 0.1548565529519692
R1-calibrated_step100 6 4 6 0.15228972490876913
R1-calibrated_step100 6 4 7 0.162690847995691
R1-calibrated_step100 6 4 8 0.1545507360715419
R1-calibrated_step100 6 4 9 0.15071604901459068
R1-calibrated_step100 6 5 0 0.15306236408650875
R1-calibrated_step100 6 5 1 0.15644003299530596
R1-calibrated_step100 6 5 2 0.15182731894310564
R1-calibrated_step100 6 5 3 0.1484504850814119
R1-calibrated_step100 6 5 4 0.15479389089159667
R1-calibrated_step100 6 5 5 0.15057594096288085
R1-calibrated_step100 6 5 6 0.15107309794984758
R1-calibrated_step100 6 5 7 0.15414119604974985
R1-calibrated_step100 6 5 8 0.15014856099151075
R1-calibrated_step100 6 5 9 0.15326200099661946
R1-calibrated_step100 6 6 0 0.15045472898054868
R1-calibrated_step100 6 6 1 0.15010667208116502
R1-calibrated_step100 6 6 2 0.15572052402421832
R1-calibrated_step100 6 6 3 0.15183412097394466
R1-calibrated_step100 6 6 4 0.15212742798030376
R1-calibrated_step100 6 6 5 0.15092360798735172
R1-calibrated_step100 6 6 6 0.14383487799204886
R1-calibrated_step100 6 6 7 0.14169756800401956
R1-calibrated_step100 6 6 8 0.14310649398248643
R1-calibrated_step100 6 6 9 0.14200070896185935
R1-calibrated_step100 6 7 0 0.14348085306119174
R1-calibrated_step100 6 7 1 0.1431030040839687
R1-calibrated_step100 6 7 2 0.14298695500474423
R1-calibrated_step100 6 7 3 0.14529771101661026
R1-calibrated_step100 6 7 4 0.14477779006119817
R1-calibrated_step100 6 7 5 0.14436796796508133
R1-calibrated_step100 6 7 6 0.1418818619567901
R1-calibrated_step100 6 7 7 0.14014852803666145
R1-calibrated_step100 6 7 8 0.14068902004510164
R1-calibrated_step100 6 7 9 0.14504525100346655
R1-calibrated_step100 6 8 0 0.1475243850145489
R1-calibrated_step100 6 8 1 0.15283029607962817
R1-calibrated_step100 6 8 2 0.14742149994708598
R1-calibrated_step100 6 8 3 0.14377729198895395
R1-calibrated_step100 6 8 4 0.14314560394268483
R1-calibrated_step100 6 8 5 0.1413111680885777
R1-calibrated_step100 6 8 6 0.1437670880695805
R1-calibrated_step100 6 8 7 0.1438233230728656
R1-calibrated_step100 6 8 8 0.14831134397536516
R1-calibrated_step100 6 8 9 0.14534062496386468
R1-calibrated_step100 6 9 0 0.1431304180296138
R1-calibrated_step100 6 9 1 0.14277272706385702
R1-calibrated_step100 6 9 2 0.14487808791454881
R1-calibrated_step100 6 9 3 0.14189489500131458
R1-calibrated_step100 6 9 4 0.1458122490439564
R1-calibrated_step100 6 9 5 0.13568174198735505
R1-calibrated_step100 6 9 6 0.14528496493585408
R1-calibrated_step100 6 9 7 0.14803416701033711
R1-calibrated_step100 6 9 8 0.14109233708586544
R1-calibrated_step100 6 9 9 0.14473899209406227
R1-calibrated_step100 9 0 0 0.050069567980244756
R1-calibrated_step100 9 0 1 0.04295029700733721
R1-calibrated_step100 9 0 2 0.04274317598901689
R1-calibrated_step100 9 0 3 0.04323599499184638
R1-calibrated_step100 9 0 4 0.04399158991873264
R1-calibrated_step100 9 0 5 0.04531050706282258
R1-calibrated_step100 9 0 6 0.045378454960882664
R1-calibrated_step100 9 0 7 0.042518934002146125
R1-calibrated_step100 9 0 8 0.0452757109887898
R1-calibrated_step100 9 0 9 0.04334224492777139
R1-calibrated_step100 9 1 0 0.04189482796937227
R1-calibrated_step100 9 1 1 0.042032566969282925
R1-calibrated_step100 9 1 2 0.045031551038846374
R1-calibrated_step100 9 1 3 0.0440750370034948
R1-calibrated_step100 9 1 4 0.043586325948126614
R1-calibrated_step100 9 1 5 0.04272451193537563
R1-calibrated_step100 9 1 6 0.04445999290328473
R1-calibrated_step100 9 1 7 0.0427003379445523
R1-calibrated_step100 9 1 8 0.04386337101459503
R1-calibrated_step100 9 1 9 0.04744521202519536
R1-calibrated_step100 9 2 0 0.043054845998995006
R1-calibrated_step100 9 2 1 0.043544740066863596
R1-calibrated_step100 9 2 2 0.04287201107945293
R1-calibrated_step100 9 2 3 0.04379049292765558
R1-calibrated_step100 9 2 4 0.042776971007697284
R1-calibrated_step100 9 2 5 0.043570387992076576
R1-calibrated_step100 9 2 6 0.048015577951446176
R1-calibrated_step100 9 2 7 0.04279442492406815
R1-calibrated_step100 9 2 8 0.04221218707971275
R1-calibrated_step100 9 2 9 0.04319950903300196
R1-calibrated_step100 9 3 0 0.04188515094574541
R1-calibrated_step100 9 3 1 0.042741726036183536
R1-calibrated_step100 9 3 2 0.043260673992335796
R1-calibrated_step100 9 3 3 0.0428569020004943
R1-calibrated_step100 9 3 4 0.04474333894904703
R1-calibrated_step100 9 3 5 0.043649396975524724
R1-calibrated_step100 9 3 6 0.044984513078816235
R1-calibrated_step100 9 3 7 0.04063856101129204
R1-calibrated_step100 9 3 8 0.042549422942101955
R1-calibrated_step100 9 3 9 0.045849646092392504
R1-calibrated_step100 9 4 0 0.04517688800115138
R1-calibrated_step100 9 4 1 0.04456899210345
R1-calibrated_step100 9 4 2 0.04442501103039831
R1-calibrated_step100 9 4 3 0.044665473978966475
R1-calibrated_step100 9 4 4 0.04505048994906247
R1-calibrated_step100 9 4 5 0.04496258497238159
R1-calibrated_step100 9 4 6 0.0455675539560616
R1-calibrated_step100 9 4 7 0.04497902502771467
R1-calibrated_step100 9 4 8 0.04487277497537434
R1-calibrated_step100 9 4 9 0.04531520896125585
R1-calibrated_step100 9 5 0 0.04314123105723411
R1-calibrated_step100 9 5 1 0.043484798981808126
R1-calibrated_step100 9 5 2 0.044092453084886074
R1-calibrated_step100 9 5 3 0.04389110498595983
R1-calibrated_step100 9 5 4 0.04455905396025628
R1-calibrated_step100 9 5 5 0.04313594999257475
R1-calibrated_step100 9 5 6 0.04377035691868514
R1-calibrated_step100 9 5 7 0.04469686304219067
R1-calibrated_step100 9 5 8 0.043079724069684744
R1-calibrated_step100 9 5 9 0.04502539290115237
R1-calibrated_step100 9 6 0 0.046349368058145046
R1-calibrated_step100 9 6 1 0.04438378300983459
R1-calibrated_step100 9 6 2 0.044405144988559186
R1-calibrated_step100 9 6 3 0.04409434902481735
R1-calibrated_step100 9 6 4 0.043213509023189545
R1-calibrated_step100 9 6 5 0.04330890893470496
R1-calibrated_step100 9 6 6 0.04779427405446768
R1-calibrated_step100 9 6 7 0.04555101506412029
R1-calibrated_step100 9 6 8 0.04250078496988863
R1-calibrated_step100 9 6 9 0.042929291957989335
R1-calibrated_step100 9 7 0 0.04614366195164621
R1-calibrated_step100 9 7 1 0.04400819796137512
R1-calibrated_step100 9 7 2 0.042280299006961286
R1-calibrated_step100 9 7 3 0.04635358904488385
R1-calibrated_step100 9 7 4 0.04310716805048287
R1-calibrated_step100 9 7 5 0.04207600397057831
R1-calibrated_step100 9 7 6 0.0413063830928877
R1-calibrated_step100 9 7 7 0.04348914802540094
R1-calibrated_step100 9 7 8 0.04507114994339645
R1-calibrated_step100 9 7 9 0.042319503030739725
R1-calibrated_step100 9 8 0 0.0436351039679721
R1-calibrated_step100 9 8 1 0.04542270302772522
R1-calibrated_step100 9 8 2 0.04274600697681308
R1-calibrated_step100 9 8 3 0.04228683200199157
R1-calibrated_step100 9 8 4 0.04498419805895537
R1-calibrated_step100 9 8 5 0.04327116906642914
R1-calibrated_step100 9 8 6 0.0428633299889043
R1-calibrated_step100 9 8 7 0.0432902550091967
R1-calibrated_step100 9 8 8 0.04513652506284416
R1-calibrated_step100 9 8 9 0.041742317029275
R1-calibrated_step100 9 9 0 0.04251279996242374
R1-calibrated_step100 9 9 1 0.04341928893700242
R1-calibrated_step100 9 9 2 0.04521882103290409
R1-calibrated_step100 9 9 3 0.04404213197994977
R1-calibrated_step100 9 9 4 0.04426616500131786
R1-calibrated_step100 9 9 5 0.04290904605295509
R1-calibrated_step100 9 9 6 0.04161317297257483
R1-calibrated_step100 9 9 7 0.04314592306036502
R1-calibrated_step100 9 9 8 0.045838269055821
R1-calibrated_step100 9 9 9 0.04661230894271284
R1-calibrated_step100 12 0 0 0.43953201500698924
R1-calibrated_step100 12 0 1 0.42340127599891275
R1-calibrated_step100 12 0 2 0.4270008219173178
R1-calibrated_step100 12 0 3 0.42714387900196016
R1-calibrated_step100 12 0 4 0.42497182392980903
R1-calibrated_step100 12 0 5 0.43041617004200816
R1-calibrated_step100 12 0 6 0.4277777730021626
R1-calibrated_step100 12 0 7 0.4267682550707832
R1-calibrated_step100 12 0 8 0.4286963519407436
R1-calibrated_step100 12 0 9 0.42725493502803147
R1-calibrated_step100 12 1 0 0.42511094990186393
R1-calibrated_step100 12 1 1 0.4220587849849835
R1-calibrated_step100 12 1 2 0.4229201200651005
R1-calibrated_step100 12 1 3 0.4136883489554748
R1-calibrated_step100 12 1 4 0.42168476106598973
R1-calibrated_step100 12 1 5 0.4235742569435388
R1-calibrated_step100 12 1 6 0.4230663499329239
R1-calibrated_step100 12 1 7 0.42731280298903584
R1-calibrated_step100 12 1 8 0.4242255029967055
R1-calibrated_step100 12 1 9 0.4237251179292798
R1-calibrated_step100 12 2 0 0.42612867895513773
R1-calibrated_step100 12 2 1 0.43114552192855626
R1-calibrated_step100 12 2 2 0.4119897950440645
R1-calibrated_step100 12 2 3 0.4275383339263499
R1-calibrated_step100 12 2 4 0.44137718505226076
R1-calibrated_step100 12 2 5 0.445911169052124
R1-calibrated_step100 12 2 6 0.4365036078961566
R1-calibrated_step100 12 2 7 0.4202591920038685
R1-calibrated_step100 12 2 8 0.43081574398092926
R1-calibrated_step100 12 2 9 0.4334108210168779
R1-calibrated_step100 12 3 0 0.4328629580559209
R1-calibrated_step100 12 3 1 0.4332458970602602
R1-calibrated_step100 12 3 2 0.42442577390465885
R1-calibrated_step100 12 3 3 0.4321651910431683
R1-calibrated_step100 12 3 4 0.4271492169937119
R1-calibrated_step100 12 3 5 0.4252384779974818
R1-calibrated_step100 12 3 6 0.4265480019384995
R1-calibrated_step100 12 3 7 0.42355501593556255
R1-calibrated_step100 12 3 8 0.4347300389781594
R1-calibrated_step100 12 3 9 0.43584902002476156
R1-calibrated_step100 12 4 0 0.4392047900473699
R1-calibrated_step100 12 4 1 0.420430417987518
R1-calibrated_step100 12 4 2 0.42100757895968854
R1-calibrated_step100 12 4 3 0.4286484639160335
R1-calibrated_step100 12 4 4 0.42734049691352993
R1-calibrated_step100 12 4 5 0.42881997290533036
R1-calibrated_step100 12 4 6 0.43522579898126423
R1-calibrated_step100 12 4 7 0.4345030860276893
R1-calibrated_step100 12 4 8 0.43363343202508986
R1-calibrated_step100 12 4 9 0.43228466296568513
R1-calibrated_step100 12 5 0 0.4302035489818081
R1-calibrated_step100 12 5 1 0.4288067150628194
R1-calibrated_step100 12 5 2 0.43625894794240594
R1-calibrated_step100 12 5 3 0.4324242239817977
R1-calibrated_step100 12 5 4 0.4212142010219395
R1-calibrated_step100 12 5 5 0.43267099803779274
R1-calibrated_step100 12 5 6 0.42518430098425597
R1-calibrated_step100 12 5 7 0.4283095570281148
R1-calibrated_step100 12 5 8 0.4344721430679783
R1-calibrated_step100 12 5 9 0.4295437029795721
R1-calibrated_step100 12 6 0 0.4333996169734746
R1-calibrated_step100 12 6 1 0.43205290706828237
R1-calibrated_step100 12 6 2 0.4295726050622761
R1-calibrated_step100 12 6 3 0.4300321559421718
R1-calibrated_step100 12 6 4 0.4392918280791491
R1-calibrated_step100 12 6 5 0.43684429093264043
R1-calibrated_step100 12 6 6 0.42816097498871386
R1-calibrated_step100 12 6 7 0.43218250200152397
R1-calibrated_step100 12 6 8 0.43178394390270114
R1-calibrated_step100 12 6 9 0.4276915959781036
R1-calibrated_step100 12 7 0 0.427978154970333
R1-calibrated_step100 12 7 1 0.43374907004181296
R1-calibrated_step100 12 7 2 0.43173798895440996
R1-calibrated_step100 12 7 3 0.42391585698351264
R1-calibrated_step100 12 7 4 0.43788868992123753
R1-calibrated_step100 12 7 5 0.43227517197374254
R1-calibrated_step100 12 7 6 0.4362885570153594
R1-calibrated_step100 12 7 7 0.42916615901049227
R1-calibrated_step100 12 7 8 0.4387308709556237
R1-calibrated_step100 12 7 9 0.43110520695336163
R1-calibrated_step100 12 8 0 0.4315066080307588
R1-calibrated_step100 12 8 1 0.42628542706370354
R1-calibrated_step100 12 8 2 0.4317606519907713
R1-calibrated_step100 12 8 3 0.42187061498407274
R1-calibrated_step100 12 8 4 0.4283889119978994
R1-calibrated_step100 12 8 5 0.4266762980259955
R1-calibrated_step100 12 8 6 0.4322750559076667
R1-calibrated_step100 12 8 7 0.4309793129796162
R1-calibrated_step100 12 8 8 0.4345221280818805
R1-calibrated_step100 12 8 9 0.43465381290297955
R1-calibrated_step100 12 9 0 0.4335677840281278
R1-calibrated_step100 12 9 1 0.428217047941871
R1-calibrated_step100 12 9 2 0.4304105939809233
R1-calibrated_step100 12 9 3 0.4314793450757861
R1-calibrated_step100 12 9 4 0.4393966660136357
R1-calibrated_step100 12 9 5 0.43564734200481325
R1-calibrated_step100 12 9 6 0.43432159698568285
R1-calibrated_step100 12 9 7 0.43937567400280386
R1-calibrated_step100 12 9 8 0.4337207550415769
R1-calibrated_step100 12 9 9 0.4319199320161715
R1-calibrated_step100 18 0 0 0.10967055102810264
R1-calibrated_step100 18 0 1 0.10516119108069688
R1-calibrated_step100 18 0 2 0.1021961779333651
R1-calibrated_step100 18 0 3 0.10497480304911733
R1-calibrated_step100 18 0 4 0.10419035295490175
R1-calibrated_step100 18 0 5 0.10701685689855367
R1-calibrated_step100 18 0 6 0.10688885592389852
R1-calibrated_step100 18 0 7 0.10523913300130516
R1-calibrated_step100 18 0 8 0.10883512801956385
R1-calibrated_step100 18 0 9 0.10909356595948339
R1-calibrated_step100 18 1 0 0.10424972593318671
R1-calibrated_step100 18 1 1 0.10596978198736906
R1-calibrated_step100 18 1 2 0.10732998210005462
R1-calibrated_step100 18 1 3 0.11062446795403957
R1-calibrated_step100 18 1 4 0.10727210307959467
R1-calibrated_step100 18 1 5 0.10514342598617077
R1-calibrated_step100 18 1 6 0.10853731096722186
R1-calibrated_step100 18 1 7 0.10762208292726427
R1-calibrated_step100 18 1 8 0.10622662992682308
R1-calibrated_step100 18 1 9 0.1021182369440794
R1-calibrated_step100 18 2 0 0.10688134399242699
R1-calibrated_step100 18 2 1 0.10437030100729316
R1-calibrated_step100 18 2 2 0.10815912007819861
R1-calibrated_step100 18 2 3 0.10568191600032151
R1-calibrated_step100 18 2 4 0.10325526597443968
R1-calibrated_step100 18 2 5 0.10507321695331484
R1-calibrated_step100 18 2 6 0.10796251997817308
R1-calibrated_step100 18 2 7 0.10412970697507262
R1-calibrated_step100 18 2 8 0.10804934392217547
R1-calibrated_step100 18 2 9 0.10534803592599928
R1-calibrated_step100 18 3 0 0.10697630106005818
R1-calibrated_step100 18 3 1 0.10770397598389536
R1-calibrated_step100 18 3 2 0.10379600198939443
R1-calibrated_step100 18 3 3 0.10945512994658202
R1-calibrated_step100 18 3 4 0.10427116800565273
R1-calibrated_step100 18 3 5 0.11051551206037402
R1-calibrated_step100 18 3 6 0.1061539399670437
R1-calibrated_step100 18 3 7 0.11141870694700629
R1-calibrated_step100 18 3 8 0.10346567700617015
R1-calibrated_step100 18 3 9 0.10323912103194743
R1-calibrated_step100 18 4 0 0.1067280889255926
R1-calibrated_step100 18 4 1 0.10470367898233235
R1-calibrated_step100 18 4 2 0.10472895600832999
R1-calibrated_step100 18 4 3 0.10184703709091991
R1-calibrated_step100 18 4 4 0.10863051901105791
R1-calibrated_step100 18 4 5 0.10428412607870996
R1-calibrated_step100 18 4 6 0.10826647095382214
R1-calibrated_step100 18 4 7 0.10770498204510659
R1-calibrated_step100 18 4 8 0.10784309194423258
R1-calibrated_step100 18 4 9 0.10681486502289772
R1-calibrated_step100 18 5 0 0.10556728194933385
R1-calibrated_step100 18 5 1 0.10621509398333728
R1-calibrated_step100 18 5 2 0.10745586594566703
R1-calibrated_step100 18 5 3 0.10605424095410854
R1-calibrated_step100 18 5 4 0.10824326204601675
R1-calibrated_step100 18 5 5 0.10640291904564947
R1-calibrated_step100 18 5 6 0.10472063394263387
R1-calibrated_step100 18 5 7 0.10600769298616797
R1-calibrated_step100 18 5 8 0.1066247490234673
R1-calibrated_step100 18 5 9 0.1064409950049594
R1-calibrated_step100 18 6 0 0.10599252802785486
R1-calibrated_step100 18 6 1 0.10953352099750191
R1-calibrated_step100 18 6 2 0.10327053198125213
R1-calibrated_step100 18 6 3 0.10743662400636822
R1-calibrated_step100 18 6 4 0.10609942011069506
R1-calibrated_step100 18 6 5 0.10403709800448269
R1-calibrated_step100 18 6 6 0.10709594201762229
R1-calibrated_step100 18 6 7 0.10754036891739815
R1-calibrated_step100 18 6 8 0.10714709199965
R1-calibrated_step100 18 6 9 0.10549348988570273
R1-calibrated_step100 18 7 0 0.1070377950090915
R1-calibrated_step100 18 7 1 0.1075908689526841
R1-calibrated_step100 18 7 2 0.1023514699190855
R1-calibrated_step100 18 7 3 0.10623660299461335
R1-calibrated_step100 18 7 4 0.10211599606554955
R1-calibrated_step100 18 7 5 0.1064382940530777
R1-calibrated_step100 18 7 6 0.10446054092608392
R1-calibrated_step100 18 7 7 0.1049013560405001
R1-calibrated_step100 18 7 8 0.11115604196675122
R1-calibrated_step100 18 7 9 0.10480461292900145
R1-calibrated_step100 18 8 0 0.10435905400663614
R1-calibrated_step100 18 8 1 0.10823168198112398
R1-calibrated_step100 18 8 2 0.10530525993090123
R1-calibrated_step100 18 8 3 0.10993952595163137
R1-calibrated_step100 18 8 4 0.10084036190528423
R1-calibrated_step100 18 8 5 0.1073919580085203
R1-calibrated_step100 18 8 6 0.10781280300579965
R1-calibrated_step100 18 8 7 0.10542697308119386
R1-calibrated_step100 18 8 8 0.1082309550838545
R1-calibrated_step100 18 8 9 0.10565206804312766
R1-calibrated_step100 18 9 0 0.1078625189838931
R1-calibrated_step100 18 9 1 0.1040012730518356
R1-calibrated_step100 18 9 2 0.11035777896177024
R1-calibrated_step100 18 9 3 0.10610102606005967
R1-calibrated_step100 18 9 4 0.10512217693030834
R1-calibrated_step100 18 9 5 0.10569808504078537
R1-calibrated_step100 18 9 6 0.10425395204219967
R1-calibrated_step100 18 9 7 0.10762067697942257
R1-calibrated_step100 18 9 8 0.1053337809862569
R1-calibrated_step100 18 9 9 0.10309782007243484
R1-calibrated_step100 22 0 0 0.01687240495812148
R1-calibrated_step100 22 0 1 0.016562520992010832
R1-calibrated_step100 22 0 2 0.01661012996919453
R1-calibrated_step100 22 0 3 0.016117401071824133
R1-calibrated_step100 22 0 4 0.016571557032875717
R1-calibrated_step100 22 0 5 0.015806803945451975
R1-calibrated_step100 22 0 6 0.016361842048354447
R1-calibrated_step100 22 0 7 0.017893792944960296
R1-calibrated_step100 22 0 8 0.01725260296370834
R1-calibrated_step100 22 0 9 0.016447223024442792
R1-calibrated_step100 22 1 0 0.016499300953000784
R1-calibrated_step100 22 1 1 0.016210306901484728
R1-calibrated_step100 22 1 2 0.015827522962354124
R1-calibrated_step100 22 1 3 0.01760437700431794
R1-calibrated_step100 22 1 4 0.01681409601587802
R1-calibrated_step100 22 1 5 0.01627825398463756
R1-calibrated_step100 22 1 6 0.01728255010675639
R1-calibrated_step100 22 1 7 0.017138728057034314
R1-calibrated_step100 22 1 8 0.015901172067970037
R1-calibrated_step100 22 1 9 0.0165738919749856
R1-calibrated_step100 22 2 0 0.016740687075071037
R1-calibrated_step100 22 2 1 0.01639018498826772
R1-calibrated_step100 22 2 2 0.015956397051922977
R1-calibrated_step100 22 2 3 0.017758689005859196
R1-calibrated_step100 22 2 4 0.01595757796894759
R1-calibrated_step100 22 2 5 0.01620505703613162
R1-calibrated_step100 22 2 6 0.016391727956943214
R1-calibrated_step100 22 2 7 0.016167185036465526
R1-calibrated_step100 22 2 8 0.016873968997970223
R1-calibrated_step100 22 2 9 0.016851797001436353
R1-calibrated_step100 22 3 0 0.016352575039491057
R1-calibrated_step100 22 3 1 0.016216846997849643
R1-calibrated_step100 22 3 2 0.016780061065219343
R1-calibrated_step100 22 3 3 0.015796995954588056
R1-calibrated_step100 22 3 4 0.015681878896430135
R1-calibrated_step100 22 3 5 0.01696810603607446
R1-calibrated_step100 22 3 6 0.017473130021244287
R1-calibrated_step100 22 3 7 0.01663647103123367
R1-calibrated_step100 22 3 8 0.01637308404315263
R1-calibrated_step100 22 3 9 0.016197422984987497
R1-calibrated_step100 22 4 0 0.01592557900585234
R1-calibrated_step100 22 4 1 0.016865702928043902
R1-calibrated_step100 22 4 2 0.017168355057947338
R1-calibrated_step100 22 4 3 0.020029334002174437
R1-calibrated_step100 22 4 4 0.015558396000415087
R1-calibrated_step100 22 4 5 0.016675004037097096
R1-calibrated_step100 22 4 6 0.01608682400546968
R1-calibrated_step100 22 4 7 0.016383092966862023
R1-calibrated_step100 22 4 8 0.016164039028808475
R1-calibrated_step100 22 4 9 0.016069822013378143
R1-calibrated_step100 22 5 0 0.015621635015122592
R1-calibrated_step100 22 5 1 0.015436406014487147
R1-calibrated_step100 22 5 2 0.015960115008056164
R1-calibrated_step100 22 5 3 0.01578593603335321
R1-calibrated_step100 22 5 4 0.01601190201472491
R1-calibrated_step100 22 5 5 0.015971996006555855
R1-calibrated_step100 22 5 6 0.01615839800797403
R1-calibrated_step100 22 5 7 0.016987934010103345
R1-calibrated_step100 22 5 8 0.015973618952557445
R1-calibrated_step100 22 5 9 0.016120787942782044
R1-calibrated_step100 22 6 0 0.01606347900815308
R1-calibrated_step100 22 6 1 0.01658329099882394
R1-calibrated_step100 22 6 2 0.016251204069703817
R1-calibrated_step100 22 6 3 0.016259789932519197
R1-calibrated_step100 22 6 4 0.01629971491638571
R1-calibrated_step100 22 6 5 0.015863783075474203
R1-calibrated_step100 22 6 6 0.015989509993232787
R1-calibrated_step100 22 6 7 0.016604349948465824
R1-calibrated_step100 22 6 8 0.016472532064653933
R1-calibrated_step100 22 6 9 0.016471228911541402
R1-calibrated_step100 22 7 0 0.01608720503281802
R1-calibrated_step100 22 7 1 0.017826466937549412
R1-calibrated_step100 22 7 2 0.015935166971758008
R1-calibrated_step100 22 7 3 0.016055985004641116
R1-calibrated_step100 22 7 4 0.015514613944105804
R1-calibrated_step100 22 7 5 0.015189188998192549
R1-calibrated_step100 22 7 6 0.015756540931761265
R1-calibrated_step100 22 7 7 0.015688781975768507
R1-calibrated_step100 22 7 8 0.016033723019063473
R1-calibrated_step100 22 7 9 0.01611797302030027
R1-calibrated_step100 22 8 0 0.01602182094939053
R1-calibrated_step100 22 8 1 0.016058619949035347
R1-calibrated_step100 22 8 2 0.016033923951908946
R1-calibrated_step100 22 8 3 0.01676840998698026
R1-calibrated_step100 22 8 4 0.016216919058933854
R1-calibrated_step100 22 8 5 0.017131285974755883
R1-calibrated_step100 22 8 6 0.01611069799400866
R1-calibrated_step100 22 8 7 0.016372974030673504
R1-calibrated_step100 22 8 8 0.016328119090758264
R1-calibrated_step100 22 8 9 0.015823576017282903
R1-calibrated_step100 22 9 0 0.015763683943077922
R1-calibrated_step100 22 9 1 0.015877868980169296
R1-calibrated_step100 22 9 2 0.015492571983486414
R1-calibrated_step100 22 9 3 0.016616362961940467
R1-calibrated_step100 22 9 4 0.015976125025190413
R1-calibrated_step100 22 9 5 0.016774291056208313
R1-calibrated_step100 22 9 6 0.018966199015267193
R1-calibrated_step100 22 9 7 0.01703960297163576
R1-calibrated_step100 22 9 8 0.021459516021423042
R1-calibrated_step100 22 9 9 0.016853911918587983
R1-calibrated_step100 24 0 0 0.02158698602579534
R1-calibrated_step100 24 0 1 0.018439735984429717
R1-calibrated_step100 24 0 2 0.017587346024811268
R1-calibrated_step100 24 0 3 0.018596932059153914
R1-calibrated_step100 24 0 4 0.018179294071160257
R1-calibrated_step100 24 0 5 0.01893945795018226
R1-calibrated_step100 24 0 6 0.018643921008333564
R1-calibrated_step100 24 0 7 0.018629624042659998
R1-calibrated_step100 24 0 8 0.018931985017843544
R1-calibrated_step100 24 0 9 0.01873426092788577
R1-calibrated_step100 24 1 0 0.0187521749176085
R1-calibrated_step100 24 1 1 0.018774627009406686
R1-calibrated_step100 24 1 2 0.018802489968948066
R1-calibrated_step100 24 1 3 0.017621610080823302
R1-calibrated_step100 24 1 4 0.018548760912381113
R1-calibrated_step100 24 1 5 0.018482416053302586
R1-calibrated_step100 24 1 6 0.017995116068050265
R1-calibrated_step100 24 1 7 0.018080606940202415
R1-calibrated_step100 24 1 8 0.02239166502840817
R1-calibrated_step100 24 1 9 0.02047082909848541
R1-calibrated_step100 24 2 0 0.02022631699219346
R1-calibrated_step100 24 2 1 0.02125463797710836
R1-calibrated_step100 24 2 2 0.01976595795713365
R1-calibrated_step100 24 2 3 0.020478864898905158
R1-calibrated_step100 24 2 4 0.02121520391665399
R1-calibrated_step100 24 2 5 0.01873686700128019
R1-calibrated_step100 24 2 6 0.021500613074749708
R1-calibrated_step100 24 2 7 0.019348660949617624
R1-calibrated_step100 24 2 8 0.018557887990027666
R1-calibrated_step100 24 2 9 0.019670258043333888
R1-calibrated_step100 24 3 0 0.018557879026047885
R1-calibrated_step100 24 3 1 0.019649037974886596
R1-calibrated_step100 24 3 2 0.018614655011333525
R1-calibrated_step100 24 3 3 0.019742744974792004
R1-calibrated_step100 24 3 4 0.019805363030172884
R1-calibrated_step100 24 3 5 0.021946765016764402
R1-calibrated_step100 24 3 6 0.019192515988834202
R1-calibrated_step100 24 3 7 0.0181116460589692
R1-calibrated_step100 24 3 8 0.01877499802503735
R1-calibrated_step100 24 3 9 0.018944298033602536
R1-calibrated_step100 24 4 0 0.01874570199288428
R1-calibrated_step100 24 4 1 0.01828737696632743
R1-calibrated_step100 24 4 2 0.01845622598193586
R1-calibrated_step100 24 4 3 0.02041722706053406
R1-calibrated_step100 24 4 4 0.019428079947829247
R1-calibrated_step100 24 4 5 0.01811423001345247
R1-calibrated_step100 24 4 6 0.01913845492526889
R1-calibrated_step100 24 4 7 0.01897991495206952
R1-calibrated_step100 24 4 8 0.01828595600090921
R1-calibrated_step100 24 4 9 0.01874598499853164
R1-calibrated_step100 24 5 0 0.018926284043118358
R1-calibrated_step100 24 5 1 0.02059503400232643
R1-calibrated_step100 24 5 2 0.019418803974986076
R1-calibrated_step100 24 5 3 0.018539995071478188
R1-calibrated_step100 24 5 4 0.01800109795294702
R1-calibrated_step100 24 5 5 0.018106768024154007
R1-calibrated_step100 24 5 6 0.01854695798829198
R1-calibrated_step100 24 5 7 0.01882397197186947
R1-calibrated_step100 24 5 8 0.019048615009523928
R1-calibrated_step100 24 5 9 0.018730755080468953
R1-calibrated_step100 24 6 0 0.020877005998045206
R1-calibrated_step100 24 6 1 0.017972214031033218
R1-calibrated_step100 24 6 2 0.019227482960559428
R1-calibrated_step100 24 6 3 0.019127163919620216
R1-calibrated_step100 24 6 4 0.019012636970728636
R1-calibrated_step100 24 6 5 0.018572696950286627
R1-calibrated_step100 24 6 6 0.01901280810125172
R1-calibrated_step100 24 6 7 0.018696730956435204
R1-calibrated_step100 24 6 8 0.020820059115067124
R1-calibrated_step100 24 6 9 0.0182526430580765
R1-calibrated_step100 24 7 0 0.01767899002879858
R1-calibrated_step100 24 7 1 0.01937668491154909
R1-calibrated_step100 24 7 2 0.019503764109686017
R1-calibrated_step100 24 7 3 0.019301912980154157
R1-calibrated_step100 24 7 4 0.020039996947161853
R1-calibrated_step100 24 7 5 0.01962474302854389
R1-calibrated_step100 24 7 6 0.022450026008300483
R1-calibrated_step100 24 7 7 0.017773317988030612
R1-calibrated_step100 24 7 8 0.01776753703597933
R1-calibrated_step100 24 7 9 0.01881542499177158
R1-calibrated_step100 24 8 0 0.018195555079728365
R1-calibrated_step100 24 8 1 0.01840968895703554
R1-calibrated_step100 24 8 2 0.01803416106849909
R1-calibrated_step100 24 8 3 0.01800091692712158
R1-calibrated_step100 24 8 4 0.020585555932484567
R1-calibrated_step100 24 8 5 0.018597654066979885
R1-calibrated_step100 24 8 6 0.018409738899208605
R1-calibrated_step100 24 8 7 0.018244297010824084
R1-calibrated_step100 24 8 8 0.01977234100922942
R1-calibrated_step100 24 8 9 0.018915444030426443
R1-calibrated_step100 24 9 0 0.018832328030839562
R1-calibrated_step100 24 9 1 0.018075417960062623
R1-calibrated_step100 24 9 2 0.0206785521004349
R1-calibrated_step100 24 9 3 0.018300983938388526
R1-calibrated_step100 24 9 4 0.017700049909763038
R1-calibrated_step100 24 9 5 0.01850101095624268
R1-calibrated_step100 24 9 6 0.019261065986938775
R1-calibrated_step100 24 9 7 0.01962181692942977
R1-calibrated_step100 24 9 8 0.019097878015600145
R1-calibrated_step100 24 9 9 0.017677096999250352
R1-calibrated_step100 30 0 0 0.032205741037614644
R1-calibrated_step100 30 0 1 0.02768701105378568
R1-calibrated_step100 30 0 2 0.028801084961742163
R1-calibrated_step100 30 0 3 0.02873412799090147
R1-calibrated_step100 30 0 4 0.02934468095190823
R1-calibrated_step100 30 0 5 0.03099319210741669
R1-calibrated_step100 30 0 6 0.027927835937589407
R1-calibrated_step100 30 0 7 0.028833706979639828
R1-calibrated_step100 30 0 8 0.029289808007888496
R1-calibrated_step100 30 0 9 0.02931563602760434
R1-calibrated_step100 30 1 0 0.03063163999468088
R1-calibrated_step100 30 1 1 0.03011637704912573
R1-calibrated_step100 30 1 2 0.028606457985006273
R1-calibrated_step100 30 1 3 0.02866948500741273
R1-calibrated_step100 30 1 4 0.029531953972764313
R1-calibrated_step100 30 1 5 0.030251262011006474
R1-calibrated_step100 30 1 6 0.028427489916794002
R1-calibrated_step100 30 1 7 0.02902808296494186
R1-calibrated_step100 30 1 8 0.030444517033174634
R1-calibrated_step100 30 1 9 0.029636790975928307
R1-calibrated_step100 30 2 0 0.029978126985952258
R1-calibrated_step100 30 2 1 0.0288995309965685
R1-calibrated_step100 30 2 2 0.02917312690988183
R1-calibrated_step100 30 2 3 0.030211237026378512
R1-calibrated_step100 30 2 4 0.03015395801048726
R1-calibrated_step100 30 2 5 0.030017109937034547
R1-calibrated_step100 30 2 6 0.029184287996031344
R1-calibrated_step100 30 2 7 0.028478455962613225
R1-calibrated_step100 30 2 8 0.029240945004858077
R1-calibrated_step100 30 2 9 0.02828193490859121
R1-calibrated_step100 30 3 0 0.032273799064569175
R1-calibrated_step100 30 3 1 0.027969965944066644
R1-calibrated_step100 30 3 2 0.027547248057089746
R1-calibrated_step100 30 3 3 0.0282360699493438
R1-calibrated_step100 30 3 4 0.03031960199587047
R1-calibrated_step100 30 3 5 0.032740802969783545
R1-calibrated_step100 30 3 6 0.027844380005262792
R1-calibrated_step100 30 3 7 0.02884082100354135
R1-calibrated_step100 30 3 8 0.029566932003945112
R1-calibrated_step100 30 3 9 0.029480276978574693
R1-calibrated_step100 30 4 0 0.03177735395729542
R1-calibrated_step100 30 4 1 0.03030369197949767
R1-calibrated_step100 30 4 2 0.02950873097870499
R1-calibrated_step100 30 4 3 0.02910449798218906
R1-calibrated_step100 30 4 4 0.030742559931240976
R1-calibrated_step100 30 4 5 0.029378334991633892
R1-calibrated_step100 30 4 6 0.02942113601602614
R1-calibrated_step100 30 4 7 0.02975219103973359
R1-calibrated_step100 30 4 8 0.030492419027723372
R1-calibrated_step100 30 4 9 0.02903086901642382
R1-calibrated_step100 30 5 0 0.029805400990881026
R1-calibrated_step100 30 5 1 0.030871111899614334
R1-calibrated_step100 30 5 2 0.030950983986258507
R1-calibrated_step100 30 5 3 0.030981480958871543
R1-calibrated_step100 30 5 4 0.029113596072420478
R1-calibrated_step100 30 5 5 0.02844531391747296
R1-calibrated_step100 30 5 6 0.028740991954691708
R1-calibrated_step100 30 5 7 0.028389779035933316
R1-calibrated_step100 30 5 8 0.03044531005434692
R1-calibrated_step100 30 5 9 0.031124501023441553
R1-calibrated_step100 30 6 0 0.02947955601848662
R1-calibrated_step100 30 6 1 0.029699231032282114
R1-calibrated_step100 30 6 2 0.030267182970419526
R1-calibrated_step100 30 6 3 0.030670805950649083
R1-calibrated_step100 30 6 4 0.02974595909472555
R1-calibrated_step100 30 6 5 0.029617516906000674
R1-calibrated_step100 30 6 6 0.03046270296908915
R1-calibrated_step100 30 6 7 0.029300168971531093
R1-calibrated_step100 30 6 8 0.030524819972924888
R1-calibrated_step100 30 6 9 0.029901062953285873
R1-calibrated_step100 30 7 0 0.028950429055839777
R1-calibrated_step100 30 7 1 0.02976346295326948
R1-calibrated_step100 30 7 2 0.029192946036346257
R1-calibrated_step100 30 7 3 0.03020485700108111
R1-calibrated_step100 30 7 4 0.030578311998397112
R1-calibrated_step100 30 7 5 0.030939584015868604
R1-calibrated_step100 30 7 6 0.029949264018796384
R1-calibrated_step100 30 7 7 0.030073098023422062
R1-calibrated_step100 30 7 8 0.030140944989398122
R1-calibrated_step100 30 7 9 0.03069645492359996
R1-calibrated_step100 30 8 0 0.031168896006420255
R1-calibrated_step100 30 8 1 0.030029345070943236
R1-calibrated_step100 30 8 2 0.030053399968892336
R1-calibrated_step100 30 8 3 0.02892980899196118
R1-calibrated_step100 30 8 4 0.030873298062942922
R1-calibrated_step100 30 8 5 0.03048478497657925
R1-calibrated_step100 30 8 6 0.029993197065778077
R1-calibrated_step100 30 8 7 0.028308206936344504
R1-calibrated_step100 30 8 8 0.02849925705231726
R1-calibrated_step100 30 8 9 0.031293050036765635
R1-calibrated_step100 30 9 0 0.030660135904327035
R1-calibrated_step100 30 9 1 0.02942961303051561
R1-calibrated_step100 30 9 2 0.029464539024047554
R1-calibrated_step100 30 9 3 0.030741940950974822
R1-calibrated_step100 30 9 4 0.03080798510927707
R1-calibrated_step100 30 9 5 0.0318484699819237
R1-calibrated_step100 30 9 6 0.029471961897797883
R1-calibrated_step100 30 9 7 0.03084509400650859
R1-calibrated_step100 30 9 8 0.031019294052384794
R1-calibrated_step100 30 9 9 0.029545994009822607
R1-calibrated_step100 33 0 0 0.007210401934571564
R1-calibrated_step100 33 0 1 0.007067290018312633
R1-calibrated_step100 33 0 2 0.0067644789814949036
R1-calibrated_step100 33 0 3 0.0065728670451790094
R1-calibrated_step100 33 0 4 0.008710683090612292
R1-calibrated_step100 33 0 5 0.00674988201353699
R1-calibrated_step100 33 0 6 0.006938477978110313
R1-calibrated_step100 33 0 7 0.007504515000618994
R1-calibrated_step100 33 0 8 0.006369073060341179
R1-calibrated_step100 33 0 9 0.00664641591720283
R1-calibrated_step100 33 1 0 0.006473941029980779
R1-calibrated_step100 33 1 1 0.006603054003790021
R1-calibrated_step100 33 1 2 0.007034979993477464
R1-calibrated_step100 33 1 3 0.00622337800450623
R1-calibrated_step100 33 1 4 0.006641057087108493
R1-calibrated_step100 33 1 5 0.006567007047124207
R1-calibrated_step100 33 1 6 0.006546035991050303
R1-calibrated_step100 33 1 7 0.006342843058519065
R1-calibrated_step100 33 1 8 0.00669337494764477
R1-calibrated_step100 33 1 9 0.006282810005359352
R1-calibrated_step100 33 2 0 0.00616361596621573
R1-calibrated_step100 33 2 1 0.006458981893956661
R1-calibrated_step100 33 2 2 0.006375375087372959
R1-calibrated_step100 33 2 3 0.006211975938640535
R1-calibrated_step100 33 2 4 0.006137726013548672
R1-calibrated_step100 33 2 5 0.006520909024402499
R1-calibrated_step100 33 2 6 0.0077219660161063075
R1-calibrated_step100 33 2 7 0.006341219996102154
R1-calibrated_step100 33 2 8 0.006488198065198958
R1-calibrated_step100 33 2 9 0.006474972004070878
R1-calibrated_step100 33 3 0 0.006513255066238344
R1-calibrated_step100 33 3 1 0.006177361006848514
R1-calibrated_step100 33 3 2 0.006156741990707815
R1-calibrated_step100 33 3 3 0.0061601989436894655
R1-calibrated_step100 33 3 4 0.006147695006802678
R1-calibrated_step100 33 3 5 0.00615121191367507
R1-calibrated_step100 33 3 6 0.0061630840646103024
R1-calibrated_step100 33 3 7 0.006217216025106609
R1-calibrated_step100 33 3 8 0.006127687054686248
R1-calibrated_step100 33 3 9 0.0061480060685426
R1-calibrated_step100 33 4 0 0.006151220994070172
R1-calibrated_step100 33 4 1 0.006172060966491699
R1-calibrated_step100 33 4 2 0.006128228968009353
R1-calibrated_step100 33 4 3 0.006438332959078252
R1-calibrated_step100 33 4 4 0.0062141199596226215
R1-calibrated_step100 33 4 5 0.006137295044027269
R1-calibrated_step100 33 4 6 0.006147964973933995
R1-calibrated_step100 33 4 7 0.006179866031743586
R1-calibrated_step100 33 4 8 0.00629276898689568
R1-calibrated_step100 33 4 9 0.007856771000660956
R1-calibrated_step100 33 5 0 0.0066896770149469376
R1-calibrated_step100 33 5 1 0.006786481011658907
R1-calibrated_step100 33 5 2 0.006696149939671159
R1-calibrated_step100 33 5 3 0.006339406943880022
R1-calibrated_step100 33 5 4 0.006325140013359487
R1-calibrated_step100 33 5 5 0.0067130220122635365
R1-calibrated_step100 33 5 6 0.006295814993791282
R1-calibrated_step100 33 5 7 0.007267219014465809
R1-calibrated_step100 33 5 8 0.006717721000313759
R1-calibrated_step100 33 5 9 0.00642006890848279
R1-calibrated_step100 33 6 0 0.006307337083853781
R1-calibrated_step100 33 6 1 0.006478538969531655
R1-calibrated_step100 33 6 2 0.006348263937979937
R1-calibrated_step100 33 6 3 0.006259846966713667
R1-calibrated_step100 33 6 4 0.006163044017739594
R1-calibrated_step100 33 6 5 0.006460165022872388
R1-calibrated_step100 33 6 6 0.006858046050183475
R1-calibrated_step100 33 6 7 0.0061593969585374
R1-calibrated_step100 33 6 8 0.006585812079720199
R1-calibrated_step100 33 6 9 0.006237805006094277
R1-calibrated_step100 33 7 0 0.006673738011159003
R1-calibrated_step100 33 7 1 0.00864896597340703
R1-calibrated_step100 33 7 2 0.007189230993390083
R1-calibrated_step100 33 7 3 0.006824913085438311
R1-calibrated_step100 33 7 4 0.0076306740520522
R1-calibrated_step100 33 7 5 0.006968134082853794
R1-calibrated_step100 33 7 6 0.006499057984910905
R1-calibrated_step100 33 7 7 0.006537851062603295
R1-calibrated_step100 33 7 8 0.006724464008584619
R1-calibrated_step100 33 7 9 0.006618433981202543
R1-calibrated_step100 33 8 0 0.006688987021334469
R1-calibrated_step100 33 8 1 0.006360768107697368
R1-calibrated_step100 33 8 2 0.17873604001943022
R1-calibrated_step100 33 8 3 0.00642073096241802
R1-calibrated_step100 33 8 4 0.006242434028536081
R1-calibrated_step100 33 8 5 0.006162793026305735
R1-calibrated_step100 33 8 6 0.006147976033389568
R1-calibrated_step100 33 8 7 0.006139219040051103
R1-calibrated_step100 33 8 8 0.006136534037068486
R1-calibrated_step100 33 8 9 0.006141503108665347
R1-calibrated_step100 33 9 0 0.007871487992815673
R1-calibrated_step100 33 9 1 0.006479691946879029
R1-calibrated_step100 33 9 2 0.006411051959730685
R1-calibrated_step100 33 9 3 0.006107810069806874
R1-calibrated_step100 33 9 4 0.006450376007705927
R1-calibrated_step100 33 9 5 0.006125673069618642
R1-calibrated_step100 33 9 6 0.0061002959264442325
R1-calibrated_step100 33 9 7 0.006088193040341139
R1-calibrated_step100 33 9 8 0.006110975984483957
R1-calibrated_step100 33 9 9 0.006080007995478809
R1-calibrated_step100 36 0 0 0.006976358010433614
R1-calibrated_step100 36 0 1 0.006641718093305826
R1-calibrated_step100 36 0 2 0.006629785057157278
R1-calibrated_step100 36 0 3 0.0066143759759142995
R1-calibrated_step100 36 0 4 0.006629764917306602
R1-calibrated_step100 36 0 5 0.0073439329862594604
R1-calibrated_step100 36 0 6 0.007002940052188933
R1-calibrated_step100 36 0 7 0.007011936977505684
R1-calibrated_step100 36 0 8 0.0068843759363517165
R1-calibrated_step100 36 0 9 0.006643319968134165
R1-calibrated_step100 36 1 0 0.006641997955739498
R1-calibrated_step100 36 1 1 0.006613714969716966
R1-calibrated_step100 36 1 2 0.008131160051561892
R1-calibrated_step100 36 1 3 0.0073523580795153975
R1-calibrated_step100 36 1 4 0.006997849908657372
R1-calibrated_step100 36 1 5 0.00703606300521642
R1-calibrated_step100 36 1 6 0.0068706999300047755
R1-calibrated_step100 36 1 7 0.00720164505764842
R1-calibrated_step100 36 1 8 0.006965289008803666
R1-calibrated_step100 36 1 9 0.007290793000720441
R1-calibrated_step100 36 2 0 0.008584885974414647
R1-calibrated_step100 36 2 1 0.00796935404650867
R1-calibrated_step100 36 2 2 0.006755803013220429
R1-calibrated_step100 36 2 3 0.007118528010323644
R1-calibrated_step100 36 2 4 0.007554951938800514
R1-calibrated_step100 36 2 5 0.007035039947368205
R1-calibrated_step100 36 2 6 0.006988642970100045
R1-calibrated_step100 36 2 7 0.0066999479895457625
R1-calibrated_step100 36 2 8 0.006724203005433083
R1-calibrated_step100 36 2 9 0.006724764010868967
R1-calibrated_step100 36 3 0 0.0066866520792245865
R1-calibrated_step100 36 3 1 0.007640143041498959
R1-calibrated_step100 36 3 2 0.006857143947854638
R1-calibrated_step100 36 3 3 0.007157401065342128
R1-calibrated_step100 36 3 4 0.006721547921188176
R1-calibrated_step100 36 3 5 0.0067166590597480536
R1-calibrated_step100 36 3 6 0.00670526793692261
R1-calibrated_step100 36 3 7 0.006713173002935946
R1-calibrated_step100 36 3 8 0.006711620022542775
R1-calibrated_step100 36 3 9 0.007208598079159856
R1-calibrated_step100 36 4 0 0.007132855011150241
R1-calibrated_step100 36 4 1 0.006910034106113017
R1-calibrated_step100 36 4 2 0.007144436938688159
R1-calibrated_step100 36 4 3 0.006779438001103699
R1-calibrated_step100 36 4 4 0.00668942800257355
R1-calibrated_step100 36 4 5 0.006928029004484415
R1-calibrated_step100 36 4 6 0.007095183944329619
R1-calibrated_step100 36 4 7 0.007241619983687997
R1-calibrated_step100 36 4 8 0.006631838972680271
R1-calibrated_step100 36 4 9 0.006605619913898408
R1-calibrated_step100 36 5 0 0.0066282430198043585
R1-calibrated_step100 36 5 1 0.00691281002946198
R1-calibrated_step100 36 5 2 0.006718271994031966
R1-calibrated_step100 36 5 3 0.006872073048725724
R1-calibrated_step100 36 5 4 0.0066368780098855495
R1-calibrated_step100 36 5 5 0.006618973915465176
R1-calibrated_step100 36 5 6 0.006628402043133974
R1-calibrated_step100 36 5 7 0.006608555093407631
R1-calibrated_step100 36 5 8 0.006629885989241302
R1-calibrated_step100 36 5 9 0.006798613932915032
R1-calibrated_step100 36 6 0 0.00694523099809885
R1-calibrated_step100 36 6 1 0.006774649024009705
R1-calibrated_step100 36 6 2 0.00702744594309479
R1-calibrated_step100 36 6 3 0.006644934066571295
R1-calibrated_step100 36 6 4 0.00667230598628521
R1-calibrated_step100 36 6 5 0.0066487210569903255
R1-calibrated_step100 36 6 6 0.006645384011790156
R1-calibrated_step100 36 6 7 0.0066542819840833545
R1-calibrated_step100 36 6 8 0.006648831069469452
R1-calibrated_step100 36 6 9 0.006628913921304047
R1-calibrated_step100 36 7 0 0.007413554936647415
R1-calibrated_step100 36 7 1 0.007146151037886739
R1-calibrated_step100 36 7 2 0.007361856987699866
R1-calibrated_step100 36 7 3 0.006933599011972547
R1-calibrated_step100 36 7 4 0.006852276041172445
R1-calibrated_step100 36 7 5 0.008170353947207332
R1-calibrated_step100 36 7 6 0.007067532045766711
R1-calibrated_step100 36 7 7 0.0069882930256426334
R1-calibrated_step100 36 7 8 0.007192136952653527
R1-calibrated_step100 36 7 9 0.007401402108371258
R1-calibrated_step100 36 8 0 0.007001777063123882
R1-calibrated_step100 36 8 1 0.006650233990512788
R1-calibrated_step100 36 8 2 0.006701942067593336
R1-calibrated_step100 36 8 3 0.00665531400591135
R1-calibrated_step100 36 8 4 0.00669980701059103
R1-calibrated_step100 36 8 5 0.0066509549506008625
R1-calibrated_step100 36 8 6 0.007029148982837796
R1-calibrated_step100 36 8 7 0.00714402599260211
R1-calibrated_step100 36 8 8 0.006676984019577503
R1-calibrated_step100 36 8 9 0.006799335009418428
R1-calibrated_step100 36 9 0 0.006811299012042582
R1-calibrated_step100 36 9 1 0.006841524038463831
R1-calibrated_step100 36 9 2 0.007212986005470157
R1-calibrated_step100 36 9 3 0.00864978798199445
R1-calibrated_step100 36 9 4 0.006782894022762775
R1-calibrated_step100 36 9 5 0.0070894029922783375
R1-calibrated_step100 36 9 6 0.008559438050724566
R1-calibrated_step100 36 9 7 0.007090856088325381
R1-calibrated_step100 36 9 8 0.007007579086348414
R1-calibrated_step100 36 9 9 0.00691479304805398
R1-calibrated_step100 40 0 0 0.004312240052968264
R1-calibrated_step100 40 0 1 0.004058841965161264
R1-calibrated_step100 40 0 2 0.004050806979648769
R1-calibrated_step100 40 0 3 0.0041709329234436154
R1-calibrated_step100 40 0 4 0.0041946080746129155
R1-calibrated_step100 40 0 5 0.004306409973651171
R1-calibrated_step100 40 0 6 0.004557562991976738
R1-calibrated_step100 40 0 7 0.0042472080094739795
R1-calibrated_step100 40 0 8 0.004647593013942242
R1-calibrated_step100 40 0 9 0.004619190003722906
R1-calibrated_step100 40 1 0 0.004516977001912892
R1-calibrated_step100 40 1 1 0.004225798067636788
R1-calibrated_step100 40 1 2 0.004052340053021908
R1-calibrated_step100 40 1 3 0.004042460932396352
R1-calibrated_step100 40 1 4 0.004357786034233868
R1-calibrated_step100 40 1 5 0.0043256760109215975
R1-calibrated_step100 40 1 6 0.00402789399959147
R1-calibrated_step100 40 1 7 0.0040386340115219355
R1-calibrated_step100 40 1 8 0.004045516951009631
R1-calibrated_step100 40 1 9 0.004086864995770156
R1-calibrated_step100 40 2 0 0.004042941960506141
R1-calibrated_step100 40 2 1 0.00404697994235903
R1-calibrated_step100 40 2 2 0.004016462014988065
R1-calibrated_step100 40 2 3 0.004014077945612371
R1-calibrated_step100 40 2 4 0.004020679974928498
R1-calibrated_step100 40 2 5 0.004014368983916938
R1-calibrated_step100 40 2 6 0.004163570934906602
R1-calibrated_step100 40 2 7 0.004158249008469284
R1-calibrated_step100 40 2 8 0.0042362569365650415
R1-calibrated_step100 40 2 9 0.004379256977699697
R1-calibrated_step100 40 3 0 0.005449387012049556
R1-calibrated_step100 40 3 1 0.004497751011513174
R1-calibrated_step100 40 3 2 0.004290680051781237
R1-calibrated_step100 40 3 3 0.004484446020796895
R1-calibrated_step100 40 3 4 0.004256194923073053
R1-calibrated_step100 40 3 5 0.0043956979643553495
R1-calibrated_step100 40 3 6 0.004233020939864218
R1-calibrated_step100 40 3 7 0.004122882965020835
R1-calibrated_step100 40 3 8 0.0042583090253174305
R1-calibrated_step100 40 3 9 0.004043213091790676
R1-calibrated_step100 40 4 0 0.0042435110080987215
R1-calibrated_step100 40 4 1 0.0041689000790938735
R1-calibrated_step100 40 4 2 0.004446333972737193
R1-calibrated_step100 40 4 3 0.004356845049187541
R1-calibrated_step100 40 4 4 0.004178317030891776
R1-calibrated_step100 40 4 5 0.004017553059384227
R1-calibrated_step100 40 4 6 0.003989460994489491
R1-calibrated_step100 40 4 7 0.004002586007118225
R1-calibrated_step100 40 4 8 0.003998296917416155
R1-calibrated_step100 40 4 9 0.004034845973365009
R1-calibrated_step100 40 5 0 0.004364178981631994
R1-calibrated_step100 40 5 1 0.00403312302660197
R1-calibrated_step100 40 5 2 0.004017153987661004
R1-calibrated_step100 40 5 3 0.003994590952061117
R1-calibrated_step100 40 5 4 0.004031040007248521
R1-calibrated_step100 40 5 5 0.004108235007151961
R1-calibrated_step100 40 5 6 0.004627355025149882
R1-calibrated_step100 40 5 7 0.004054303048178554
R1-calibrated_step100 40 5 8 0.0040340450359508395
R1-calibrated_step100 40 5 9 0.004055496072396636
R1-calibrated_step100 40 6 0 0.004057027981616557
R1-calibrated_step100 40 6 1 0.0041318899020552635
R1-calibrated_step100 40 6 2 0.004257346969097853
R1-calibrated_step100 40 6 3 0.005705000017769635
R1-calibrated_step100 40 6 4 0.0043969700345769525
R1-calibrated_step100 40 6 5 0.004425053019076586
R1-calibrated_step100 40 6 6 0.004181364085525274
R1-calibrated_step100 40 6 7 0.004172636894509196
R1-calibrated_step100 40 6 8 0.004425473976880312
R1-calibrated_step100 40 6 9 0.004034416051581502
R1-calibrated_step100 40 7 0 0.004346714937128127
R1-calibrated_step100 40 7 1 0.004023815970867872
R1-calibrated_step100 40 7 2 0.004272504942491651
R1-calibrated_step100 40 7 3 0.0040375319076702
R1-calibrated_step100 40 7 4 0.004020349006168544
R1-calibrated_step100 40 7 5 0.0040683100232854486
R1-calibrated_step100 40 7 6 0.004248740035109222
R1-calibrated_step100 40 7 7 0.00528215104714036
R1-calibrated_step100 40 7 8 0.005612656008452177
R1-calibrated_step100 40 7 9 0.005393129889853299
R1-calibrated_step100 40 8 0 0.003954255022108555
R1-calibrated_step100 40 8 1 0.0039222839986905456
R1-calibrated_step100 40 8 2 0.004077618010342121
R1-calibrated_step100 40 8 3 0.003961017006076872
R1-calibrated_step100 40 8 4 0.003907877020537853
R1-calibrated_step100 40 8 5 0.003930619917809963
R1-calibrated_step100 40 8 6 0.003925590077415109
R1-calibrated_step100 40 8 7 0.003928615944460034
R1-calibrated_step100 40 8 8 0.003919578972272575
R1-calibrated_step100 40 8 9 0.003913718042895198
R1-calibrated_step100 40 9 0 0.0038989799795672297
R1-calibrated_step100 40 9 1 0.003923255950212479
R1-calibrated_step100 40 9 2 0.003917596070095897
R1-calibrated_step100 40 9 3 0.003923506010323763
R1-calibrated_step100 40 9 4 0.00393257406540215
R1-calibrated_step100 40 9 5 0.004020650056190789
R1-calibrated_step100 40 9 6 0.004103946965187788
R1-calibrated_step100 40 9 7 0.004272745922207832
R1-calibrated_step100 40 9 8 0.005131887970492244
R1-calibrated_step100 40 9 9 0.004648676025681198
R1-calibrated_step100 47 0 0 0.06287582602817565
R1-calibrated_step100 47 0 1 0.06197060702834278
R1-calibrated_step100 47 0 2 0.06399157096166164
R1-calibrated_step100 47 0 3 0.06351265800185502
R1-calibrated_step100 47 0 4 0.06169701996259391
R1-calibrated_step100 47 0 5 0.0633315050508827
R1-calibrated_step100 47 0 6 0.06593000097200274
R1-calibrated_step100 47 0 7 0.06184268603101373
R1-calibrated_step100 47 0 8 0.065350387012586
R1-calibrated_step100 47 0 9 0.0659268640447408
R1-calibrated_step100 47 1 0 0.06378520198632032
R1-calibrated_step100 47 1 1 0.06329345307312906
R1-calibrated_step100 47 1 2 0.06096903595607728
R1-calibrated_step100 47 1 3 0.06439108494669199
R1-calibrated_step100 47 1 4 0.06282229500357062
R1-calibrated_step100 47 1 5 0.06529752898495644
R1-calibrated_step100 47 1 6 0.06320918700657785
R1-calibrated_step100 47 1 7 0.0635419050231576
R1-calibrated_step100 47 1 8 0.06478246697224677
R1-calibrated_step100 47 1 9 0.06635999493300915
R1-calibrated_step100 47 2 0 0.06616506690625101
R1-calibrated_step100 47 2 1 0.06310195499099791
R1-calibrated_step100 47 2 2 0.06631199503317475
R1-calibrated_step100 47 2 3 0.0626071710139513
R1-calibrated_step100 47 2 4 0.06346752401441336
R1-calibrated_step100 47 2 5 0.06271333096083254
R1-calibrated_step100 47 2 6 0.06427224399521947
R1-calibrated_step100 47 2 7 0.06583888200111687
R1-calibrated_step100 47 2 8 0.06152689002919942
R1-calibrated_step100 47 2 9 0.06523290695622563
R1-calibrated_step100 47 3 0 0.06366674194578081
R1-calibrated_step100 47 3 1 0.06606340792495757
R1-calibrated_step100 47 3 2 0.06359069899190217
R1-calibrated_step100 47 3 3 0.065788017003797
R1-calibrated_step100 47 3 4 0.0723858829587698
R1-calibrated_step100 47 3 5 0.06358836602885276
R1-calibrated_step100 47 3 6 0.0618746099062264
R1-calibrated_step100 47 3 7 0.06297607999294996
R1-calibrated_step100 47 3 8 0.06401014095172286
R1-calibrated_step100 47 3 9 0.06240275700110942
R1-calibrated_step100 47 4 0 0.06442116701509804
R1-calibrated_step100 47 4 1 0.06279184110462666
R1-calibrated_step100 47 4 2 0.06347448995802552
R1-calibrated_step100 47 4 3 0.0658094979589805
R1-calibrated_step100 47 4 4 0.06513862207066268
R1-calibrated_step100 47 4 5 0.0658603839110583
R1-calibrated_step100 47 4 6 0.06225882703438401
R1-calibrated_step100 47 4 7 0.06380784197244793
R1-calibrated_step100 47 4 8 0.0632804159540683
R1-calibrated_step100 47 4 9 0.06116560404188931
R1-calibrated_step100 47 5 0 0.06480964203365147
R1-calibrated_step100 47 5 1 0.06335395504720509
R1-calibrated_step100 47 5 2 0.06586186995264143
R1-calibrated_step100 47 5 3 0.0658837310038507
R1-calibrated_step100 47 5 4 0.06528874801006168
R1-calibrated_step100 47 5 5 0.06361066899262369
R1-calibrated_step100 47 5 6 0.06358246691524982
R1-calibrated_step100 47 5 7 0.0640513920225203
R1-calibrated_step100 47 5 8 0.06135300802998245
R1-calibrated_step100 47 5 9 0.06414495804347098
R1-calibrated_step100 47 6 0 0.06223993201274425
R1-calibrated_step100 47 6 1 0.06280347798019648
R1-calibrated_step100 47 6 2 0.06266077805776149
R1-calibrated_step100 47 6 3 0.06367357110138983
R1-calibrated_step100 47 6 4 0.06375657697208226
R1-calibrated_step100 47 6 5 0.06364239100366831
R1-calibrated_step100 47 6 6 0.06302151002455503
R1-calibrated_step100 47 6 7 0.06375369196757674
R1-calibrated_step100 47 6 8 0.06104429706465453
R1-calibrated_step100 47 6 9 0.063850944978185
R1-calibrated_step100 47 7 0 0.0643994709243998
R1-calibrated_step100 47 7 1 0.0690416949801147
R1-calibrated_step100 47 7 2 0.06900767097249627
R1-calibrated_step100 47 7 3 0.06427460501436144
R1-calibrated_step100 47 7 4 0.06546972203068435
R1-calibrated_step100 47 7 5 0.06576504895929247
R1-calibrated_step100 47 7 6 0.06427946500480175
R1-calibrated_step100 47 7 7 0.06601992202922702
R1-calibrated_step100 47 7 8 0.06536701100412756
R1-calibrated_step100 47 7 9 0.06669668108224869
R1-calibrated_step100 47 8 0 0.06465813203249127
R1-calibrated_step100 47 8 1 0.0667502909200266
R1-calibrated_step100 47 8 2 0.062121103052049875
R1-calibrated_step100 47 8 3 0.0627875099889934
R1-calibrated_step100 47 8 4 0.06286485597956926
R1-calibrated_step100 47 8 5 0.0637413599761203
R1-calibrated_step100 47 8 6 0.06374620005954057
R1-calibrated_step100 47 8 7 0.06542575999628752
R1-calibrated_step100 47 8 8 0.06811587000265718
R1-calibrated_step100 47 8 9 0.06088775291573256
R1-calibrated_step100 47 9 0 0.06331936491187662
R1-calibrated_step100 47 9 1 0.06578378705307841
R1-calibrated_step100 47 9 2 0.06689392507541925
R1-calibrated_step100 47 9 3 0.06456902693025768
R1-calibrated_step100 47 9 4 0.06299158791080117
R1-calibrated_step100 47 9 5 0.06713159393984824
R1-calibrated_step100 47 9 6 0.06693337904289365
R1-calibrated_step100 47 9 7 0.06289942294824868
R1-calibrated_step100 47 9 8 0.06344368099234998
R1-calibrated_step100 47 9 9 0.06483094999566674
R1-calibrated_step100 51 0 0 0.025866786018013954
R1-calibrated_step100 51 0 1 0.024556141928769648
R1-calibrated_step100 51 0 2 0.024943854077719152
R1-calibrated_step100 51 0 3 0.02397029602434486
R1-calibrated_step100 51 0 4 0.025963569059967995
R1-calibrated_step100 51 0 5 0.025663251988589764
R1-calibrated_step100 51 0 6 0.024655099026858807
R1-calibrated_step100 51 0 7 0.025126549997366965
R1-calibrated_step100 51 0 8 0.025675375014543533
R1-calibrated_step100 51 0 9 0.024301109951920807
R1-calibrated_step100 51 1 0 0.026011348934844136
R1-calibrated_step100 51 1 1 0.025006651994772255
R1-calibrated_step100 51 1 2 0.024934927001595497
R1-calibrated_step100 51 1 3 0.025452774949371815
R1-calibrated_step100 51 1 4 0.026508066919632256
R1-calibrated_step100 51 1 5 0.025376130011864007
R1-calibrated_step100 51 1 6 0.024966126075014472
R1-calibrated_step100 51 1 7 0.02481160406023264
R1-calibrated_step100 51 1 8 0.026424909941852093
R1-calibrated_step100 51 1 9 0.02566627797205001
R1-calibrated_step100 51 2 0 0.024175083031877875
R1-calibrated_step100 51 2 1 0.024640762945637107
R1-calibrated_step100 51 2 2 0.024318663985468447
R1-calibrated_step100 51 2 3 0.02447643200866878
R1-calibrated_step100 51 2 4 0.024958593072369695
R1-calibrated_step100 51 2 5 0.023895626072771847
R1-calibrated_step100 51 2 6 0.024352757958695292
R1-calibrated_step100 51 2 7 0.023838398046791553
R1-calibrated_step100 51 2 8 0.024884642916731536
R1-calibrated_step100 51 2 9 0.02480888005811721
R1-calibrated_step100 51 3 0 0.02467973600141704
R1-calibrated_step100 51 3 1 0.024508883943781257
R1-calibrated_step100 51 3 2 0.024070956045761704
R1-calibrated_step100 51 3 3 0.026042880956083536
R1-calibrated_step100 51 3 4 0.024027124047279358
R1-calibrated_step100 51 3 5 0.024200912099331617
R1-calibrated_step100 51 3 6 0.02476330299396068
R1-calibrated_step100 51 3 7 0.025647302973084152
R1-calibrated_step100 51 3 8 0.02518797491211444
R1-calibrated_step100 51 3 9 0.026407417957670987
R1-calibrated_step100 51 4 0 0.023693292983807623
R1-calibrated_step100 51 4 1 0.023432472022250295
R1-calibrated_step100 51 4 2 0.02272938401438296
R1-calibrated_step100 51 4 3 0.0231915470212698
R1-calibrated_step100 51 4 4 0.024872148991562426
R1-calibrated_step100 51 4 5 0.027696260949596763
R1-calibrated_step100 51 4 6 0.025567642063833773
R1-calibrated_step100 51 4 7 0.02307993604335934
R1-calibrated_step100 51 4 8 0.022502745036035776
R1-calibrated_step100 51 4 9 0.022507615038193762
R1-calibrated_step100 51 5 0 0.022546168067492545
R1-calibrated_step100 51 5 1 0.02341774303931743
R1-calibrated_step100 51 5 2 0.02713736693840474
R1-calibrated_step100 51 5 3 0.027351990924216807
R1-calibrated_step100 51 5 4 0.02435336005873978
R1-calibrated_step100 51 5 5 0.02270545798819512
R1-calibrated_step100 51 5 6 0.022799385944381356
R1-calibrated_step100 51 5 7 0.02269203308969736
R1-calibrated_step100 51 5 8 0.023552539059892297
R1-calibrated_step100 51 5 9 0.023814792977645993
R1-calibrated_step100 51 6 0 0.023262892034836113
R1-calibrated_step100 51 6 1 0.02270655205938965
R1-calibrated_step100 51 6 2 0.02290840307250619
R1-calibrated_step100 51 6 3 0.022770602954551578
R1-calibrated_step100 51 6 4 0.02278683299664408
R1-calibrated_step100 51 6 5 0.0227334420196712
R1-calibrated_step100 51 6 6 0.02269769401755184
R1-calibrated_step100 51 6 7 0.022612584056332707
R1-calibrated_step100 51 6 8 0.02337470301426947
R1-calibrated_step100 51 6 9 0.024327412014827132
R1-calibrated_step100 51 7 0 0.022667046985588968
R1-calibrated_step100 51 7 1 0.02266376104671508
R1-calibrated_step100 51 7 2 0.02313267590943724
R1-calibrated_step100 51 7 3 0.02275305998045951
R1-calibrated_step100 51 7 4 0.023240900947712362
R1-calibrated_step100 51 7 5 0.026314193033613265
R1-calibrated_step100 51 7 6 0.023939911043271422
R1-calibrated_step100 51 7 7 0.025831060018390417
R1-calibrated_step100 51 7 8 0.02317740092985332
R1-calibrated_step100 51 7 9 0.023483137949369848
R1-calibrated_step100 51 8 0 0.02444609603844583
R1-calibrated_step100 51 8 1 0.024271134985610843
R1-calibrated_step100 51 8 2 0.02345672796946019
R1-calibrated_step100 51 8 3 0.024200192070566118
R1-calibrated_step100 51 8 4 0.02283732790965587
R1-calibrated_step100 51 8 5 0.024115912965498865
R1-calibrated_step100 51 8 6 0.02259485993999988
R1-calibrated_step100 51 8 7 0.022830205038189888
R1-calibrated_step100 51 8 8 0.022956933942623436
R1-calibrated_step100 51 8 9 0.023192720022052526
R1-calibrated_step100 51 9 0 0.023248394019901752
R1-calibrated_step100 51 9 1 0.023072632029652596
R1-calibrated_step100 51 9 2 0.02627720299642533
R1-calibrated_step100 51 9 3 0.024240568047389388
R1-calibrated_step100 51 9 4 0.0231215349631384
R1-calibrated_step100 51 9 5 0.02261155191808939
R1-calibrated_step100 51 9 6 0.02248846902512014
R1-calibrated_step100 51 9 7 0.022638523019850254
R1-calibrated_step100 51 9 8 0.023310101008974016
R1-calibrated_step100 51 9 9 0.02354447403922677
R1-calibrated_step100 52 0 0 0.7808461069362238
R1-calibrated_step100 52 0 1 0.7833050689660013
R1-calibrated_step100 52 0 2 0.7875282539753243
R1-calibrated_step100 52 0 3 0.7940088119357824
R1-calibrated_step100 52 0 4 0.802854638081044
R1-calibrated_step100 52 0 5 0.7866566790034994
R1-calibrated_step100 52 0 6 0.7898094130214304
R1-calibrated_step100 52 0 7 0.7807417110307142
R1-calibrated_step100 52 0 8 0.7766361080575734
R1-calibrated_step100 52 0 9 0.8023634960409254
R1-calibrated_step100 52 1 0 0.7992747270036489
R1-calibrated_step100 52 1 1 0.8117781210457906
R1-calibrated_step100 52 1 2 0.7994584670523182
R1-calibrated_step100 52 1 3 0.8050699969753623
R1-calibrated_step100 52 1 4 0.7829115550266579
R1-calibrated_step100 52 1 5 0.7583071530098096
R1-calibrated_step100 52 1 6 0.7791980049805716
R1-calibrated_step100 52 1 7 0.7876157730352134
R1-calibrated_step100 52 1 8 0.7902859569294378
R1-calibrated_step100 52 1 9 0.7842793989693746
R1-calibrated_step100 52 2 0 0.7878539490047842
R1-calibrated_step100 52 2 1 0.7887763129547238
R1-calibrated_step100 52 2 2 0.7683335118927062
R1-calibrated_step100 52 2 3 0.7992335669696331
R1-calibrated_step100 52 2 4 0.7806618640897796
R1-calibrated_step100 52 2 5 0.7949913290794939
R1-calibrated_step100 52 2 6 0.7995945439906791
R1-calibrated_step100 52 2 7 0.7771557009546086
R1-calibrated_step100 52 2 8 0.7866634950041771
R1-calibrated_step100 52 2 9 0.7817262209719047
R1-calibrated_step100 52 3 0 0.7989569990895689
R1-calibrated_step100 52 3 1 0.7901282710954547
R1-calibrated_step100 52 3 2 0.7871510680997744
R1-calibrated_step100 52 3 3 0.7803559789899737
R1-calibrated_step100 52 3 4 0.7903094219509512
R1-calibrated_step100 52 3 5 0.7893541969824582
R1-calibrated_step100 52 3 6 0.7749740809667856
R1-calibrated_step100 52 3 7 0.7843184750527143
R1-calibrated_step100 52 3 8 0.817223662044853
R1-calibrated_step100 52 3 9 0.7785955480067059
R1-calibrated_step100 52 4 0 0.7761599459918216
R1-calibrated_step100 52 4 1 0.7923874330008402
R1-calibrated_step100 52 4 2 0.7875020259525627
R1-calibrated_step100 52 4 3 0.7828757090028375
R1-calibrated_step100 52 4 4 0.7881084749242291
R1-calibrated_step100 52 4 5 0.784599534003064
R1-calibrated_step100 52 4 6 0.7838870680425316
R1-calibrated_step100 52 4 7 0.7900603970047086
R1-calibrated_step100 52 4 8 0.7935623539378867
R1-calibrated_step100 52 4 9 0.7854107120074332
R1-calibrated_step100 52 5 0 0.7879385270643979
R1-calibrated_step100 52 5 1 0.8072675799485296
R1-calibrated_step100 52 5 2 0.8065871399594471
R1-calibrated_step100 52 5 3 0.8085461419541389
R1-calibrated_step100 52 5 4 0.8001539249671623
R1-calibrated_step100 52 5 5 0.8123627559980378
R1-calibrated_step100 52 5 6 0.8078079510014504
R1-calibrated_step100 52 5 7 0.824096143944189
R1-calibrated_step100 52 5 8 0.8150280709378421
R1-calibrated_step100 52 5 9 0.8099660960724577
R1-calibrated_step100 52 6 0 0.8212696280097589
R1-calibrated_step100 52 6 1 0.8241325789131224
R1-calibrated_step100 52 6 2 0.798746277927421
R1-calibrated_step100 52 6 3 0.8151289829984307
R1-calibrated_step100 52 6 4 0.8191491400357336
R1-calibrated_step100 52 6 5 0.7983876439975575
R1-calibrated_step100 52 6 6 0.8345697349868715
R1-calibrated_step100 52 6 7 0.8300980359781533
R1-calibrated_step100 52 6 8 0.7998215309344232
R1-calibrated_step100 52 6 9 0.806984449038282
R1-calibrated_step100 52 7 0 0.8105925590498373
R1-calibrated_step100 52 7 1 0.8226145110093057
R1-calibrated_step100 52 7 2 0.8047227350762114
R1-calibrated_step100 52 7 3 0.8140732110477984
R1-calibrated_step100 52 7 4 0.8342739960644394
R1-calibrated_step100 52 7 5 0.8196626690914854
R1-calibrated_step100 52 7 6 0.8212254060199484
R1-calibrated_step100 52 7 7 0.8168435620609671
R1-calibrated_step100 52 7 8 0.8033122250344604
R1-calibrated_step100 52 7 9 0.8148800269700587
R1-calibrated_step100 52 8 0 0.8122209610883147
R1-calibrated_step100 52 8 1 0.8114064520923421
R1-calibrated_step100 52 8 2 0.8130637740250677
R1-calibrated_step100 52 8 3 0.8173503280850127
R1-calibrated_step100 52 8 4 0.8078071310883388
R1-calibrated_step100 52 8 5 0.8156741749262437
R1-calibrated_step100 52 8 6 0.8177308819722384
R1-calibrated_step100 52 8 7 0.8055583909153938
R1-calibrated_step100 52 8 8 0.8150021830806509
R1-calibrated_step100 52 8 9 0.8087720579933375
R1-calibrated_step100 52 9 0 0.8003044229699299
R1-calibrated_step100 52 9 1 0.8158429269678891
R1-calibrated_step100 52 9 2 0.7969357129186392
R1-calibrated_step100 52 9 3 0.8055403089383617
R1-calibrated_step100 52 9 4 0.8063632340636104
R1-calibrated_step100 52 9 5 0.818178819026798
R1-calibrated_step100 52 9 6 0.8091433040099218
R1-calibrated_step100 52 9 7 0.8113778489641845
R1-calibrated_step100 52 9 8 0.818790643941611
R1-calibrated_step100 52 9 9 0.8110363919986412
R1-calibrated_step100 56 0 0 0.02161981910467148
R1-calibrated_step100 56 0 1 0.01776143303140998
R1-calibrated_step100 56 0 2 0.017131272004917264
R1-calibrated_step100 56 0 3 0.01714876398909837
R1-calibrated_step100 56 0 4 0.018221813021227717
R1-calibrated_step100 56 0 5 0.01802557206247002
R1-calibrated_step100 56 0 6 0.019748750026337802
R1-calibrated_step100 56 0 7 0.017426901031285524
R1-calibrated_step100 56 0 8 0.019687784952111542
R1-calibrated_step100 56 0 9 0.018965660012327135
R1-calibrated_step100 56 1 0 0.01783610403072089
R1-calibrated_step100 56 1 1 0.018585482030175626
R1-calibrated_step100 56 1 2 0.017166598001495004
R1-calibrated_step100 56 1 3 0.018213397008366883
R1-calibrated_step100 56 1 4 0.01708842092193663
R1-calibrated_step100 56 1 5 0.01726482401136309
R1-calibrated_step100 56 1 6 0.01695849501993507
R1-calibrated_step100 56 1 7 0.018932658014819026
R1-calibrated_step100 56 1 8 0.01770727103576064
R1-calibrated_step100 56 1 9 0.01696085894946009
R1-calibrated_step100 56 2 0 0.016941092093475163
R1-calibrated_step100 56 2 1 0.017448210972361267
R1-calibrated_step100 56 2 2 0.01781633694190532
R1-calibrated_step100 56 2 3 0.01715165004134178
R1-calibrated_step100 56 2 4 0.01698740990832448
R1-calibrated_step100 56 2 5 0.016975566977635026
R1-calibrated_step100 56 2 6 0.019043256994336843
R1-calibrated_step100 56 2 7 0.017725374083966017
R1-calibrated_step100 56 2 8 0.018208428053185344
R1-calibrated_step100 56 2 9 0.018018719973042607
R1-calibrated_step100 56 3 0 0.01770539698190987
R1-calibrated_step100 56 3 1 0.018240499077364802
R1-calibrated_step100 56 3 2 0.017870690091513097
R1-calibrated_step100 56 3 3 0.017629264038987458
R1-calibrated_step100 56 3 4 0.016977310995571315
R1-calibrated_step100 56 3 5 0.02088542003184557
R1-calibrated_step100 56 3 6 0.018275414942763746
R1-calibrated_step100 56 3 7 0.017725465004332364
R1-calibrated_step100 56 3 8 0.019071709946729243
R1-calibrated_step100 56 3 9 0.018015704001300037
R1-calibrated_step100 56 4 0 0.019037556019611657
R1-calibrated_step100 56 4 1 0.018721438013017178
R1-calibrated_step100 56 4 2 0.016950841061770916
R1-calibrated_step100 56 4 3 0.018977583036758006
R1-calibrated_step100 56 4 4 0.019407726009376347
R1-calibrated_step100 56 4 5 0.01735008496325463
R1-calibrated_step100 56 4 6 0.017259213025681674
R1-calibrated_step100 56 4 7 0.017194551997818053
R1-calibrated_step100 56 4 8 0.017156929010525346
R1-calibrated_step100 56 4 9 0.017950259963981807
R1-calibrated_step100 56 5 0 0.017407754086889327
R1-calibrated_step100 56 5 1 0.01718558499123901
R1-calibrated_step100 56 5 2 0.018895957968197763
R1-calibrated_step100 56 5 3 0.017535136081278324
R1-calibrated_step100 56 5 4 0.01698423398192972
R1-calibrated_step100 56 5 5 0.01857344899326563
R1-calibrated_step100 56 5 6 0.017570491996593773
R1-calibrated_step100 56 5 7 0.017530987970530987
R1-calibrated_step100 56 5 8 0.017131802975200117
R1-calibrated_step100 56 5 9 0.01693312800489366
R1-calibrated_step100 56 6 0 0.017506322008557618
R1-calibrated_step100 56 6 1 0.0185227629262954
R1-calibrated_step100 56 6 2 0.018230029963888228
R1-calibrated_step100 56 6 3 0.019159236922860146
R1-calibrated_step100 56 6 4 0.017872423981316388
R1-calibrated_step100 56 6 5 0.017858677078038454
R1-calibrated_step100 56 6 6 0.01886133407242596
R1-calibrated_step100 56 6 7 0.017254104022867978
R1-calibrated_step100 56 6 8 0.019489360973238945
R1-calibrated_step100 56 6 9 0.019274704973213375
R1-calibrated_step100 56 7 0 0.019538362976163626
R1-calibrated_step100 56 7 1 0.018353532999753952
R1-calibrated_step100 56 7 2 0.017002478009089828
R1-calibrated_step100 56 7 3 0.017183290095999837
R1-calibrated_step100 56 7 4 0.018054077052511275
R1-calibrated_step100 56 7 5 0.01759144209790975
R1-calibrated_step100 56 7 6 0.017783264978788793
R1-calibrated_step100 56 7 7 0.017818242078647017
R1-calibrated_step100 56 7 8 0.01751608995255083
R1-calibrated_step100 56 7 9 0.01958426006603986
R1-calibrated_step100 56 8 0 0.0175981349311769
R1-calibrated_step100 56 8 1 0.017128347069956362
R1-calibrated_step100 56 8 2 0.01768283499404788
R1-calibrated_step100 56 8 3 0.01903292804490775
R1-calibrated_step100 56 8 4 0.018416551989503205
R1-calibrated_step100 56 8 5 0.017496231943368912
R1-calibrated_step100 56 8 6 0.01717394299339503
R1-calibrated_step100 56 8 7 0.01764073595404625
R1-calibrated_step100 56 8 8 0.02111773006618023
R1-calibrated_step100 56 8 9 0.01834932598285377
R1-calibrated_step100 56 9 0 0.018331381026655436
R1-calibrated_step100 56 9 1 0.01764779898803681
R1-calibrated_step100 56 9 2 0.016980276093818247
R1-calibrated_step100 56 9 3 0.01759654306806624
R1-calibrated_step100 56 9 4 0.017469762009568512
R1-calibrated_step100 56 9 5 0.016939277993515134
R1-calibrated_step100 56 9 6 0.01853009802289307
R1-calibrated_step100 56 9 7 0.017662725993432105
R1-calibrated_step100 56 9 8 0.017115712980739772
R1-calibrated_step100 56 9 9 0.017668849090114236
R1-calibrated_step100 62 0 0 0.29103979701176286
R1-calibrated_step100 62 0 1 0.28643171896692365
R1-calibrated_step100 62 0 2 0.2873058809200302
R1-calibrated_step100 62 0 3 0.2898734180489555
R1-calibrated_step100 62 0 4 0.28789125801995397
R1-calibrated_step100 62 0 5 0.2835154940839857
R1-calibrated_step100 62 0 6 0.28808025491889566
R1-calibrated_step100 62 0 7 0.29210585192777216
R1-calibrated_step100 62 0 8 0.287429773947224
R1-calibrated_step100 62 0 9 0.2858024670276791
R1-calibrated_step100 62 1 0 0.2890579440863803
R1-calibrated_step100 62 1 1 0.2868179159704596
R1-calibrated_step100 62 1 2 0.28951880300883204
R1-calibrated_step100 62 1 3 0.28813307196833193
R1-calibrated_step100 62 1 4 0.28778242506086826
R1-calibrated_step100 62 1 5 0.28714278899133205
R1-calibrated_step100 62 1 6 0.29323166294489056
R1-calibrated_step100 62 1 7 0.29110845003742725
R1-calibrated_step100 62 1 8 0.3007674829568714
R1-calibrated_step100 62 1 9 0.2947205170057714
R1-calibrated_step100 62 2 0 0.2912937169894576
R1-calibrated_step100 62 2 1 0.29199487005826086
R1-calibrated_step100 62 2 2 0.2914445410715416
R1-calibrated_step100 62 2 3 0.293863374972716
R1-calibrated_step100 62 2 4 0.29278203495778143
R1-calibrated_step100 62 2 5 0.2945997570641339
R1-calibrated_step100 62 2 6 0.2948449000250548
R1-calibrated_step100 62 2 7 0.29562879202421755
R1-calibrated_step100 62 2 8 0.2885692309355363
R1-calibrated_step100 62 2 9 0.2862488040700555
R1-calibrated_step100 62 3 0 0.29202075907960534
R1-calibrated_step100 62 3 1 0.28825001302175224
R1-calibrated_step100 62 3 2 0.2887937449850142
R1-calibrated_step100 62 3 3 0.2851250059902668
R1-calibrated_step100 62 3 4 0.29045853402931243
R1-calibrated_step100 62 3 5 0.29159460007213056
R1-calibrated_step100 62 3 6 0.2877930710092187
R1-calibrated_step100 62 3 7 0.2913630729308352
R1-calibrated_step100 62 3 8 0.2947213490260765
R1-calibrated_step100 62 3 9 0.29388361901510507
R1-calibrated_step100 62 4 0 0.2939753819955513
R1-calibrated_step100 62 4 1 0.2910088129574433
R1-calibrated_step100 62 4 2 0.2904185130028054
R1-calibrated_step100 62 4 3 0.28200118499808013
R1-calibrated_step100 62 4 4 0.29484474402852356
R1-calibrated_step100 62 4 5 0.2936644300352782
R1-calibrated_step100 62 4 6 0.2933230260387063
R1-calibrated_step100 62 4 7 0.2889215520117432
R1-calibrated_step100 62 4 8 0.29361983004491776
R1-calibrated_step100 62 4 9 0.29642479098401964
R1-calibrated_step100 62 5 0 0.2939083910314366
R1-calibrated_step100 62 5 1 0.2936096170451492
R1-calibrated_step100 62 5 2 0.2930328840157017
R1-calibrated_step100 62 5 3 0.2964662880403921
R1-calibrated_step100 62 5 4 0.29544005705974996
R1-calibrated_step100 62 5 5 0.2924428340047598
R1-calibrated_step100 62 5 6 0.2953861840069294
R1-calibrated_step100 62 5 7 0.2959837350063026
R1-calibrated_step100 62 5 8 0.3003726180177182
R1-calibrated_step100 62 5 9 0.29645621695090085
R1-calibrated_step100 62 6 0 0.30602177896071225
R1-calibrated_step100 62 6 1 0.29395256110001355
R1-calibrated_step100 62 6 2 0.292770683998242
R1-calibrated_step100 62 6 3 0.28851596696767956
R1-calibrated_step100 62 6 4 0.29523489496205
R1-calibrated_step100 62 6 5 0.289900521049276
R1-calibrated_step100 62 6 6 0.29043218097649515
R1-calibrated_step100 62 6 7 0.29320261999964714
R1-calibrated_step100 62 6 8 0.28209341794718057
R1-calibrated_step100 62 6 9 0.283804913982749
R1-calibrated_step100 62 7 0 0.28369175002444535
R1-calibrated_step100 62 7 1 0.2930430070264265
R1-calibrated_step100 62 7 2 0.28744861006271094
R1-calibrated_step100 62 7 3 0.28385065007023513
R1-calibrated_step100 62 7 4 0.287259335978888
R1-calibrated_step100 62 7 5 0.2941811990458518
R1-calibrated_step100 62 7 6 0.2870702180080116
R1-calibrated_step100 62 7 7 0.28423652693163604
R1-calibrated_step100 62 7 8 0.28806921700015664
R1-calibrated_step100 62 7 9 0.284308108035475
R1-calibrated_step100 62 8 0 0.29040719801560044
R1-calibrated_step100 62 8 1 0.289943611016497
R1-calibrated_step100 62 8 2 0.28895655495580286
R1-calibrated_step100 62 8 3 0.2877730740001425
R1-calibrated_step100 62 8 4 0.29159316897857934
R1-calibrated_step100 62 8 5 0.28463887504767627
R1-calibrated_step100 62 8 6 0.2854986870661378
R1-calibrated_step100 62 8 7 0.28516168310306966
R1-calibrated_step100 62 8 8 0.2886375479865819
R1-calibrated_step100 62 8 9 0.2853903059149161
R1-calibrated_step100 62 9 0 0.280947900027968
R1-calibrated_step100 62 9 1 0.28139472496695817
R1-calibrated_step100 62 9 2 0.284329817048274
R1-calibrated_step100 62 9 3 0.2877452130196616
R1-calibrated_step100 62 9 4 0.28274553804658353
R1-calibrated_step100 62 9 5 0.29366162803489715
R1-calibrated_step100 62 9 6 0.2878108719596639
R1-calibrated_step100 62 9 7 0.2906473549082875
R1-calibrated_step100 62 9 8 0.2954831930110231
R1-calibrated_step100 62 9 9 0.29451402998529375
R1-calibrated_step100 64 0 0 0.18117348803207278
R1-calibrated_step100 64 0 1 0.1853871699422598
R1-calibrated_step100 64 0 2 0.18120769294910133
R1-calibrated_step100 64 0 3 0.18250982696190476
R1-calibrated_step100 64 0 4 0.1822802129900083
R1-calibrated_step100 64 0 5 0.1776700229384005
R1-calibrated_step100 64 0 6 0.17892545100767165
R1-calibrated_step100 64 0 7 0.18026211997494102
R1-calibrated_step100 64 0 8 0.18281168409157544
R1-calibrated_step100 64 0 9 0.18666841892991215
R1-calibrated_step100 64 1 0 0.18416574609000236
R1-calibrated_step100 64 1 1 0.182474680012092
R1-calibrated_step100 64 1 2 0.17663617595098913
R1-calibrated_step100 64 1 3 0.18279478698968887
R1-calibrated_step100 64 1 4 0.1841515339910984
R1-calibrated_step100 64 1 5 0.1809116650838405
R1-calibrated_step100 64 1 6 0.18486905191093683
R1-calibrated_step100 64 1 7 0.18271698500029743
R1-calibrated_step100 64 1 8 0.17690303700510412
R1-calibrated_step100 64 1 9 0.1794369099661708
R1-calibrated_step100 64 2 0 0.1810700100613758
R1-calibrated_step100 64 2 1 0.1816184570780024
R1-calibrated_step100 64 2 2 0.1790170290041715
R1-calibrated_step100 64 2 3 0.18522974499501288
R1-calibrated_step100 64 2 4 0.18021060794126242
R1-calibrated_step100 64 2 5 0.1844361120602116
R1-calibrated_step100 64 2 6 0.18442074302583933
R1-calibrated_step100 64 2 7 0.17655282991472632
R1-calibrated_step100 64 2 8 0.17987012898083776
R1-calibrated_step100 64 2 9 0.18588436802383512
R1-calibrated_step100 64 3 0 0.18573308107443154
R1-calibrated_step100 64 3 1 0.1795447840122506
R1-calibrated_step100 64 3 2 0.17426609701942652
R1-calibrated_step100 64 3 3 0.17654112505260855
R1-calibrated_step100 64 3 4 0.1799825580092147
R1-calibrated_step100 64 3 5 0.1796353809768334
R1-calibrated_step100 64 3 6 0.18492805399000645
R1-calibrated_step100 64 3 7 0.1820777920074761
R1-calibrated_step100 64 3 8 0.18153371301013976
R1-calibrated_step100 64 3 9 0.17275076999794692
R1-calibrated_step100 64 4 0 0.1703846249729395
R1-calibrated_step100 64 4 1 0.16852012695744634
R1-calibrated_step100 64 4 2 0.17468356702011079
R1-calibrated_step100 64 4 3 0.17247850506100804
R1-calibrated_step100 64 4 4 0.17153143708128482
R1-calibrated_step100 64 4 5 0.17573758703656495
R1-calibrated_step100 64 4 6 0.1659946640720591
R1-calibrated_step100 64 4 7 0.17322314996272326
R1-calibrated_step100 64 4 8 0.17470863997004926
R1-calibrated_step100 64 4 9 0.17147768707945943
R1-calibrated_step100 64 5 0 0.17654011701233685
R1-calibrated_step100 64 5 1 0.17427514493465424
R1-calibrated_step100 64 5 2 0.17302087193820626
R1-calibrated_step100 64 5 3 0.1775070489384234
R1-calibrated_step100 64 5 4 0.16218165401369333
R1-calibrated_step100 64 5 5 0.16934832406695932
R1-calibrated_step100 64 5 6 0.17175567091908306
R1-calibrated_step100 64 5 7 0.16908909799531102
R1-calibrated_step100 64 5 8 0.17005953402258456
R1-calibrated_step100 64 5 9 0.18575685296673328
R1-calibrated_step100 64 6 0 0.17624148004688323
R1-calibrated_step100 64 6 1 0.17734257399570197
R1-calibrated_step100 64 6 2 0.17485410009976476
R1-calibrated_step100 64 6 3 0.17416377493645996
R1-calibrated_step100 64 6 4 0.17911559401545674
R1-calibrated_step100 64 6 5 0.17588231607805938
R1-calibrated_step100 64 6 6 0.17306314199231565
R1-calibrated_step100 64 6 7 0.1763203360605985
R1-calibrated_step100 64 6 8 0.17893786204513162
R1-calibrated_step100 64 6 9 0.16775192692875862
R1-calibrated_step100 64 7 0 0.1774689930025488
R1-calibrated_step100 64 7 1 0.17877247906289995
R1-calibrated_step100 64 7 2 0.1735135989729315
R1-calibrated_step100 64 7 3 0.17403905605897307
R1-calibrated_step100 64 7 4 0.17749689996708184
R1-calibrated_step100 64 7 5 0.18090179294813424
R1-calibrated_step100 64 7 6 0.18548753997310996
R1-calibrated_step100 64 7 7 0.17850544897373766
R1-calibrated_step100 64 7 8 0.17469148396048695
R1-calibrated_step100 64 7 9 0.17407179507426918
R1-calibrated_step100 64 8 0 0.17208004603162408
R1-calibrated_step100 64 8 1 0.1733382869279012
R1-calibrated_step100 64 8 2 0.17304476199205965
R1-calibrated_step100 64 8 3 0.17354397603776306
R1-calibrated_step100 64 8 4 0.16998795000836253
R1-calibrated_step100 64 8 5 0.1752628639806062
R1-calibrated_step100 64 8 6 0.17799500294495374
R1-calibrated_step100 64 8 7 0.16983743908349425
R1-calibrated_step100 64 8 8 0.16854234703350812
R1-calibrated_step100 64 8 9 0.16980046697426587
R1-calibrated_step100 64 9 0 0.1758063939632848
R1-calibrated_step100 64 9 1 0.1762509288964793
R1-calibrated_step100 64 9 2 0.17027587199117988
R1-calibrated_step100 64 9 3 0.1726166419684887
R1-calibrated_step100 64 9 4 0.17591191607061774
R1-calibrated_step100 64 9 5 0.16889085189905018
R1-calibrated_step100 64 9 6 0.16990476404316723
R1-calibrated_step100 64 9 7 0.17280989198479801
R1-calibrated_step100 64 9 8 0.17153737391345203
R1-calibrated_step100 64 9 9 0.16860177996568382
R1-calibrated_step100 69 0 0 0.5165534099796787
R1-calibrated_step100 69 0 1 0.5037737489910796
R1-calibrated_step100 69 0 2 0.5054106710013002
R1-calibrated_step100 69 0 3 0.5101847840705886
R1-calibrated_step100 69 0 4 0.5037693399935961
R1-calibrated_step100 69 0 5 0.5075879750074819
R1-calibrated_step100 69 0 6 0.49719544406980276
R1-calibrated_step100 69 0 7 0.502414740039967
R1-calibrated_step100 69 0 8 0.5079491779906675
R1-calibrated_step100 69 0 9 0.5059140450321138
R1-calibrated_step100 69 1 0 0.5102924670791253
R1-calibrated_step100 69 1 1 0.5002881230320781
R1-calibrated_step100 69 1 2 0.4990681210765615
R1-calibrated_step100 69 1 3 0.5011359320487827
R1-calibrated_step100 69 1 4 0.505271734087728
R1-calibrated_step100 69 1 5 0.4990698150359094
R1-calibrated_step100 69 1 6 0.5020875739865005
R1-calibrated_step100 69 1 7 0.5015267690178007
R1-calibrated_step100 69 1 8 0.5027503110468388
R1-calibrated_step100 69 1 9 0.5025687649613246
R1-calibrated_step100 69 2 0 0.5151591390604153
R1-calibrated_step100 69 2 1 0.4983146069571376
R1-calibrated_step100 69 2 2 0.5087696310365573
R1-calibrated_step100 69 2 3 0.5162278630305082
R1-calibrated_step100 69 2 4 0.5049651659792289
R1-calibrated_step100 69 2 5 0.5036481580464169
R1-calibrated_step100 69 2 6 0.5093335669953376
R1-calibrated_step100 69 2 7 0.5141808680491522
R1-calibrated_step100 69 2 8 0.5061981580220163
R1-calibrated_step100 69 2 9 0.5155179610010237
R1-calibrated_step100 69 3 0 0.510122471023351
R1-calibrated_step100 69 3 1 0.5104734790511429
R1-calibrated_step100 69 3 2 0.4953314498998225
R1-calibrated_step100 69 3 3 0.5107255500042811
R1-calibrated_step100 69 3 4 0.5057970809284598
R1-calibrated_step100 69 3 5 0.501051633968018
R1-calibrated_step100 69 3 6 0.5062414270360023
R1-calibrated_step100 69 3 7 0.5018480849685147
R1-calibrated_step100 69 3 8 0.5028516240417957
R1-calibrated_step100 69 3 9 0.5015160799957812
R1-calibrated_step100 69 4 0 0.5096308299107477
R1-calibrated_step100 69 4 1 0.5094013180350885
R1-calibrated_step100 69 4 2 0.5178754610242322
R1-calibrated_step100 69 4 3 0.516603535041213
R1-calibrated_step100 69 4 4 0.5043009999208152
R1-calibrated_step100 69 4 5 0.5196164819644764
R1-calibrated_step100 69 4 6 0.506037701969035
R1-calibrated_step100 69 4 7 0.4997887040954083
R1-calibrated_step100 69 4 8 0.50218663609121
R1-calibrated_step100 69 4 9 0.52407776506152
R1-calibrated_step100 69 5 0 0.5127094290219247
R1-calibrated_step100 69 5 1 0.5107299640076235
R1-calibrated_step100 69 5 2 0.5132293369388208
R1-calibrated_step100 69 5 3 0.515009538969025
R1-calibrated_step100 69 5 4 0.5201568050542846
R1-calibrated_step100 69 5 5 0.5189978730631992
R1-calibrated_step100 69 5 6 0.5184531620470807
R1-calibrated_step100 69 5 7 0.5269431689521298
R1-calibrated_step100 69 5 8 0.514524310012348
R1-calibrated_step100 69 5 9 0.5199059629812837
R1-calibrated_step100 69 6 0 0.5231102670077235
R1-calibrated_step100 69 6 1 0.5070634139701724
R1-calibrated_step100 69 6 2 0.5161372199654579
R1-calibrated_step100 69 6 3 0.5101320090470836
R1-calibrated_step100 69 6 4 0.5043878110591322
R1-calibrated_step100 69 6 5 0.5054694159189239
R1-calibrated_step100 69 6 6 0.5118343520443887
R1-calibrated_step100 69 6 7 0.5089571720454842
R1-calibrated_step100 69 6 8 0.5107828750042245
R1-calibrated_step100 69 6 9 0.5150623839581385
R1-calibrated_step100 69 7 0 0.5152054210193455
R1-calibrated_step100 69 7 1 0.5173102651024237
R1-calibrated_step100 69 7 2 0.5059651299379766
R1-calibrated_step100 69 7 3 0.5078909950098023
R1-calibrated_step100 69 7 4 0.5169695280492306
R1-calibrated_step100 69 7 5 0.5175201708916575
R1-calibrated_step100 69 7 6 0.5148969669826329
R1-calibrated_step100 69 7 7 0.5160217579687014
R1-calibrated_step100 69 7 8 0.5155997610418126
R1-calibrated_step100 69 7 9 0.5254149059765041
R1-calibrated_step100 69 8 0 0.5079623049823567
R1-calibrated_step100 69 8 1 0.5156624070368707
R1-calibrated_step100 69 8 2 0.5066975519293919
R1-calibrated_step100 69 8 3 0.5194690480129793
R1-calibrated_step100 69 8 4 0.5162687000120059
R1-calibrated_step100 69 8 5 0.5086979070911184
R1-calibrated_step100 69 8 6 0.5193507289513946
R1-calibrated_step100 69 8 7 0.529387234011665
R1-calibrated_step100 69 8 8 0.5268694100668654
R1-calibrated_step100 69 8 9 0.5101236429763958
R1-calibrated_step100 69 9 0 0.507553179981187
R1-calibrated_step100 69 9 1 0.519693735986948
R1-calibrated_step100 69 9 2 0.5119052139343694
R1-calibrated_step100 69 9 3 0.49797754106111825
R1-calibrated_step100 69 9 4 0.5030711300205439
R1-calibrated_step100 69 9 5 0.5076811779290438
R1-calibrated_step100 69 9 6 0.5067171970149502
R1-calibrated_step100 69 9 7 0.537419490981847
R1-calibrated_step100 69 9 8 0.532706604921259
R1-calibrated_step100 69 9 9 0.5159231889992952
R1-calibrated_step100 74 0 0 0.7137660740409046
R1-calibrated_step100 74 0 1 0.7068075579591095
R1-calibrated_step100 74 0 2 0.7140258699655533
R1-calibrated_step100 74 0 3 0.7004036600701511
R1-calibrated_step100 74 0 4 0.6911846130387858
R1-calibrated_step100 74 0 5 0.6940059039043263
R1-calibrated_step100 74 0 6 0.7043526360066608
R1-calibrated_step100 74 0 7 0.728562191943638
R1-calibrated_step100 74 0 8 0.7094376269960776
R1-calibrated_step100 74 0 9 0.712126252008602
R1-calibrated_step100 74 1 0 0.703605471062474
R1-calibrated_step100 74 1 1 0.7333006369881332
R1-calibrated_step100 74 1 2 0.7106361959595233
R1-calibrated_step100 74 1 3 0.6957946360344067
R1-calibrated_step100 74 1 4 0.7206437679706141
R1-calibrated_step100 74 1 5 0.7220003979746252
R1-calibrated_step100 74 1 6 0.7109504949767143
R1-calibrated_step100 74 1 7 0.7329104089876637
R1-calibrated_step100 74 1 8 0.7231708349427208
R1-calibrated_step100 74 1 9 0.6994695869507268
R1-calibrated_step100 74 2 0 0.71433505800087
R1-calibrated_step100 74 2 1 0.7075616910587996
R1-calibrated_step100 74 2 2 0.7059309029718861
R1-calibrated_step100 74 2 3 0.7151065749349073
R1-calibrated_step100 74 2 4 0.7067633770639077
R1-calibrated_step100 74 2 5 0.721113326959312
R1-calibrated_step100 74 2 6 0.735272407066077
R1-calibrated_step100 74 2 7 0.7102978389011696
R1-calibrated_step100 74 2 8 0.6964857398997992
R1-calibrated_step100 74 2 9 0.7096652120817453
R1-calibrated_step100 74 3 0 0.714968050015159
R1-calibrated_step100 74 3 1 0.7120876089902595
R1-calibrated_step100 74 3 2 0.7055221230257303
R1-calibrated_step100 74 3 3 0.719103729003109
R1-calibrated_step100 74 3 4 0.7051698529394343
R1-calibrated_step100 74 3 5 0.7148648980073631
R1-calibrated_step100 74 3 6 0.7163779640104622
R1-calibrated_step100 74 3 7 0.7237127919215709
R1-calibrated_step100 74 3 8 0.720571005018428
R1-calibrated_step100 74 3 9 0.7301079019671306
R1-calibrated_step100 74 4 0 0.7361895820358768
R1-calibrated_step100 74 4 1 0.7350485490169376
R1-calibrated_step100 74 4 2 0.7384012629045174
R1-calibrated_step100 74 4 3 0.740551769034937
R1-calibrated_step100 74 4 4 0.7259600970428437
R1-calibrated_step100 74 4 5 0.7294704450760037
R1-calibrated_step100 74 4 6 0.7318245850037783
R1-calibrated_step100 74 4 7 0.7344417429994792
R1-calibrated_step100 74 4 8 0.7333444979740307
R1-calibrated_step100 74 4 9 0.7263088749023154
R1-calibrated_step100 74 5 0 0.7094886099221185
R1-calibrated_step100 74 5 1 0.7382821280043572
R1-calibrated_step100 74 5 2 0.7256379100726917
R1-calibrated_step100 74 5 3 0.7439875369891524
R1-calibrated_step100 74 5 4 0.735359753947705
R1-calibrated_step100 74 5 5 0.7377697300398722
R1-calibrated_step100 74 5 6 0.7247200519777834
R1-calibrated_step100 74 5 7 0.7467026220401749
R1-calibrated_step100 74 5 8 0.7321599019924179
R1-calibrated_step100 74 5 9 0.7217130300123245
R1-calibrated_step100 74 6 0 0.7156178778968751
R1-calibrated_step100 74 6 1 0.7581833360018209
R1-calibrated_step100 74 6 2 0.7319664340466261
R1-calibrated_step100 74 6 3 0.7279410599730909
R1-calibrated_step100 74 6 4 0.7299955489579588
R1-calibrated_step100 74 6 5 0.718301732908003
R1-calibrated_step100 74 6 6 0.739654119941406
R1-calibrated_step100 74 6 7 0.7449008569819853
R1-calibrated_step100 74 6 8 0.7391757520381361
R1-calibrated_step100 74 6 9 0.7450524891028181
R1-calibrated_step100 74 7 0 0.7359380889683962
R1-calibrated_step100 74 7 1 0.7387110290583223
R1-calibrated_step100 74 7 2 0.7427322809817269
R1-calibrated_step100 74 7 3 0.7348916560877115
R1-calibrated_step100 74 7 4 0.7273308099247515
R1-calibrated_step100 74 7 5 0.7214780549984425
R1-calibrated_step100 74 7 6 0.7477178790140897
R1-calibrated_step100 74 7 7 0.7426245579263195
R1-calibrated_step100 74 7 8 0.7466696740593761
R1-calibrated_step100 74 7 9 0.7369643099373206
R1-calibrated_step100 74 8 0 0.734697035048157
R1-calibrated_step100 74 8 1 0.7319257039343938
R1-calibrated_step100 74 8 2 0.734398021013476
R1-calibrated_step100 74 8 3 0.7249607309931889
R1-calibrated_step100 74 8 4 0.7364894299535081
R1-calibrated_step100 74 8 5 0.7350119410548359
R1-calibrated_step100 74 8 6 0.7131308889947832
R1-calibrated_step100 74 8 7 0.6905482530128211
R1-calibrated_step100 74 8 8 0.6983267239993438
R1-calibrated_step100 74 8 9 0.6889301770133898
R1-calibrated_step100 74 9 0 0.747771303053014
R1-calibrated_step100 74 9 1 0.7194910179823637
R1-calibrated_step100 74 9 2 0.6978808320127428
R1-calibrated_step100 74 9 3 0.6884598820470273
R1-calibrated_step100 74 9 4 0.6816570189548656
R1-calibrated_step100 74 9 5 0.6716326579917222
R1-calibrated_step100 74 9 6 0.7038112370064482
R1-calibrated_step100 74 9 7 0.6942189689725637
R1-calibrated_step100 74 9 8 0.6916520220693201
R1-calibrated_step100 74 9 9 0.6887274809414521
R1-calibrated_step100 78 0 0 1.130445960094221
R1-calibrated_step100 78 0 1 1.1443045559572056
R1-calibrated_step100 78 0 2 1.1647858249489218
R1-calibrated_step100 78 0 3 1.2023808220401406
R1-calibrated_step100 78 0 4 1.1678438510280102
R1-calibrated_step100 78 0 5 1.1764204780338332
R1-calibrated_step100 78 0 6 1.1646921560168266
R1-calibrated_step100 78 0 7 1.1295630999375135
R1-calibrated_step100 78 0 8 1.1288380339974537
R1-calibrated_step100 78 0 9 1.1313472879119217
R1-calibrated_step100 78 1 0 1.1907993300119415
R1-calibrated_step100 78 1 1 1.1993393490556628
R1-calibrated_step100 78 1 2 1.198449573945254
R1-calibrated_step100 78 1 3 1.255610364023596
R1-calibrated_step100 78 1 4 1.2193526939954609
R1-calibrated_step100 78 1 5 1.216536846011877
R1-calibrated_step100 78 1 6 1.2113483509747311
R1-calibrated_step100 78 1 7 1.2017278060084209
R1-calibrated_step100 78 1 8 1.2167586940340698
R1-calibrated_step100 78 1 9 1.2139411519747227
R1-calibrated_step100 78 2 0 1.2219786199275404
R1-calibrated_step100 78 2 1 1.1947012769524008
R1-calibrated_step100 78 2 2 1.2092830749461427
R1-calibrated_step100 78 2 3 1.1847427189350128
R1-calibrated_step100 78 2 4 1.2311858100583777
R1-calibrated_step100 78 2 5 1.203512836014852
R1-calibrated_step100 78 2 6 1.189039682969451
R1-calibrated_step100 78 2 7 1.1967525099171326
R1-calibrated_step100 78 2 8 1.1999367260141298
R1-calibrated_step100 78 2 9 1.2196403340203688
R1-calibrated_step100 78 3 0 1.2303066280437633
R1-calibrated_step100 78 3 1 1.2074706599814817
R1-calibrated_step100 78 3 2 1.1991437340620905
R1-calibrated_step100 78 3 3 1.200221013976261
R1-calibrated_step100 78 3 4 1.2021600200096145
R1-calibrated_step100 78 3 5 1.2078689549816772
R1-calibrated_step100 78 3 6 1.1955413679825142
R1-calibrated_step100 78 3 7 1.202809131005779
R1-calibrated_step100 78 3 8 1.226817806949839
R1-calibrated_step100 78 3 9 1.2315272080013528
R1-calibrated_step100 78 4 0 1.2075676410458982
R1-calibrated_step100 78 4 1 1.2507003679638728
R1-calibrated_step100 78 4 2 1.242435525986366
R1-calibrated_step100 78 4 3 1.2008920529624447
R1-calibrated_step100 78 4 4 1.2104716469766572
R1-calibrated_step100 78 4 5 1.2082345340168104
R1-calibrated_step100 78 4 6 1.2205878540407866
R1-calibrated_step100 78 4 7 1.2065719510428607
R1-calibrated_step100 78 4 8 1.1769661110593006
R1-calibrated_step100 78 4 9 1.1831697130110115
R1-calibrated_step100 78 5 0 1.1930657799821347
R1-calibrated_step100 78 5 1 1.2081435759318992
R1-calibrated_step100 78 5 2 1.238274572067894
R1-calibrated_step100 78 5 3 1.2026363969780505
R1-calibrated_step100 78 5 4 1.2139632189646363
R1-calibrated_step100 78 5 5 1.2138189550023526
R1-calibrated_step100 78 5 6 1.223315587034449
R1-calibrated_step100 78 5 7 1.2256501119118184
R1-calibrated_step100 78 5 8 1.217942620976828
R1-calibrated_step100 78 5 9 1.2144316990161315
R1-calibrated_step100 78 6 0 1.1991582600167021
R1-calibrated_step100 78 6 1 1.2049496229737997
R1-calibrated_step100 78 6 2 1.2226362089859322
R1-calibrated_step100 78 6 3 1.2068816220853478
R1-calibrated_step100 78 6 4 1.1955234550405294
R1-calibrated_step100 78 6 5 1.2331255020108074
R1-calibrated_step100 78 6 6 1.201874598977156
R1-calibrated_step100 78 6 7 1.2249981199856848
R1-calibrated_step100 78 6 8 1.197781989001669
R1-calibrated_step100 78 6 9 1.220488221035339
R1-calibrated_step100 78 7 0 1.274299181997776
R1-calibrated_step100 78 7 1 1.2343839990207925
R1-calibrated_step100 78 7 2 1.2157395259710029
R1-calibrated_step100 78 7 3 1.2490766800474375
R1-calibrated_step100 78 7 4 1.1906516299350187
R1-calibrated_step100 78 7 5 1.2066231250064448
R1-calibrated_step100 78 7 6 1.217956462991424
R1-calibrated_step100 78 7 7 1.1979376600356773
R1-calibrated_step100 78 7 8 1.200007072999142
R1-calibrated_step100 78 7 9 1.204009486013092
R1-calibrated_step100 78 8 0 1.2508007660508156
R1-calibrated_step100 78 8 1 1.2025512210093439
R1-calibrated_step100 78 8 2 1.199308664072305
R1-calibrated_step100 78 8 3 1.241235162015073
R1-calibrated_step100 78 8 4 1.193711100029759
R1-calibrated_step100 78 8 5 1.2187555129639804
R1-calibrated_step100 78 8 6 1.195482840994373
R1-calibrated_step100 78 8 7 1.2201955480268225
R1-calibrated_step100 78 8 8 1.223439572029747
R1-calibrated_step100 78 8 9 1.2240177949424833
R1-calibrated_step100 78 9 0 1.2046699090860784
R1-calibrated_step100 78 9 1 1.221903063938953
R1-calibrated_step100 78 9 2 1.2260994160315022
R1-calibrated_step100 78 9 3 1.2265085480175912
R1-calibrated_step100 78 9 4 1.2314198840176687
R1-calibrated_step100 78 9 5 1.2310615399619564
R1-calibrated_step100 78 9 6 1.2194843380711973
R1-calibrated_step100 78 9 7 1.2123293789336458
R1-calibrated_step100 78 9 8 1.2359023770550266
R1-calibrated_step100 78 9 9 1.2378402100875974
{'model': 'R1-calibrated_step100', 'completed_pairs': 2000, 'requested_pairs': 2000, 'completed': True, 'complete_source_count': 20, 'FRD': 130.6803694930006, 'new_pairs': 2000, 'wall_seconds': 473.9783855089918}
