/home/zhengshiyi/react2025_new/.venv/lib/python3.10/site-packages/torch/_utils.py:831: UserWarning: TypedStorage is deprecated. It will be removed in the future and UntypedStorage will be the only storage class. This should only matter to you if you are using storages directly.  To access UntypedStorage directly, use tensor.untyped_storage() instead of tensor.storage()
  return self.fget.__get__(instance, owner)()
R1-calibrated 1 10.930974006652832 {'quality_norm': 3.6447480590188106, 'bonus_norm': 0.02218207156549378, 'weighted_KL_norm': 0.060326774874697994, 'quality_bonus_cosine': 0.18572421810724324, 'actor_KL_cosine': -0.07650770035908636}
R1-calibrated 2 11.052044868469238 {'quality_norm': 2.8775296247249402, 'bonus_norm': 0.19033769512834428, 'weighted_KL_norm': 0.05647626686779193, 'quality_bonus_cosine': 0.12147335827436577, 'actor_KL_cosine': 0.16120444580529397}
R1-calibrated 3 12.932311296463013 {'quality_norm': 4.152852404274919, 'bonus_norm': 0.11516114450453317, 'weighted_KL_norm': 0.06747622867271534, 'quality_bonus_cosine': 0.27925528237569003, 'actor_KL_cosine': 0.037969533926901604}
R1-calibrated 4 13.719128847122192 {'quality_norm': 3.43172764548382, 'bonus_norm': 1.0574789839399716, 'weighted_KL_norm': 0.06313927605421162, 'quality_bonus_cosine': 0.7022717308651408, 'actor_KL_cosine': 0.018045249874845796}
R1-calibrated 5 13.387649297714233 {'quality_norm': 4.675449510034563, 'bonus_norm': 0.7677606504875704, 'weighted_KL_norm': 0.06383795401145094, 'quality_bonus_cosine': 0.1935763026889263, 'actor_KL_cosine': 0.06106734830796731}
R1-calibrated 6 14.314480304718018 {'quality_norm': 3.305073989252637, 'bonus_norm': 2.3213921000282545, 'weighted_KL_norm': 0.0679983709859396, 'quality_bonus_cosine': 0.22658348549789814, 'actor_KL_cosine': -0.08961255032688058}
R1-calibrated 7 13.884752750396729 {'quality_norm': 2.287190442629665, 'bonus_norm': 3.2090568216170112, 'weighted_KL_norm': 0.06125575436321135, 'quality_bonus_cosine': 0.024323903652226586, 'actor_KL_cosine': 0.07460017498807207}
R1-calibrated 8 13.460731983184814 {'quality_norm': 5.738433110356069, 'bonus_norm': 2.522429154960216, 'weighted_KL_norm': 0.06391953560006054, 'quality_bonus_cosine': 0.0076957723897223855, 'actor_KL_cosine': -0.11155047779355819}
R1-calibrated 9 14.28742241859436 {'quality_norm': 2.7056696239258415, 'bonus_norm': 0.217338573101796, 'weighted_KL_norm': 0.05190169954577899, 'quality_bonus_cosine': 0.013134819248850276, 'actor_KL_cosine': 0.10919010417586851}
R1-calibrated 10 12.85253119468689 {'quality_norm': 4.482987214616452, 'bonus_norm': 0.13326424966090336, 'weighted_KL_norm': 0.05097582590820143, 'quality_bonus_cosine': 0.40338624559622965, 'actor_KL_cosine': 0.00995651004293479}
R1-calibrated 11 11.170746564865112 {'quality_norm': 2.1557723349988276, 'bonus_norm': 2.0304919265598063, 'weighted_KL_norm': 0.0633242666643472, 'quality_bonus_cosine': 0.3166398139409138, 'actor_KL_cosine': -0.11196630911381057}
R1-calibrated 12 10.93450927734375 {'quality_norm': 3.542363564726335, 'bonus_norm': 0.0, 'weighted_KL_norm': 0.06253393253972184, 'quality_bonus_cosine': 0.0, 'actor_KL_cosine': -0.01928604150103756}
R1-calibrated 13 10.877279043197632 {'quality_norm': 3.507957902249701, 'bonus_norm': 1.898323846714811, 'weighted_KL_norm': 0.05269677247764028, 'quality_bonus_cosine': 0.0730337889477915, 'actor_KL_cosine': -0.03188896805787275}
R1-calibrated 14 11.125015497207642 {'quality_norm': 5.062093042565144, 'bonus_norm': 0.05218330417284459, 'weighted_KL_norm': 0.06192272502552368, 'quality_bonus_cosine': 0.28097626998531516, 'actor_KL_cosine': 0.06156097950936846}
R1-calibrated 15 10.960054636001587 {'quality_norm': 2.224959401438759, 'bonus_norm': 3.7999666779073062, 'weighted_KL_norm': 0.06327363784516714, 'quality_bonus_cosine': 0.03696412639214908, 'actor_KL_cosine': 0.03432039053660129}
R1-calibrated 16 10.894174575805664 {'quality_norm': 3.1886555526460336, 'bonus_norm': 0.0008819397960547933, 'weighted_KL_norm': 0.06838955719653003, 'quality_bonus_cosine': 0.15776490203080562, 'actor_KL_cosine': -0.08437764497589045}
R1-calibrated 17 10.998656272888184 {'quality_norm': 2.929273903249805, 'bonus_norm': 0.027516993467417296, 'weighted_KL_norm': 0.06228212467190845, 'quality_bonus_cosine': 0.19035384845547593, 'actor_KL_cosine': 0.04879609821606101}
R1-calibrated 18 10.841802597045898 {'quality_norm': 2.2697589203405535, 'bonus_norm': 2.2711924520959856, 'weighted_KL_norm': 0.055140222421302766, 'quality_bonus_cosine': -0.3534497604306786, 'actor_KL_cosine': -0.015366228106626205}
R1-calibrated 19 10.95842456817627 {'quality_norm': 2.930275157535395, 'bonus_norm': 0.07433125879781652, 'weighted_KL_norm': 0.059204823860604064, 'quality_bonus_cosine': 0.10347774834788338, 'actor_KL_cosine': -0.027764390775555894}
R1-calibrated 20 11.049939632415771 {'quality_norm': 3.948265512975111, 'bonus_norm': 0.014081802097407059, 'weighted_KL_norm': 0.0647327621212347, 'quality_bonus_cosine': 0.01709104029694794, 'actor_KL_cosine': 0.0650493656682782}
R1-calibrated 21 10.719171285629272 {'quality_norm': 3.7542000178723938, 'bonus_norm': 3.06904716187534e-05, 'weighted_KL_norm': 0.059880720316607725, 'quality_bonus_cosine': -0.08068384746372834, 'actor_KL_cosine': 0.1274688381598429}
R1-calibrated 22 10.878137588500977 {'quality_norm': 2.482677397879462, 'bonus_norm': 2.6745011094475517, 'weighted_KL_norm': 0.05454759494885598, 'quality_bonus_cosine': 0.1726885278620171, 'actor_KL_cosine': 0.011907287116945898}
R1-calibrated 23 10.895143985748291 {'quality_norm': 3.9925926998584127, 'bonus_norm': 2.912463762816523, 'weighted_KL_norm': 0.057761272136881286, 'quality_bonus_cosine': 0.10265790902745484, 'actor_KL_cosine': -0.0035669664658456632}
R1-calibrated 24 11.086282730102539 {'quality_norm': 1.9843383408988284, 'bonus_norm': 0.151944008847867, 'weighted_KL_norm': 0.06890942957767049, 'quality_bonus_cosine': 0.3886793469171412, 'actor_KL_cosine': 0.12036522662050342}
R1-calibrated 25 10.87716269493103 {'quality_norm': 2.333166758192692, 'bonus_norm': 0.6828424123732197, 'weighted_KL_norm': 0.05775222728711281, 'quality_bonus_cosine': 0.2936537206195551, 'actor_KL_cosine': 0.1373326132270188}
R1-calibrated 26 11.01416826248169 {'quality_norm': 2.8276165319215556, 'bonus_norm': 3.071265205177013, 'weighted_KL_norm': 0.0621342882979016, 'quality_bonus_cosine': 0.23778431953706455, 'actor_KL_cosine': 0.026744802191858708}
R1-calibrated 27 11.036469459533691 {'quality_norm': 2.1735254275719837, 'bonus_norm': 3.08745900714056, 'weighted_KL_norm': 0.05880858361702678, 'quality_bonus_cosine': 0.3604197656364656, 'actor_KL_cosine': -0.003168160121612824}
R1-calibrated 28 10.766095876693726 {'quality_norm': 2.767523312243141, 'bonus_norm': 0.03909655088268445, 'weighted_KL_norm': 0.06772027979123911, 'quality_bonus_cosine': 0.100063752007241, 'actor_KL_cosine': 0.24903340472279892}
R1-calibrated 29 10.777780294418335 {'quality_norm': 4.25990806812674, 'bonus_norm': 3.920055766283848e-23, 'weighted_KL_norm': 0.06801476917033002, 'quality_bonus_cosine': 1.2625467752343187e-15, 'actor_KL_cosine': -0.08864230618257109}
R1-calibrated 30 10.811349391937256 {'quality_norm': 2.066612016469686, 'bonus_norm': 0.22136819520862833, 'weighted_KL_norm': 0.05946965072480226, 'quality_bonus_cosine': 0.41124353759048343, 'actor_KL_cosine': -0.07827630898017386}
R1-calibrated 31 11.117448091506958 {'quality_norm': 1.7249145066468452, 'bonus_norm': 1.5594628666019759, 'weighted_KL_norm': 0.05805334205621315, 'quality_bonus_cosine': -0.06925223452735946, 'actor_KL_cosine': 0.0037093447636188017}
R1-calibrated 32 11.028507471084595 {'quality_norm': 3.526486913486503, 'bonus_norm': 2.156046036389371, 'weighted_KL_norm': 0.05616020894727995, 'quality_bonus_cosine': 0.22509149887227137, 'actor_KL_cosine': 0.041441515662350124}
R1-calibrated 33 10.736955642700195 {'quality_norm': 2.3024480267862177, 'bonus_norm': 0.1143639711260219, 'weighted_KL_norm': 0.06157014786696074, 'quality_bonus_cosine': -0.09958812930217821, 'actor_KL_cosine': 0.03322796489916848}
R1-calibrated 34 11.035201072692871 {'quality_norm': 3.2297530095967786, 'bonus_norm': 4.19723229074879, 'weighted_KL_norm': 0.05991613772566095, 'quality_bonus_cosine': 0.43269758335603403, 'actor_KL_cosine': -0.049343764679034494}
R1-calibrated 35 10.913709878921509 {'quality_norm': 4.5694935976084485, 'bonus_norm': 0.38381397176345394, 'weighted_KL_norm': 0.0520413949695778, 'quality_bonus_cosine': 0.33608286423228567, 'actor_KL_cosine': -0.08693621143109935}
R1-calibrated 36 10.608920097351074 {'quality_norm': 2.565908186894329, 'bonus_norm': 4.610928013036513, 'weighted_KL_norm': 0.0549384238730897, 'quality_bonus_cosine': 0.02304418310797267, 'actor_KL_cosine': 0.09704945626728002}
R1-calibrated 37 10.911828994750977 {'quality_norm': 2.3044374144954785, 'bonus_norm': 0.08423886930949796, 'weighted_KL_norm': 0.07262416172808549, 'quality_bonus_cosine': 0.2578412758506555, 'actor_KL_cosine': -0.10010556098165027}
R1-calibrated 38 10.762147665023804 {'quality_norm': 2.4189035925477342, 'bonus_norm': 1.1481825927136173, 'weighted_KL_norm': 0.06443779442583573, 'quality_bonus_cosine': -0.08692202979748458, 'actor_KL_cosine': 0.07187272001327664}
R1-calibrated 39 10.727848529815674 {'quality_norm': 2.815350124064745, 'bonus_norm': 0.0717893595435761, 'weighted_KL_norm': 0.0611924332705211, 'quality_bonus_cosine': 0.01796252028628, 'actor_KL_cosine': -0.07949084017995758}
R1-calibrated 40 10.825697422027588 {'quality_norm': 3.455722036143755, 'bonus_norm': 0.5719995955663028, 'weighted_KL_norm': 0.06885988470804244, 'quality_bonus_cosine': 0.6841181119451967, 'actor_KL_cosine': 0.15944333457974824}
R1-calibrated 41 11.017601490020752 {'quality_norm': 2.8454310379814034, 'bonus_norm': 0.23989751132477252, 'weighted_KL_norm': 0.05943100481036892, 'quality_bonus_cosine': 0.41177171145483427, 'actor_KL_cosine': 0.015270173792075566}
R1-calibrated 42 10.848262071609497 {'quality_norm': 2.489830685361393, 'bonus_norm': 0.19527347717476762, 'weighted_KL_norm': 0.054623858084839445, 'quality_bonus_cosine': 0.08160376181568739, 'actor_KL_cosine': -0.13686911166213028}
R1-calibrated 43 11.32033920288086 {'quality_norm': 2.8277321439313723, 'bonus_norm': 2.9051933002974417, 'weighted_KL_norm': 0.06347394919901263, 'quality_bonus_cosine': -0.08254636952776799, 'actor_KL_cosine': 0.019271428489923782}
R1-calibrated 44 11.128283977508545 {'quality_norm': 2.4409920576133204, 'bonus_norm': 3.373498643544842, 'weighted_KL_norm': 0.06575093166459457, 'quality_bonus_cosine': -0.050116059060240234, 'actor_KL_cosine': 0.02139171549193645}
R1-calibrated 45 10.755674839019775 {'quality_norm': 4.691619663684266, 'bonus_norm': 0.10964967284148251, 'weighted_KL_norm': 0.0712257926537999, 'quality_bonus_cosine': 0.20898677946509156, 'actor_KL_cosine': 0.026642784971363624}
R1-calibrated 46 10.944724082946777 {'quality_norm': 4.930850798128034, 'bonus_norm': 3.113796871047583, 'weighted_KL_norm': 0.06169872384271862, 'quality_bonus_cosine': 0.6574992288459927, 'actor_KL_cosine': -0.02112755817822007}
R1-calibrated 47 10.79454231262207 {'quality_norm': 3.7809232146201945, 'bonus_norm': 2.200855028569457, 'weighted_KL_norm': 0.055331526600592165, 'quality_bonus_cosine': 0.0009871082601345033, 'actor_KL_cosine': -0.011206200258600314}
R1-calibrated 48 10.87302041053772 {'quality_norm': 3.2280329417617826, 'bonus_norm': 0.08670533954015988, 'weighted_KL_norm': 0.06394325439406438, 'quality_bonus_cosine': 0.04292227537302094, 'actor_KL_cosine': -0.020773914592029926}
R1-calibrated 49 11.070240020751953 {'quality_norm': 2.7319699677353615, 'bonus_norm': 3.212317440900399, 'weighted_KL_norm': 0.0581886090951762, 'quality_bonus_cosine': 0.17252008575581712, 'actor_KL_cosine': 0.1286265534054541}
R1-calibrated 50 10.910038232803345 {'quality_norm': 4.315859635897689, 'bonus_norm': 0.11465633854709535, 'weighted_KL_norm': 0.05631722895414257, 'quality_bonus_cosine': 0.08671731111123326, 'actor_KL_cosine': 0.05490577313434051}
R1-calibrated 51 11.201343536376953 {'quality_norm': 3.345587446824888, 'bonus_norm': 2.4909312282074714, 'weighted_KL_norm': 0.0672106278092498, 'quality_bonus_cosine': 0.053911884519046785, 'actor_KL_cosine': 0.06234464848378781}
R1-calibrated 52 11.038609027862549 {'quality_norm': 2.098435121860631, 'bonus_norm': 0.39760760028757336, 'weighted_KL_norm': 0.05837035246397664, 'quality_bonus_cosine': 0.1551392392867199, 'actor_KL_cosine': -0.16554557687184}
R1-calibrated 53 10.976401805877686 {'quality_norm': 3.2386489755129313, 'bonus_norm': 1.5304483561576046, 'weighted_KL_norm': 0.06257496495093859, 'quality_bonus_cosine': 0.08331074837001669, 'actor_KL_cosine': -0.02770206050610346}
R1-calibrated 54 10.810483694076538 {'quality_norm': 2.5181631870765346, 'bonus_norm': 3.419642958022259, 'weighted_KL_norm': 0.06706676539295632, 'quality_bonus_cosine': -0.0789149750568075, 'actor_KL_cosine': 0.14056867381249677}
R1-calibrated 55 10.93218207359314 {'quality_norm': 3.8073302583418385, 'bonus_norm': 2.0639734742236047, 'weighted_KL_norm': 0.06158415464690933, 'quality_bonus_cosine': -0.08011937459564242, 'actor_KL_cosine': 0.03678833739189334}
R1-calibrated 56 10.913896083831787 {'quality_norm': 2.23883033606764, 'bonus_norm': 0.0449313955304168, 'weighted_KL_norm': 0.05726019488650873, 'quality_bonus_cosine': -0.05550921443856986, 'actor_KL_cosine': -0.013065138538951403}
R1-calibrated 57 11.098942279815674 {'quality_norm': 3.22636395663995, 'bonus_norm': 0.09415410217311362, 'weighted_KL_norm': 0.05552352893790004, 'quality_bonus_cosine': 0.024078426353736873, 'actor_KL_cosine': -0.08364055567002651}
R1-calibrated 58 10.822370767593384 {'quality_norm': 1.843461052016996, 'bonus_norm': 0.01434565846147723, 'weighted_KL_norm': 0.056474909521832865, 'quality_bonus_cosine': 0.3699528491131835, 'actor_KL_cosine': -0.03091486172728628}
R1-calibrated 59 10.926684141159058 {'quality_norm': 1.6805679673720844, 'bonus_norm': 2.9199989205384003, 'weighted_KL_norm': 0.07066937290201344, 'quality_bonus_cosine': 0.04122273016377925, 'actor_KL_cosine': 0.055723514295644025}
R1-calibrated 60 11.180166244506836 {'quality_norm': 3.715390660057565, 'bonus_norm': 0.05772177518754187, 'weighted_KL_norm': 0.049973108394945544, 'quality_bonus_cosine': 0.48286661251093393, 'actor_KL_cosine': 0.09382933921196868}
R1-calibrated 61 10.952844858169556 {'quality_norm': 3.461498922474548, 'bonus_norm': 0.048903683042189054, 'weighted_KL_norm': 0.05837158572845162, 'quality_bonus_cosine': -0.04595474910040469, 'actor_KL_cosine': -0.07414467140842247}
R1-calibrated 62 11.20475459098816 {'quality_norm': 2.1919160783681293, 'bonus_norm': 1.839184265416552, 'weighted_KL_norm': 0.06610877652735019, 'quality_bonus_cosine': 0.259495839429359, 'actor_KL_cosine': 0.08328078191272628}
R1-calibrated 63 11.095797538757324 {'quality_norm': 2.643690326315696, 'bonus_norm': 0.1686387909894635, 'weighted_KL_norm': 0.05832394225196358, 'quality_bonus_cosine': 0.18078062487861143, 'actor_KL_cosine': 0.017350600875365003}
R1-calibrated 64 10.773520469665527 {'quality_norm': 3.8969041227145063, 'bonus_norm': 0.08358053576235948, 'weighted_KL_norm': 0.06511862846312515, 'quality_bonus_cosine': -0.0628375530368071, 'actor_KL_cosine': 0.07634137760593289}
R1-calibrated 65 11.006218910217285 {'quality_norm': 3.6358941591891285, 'bonus_norm': 0.4215056534245387, 'weighted_KL_norm': 0.06218545789440619, 'quality_bonus_cosine': -0.2363231979705767, 'actor_KL_cosine': -0.1673500491279375}
R1-calibrated 66 10.858093976974487 {'quality_norm': 2.9866431219588385, 'bonus_norm': 0.10273513183493997, 'weighted_KL_norm': 0.06920356361813829, 'quality_bonus_cosine': 0.11482755479752978, 'actor_KL_cosine': 0.003891158275357736}
R1-calibrated 67 10.82440996170044 {'quality_norm': 2.402062905068648, 'bonus_norm': 3.6993691407530807, 'weighted_KL_norm': 0.0575127040117642, 'quality_bonus_cosine': 0.20339301836070756, 'actor_KL_cosine': -0.01931347859503549}
R1-calibrated 68 10.897910356521606 {'quality_norm': 2.1883130204522305, 'bonus_norm': 5.517330637092908, 'weighted_KL_norm': 0.0580453275040192, 'quality_bonus_cosine': -0.2734709834079168, 'actor_KL_cosine': 0.09430247999388994}
R1-calibrated 69 10.910193681716919 {'quality_norm': 2.77358259311908, 'bonus_norm': 0.11918688868520645, 'weighted_KL_norm': 0.05116521769266626, 'quality_bonus_cosine': 0.20082751986053582, 'actor_KL_cosine': 0.07348136902585456}
R1-calibrated 70 10.995229244232178 {'quality_norm': 2.8656775674399575, 'bonus_norm': 0.012062243910846487, 'weighted_KL_norm': 0.06158767578007261, 'quality_bonus_cosine': 0.05664091086781849, 'actor_KL_cosine': 0.041534257203786305}
R1-calibrated 71 11.2086820602417 {'quality_norm': 2.6870315471633157, 'bonus_norm': 0.13091212866587654, 'weighted_KL_norm': 0.05457543717262978, 'quality_bonus_cosine': -0.11167206294996324, 'actor_KL_cosine': -0.11688428741410277}
R1-calibrated 72 10.953936576843262 {'quality_norm': 3.0340036912168116, 'bonus_norm': 2.6770732861145587, 'weighted_KL_norm': 0.061998581542746456, 'quality_bonus_cosine': 0.2641133129812239, 'actor_KL_cosine': 0.009625160973493753}
R1-calibrated 73 10.740612030029297 {'quality_norm': 2.974249538768293, 'bonus_norm': 0.05596635710806823, 'weighted_KL_norm': 0.05920804147582584, 'quality_bonus_cosine': 0.36217200017576096, 'actor_KL_cosine': -0.03252448036229726}
R1-calibrated 74 11.14433240890503 {'quality_norm': 3.078073407063321, 'bonus_norm': 6.023490574455197, 'weighted_KL_norm': 0.06065455811257654, 'quality_bonus_cosine': 0.19436853043619887, 'actor_KL_cosine': 0.08289690895337552}
R1-calibrated 75 10.916332483291626 {'quality_norm': 3.3056735955065224, 'bonus_norm': 5.637792180440026, 'weighted_KL_norm': 0.06191984571361189, 'quality_bonus_cosine': 0.006193509542073471, 'actor_KL_cosine': -0.07873889608741012}
R1-calibrated 76 11.078581094741821 {'quality_norm': 3.925811634274438, 'bonus_norm': 2.985554035687428, 'weighted_KL_norm': 0.06499101293909759, 'quality_bonus_cosine': 0.07159766314405437, 'actor_KL_cosine': -0.03050037222560007}
R1-calibrated 77 10.899583578109741 {'quality_norm': 2.5829034934874753, 'bonus_norm': 3.085452079819745, 'weighted_KL_norm': 0.05725785892425087, 'quality_bonus_cosine': -0.0026415577931864142, 'actor_KL_cosine': -0.1643270378233759}
R1-calibrated 78 10.935130596160889 {'quality_norm': 2.593283282753211, 'bonus_norm': 2.876302863850854, 'weighted_KL_norm': 0.06434812197884675, 'quality_bonus_cosine': 0.3206741821738922, 'actor_KL_cosine': -0.0024771428845329242}
R1-calibrated 79 10.782311916351318 {'quality_norm': 1.9759026834226021, 'bonus_norm': 3.5299330196003584, 'weighted_KL_norm': 0.053028240949247275, 'quality_bonus_cosine': 0.03217967097976385, 'actor_KL_cosine': 0.1325649486124612}
R1-calibrated 80 10.793128728866577 {'quality_norm': 2.664782781558947, 'bonus_norm': 2.9571725588591606, 'weighted_KL_norm': 0.06064619923166059, 'quality_bonus_cosine': 0.36261547157109947, 'actor_KL_cosine': 0.06623854861258134}
R1-calibrated 81 10.983490943908691 {'quality_norm': 2.8894065306343117, 'bonus_norm': 0.061576921242691054, 'weighted_KL_norm': 0.05878386966047936, 'quality_bonus_cosine': -0.012343708325086985, 'actor_KL_cosine': 0.014399876116275823}
R1-calibrated 82 10.991012573242188 {'quality_norm': 2.3040822256424236, 'bonus_norm': 0.04464704316980176, 'weighted_KL_norm': 0.06535486512059473, 'quality_bonus_cosine': -0.03194387227957857, 'actor_KL_cosine': -0.029961284423824765}
R1-calibrated 83 11.060511350631714 {'quality_norm': 2.703519159199357, 'bonus_norm': 0.005424008208431295, 'weighted_KL_norm': 0.053689725158455104, 'quality_bonus_cosine': 0.19174512080334638, 'actor_KL_cosine': 0.011787547739087658}
R1-calibrated 84 11.05472207069397 {'quality_norm': 2.4122137892941464, 'bonus_norm': 0.12202087939647248, 'weighted_KL_norm': 0.06089994964951377, 'quality_bonus_cosine': -0.15711536044053853, 'actor_KL_cosine': 0.04383873159157379}
R1-calibrated 85 10.911612749099731 {'quality_norm': 2.037548454756509, 'bonus_norm': 0.03687644200892241, 'weighted_KL_norm': 0.050639871054582265, 'quality_bonus_cosine': 0.3723625019558848, 'actor_KL_cosine': -0.08692752903171846}
R1-calibrated 86 10.898192167282104 {'quality_norm': 1.9271821239906906, 'bonus_norm': 3.260666926966327, 'weighted_KL_norm': 0.059276344208453374, 'quality_bonus_cosine': 0.281281751558646, 'actor_KL_cosine': 0.042564277706653365}
R1-calibrated 87 11.225459575653076 {'quality_norm': 4.428998471804565, 'bonus_norm': 0.028039099481487577, 'weighted_KL_norm': 0.05890539597024868, 'quality_bonus_cosine': 0.1341444478298521, 'actor_KL_cosine': 0.008039971820651937}
R1-calibrated 88 10.662401676177979 {'quality_norm': 2.995879227613589, 'bonus_norm': 0.03915085871283185, 'weighted_KL_norm': 0.05249814049743802, 'quality_bonus_cosine': 0.29651324108944627, 'actor_KL_cosine': 0.060611033488891075}
R1-calibrated 89 10.832452297210693 {'quality_norm': 3.5568280523431235, 'bonus_norm': 3.3759168250050213, 'weighted_KL_norm': 0.06249445375081293, 'quality_bonus_cosine': 0.07553567050758402, 'actor_KL_cosine': 0.16412687628397404}
R1-calibrated 90 11.146294832229614 {'quality_norm': 4.270255136196701, 'bonus_norm': 1.3326806504128261, 'weighted_KL_norm': 0.05679564841232432, 'quality_bonus_cosine': 0.06588293461950702, 'actor_KL_cosine': -0.11687600938856475}
R1-calibrated 91 11.25563359260559 {'quality_norm': 2.4406352056844054, 'bonus_norm': 2.5230652820955135, 'weighted_KL_norm': 0.058159254675745634, 'quality_bonus_cosine': -0.05897449201925645, 'actor_KL_cosine': 0.018052965921108506}
R1-calibrated 92 11.0508394241333 {'quality_norm': 4.126226122572468, 'bonus_norm': 3.8645495884052457, 'weighted_KL_norm': 0.06157943927198381, 'quality_bonus_cosine': 0.3085666393876734, 'actor_KL_cosine': 0.022171966320169646}
R1-calibrated 93 11.133374214172363 {'quality_norm': 2.379149640522418, 'bonus_norm': 0.10027213692084397, 'weighted_KL_norm': 0.0634858348039079, 'quality_bonus_cosine': 0.35110382795131495, 'actor_KL_cosine': 0.015126781469521506}
R1-calibrated 94 10.839940309524536 {'quality_norm': 5.206637002131279, 'bonus_norm': 0.07173383653088608, 'weighted_KL_norm': 0.05797448280745336, 'quality_bonus_cosine': 0.3060396522295013, 'actor_KL_cosine': -0.11552688939226169}
R1-calibrated 95 11.071931838989258 {'quality_norm': 5.007475673587934, 'bonus_norm': 0.012950512261593728, 'weighted_KL_norm': 0.06709214749405319, 'quality_bonus_cosine': 0.19657485937165664, 'actor_KL_cosine': 0.006480119904613029}
R1-calibrated 96 10.87607717514038 {'quality_norm': 2.451284330776947, 'bonus_norm': 0.025466138293011857, 'weighted_KL_norm': 0.05819559643758724, 'quality_bonus_cosine': 0.4711434622545886, 'actor_KL_cosine': -0.08638865985357333}
R1-calibrated 97 11.053179502487183 {'quality_norm': 4.857056460674834, 'bonus_norm': 0.3774239441044091, 'weighted_KL_norm': 0.07259790059746037, 'quality_bonus_cosine': 0.23986271313412735, 'actor_KL_cosine': -0.029559173382884198}
R1-calibrated 98 10.936792612075806 {'quality_norm': 4.49808141033538, 'bonus_norm': 2.5534026489690564, 'weighted_KL_norm': 0.06600793767723918, 'quality_bonus_cosine': 0.06193202485041749, 'actor_KL_cosine': -0.07734580905204627}
R1-calibrated 99 11.090002536773682 {'quality_norm': 3.8854761077078237, 'bonus_norm': 0.9076288305386566, 'weighted_KL_norm': 0.059363245772696756, 'quality_bonus_cosine': 0.03429381080116771, 'actor_KL_cosine': -0.029448698231176806}
R1-calibrated 100 11.079883337020874 {'quality_norm': 2.386122651547382, 'bonus_norm': 5.226853876185576, 'weighted_KL_norm': 0.06673902037804387, 'quality_bonus_cosine': 0.7087211977802473, 'actor_KL_cosine': 0.028443116873496332}
