/venv/lib/python3.10/site-packages/torch/_utils.py:831: UserWarning: TypedStorage is deprecated. It will be removed in the future and UntypedStorage will be the only storage class. This should only matter to you if you are using storages directly.  To access UntypedStorage directly, use tensor.untyped_storage() instead of tensor.storage()
  return self.fget.__get__(instance, owner)()
rec_47073548edf5fc48 estimated 0.0 1.812
rec_2dadff060f7dbec6 unresolved 0.4 3.187
rec_d47cdf28b86a8732 estimated 0.0 2.049
rec_f730a3a153b52adc unresolved 0.0 2.016
/code/semantic_supervision/align/automatic.py:90: RuntimeWarning: Mean of empty slice
  return np.nanmean(all_scores,axis=0)
rec_c9786577fdd752db unresolved 0.0 0.18
rec_c14b83099f9a6e15 estimated 0.0 2.315
rec_734c7d3d0241ad9c unresolved -0.4 0.203
rec_db144dc971621f0a unresolved 0.0 0.556
rec_8d2b26332c3325fc estimated 0.0 2.344
rec_794632d8e1e8256b estimated 0.0 1.939
rec_3b7feda5f993fb04 unresolved 0.0 1.432
rec_4aca068a3f7d6d60 estimated 0.0 2.381
rec_5f5f953c6ff3282f estimated 0.0 2.215
rec_8f92d8aaeb84fedf estimated 0.0 2.125
rec_16405b8d6b202ae6 estimated 0.0 1.269
rec_5d2a1340f7e0f228 estimated 0.0 1.483
rec_c5d993a157966d23 estimated 0.0 2.358
rec_2786e3497aeff856 unresolved 0.4 0.943
