/home/zhengshiyi/react2025/dataset/react_2025.py:18: UserWarning: torchaudio._backend.set_audio_backend has been deprecated. With dispatcher enabled, this function is no-op. You can remove the function call.
  torchaudio.set_audio_backend("sox_io")
/home/zhengshiyi/react2025/framework/motion_diffusion/diffusion/utils/temos_utils.py:11: UserWarning: To copy construct from a tensor, it is recommended to use sourceTensor.clone().detach() or sourceTensor.clone().detach().requires_grad_(True), rather than torch.tensor(sourceTensor).
  lengths = torch.tensor(lengths, device=device)
/home/zhengshiyi/react2025_new/.venv/lib/python3.10/site-packages/torch/nn/modules/transformer.py:380: UserWarning: The PyTorch API of nested tensors is in prototype stage and will change in the near future. (Triggered internally at ../aten/src/ATen/NestedTensorImpl.cpp:178.)
  output = torch._nested_tensor_from_mask(output, src_key_padding_mask.logical_not(), mask_check=False)
Successfully load model checkpoint: /home/zhengshiyi/react2025/pretrained_models/post_processor/checkpoint.pth
monitor targets 1
monitor targets 2
monitor targets 3
monitor targets 4
monitor targets 5
monitor targets 6
monitor targets 7
monitor targets 8
monitor targets 9
monitor targets 10
monitor targets 11
monitor targets 12
monitor targets 13
monitor targets 14
monitor targets 15
monitor targets 16
/home/zhengshiyi/react2025_new/.venv/lib/python3.10/site-packages/torch/_utils.py:831: UserWarning: TypedStorage is deprecated. It will be removed in the future and UntypedStorage will be the only storage class. This should only matter to you if you are using storages directly.  To access UntypedStorage directly, use tensor.untyped_storage() instead of tensor.storage()
  return self.fget.__get__(instance, owner)()
P2_reference generated 1 /16
P2_reference generated 2 /16
P2_reference generated 3 /16
P2_reference generated 4 /16
P2_reference generated 5 /16
P2_reference generated 6 /16
P2_reference generated 7 /16
P2_reference generated 8 /16
P2_reference generated 9 /16
P2_reference generated 10 /16
P2_reference generated 11 /16
P2_reference generated 12 /16
P2_reference generated 13 /16
P2_reference generated 14 /16
P2_reference generated 15 /16
P2_reference generated 16 /16
/home/zhengshiyi/react2025/framework/metrics/FRC.py:24: RuntimeWarning: invalid value encountered in divide
  c /= stddev[:, None]
/home/zhengshiyi/react2025/framework/metrics/FRC.py:25: RuntimeWarning: invalid value encountered in divide
  c /= stddev[None, :]
/home/zhengshiyi/react2025/framework/metrics/FRC.py:24: RuntimeWarning: invalid value encountered in divide
  c /= stddev[:, None]
/home/zhengshiyi/react2025/framework/metrics/FRC.py:25: RuntimeWarning: invalid value encountered in divide
  c /= stddev[None, :]
/home/zhengshiyi/react2025/framework/metrics/FRC.py:24: RuntimeWarning: invalid value encountered in divide
  c /= stddev[:, None]
/home/zhengshiyi/react2025/framework/metrics/FRC.py:25: RuntimeWarning: invalid value encountered in divide
  c /= stddev[None, :]
P2_reference scored 0
/home/zhengshiyi/react2025/framework/metrics/FRC.py:24: RuntimeWarning: invalid value encountered in divide
  c /= stddev[:, None]
/home/zhengshiyi/react2025/framework/metrics/FRC.py:25: RuntimeWarning: invalid value encountered in divide
  c /= stddev[None, :]
P2_reference scored 1
/home/zhengshiyi/react2025/framework/metrics/FRC.py:24: RuntimeWarning: invalid value encountered in divide
  c /= stddev[:, None]
/home/zhengshiyi/react2025/framework/metrics/FRC.py:25: RuntimeWarning: invalid value encountered in divide
  c /= stddev[None, :]
/home/zhengshiyi/react2025/framework/metrics/FRC.py:24: RuntimeWarning: invalid value encountered in divide
  c /= stddev[:, None]
/home/zhengshiyi/react2025/framework/metrics/FRC.py:25: RuntimeWarning: invalid value encountered in divide
  c /= stddev[None, :]
P2_reference scored 2
P2_reference scored 3
P2_reference scored 4
P2_reference scored 5
P2_reference scored 6
P2_reference scored 7
P2_reference scored 8
P2_reference scored 9
P2_reference scored 10
P2_reference scored 11
P2_reference scored 12
P2_reference scored 13
P2_reference scored 14
P2_reference scored 15
