/home/zhengshiyi/react2025_new/.venv/lib/python3.10/site-packages/torch/_utils.py:831: UserWarning: TypedStorage is deprecated. It will be removed in the future and UntypedStorage will be the only storage class. This should only matter to you if you are using storages directly.  To access UntypedStorage directly, use tensor.untyped_storage() instead of tensor.storage()
  return self.fget.__get__(instance, owner)()
M0-control 1 1.9549367427825928 6.034753799438477
M0-control 2 2.6938631534576416 5.700171947479248
M0-control 3 2.300720453262329 5.606275796890259
M0-control 4 2.123106002807617 5.704532146453857
M0-control 5 2.535792350769043 5.6497862339019775
M0-control 6 2.047884941101074 5.584583044052124
M0-control 7 2.046595811843872 5.551877737045288
M0-control 8 2.264824390411377 5.680104732513428
M0-control 9 2.104729175567627 5.678358316421509
M0-control 10 2.286870002746582 5.667581081390381
M0-control 11 2.043693780899048 5.569807529449463
M0-control 12 2.278959274291992 5.638500213623047
M0-control 13 2.852166175842285 5.762305736541748
M0-control 14 2.1348178386688232 5.582032918930054
M0-control 15 2.2873828411102295 5.733844757080078
M0-control 16 2.057102918624878 5.479880094528198
M0-control 17 2.3334474563598633 5.689654111862183
M0-control 18 2.108632802963257 5.735838413238525
M0-control 19 2.081960678100586 5.614196062088013
M0-control 20 2.1949665546417236 5.7706522941589355
M0-control 21 2.171934127807617 5.539755582809448
M0-control 22 2.1032767295837402 5.7339794635772705
M0-control 23 2.2286434173583984 5.677768707275391
M0-control 24 2.2220582962036133 5.684751033782959
M0-control 25 2.0526270866394043 5.707633018493652
M0-control 26 2.1438162326812744 5.474938631057739
M0-control 27 2.376095771789551 5.755916595458984
M0-control 28 2.3495917320251465 5.631057500839233
M0-control 29 2.15341854095459 5.723321437835693
M0-control 30 2.0488486289978027 5.6987464427948
M0-control 31 2.184238910675049 5.4816954135894775
M0-control 32 2.1434743404388428 5.7053303718566895
M0-control 33 1.92264986038208 5.6327292919158936
M0-control 34 2.1102542877197266 5.76697850227356
M0-control 35 2.0100042819976807 5.601532936096191
M0-control 36 2.230898857116699 5.549072265625
M0-control 37 2.13175106048584 5.636542558670044
M0-control 38 2.2714014053344727 5.680245876312256
M0-control 39 2.0574841499328613 5.745065450668335
M0-control 40 2.1945645809173584 5.630425691604614
M0-control 41 2.08367919921875 6.641150236129761
M0-control 42 2.1406376361846924 11.851597785949707
M0-control 43 2.09873104095459 10.175490379333496
M0-control 44 2.1440722942352295 10.171293020248413
M0-control 45 2.1710357666015625 10.18305230140686
M0-control 46 2.192751407623291 10.190543174743652
M0-control 47 2.290113925933838 10.141187906265259
M0-control 48 2.2376954555511475 10.215428113937378
M0-control 49 2.0700364112854004 10.175231695175171
M0-control 50 2.575366497039795 10.322530746459961
M0-control 51 2.031191110610962 10.188876628875732
M0-control 52 2.2151215076446533 10.15665888786316
M0-control 53 2.031085729598999 10.150364875793457
M0-control 54 2.219567060470581 10.114561080932617
M0-control 55 2.164088726043701 9.806699991226196
M0-control 56 2.174553871154785 10.098653078079224
M0-control 57 2.219437837600708 10.141197919845581
M0-control 58 2.2977068424224854 10.320630311965942
M0-control 59 2.1664609909057617 10.031821250915527
M0-control 60 2.6514954566955566 8.665210962295532
M0-control 61 2.401949167251587 8.942204236984253
M0-control 62 1.961093783378601 9.482532501220703
M0-control 63 2.1248011589050293 9.97155213356018
M0-control 64 2.1117570400238037 10.033698558807373
M0-control 65 2.2145819664001465 10.076080799102783
M0-control 66 2.1359641551971436 10.056308031082153
M0-control 67 2.5234222412109375 10.085909843444824
M0-control 68 2.135995626449585 10.084497213363647
M0-control 69 2.368283748626709 10.11789059638977
M0-control 70 2.112429618835449 10.010976552963257
M0-control 71 2.0784716606140137 10.022833824157715
M0-control 72 2.1957664489746094 10.14280652999878
M0-control 73 2.090700626373291 10.074477910995483
M0-control 74 2.6879520416259766 10.10549020767212
M0-control 75 2.2414233684539795 10.089630365371704
M0-control 76 2.161076068878174 10.086369752883911
M0-control 77 2.266071081161499 10.074930191040039
M0-control 78 2.0048229694366455 10.043516874313354
M0-control 79 2.193859577178955 10.014737129211426
M0-control 80 2.401546001434326 10.02607274055481
M0-control 81 2.3920514583587646 10.05774211883545
M0-control 82 2.0891387462615967 9.995421648025513
M0-control 83 2.3591904640197754 10.124139547348022
M0-control 84 2.2913050651550293 10.049204587936401
M0-control 85 2.1751010417938232 10.05625605583191
M0-control 86 1.9706099033355713 10.103703022003174
M0-control 87 2.269376039505005 10.067495346069336
M0-control 88 2.4847538471221924 10.015190839767456
M0-control 89 2.2046806812286377 10.056302309036255
M0-control 90 2.338021755218506 10.024656772613525
M0-control 91 2.1176605224609375 10.01722764968872
M0-control 92 2.33524751663208 10.008791446685791
M0-control 93 2.37231183052063 10.070260763168335
M0-control 94 2.355874538421631 10.03793978691101
M0-control 95 2.1955695152282715 10.013852596282959
M0-control 96 2.192882776260376 10.017932891845703
M0-control 97 2.0863795280456543 10.025917768478394
M0-control 98 2.075700521469116 9.98363709449768
M0-control 99 2.2370903491973877 9.986793994903564
M0-control 100 2.2117059230804443 10.101056098937988
M0-control 101 2.2894186973571777 9.991865158081055
M0-control 102 2.136589527130127 9.929825782775879
M0-control 103 2.1682000160217285 10.028589010238647
M0-control 104 2.1551220417022705 9.942352771759033
M0-control 105 2.020319938659668 10.126113176345825
M0-control 106 2.090981960296631 10.07528042793274
M0-control 107 2.2124390602111816 10.021118879318237
M0-control 108 2.177415609359741 10.035345554351807
M0-control 109 2.2786622047424316 10.090752601623535
M0-control 110 2.287895917892456 10.050818681716919
M0-control 111 2.0096092224121094 9.926736831665039
M0-control 112 2.1363332271575928 10.12257432937622
M0-control 113 2.094120740890503 10.055450677871704
M0-control 114 2.2066097259521484 10.051941156387329
M0-control 115 2.026495933532715 10.034814357757568
M0-control 116 2.460465908050537 10.017995834350586
M0-control 117 2.10319185256958 10.034499645233154
M0-control 118 2.018002510070801 9.950685262680054
M0-control 119 2.377434492111206 10.1364426612854
M0-control 120 2.166687488555908 10.009183406829834
M0-control 121 2.0526037216186523 10.100969314575195
M0-control 122 2.202636241912842 10.04334282875061
M0-control 123 2.119434356689453 10.011811971664429
M0-control 124 2.2582836151123047 10.134766101837158
M0-control 125 2.1639480590820312 9.975007772445679
M0-control 126 2.0262093544006348 10.104599475860596
M0-control 127 1.9631140232086182 9.96904993057251
M0-control 128 2.365295648574829 10.080354452133179
M0-control 129 2.3760948181152344 10.004037857055664
M0-control 130 2.046325445175171 10.123908042907715
M0-control 131 2.12064528465271 10.047854661941528
M0-control 132 2.119511604309082 9.922594547271729
M0-control 133 2.0565361976623535 10.093706607818604
M0-control 134 1.984830379486084 9.97865343093872
M0-control 135 2.138758420944214 10.15565037727356
M0-control 136 2.068079948425293 10.024208068847656
M0-control 137 2.3446028232574463 10.045713424682617
M0-control 138 2.294522523880005 10.00327467918396
M0-control 139 2.0973241329193115 9.997704982757568
M0-control 140 2.4324076175689697 10.12920069694519
M0-control 141 2.1273696422576904 9.9803147315979
M0-control 142 2.0305440425872803 10.127440452575684
M0-control 143 2.2989416122436523 9.768073558807373
M0-control 144 2.1199543476104736 10.004343748092651
M0-control 145 2.1507976055145264 10.054811954498291
M0-control 146 2.226247549057007 9.981884002685547
M0-control 147 2.2084903717041016 10.094139337539673
M0-control 148 2.4028711318969727 10.012216567993164
M0-control 149 2.014352560043335 10.142845869064331
M0-control 150 2.1516835689544678 9.986362218856812
M0-control 151 3.4976634979248047 10.130739212036133
M0-control 152 2.2745842933654785 10.04228162765503
M0-control 153 2.151149272918701 9.922255039215088
M0-control 154 2.2473607063293457 10.102594137191772
M0-control 155 2.1052446365356445 9.922526121139526
M0-control 156 2.2075729370117188 10.08939504623413
M0-control 157 2.272996664047241 9.985946416854858
M0-control 158 2.0962231159210205 9.995306968688965
M0-control 159 1.9940004348754883 10.094327926635742
M0-control 160 2.0484790802001953 9.946054220199585
M0-control 161 3.10711669921875 10.089126348495483
M0-control 162 2.3774313926696777 9.995492458343506
M0-control 163 2.435851573944092 10.098470211029053
M0-control 164 2.2770142555236816 9.95689606666565
M0-control 165 2.129035234451294 10.015655040740967
M0-control 166 2.1824283599853516 10.03329586982727
M0-control 167 2.1837191581726074 10.030779123306274
M0-control 168 2.0973334312438965 10.116077184677124
M0-control 169 2.2208127975463867 9.959794282913208
M0-control 170 2.1566081047058105 9.9977548122406
M0-control 171 2.1586031913757324 10.018219470977783
M0-control 172 2.2274093627929688 9.98471975326538
M0-control 173 2.0979087352752686 10.031654119491577
M0-control 174 2.1582376956939697 10.007500886917114
M0-control 175 2.0398354530334473 10.055244445800781
M0-control 176 2.2103018760681152 10.037280797958374
M0-control 177 2.196237087249756 10.049283742904663
M0-control 178 2.5139081478118896 10.026286840438843
M0-control 179 2.096442699432373 10.061587810516357
M0-control 180 2.1396007537841797 10.004278659820557
M0-control 181 2.57096004486084 10.039665460586548
M0-control 182 2.216296911239624 9.99217414855957
M0-control 183 2.443239212036133 10.008222341537476
M0-control 184 2.2772984504699707 10.0164475440979
M0-control 185 1.956795334815979 10.060876607894897
M0-control 186 2.8716678619384766 9.981527090072632
M0-control 187 2.347438097000122 10.092419624328613
M0-control 188 2.752098798751831 10.006083965301514
M0-control 189 2.0642380714416504 9.964879751205444
M0-control 190 2.0477662086486816 10.146987438201904
M0-control 191 1.9880045652389526 10.017883062362671
M0-control 192 2.702852487564087 10.052225828170776
M0-control 193 2.2194411754608154 10.041165113449097
M0-control 194 2.2752747535705566 10.013089179992676
M0-control 195 2.178788900375366 10.114489078521729
M0-control 196 2.217991352081299 9.956706762313843
M0-control 197 2.006990909576416 10.071865320205688
M0-control 198 2.2922475337982178 10.010366678237915
M0-control 199 2.40956974029541 10.010605812072754
M0-control 200 2.1266543865203857 10.083331108093262
M0-control 201 2.0254416465759277 9.81458330154419
M0-control 202 2.1785435676574707 10.034460067749023
M0-control 203 2.006643056869507 9.865379333496094
M0-control 204 2.112090826034546 10.100154876708984
M0-control 205 2.2835311889648438 10.028558254241943
M0-control 206 2.2016830444335938 9.985685348510742
M0-control 207 2.2245054244995117 10.109886646270752
M0-control 208 2.1868605613708496 9.926556587219238
M0-control 209 2.031825542449951 10.112329244613647
M0-control 210 2.357931613922119 9.942688465118408
M0-control 211 2.1388421058654785 10.093360662460327
M0-control 212 2.3203701972961426 10.022329330444336
M0-control 213 2.122816562652588 9.987884044647217
M0-control 214 2.0714738368988037 10.11160397529602
M0-control 215 2.110039234161377 9.934349060058594
M0-control 216 2.337480068206787 10.093211650848389
M0-control 217 2.259539842605591 9.967935800552368
M0-control 218 2.272749900817871 10.120010137557983
M0-control 219 2.2166764736175537 10.031579494476318
M0-control 220 2.3268625736236572 10.054937839508057
M0-control 221 2.1044106483459473 10.008445262908936
M0-control 222 2.2733263969421387 9.927518129348755
M0-control 223 2.3508458137512207 10.068002223968506
M0-control 224 2.5594382286071777 9.967273473739624
M0-control 225 2.386176824569702 10.098576068878174
M0-control 226 2.1020455360412598 9.993957996368408
M0-control 227 2.169071912765503 10.085066318511963
M0-control 228 2.030599594116211 9.977933645248413
M0-control 229 2.296473264694214 9.926931142807007
M0-control 230 1.974639892578125 10.152098417282104
M0-control 231 2.0889570713043213 9.951155662536621
M0-control 232 2.2983741760253906 10.190643310546875
M0-control 233 2.5291008949279785 9.992847204208374
M0-control 234 2.212095260620117 10.028624057769775
M0-control 235 2.1700685024261475 10.009962558746338
M0-control 236 2.0060081481933594 9.928647994995117
M0-control 237 2.056993246078491 10.127912998199463
M0-control 238 2.5652973651885986 9.921276330947876
M0-control 239 2.052865982055664 10.119887828826904
M0-control 240 2.29142165184021 9.946490287780762
M0-control 241 2.456970453262329 9.973639249801636
M0-control 242 2.0037429332733154 10.121439695358276
M0-control 243 2.0342891216278076 9.752472877502441
M0-control 244 2.17592716217041 10.12381100654602
M0-control 245 2.337559223175049 9.97653079032898
M0-control 246 2.1767125129699707 10.118769407272339
M0-control 247 2.215231418609619 10.141540765762329
M0-control 248 2.4441428184509277 10.065432786941528
M0-control 249 2.1556835174560547 10.105566263198853
M0-control 250 2.1491951942443848 9.88236689567566
M0-control 251 2.438645124435425 10.116913557052612
M0-control 252 2.092742443084717 9.949531316757202
M0-control 253 1.9781763553619385 10.048656940460205
M0-control 254 2.2339224815368652 10.087881803512573
M0-control 255 2.1504709720611572 9.931648254394531
M0-control 256 2.2970705032348633 10.101690769195557
M0-control 257 1.9550621509552002 10.005629777908325
M0-control 258 2.367920398712158 10.148683309555054
M0-control 259 2.499312400817871 9.95222806930542
M0-control 260 2.1429390907287598 10.012349367141724
M0-control 261 2.1713151931762695 10.091035842895508
M0-control 262 2.0754692554473877 10.060182094573975
M0-control 263 2.016537666320801 10.034443616867065
M0-control 264 2.0575249195098877 9.937101602554321
M0-control 265 2.4566216468811035 9.989866018295288
M0-control 266 2.0562336444854736 9.968325853347778
M0-control 267 2.4407520294189453 10.03755259513855
M0-control 268 2.2266764640808105 10.102144956588745
M0-control 269 2.008146286010742 9.888969421386719
M0-control 270 2.278615713119507 10.115427017211914
M0-control 271 2.0459861755371094 9.96739411354065
M0-control 272 2.1665663719177246 9.959699153900146
M0-control 273 2.492837905883789 10.040101289749146
M0-control 274 2.105607509613037 9.984474182128906
M0-control 275 2.2297253608703613 10.060132265090942
M0-control 276 2.3079466819763184 9.985859632492065
M0-control 277 2.4073832035064697 9.95756459236145
M0-control 278 2.6680474281311035 10.026866436004639
M0-control 279 2.280359983444214 9.995606660842896
M0-control 280 2.192197322845459 10.031315803527832
M0-control 281 2.234279155731201 9.950820922851562
M0-control 282 2.0544826984405518 10.050395250320435
M0-control 283 2.143432140350342 10.010118246078491
Traceback (most recent call last):
  File "/home/zhengshiyi/.local/share/uv/python/cpython-3.10.19-linux-x86_64-gnu/lib/python3.10/runpy.py", line 196, in _run_module_as_main
    return _run_code(code, main_globals, None,
  File "/home/zhengshiyi/.local/share/uv/python/cpython-3.10.19-linux-x86_64-gnu/lib/python3.10/runpy.py", line 86, in _run_code
    exec(code, run_globals)
  File "/home/zhengshiyi/react2025_new/mode_supervision/train.py", line 128, in <module>
    p=argparse.ArgumentParser();p.add_argument('--arm',choices=['M0-control','M1-mode'],required=True);p.add_argument('--stop',type=int,default=6000);p.add_argument('--diagnostic',action='store_true');p.add_argument('--warmup-stop',type=int,default=2000);p.add_argument('--diagnostic-label',default='smoke');a=p.parse_args();run(a.arm,a.stop,a.diagnostic,a.warmup_stop,a.diagnostic_label)
  File "/home/zhengshiyi/react2025_new/mode_supervision/train.py", line 115, in run
    e.opt.zero_grad(set_to_none=True);fm,task,mode,parts=e.decoder_losses(x,rec);lm=(e.lambda_mode or 0)*min((j+1)/200,1);loss=fm+e.parent['calibration']['lambda_ref']*task+lm*mode;loss.backward()
  File "/home/zhengshiyi/react2025_new/mode_supervision/train.py", line 61, in decoder_losses
    task,parts=task_parts(pred,b)
  File "/home/zhengshiyi/react2025_new/reaction_flow/task_dynamics_train.py", line 21, in task_parts
    c,d=pair_costs(pred,batch['_targets'],batch['source_lengths'],batch['_target_lengths'],32)
  File "/home/zhengshiyi/react2025_new/mam_target/losses.py", line 36, in pair_costs
    if n<2:raise ValueError('task CCC needs at least two valid frames')
ValueError: task CCC needs at least two valid frames
/home/zhengshiyi/react2025_new/.venv/lib/python3.10/site-packages/torch/_utils.py:831: UserWarning: TypedStorage is deprecated. It will be removed in the future and UntypedStorage will be the only storage class. This should only matter to you if you are using storages directly.  To access UntypedStorage directly, use tensor.untyped_storage() instead of tensor.storage()
  return self.fget.__get__(instance, owner)()
M0-control 201 2.0254416465759277 10.256168127059937
M0-control 202 2.1785435676574707 9.890486717224121
M0-control 203 2.006643056869507 10.255231380462646
M0-control 204 2.112090826034546 10.226771831512451
M0-control 205 2.2835311889648438 10.230841636657715
M0-control 206 2.2016830444335938 10.178542613983154
M0-control 207 2.2245054244995117 10.100346803665161
M0-control 208 2.1868605613708496 8.093119621276855
M0-control 209 2.031825542449951 9.038049936294556
M0-control 210 2.357931613922119 9.671529293060303
M0-control 211 2.1388421058654785 9.819713830947876
M0-control 212 2.3203701972961426 9.918894052505493
M0-control 213 2.122816562652588 9.955873727798462
M0-control 214 2.0714738368988037 10.16173267364502
M0-control 215 2.110039234161377 10.021857976913452
M0-control 216 2.337480068206787 9.964548349380493
M0-control 217 2.259539842605591 9.998819828033447
M0-control 218 2.272749900817871 10.03646206855774
M0-control 219 2.2166764736175537 10.052213430404663
M0-control 220 2.3268625736236572 9.91793155670166
M0-control 221 2.1044106483459473 10.13682222366333
M0-control 222 2.2733263969421387 10.028430223464966
M0-control 223 2.3508458137512207 10.004975080490112
M0-control 224 2.5594382286071777 9.995931386947632
M0-control 225 2.386176824569702 9.95735216140747
M0-control 226 2.1020455360412598 9.985666036605835
M0-control 227 2.169071912765503 10.037009716033936
M0-control 228 2.030599594116211 9.99121642112732
M0-control 229 2.296473264694214 9.949938774108887
M0-control 230 1.974639892578125 10.131105184555054
M0-control 231 2.0889570713043213 9.992013931274414
M0-control 232 2.2983741760253906 10.07889461517334
M0-control 233 2.5291008949279785 9.958696126937866
M0-control 234 2.212095260620117 9.891216516494751
M0-control 235 2.1700685024261475 10.124470472335815
M0-control 236 2.0060081481933594 9.948819875717163
M0-control 237 2.056993246078491 10.050272226333618
M0-control 238 2.5652973651885986 10.078542709350586
M0-control 239 2.052865982055664 9.933072090148926
M0-control 240 2.29142165184021 10.002160549163818
M0-control 241 2.456970453262329 9.92544436454773
M0-control 242 2.0037429332733154 10.164401054382324
M0-control 243 2.0342891216278076 9.904346704483032
M0-control 244 2.17592716217041 10.142167568206787
M0-control 245 2.337559223175049 10.06040644645691
M0-control 246 2.1767125129699707 10.002114057540894
M0-control 247 2.215231418609619 10.25715947151184
M0-control 248 2.4441428184509277 9.805949926376343
M0-control 249 2.1556835174560547 10.126142978668213
M0-control 250 2.1491951942443848 9.884803056716919
M0-control 251 2.438645124435425 10.150575160980225
M0-control 252 2.092742443084717 9.807939767837524
M0-control 253 1.9781763553619385 9.941703796386719
M0-control 254 2.2339224815368652 10.093843221664429
M0-control 255 2.1504709720611572 9.83040452003479
M0-control 256 2.2970705032348633 10.07234501838684
M0-control 257 1.9550621509552002 9.86241102218628
M0-control 258 2.367920398712158 10.073184490203857
M0-control 259 2.499312400817871 9.980265378952026
M0-control 260 2.1429390907287598 9.89834213256836
M0-control 261 2.1713151931762695 10.11541199684143
M0-control 262 2.0754692554473877 9.95508861541748
M0-control 263 2.016537666320801 10.10371470451355
M0-control 264 2.0575249195098877 9.84640645980835
M0-control 265 2.4566216468811035 9.98807430267334
M0-control 266 2.0562336444854736 9.993721008300781
M0-control 267 2.4407520294189453 9.975141763687134
M0-control 268 2.2266764640808105 10.111427307128906
M0-control 269 2.008146286010742 9.927176475524902
M0-control 270 2.278615713119507 10.13376259803772
M0-control 271 2.0459861755371094 9.970888137817383
M0-control 272 2.1665663719177246 10.003348112106323
M0-control 273 2.492837905883789 10.13594937324524
M0-control 274 2.105607509613037 9.943678617477417
M0-control 275 2.2297253608703613 10.064291954040527
M0-control 276 2.3079466819763184 9.956931114196777
M0-control 277 2.4073832035064697 9.984817266464233
M0-control 278 2.6680474281311035 9.950908660888672
M0-control 279 2.280359983444214 9.98681640625
M0-control 280 2.192197322845459 10.128761291503906
M0-control 281 2.234279155731201 10.020828247070312
M0-control 282 2.0544826984405518 10.086682319641113
M0-control 283 2.143432140350342 9.824774265289307
M0-control 284 2.6293983459472656 9.988665342330933
M0-control 285 2.2064151763916016 9.924645900726318
M0-control 286 2.2028980255126953 10.006745338439941
M0-control 287 2.18062686920166 10.10972285270691
M0-control 288 2.0729422569274902 9.918671131134033
M0-control 289 2.109990119934082 10.187801599502563
M0-control 290 2.242279052734375 9.814424276351929
M0-control 291 2.1038050651550293 9.994175910949707
M0-control 292 2.008939266204834 9.960649967193604
M0-control 293 2.1121647357940674 10.00341796875
M0-control 294 2.202129364013672 10.122095346450806
M0-control 295 2.9260945320129395 9.953823804855347
M0-control 296 1.9457577466964722 10.32082200050354
M0-control 297 2.414752721786499 9.80566692352295
M0-control 298 2.040060520172119 9.975632429122925
M0-control 299 1.931483268737793 10.04370403289795
M0-control 300 2.1412837505340576 10.185466766357422
M0-control 301 2.1215789318084717 8.82616376876831
M0-control 302 1.9878677129745483 9.983753442764282
M0-control 303 2.343940258026123 9.96604585647583
M0-control 304 1.9969396591186523 9.998456954956055
M0-control 305 2.18989634513855 9.973537921905518
M0-control 306 2.151628255844116 10.001938343048096
M0-control 307 1.9646438360214233 10.032747745513916
M0-control 308 2.470966100692749 9.984842777252197
M0-control 309 2.2636728286743164 9.922731637954712
M0-control 310 2.1462273597717285 10.03177523612976
M0-control 311 1.9530478715896606 9.981714248657227
M0-control 312 2.1282734870910645 9.93778657913208
M0-control 313 2.3608646392822266 10.008578300476074
M0-control 314 2.3650035858154297 9.953628778457642
M0-control 315 2.2303056716918945 9.955722570419312
M0-control 316 2.1203460693359375 10.11453914642334
M0-control 317 2.2463815212249756 9.922593355178833
M0-control 318 2.118553876876831 10.026914119720459
M0-control 319 2.06748366355896 9.945654392242432
M0-control 320 2.0686869621276855 10.00594711303711
M0-control 321 2.61154842376709 9.922459602355957
M0-control 322 2.1430540084838867 9.996274709701538
M0-control 323 2.119123697280884 10.165619611740112
M0-control 324 2.333951234817505 10.006519079208374
M0-control 325 2.4299206733703613 10.004382610321045
M0-control 326 2.115525484085083 9.988083839416504
M0-control 327 2.0083885192871094 9.909068584442139
M0-control 328 2.067715644836426 10.106285333633423
M0-control 329 2.045736789703369 9.979984283447266
M0-control 330 2.1921823024749756 10.074869394302368
M0-control 331 2.1365232467651367 9.994627237319946
M0-control 332 1.9384617805480957 9.941925048828125
M0-control 333 2.3556182384490967 10.179646253585815
M0-control 334 2.212184429168701 9.900859355926514
M0-control 335 2.23553729057312 10.108574390411377
M0-control 336 1.9962294101715088 9.961631774902344
M0-control 337 2.1503679752349854 9.94347596168518
M0-control 338 2.1219396591186523 9.978489875793457
M0-control 339 2.203780174255371 9.880000114440918
M0-control 340 2.100179672241211 10.103812217712402
M0-control 341 2.4898743629455566 9.902396202087402
M0-control 342 2.3387603759765625 10.083066701889038
M0-control 343 2.0575814247131348 9.983536005020142
M0-control 344 2.1923258304595947 9.976770401000977
M0-control 345 2.134422779083252 9.973446369171143
M0-control 346 2.045868396759033 9.912600040435791
M0-control 347 2.1303577423095703 10.093886613845825
M0-control 348 2.1182892322540283 9.885684251785278
M0-control 349 2.264195442199707 10.072907447814941
M0-control 350 2.2065484523773193 9.962197542190552
M0-control 351 2.0171470642089844 10.089378118515015
M0-control 352 2.0701353549957275 9.969839096069336
M0-control 353 2.356795310974121 9.884857177734375
M0-control 354 1.9799124002456665 10.100083112716675
M0-control 355 2.302708387374878 9.871687650680542
M0-control 356 2.204166889190674 10.055310487747192
M0-control 357 2.236284017562866 9.931106090545654
M0-control 358 2.2381131649017334 9.981246709823608
M0-control 359 2.196319103240967 10.043814182281494
M0-control 360 2.2002182006835938 9.953376054763794
M0-control 361 2.0271944999694824 10.050846576690674
M0-control 362 1.97828209400177 9.939109325408936
M0-control 363 2.2236320972442627 10.076430559158325
M0-control 364 2.2033567428588867 10.015766620635986
M0-control 365 2.1908748149871826 10.034254789352417
M0-control 366 2.3553378582000732 10.140276432037354
M0-control 367 2.156010150909424 9.97447657585144
M0-control 368 2.074766159057617 10.121460437774658
M0-control 369 2.1068646907806396 9.943033218383789
M0-control 370 2.0796427726745605 10.01846170425415
M0-control 371 2.0390408039093018 10.092671871185303
M0-control 372 2.0576086044311523 10.035943508148193
M0-control 373 2.4237685203552246 10.11734652519226
M0-control 374 2.2918434143066406 10.031713485717773
M0-control 375 2.0597574710845947 10.137735366821289
M0-control 376 2.1119351387023926 9.910570621490479
M0-control 377 2.333371162414551 10.067783832550049
M0-control 378 2.2517833709716797 9.956698179244995
M0-control 379 2.0272891521453857 9.96818995475769
M0-control 380 2.0737662315368652 10.048051357269287
M0-control 381 2.151120185852051 9.923466920852661
M0-control 382 2.1270930767059326 10.07908320426941
M0-control 383 2.4030251502990723 9.954633712768555
M0-control 384 2.330260992050171 10.08992624282837
M0-control 385 2.3027901649475098 9.919183731079102
M0-control 386 2.1415319442749023 9.967445850372314
M0-control 387 2.4124302864074707 10.10314154624939
M0-control 388 2.2581052780151367 9.996037244796753
M0-control 389 2.0574095249176025 10.052236557006836
M0-control 390 2.0130510330200195 9.894092798233032
M0-control 391 2.2262394428253174 9.962158679962158
M0-control 392 2.409283399581909 9.98613429069519
M0-control 393 1.9462721347808838 10.013285875320435
M0-control 394 2.056777000427246 10.133370876312256
M0-control 395 2.126027822494507 9.897521734237671
M0-control 396 2.145692825317383 10.078534126281738
M0-control 397 2.1889688968658447 9.908235788345337
M0-control 398 2.387816905975342 10.045320510864258
M0-control 399 2.14394211769104 9.94946837425232
M0-control 400 2.2590649127960205 9.974835634231567
M0-control 401 2.292881488800049 9.305314302444458
M0-control 402 2.332345485687256 9.97854208946228
M0-control 403 2.571141481399536 10.075602293014526
M0-control 404 2.1545372009277344 9.957552433013916
M0-control 405 2.2264411449432373 9.995725631713867
M0-control 406 2.0909061431884766 9.985114812850952
M0-control 407 1.9762663841247559 10.009302854537964
M0-control 408 2.8937196731567383 10.00351333618164
M0-control 409 2.9229836463928223 9.93814754486084
M0-control 410 2.0799059867858887 9.938341856002808
M0-control 411 2.1650729179382324 9.995688199996948
M0-control 412 2.1377899646759033 9.986292839050293
M0-control 413 2.2516279220581055 10.003063678741455
M0-control 414 2.344000816345215 9.954851388931274
M0-control 415 2.2104995250701904 10.018989562988281
M0-control 416 2.4657888412475586 9.934782028198242
M0-control 417 2.131183385848999 9.959253072738647
M0-control 418 2.326451539993286 9.979061841964722
M0-control 419 2.0821943283081055 9.948568105697632
M0-control 420 2.157715082168579 9.97975468635559
M0-control 421 2.130398750305176 9.936154127120972
M0-control 422 2.12622332572937 10.056500434875488
M0-control 423 2.346505641937256 9.996170997619629
M0-control 424 2.244629144668579 10.07513165473938
M0-control 425 1.9693328142166138 9.896867036819458
M0-control 426 2.280681610107422 9.936200857162476
M0-control 427 2.101104497909546 9.999175071716309
M0-control 428 2.1937060356140137 9.963789224624634
M0-control 429 2.1900269985198975 10.062996864318848
M0-control 430 2.229673385620117 9.947505235671997
M0-control 431 2.2127065658569336 9.957060813903809
M0-control 432 2.149836540222168 9.965511083602905
M0-control 433 2.528259515762329 9.961966514587402
M0-control 434 2.0592706203460693 10.0124671459198
M0-control 435 2.178636312484741 9.966875553131104
M0-control 436 2.008056879043579 9.973821878433228
M0-control 437 2.1195626258850098 10.10428786277771
M0-control 438 2.210597038269043 9.930691242218018
M0-control 439 2.067141532897949 10.061167240142822
M0-control 440 2.1217122077941895 10.003270864486694
M0-control 441 2.1980390548706055 10.000569820404053
M0-control 442 2.2127485275268555 10.017851829528809
M0-control 443 2.1305134296417236 9.98955512046814
M0-control 444 2.0486631393432617 10.10602879524231
M0-control 445 2.1376538276672363 9.964126586914062
M0-control 446 2.2320778369903564 10.08845829963684
M0-control 447 2.218496799468994 10.006017923355103
M0-control 448 2.4754674434661865 9.991380453109741
M0-control 449 2.008225202560425 9.978188276290894
M0-control 450 2.0324223041534424 9.98155951499939
M0-control 451 2.1427361965179443 9.994503021240234
M0-control 452 2.3287034034729004 9.985098123550415
M0-control 453 2.0235228538513184 9.978249788284302
M0-control 454 1.984691858291626 9.98736310005188
M0-control 455 2.2062721252441406 9.989298582077026
M0-control 456 2.1241049766540527 9.941112041473389
M0-control 457 2.2258095741271973 9.950615167617798
M0-control 458 2.0384321212768555 9.998974800109863
M0-control 459 2.0772573947906494 9.95981502532959
M0-control 460 1.9182724952697754 9.990688800811768
M0-control 461 2.384289503097534 9.93905258178711
M0-control 462 2.5140562057495117 10.054023027420044
M0-control 463 2.1384341716766357 9.947399377822876
M0-control 464 2.2761807441711426 9.96218228340149
M0-control 465 2.1337363719940186 9.979499340057373
M0-control 466 2.1458559036254883 9.952498435974121
M0-control 467 2.213826894760132 9.9793062210083
M0-control 468 2.20772385597229 9.933837652206421
M0-control 469 2.1759755611419678 10.036656856536865
M0-control 470 2.168519973754883 10.03109073638916
M0-control 471 2.162184000015259 10.110803604125977
M0-control 472 2.0814831256866455 9.902538537979126
M0-control 473 2.3245627880096436 9.921586751937866
M0-control 474 2.158045530319214 10.044926166534424
M0-control 475 2.2672953605651855 9.964107275009155
M0-control 476 2.2509303092956543 10.066503524780273
M0-control 477 2.1153769493103027 9.931961059570312
M0-control 478 2.2204155921936035 9.946766376495361
M0-control 479 2.438093900680542 9.977981328964233
M0-control 480 2.036031723022461 9.933612823486328
M0-control 481 2.260733127593994 10.040038108825684
M0-control 482 2.5906014442443848 9.989640474319458
M0-control 483 2.264721155166626 10.1018648147583
M0-control 484 2.1800124645233154 9.939378261566162
M0-control 485 2.170902729034424 9.961298942565918
M0-control 486 2.166233539581299 10.012582063674927
M0-control 487 2.611443042755127 9.939282655715942
M0-control 488 2.0051748752593994 10.093079328536987
M0-control 489 2.030400276184082 9.90932321548462
M0-control 490 2.2143585681915283 10.024385690689087
M0-control 491 2.4885690212249756 9.907254934310913
M0-control 492 2.338085174560547 9.930767297744751
M0-control 493 2.1610054969787598 10.06324815750122
M0-control 494 2.147991418838501 9.989076137542725
M0-control 495 2.49002742767334 10.08800196647644
M0-control 496 2.37111234664917 9.891631603240967
M0-control 497 2.210397481918335 10.00394868850708
M0-control 498 2.1067731380462646 10.051854848861694
M0-control 499 2.1749794483184814 9.982728481292725
M0-control 500 2.1538875102996826 10.049129009246826
M0-control 501 2.2604923248291016 9.251425743103027
M0-control 502 1.998025894165039 9.996742248535156
M0-control 503 2.009230375289917 10.001918315887451
M0-control 504 2.292935848236084 9.956189632415771
M0-control 505 1.9402238130569458 10.058030843734741
M0-control 506 2.344343900680542 9.957781791687012
M0-control 507 2.4273366928100586 10.0940101146698
M0-control 508 1.911081075668335 9.894220352172852
M0-control 509 2.59649920463562 9.953043222427368
M0-control 510 2.201465129852295 10.042255163192749
M0-control 511 2.2334184646606445 10.007288455963135
M0-control 512 2.1891684532165527 10.00962233543396
M0-control 513 2.0511908531188965 9.987535238265991
M0-control 514 2.1680080890655518 10.108473062515259
M0-control 515 2.315594434738159 9.93559741973877
M0-control 516 2.170261859893799 10.114784955978394
M0-control 517 1.9733102321624756 9.959116458892822
M0-control 518 1.9769933223724365 9.978737592697144
M0-control 519 2.5734288692474365 10.0677330493927
M0-control 520 2.260434150695801 9.922934532165527
M0-control 521 2.133540391921997 10.127216815948486
M0-control 522 2.132995128631592 9.924026727676392
M0-control 523 2.4602906703948975 9.944598913192749
M0-control 524 2.1916322708129883 10.021445989608765
M0-control 525 2.137789726257324 9.969092607498169
/home/zhengshiyi/react2025_new/.venv/lib/python3.10/site-packages/torch/_utils.py:831: UserWarning: TypedStorage is deprecated. It will be removed in the future and UntypedStorage will be the only storage class. This should only matter to you if you are using storages directly.  To access UntypedStorage directly, use tensor.untyped_storage() instead of tensor.storage()
  return self.fget.__get__(instance, owner)()
M0-control 501 2.2604923248291016 9.921968221664429
M0-control 502 1.998025894165039 10.197115182876587
M0-control 503 2.009230375289917 10.007731676101685
M0-control 504 2.292935848236084 10.502835750579834
M0-control 505 1.9402238130569458 10.15005350112915
M0-control 506 2.344343900680542 10.13967752456665
M0-control 507 2.4273366928100586 10.162290811538696
M0-control 508 1.911081075668335 10.103373289108276
M0-control 509 2.59649920463562 10.154483795166016
M0-control 510 2.201465129852295 10.14845323562622
M0-control 511 2.2334184646606445 10.135590314865112
M0-control 512 2.1891684532165527 10.250013828277588
M0-control 513 2.0511908531188965 10.161901473999023
M0-control 514 2.1680080890655518 10.360634565353394
M0-control 515 2.315594434738159 10.11133360862732
M0-control 516 2.170261859893799 10.30242395401001
M0-control 517 1.9733102321624756 8.94422435760498
M0-control 518 1.9769933223724365 8.710015535354614
M0-control 519 2.5734288692474365 9.704586267471313
M0-control 520 2.260434150695801 9.870201349258423
M0-control 521 2.133540391921997 9.994108438491821
M0-control 522 2.132995128631592 9.883062601089478
M0-control 523 2.4602906703948975 10.168404579162598
M0-control 524 2.1916322708129883 10.034895181655884
M0-control 525 2.137789726257324 9.932502746582031
M0-control 526 2.1338906288146973 10.067374229431152
M0-control 527 2.0219759941101074 9.986466407775879
M0-control 528 2.5671961307525635 10.201436042785645
M0-control 529 2.2074787616729736 10.038898706436157
M0-control 530 2.4281411170959473 10.078168153762817
M0-control 531 2.152459144592285 10.031441450119019
M0-control 532 2.1377954483032227 10.012516260147095
M0-control 533 2.2061338424682617 10.251426696777344
M0-control 534 2.1671628952026367 11.75232720375061
M0-control 535 2.2089474201202393 10.163626909255981
M0-control 536 2.1563456058502197 10.112479448318481
M0-control 537 2.3029727935791016 10.010966300964355
M0-control 538 2.2411811351776123 10.013444185256958
M0-control 539 1.9972105026245117 10.015299558639526
M0-control 540 2.3108320236206055 10.252498626708984
M0-control 541 2.04105544090271 10.00256633758545
M0-control 542 2.238480806350708 10.013969659805298
M0-control 543 2.0609536170959473 10.015526533126831
M0-control 544 2.1554183959960938 10.025868892669678
M0-control 545 2.127868175506592 9.95774221420288
M0-control 546 2.229443073272705 10.107300996780396
M0-control 547 2.3039541244506836 9.983845710754395
M0-control 548 2.3141160011291504 9.976730585098267
M0-control 549 2.1613616943359375 10.036181926727295
M0-control 550 2.216285228729248 9.978978395462036
M0-control 551 2.1907854080200195 10.094336748123169
M0-control 552 2.313627243041992 10.054508447647095
M0-control 553 2.3189163208007812 10.029778003692627
M0-control 554 2.1305320262908936 10.03674030303955
M0-control 555 2.3312573432922363 10.054237842559814
M0-control 556 2.2330684661865234 10.072329759597778
M0-control 557 2.456317901611328 9.946394205093384
M0-control 558 2.1220285892486572 9.995859146118164
M0-control 559 2.4167850017547607 10.076406717300415
M0-control 560 2.436166286468506 9.969894170761108
M0-control 561 2.1650452613830566 10.070666074752808
M0-control 562 2.306591510772705 10.038365840911865
M0-control 563 1.9833368062973022 10.129757404327393
M0-control 564 2.089843273162842 9.919738531112671
M0-control 565 2.261552572250366 10.133265733718872
M0-control 566 2.1747047901153564 9.916314601898193
M0-control 567 2.487661123275757 9.993967056274414
M0-control 568 2.1167349815368652 10.122101068496704
M0-control 569 2.2892637252807617 9.984720230102539
M0-control 570 2.055065155029297 10.09392786026001
M0-control 571 2.1104674339294434 9.929360628128052
M0-control 572 2.166417360305786 9.96032977104187
M0-control 573 2.310987949371338 10.084924936294556
M0-control 574 2.0508110523223877 9.998360633850098
M0-control 575 2.335753917694092 10.129735708236694
M0-control 576 2.1354856491088867 9.90451192855835
M0-control 577 2.4073123931884766 10.021492719650269
M0-control 578 2.222991704940796 10.002997159957886
M0-control 579 2.2056422233581543 10.043381214141846
M0-control 580 2.23954439163208 10.125911951065063
M0-control 581 1.9576773643493652 9.908390760421753
M0-control 582 2.21211314201355 10.086998462677002
M0-control 583 2.10722279548645 9.955926656723022
M0-control 584 2.2640633583068848 10.02286982536316
M0-control 585 2.0742580890655518 9.975287437438965
M0-control 586 2.0955467224121094 9.996997594833374
M0-control 587 2.1733932495117188 10.108921527862549
M0-control 588 1.986437201499939 9.923424243927002
M0-control 589 2.0452451705932617 10.066840887069702
M0-control 590 2.332077741622925 10.005090236663818
M0-control 591 2.307105779647827 9.97657060623169
M0-control 592 2.116547107696533 10.116857051849365
M0-control 593 2.1204020977020264 9.998496770858765
M0-control 594 2.276829242706299 10.157985925674438
M0-control 595 2.1180500984191895 10.030522346496582
M0-control 596 1.9003114700317383 10.078174352645874
M0-control 597 2.458895683288574 10.217386960983276
M0-control 598 2.2199013233184814 9.918329954147339
M0-control 599 2.413020372390747 10.272471189498901
M0-control 600 2.3315892219543457 9.955267429351807
M0-control 601 2.0095694065093994 9.348996877670288
M0-control 602 2.18851900100708 10.044902086257935
M0-control 603 2.5222158432006836 10.17883586883545
M0-control 604 2.2041709423065186 9.965450525283813
M0-control 605 2.0437896251678467 10.102850914001465
M0-control 606 2.60162615776062 9.998224258422852
M0-control 607 2.035576343536377 10.005814552307129
M0-control 608 2.1209025382995605 10.052104473114014
M0-control 609 2.164494752883911 10.030564546585083
M0-control 610 2.1646604537963867 10.052025079727173
M0-control 611 1.9746500253677368 10.047038793563843
M0-control 612 2.069215774536133 10.010102033615112
M0-control 613 2.908017158508301 10.129437685012817
M0-control 614 2.3621158599853516 10.05014443397522
M0-control 615 2.2879772186279297 10.173945426940918
M0-control 616 2.125897169113159 10.057776689529419
M0-control 617 2.303811550140381 10.056517601013184
M0-control 618 2.2183098793029785 10.048262596130371
M0-control 619 2.2947442531585693 9.984020948410034
M0-control 620 2.229294776916504 10.14481234550476
M0-control 621 2.309753894805908 10.034055233001709
M0-control 622 2.103130340576172 10.019274950027466
M0-control 623 2.394105911254883 10.02502989768982
M0-control 624 2.1960997581481934 10.046346187591553
M0-control 625 2.556986093521118 10.183436870574951
M0-control 626 2.067723512649536 9.953287839889526
M0-control 627 1.9640299081802368 10.129287958145142
M0-control 628 2.2978153228759766 10.064037561416626
M0-control 629 2.001878499984741 10.070733785629272
M0-control 630 2.1419429779052734 10.043977737426758
M0-control 631 2.260035753250122 9.93502163887024
M0-control 632 2.3061773777008057 10.156542301177979
M0-control 633 2.255122184753418 9.984553813934326
M0-control 634 2.23234224319458 10.112022161483765
M0-control 635 2.0395615100860596 10.062885522842407
M0-control 636 2.1925220489501953 9.968081712722778
M0-control 637 2.1670875549316406 10.09365963935852
M0-control 638 2.131746530532837 10.015462636947632
M0-control 639 2.0612847805023193 10.084139108657837
M0-control 640 2.377992868423462 10.022047519683838
M0-control 641 2.106187582015991 9.932547807693481
M0-control 642 2.649712562561035 10.107113361358643
M0-control 643 2.078951835632324 9.95921540260315
M0-control 644 2.0593371391296387 10.09449577331543
M0-control 645 2.2683587074279785 9.98349142074585
M0-control 646 2.286036729812622 10.12454342842102
M0-control 647 2.5773489475250244 10.010600805282593
M0-control 648 2.0758676528930664 10.091827154159546
M0-control 649 2.137051820755005 10.023789644241333
M0-control 650 2.359380006790161 9.971847772598267
M0-control 651 2.5951344966888428 10.095520496368408
M0-control 652 2.1633806228637695 9.970215559005737
M0-control 653 2.3087360858917236 9.983253955841064
M0-control 654 2.2388181686401367 10.047218799591064
M0-control 655 2.0741026401519775 9.971481323242188
M0-control 656 2.2011263370513916 10.118592262268066
M0-control 657 2.245290994644165 9.985241174697876
M0-control 658 2.3435142040252686 10.14827585220337
M0-control 659 2.3572702407836914 10.019076347351074
M0-control 660 1.9618760347366333 10.06625509262085
M0-control 661 2.327538013458252 10.042142629623413
M0-control 662 2.128427028656006 9.985775232315063
M0-control 663 2.227191925048828 10.115655183792114
M0-control 664 2.270627021789551 10.012511491775513
M0-control 665 2.007251262664795 9.986146926879883
M0-control 666 2.0080082416534424 10.095824718475342
M0-control 667 2.084588050842285 10.033152341842651
M0-control 668 2.161349296569824 10.113138437271118
M0-control 669 1.9330570697784424 10.029126167297363
M0-control 670 2.0479531288146973 10.12073564529419
M0-control 671 2.1123290061950684 9.923019647598267
M0-control 672 1.9722813367843628 10.17279052734375
M0-control 673 2.1667580604553223 9.915518760681152
M0-control 674 2.1930301189422607 10.004048824310303
M0-control 675 2.1034183502197266 10.131746053695679
M0-control 676 2.0142107009887695 10.035220384597778
M0-control 677 2.3184611797332764 10.228703260421753
M0-control 678 2.104889154434204 9.93415904045105
M0-control 679 2.0122783184051514 10.0099515914917
M0-control 680 2.077045202255249 10.048060417175293
M0-control 681 1.9411120414733887 10.038819789886475
M0-control 682 2.1277260780334473 10.001795768737793
M0-control 683 2.1922779083251953 10.013456344604492
M0-control 684 2.4772768020629883 10.088308572769165
M0-control 685 2.0653340816497803 9.94094967842102
M0-control 686 2.1387619972229004 9.980822086334229
M0-control 687 2.18605637550354 10.145431995391846
M0-control 688 2.2370495796203613 10.063946008682251
M0-control 689 2.1174588203430176 9.979251146316528
M0-control 690 2.388106346130371 10.123819589614868
M0-control 691 2.4554007053375244 10.025364398956299
M0-control 692 2.1073062419891357 10.069930791854858
M0-control 693 2.1208019256591797 10.109845638275146
M0-control 694 1.9030613899230957 10.243319034576416
M0-control 695 2.035003662109375 10.158048152923584
M0-control 696 2.0750186443328857 10.294735431671143
M0-control 697 2.2485837936401367 10.14500093460083
M0-control 698 2.189910888671875 10.048362493515015
M0-control 699 2.175029754638672 10.13535213470459
M0-control 700 1.9604606628417969 10.05605435371399
M0-control 701 2.265929698944092 9.339670181274414
M0-control 702 2.3347039222717285 10.080042839050293
M0-control 703 1.9803576469421387 9.983551979064941
M0-control 704 2.4602158069610596 10.152084112167358
M0-control 705 2.2776381969451904 10.018644094467163
M0-control 706 2.146265745162964 9.995353698730469
M0-control 707 1.973825216293335 9.966654777526855
M0-control 708 2.3109965324401855 9.959157228469849
M0-control 709 1.9924830198287964 10.172872543334961
M0-control 710 2.080195426940918 10.044986724853516
M0-control 711 2.0292391777038574 10.091901302337646
M0-control 712 2.1389803886413574 9.997836828231812
M0-control 713 1.9518239498138428 10.0683434009552
M0-control 714 2.0119407176971436 10.015129566192627
M0-control 715 2.2473857402801514 10.027864217758179
M0-control 716 2.6044106483459473 10.075950622558594
M0-control 717 2.083533525466919 10.005600690841675
M0-control 718 1.9899390935897827 10.026999711990356
M0-control 719 2.1008729934692383 10.026855945587158
M0-control 720 2.056969165802002 10.027628660202026
M0-control 721 2.1933000087738037 10.03527045249939
M0-control 722 2.2351877689361572 9.985215425491333
M0-control 723 2.4840400218963623 10.050620794296265
M0-control 724 2.054553747177124 9.949503421783447
M0-control 725 2.1482889652252197 9.980020523071289
M0-control 726 2.40397047996521 10.101499080657959
M0-control 727 2.242305040359497 10.031115531921387
M0-control 728 2.156968832015991 10.03363561630249
M0-control 729 2.023437738418579 9.975010633468628
M0-control 730 2.2688217163085938 10.081722736358643
M0-control 731 2.440772294998169 9.952860116958618
M0-control 732 2.2613062858581543 9.983681440353394
M0-control 733 2.3000125885009766 10.090731859207153
M0-control 734 2.187814235687256 9.960530757904053
M0-control 735 2.6842992305755615 10.072329044342041
M0-control 736 2.06691312789917 9.980892658233643
M0-control 737 2.229193925857544 10.059507846832275
M0-control 738 2.2500104904174805 9.969426155090332
M0-control 739 2.1157798767089844 9.994544744491577
M0-control 740 2.083451986312866 10.089843273162842
M0-control 741 2.2320287227630615 10.009500980377197
M0-control 742 2.285773277282715 10.074448823928833
M0-control 743 2.097721576690674 9.983415126800537
M0-control 744 2.5018374919891357 10.030975341796875
M0-control 745 2.56373929977417 9.960639476776123
M0-control 746 2.1723084449768066 10.006755828857422
M0-control 747 2.0870678424835205 10.0401029586792
M0-control 748 2.003828763961792 10.017348289489746
M0-control 749 2.1534290313720703 10.006155252456665
M0-control 750 2.008967876434326 10.096429109573364
M0-control 751 1.9464879035949707 10.011223077774048
M0-control 752 2.186089277267456 10.021021127700806
M0-control 753 2.583334445953369 10.0538330078125
M0-control 754 2.319282054901123 10.03742790222168
M0-control 755 2.150104522705078 10.010446786880493
M0-control 756 2.1005287170410156 9.985325336456299
M0-control 757 2.472458600997925 10.081652879714966
M0-control 758 2.1122400760650635 9.994300842285156
M0-control 759 2.2346150875091553 10.100259065628052
M0-control 760 2.3014824390411377 10.019870281219482
M0-control 761 2.140876293182373 10.123726844787598
M0-control 762 2.2397077083587646 9.922248363494873
M0-control 763 2.346090793609619 9.969868183135986
M0-control 764 2.1565465927124023 10.035268545150757
M0-control 765 2.0225815773010254 10.011119365692139
M0-control 766 2.0864923000335693 9.984864473342896
M0-control 767 1.9167280197143555 10.174999475479126
M0-control 768 2.4002177715301514 10.009026527404785
M0-control 769 2.194167137145996 10.038870573043823
M0-control 770 2.2237298488616943 10.035890579223633
M0-control 771 1.9846735000610352 10.040138006210327
M0-control 772 2.2768564224243164 10.067937135696411
M0-control 773 2.4497928619384766 10.012112617492676
M0-control 774 2.3470373153686523 9.989410638809204
M0-control 775 2.150095224380493 9.891083002090454
M0-control 776 2.126744031906128 10.114301681518555
M0-control 777 2.613913059234619 9.954102516174316
M0-control 778 2.3502018451690674 10.006044387817383
M0-control 779 2.4286580085754395 10.03570032119751
M0-control 780 2.309436321258545 10.042663812637329
M0-control 781 2.3659348487854004 10.034888744354248
M0-control 782 2.1376841068267822 9.963892698287964
M0-control 783 2.1228508949279785 10.035793781280518
M0-control 784 1.9770941734313965 10.120360851287842
M0-control 785 1.9489609003067017 10.008199691772461
M0-control 786 2.120851516723633 10.131304025650024
M0-control 787 2.5807344913482666 10.004765033721924
M0-control 788 2.3331403732299805 10.07202959060669
M0-control 789 1.9745278358459473 10.08271050453186
M0-control 790 2.401585817337036 10.024568796157837
M0-control 791 1.9893231391906738 10.07250690460205
M0-control 792 2.386089563369751 10.03661060333252
M0-control 793 2.004251718521118 10.152594327926636
M0-control 794 2.07173490524292 10.0181405544281
M0-control 795 2.021406650543213 10.000746726989746
M0-control 796 2.1241564750671387 10.055895805358887
M0-control 797 2.552617311477661 10.017314195632935
M0-control 798 2.10489821434021 10.117013931274414
M0-control 799 2.1366753578186035 9.997636556625366
M0-control 800 2.202911138534546 10.17552900314331
M0-control 801 2.357722282409668 9.564375877380371
M0-control 802 2.2239294052124023 10.030768156051636
M0-control 803 2.110313653945923 10.082319259643555
M0-control 804 2.1327762603759766 10.02172589302063
M0-control 805 2.258884906768799 10.093890905380249
M0-control 806 2.3272578716278076 9.997259378433228
M0-control 807 2.2094242572784424 10.206515789031982
M0-control 808 2.0705411434173584 9.956489562988281
M0-control 809 2.1329164505004883 10.093437194824219
M0-control 810 2.274916172027588 10.066832780838013
M0-control 811 2.349226951599121 9.967295169830322
M0-control 812 2.029223918914795 10.134143114089966
M0-control 813 2.239574909210205 10.02790880203247
M0-control 814 2.089111804962158 9.981513500213623
M0-control 815 2.231612205505371 10.034668445587158
M0-control 816 2.2602005004882812 10.035224437713623
M0-control 817 2.3653316497802734 10.117454528808594
M0-control 818 2.1859023571014404 9.979820013046265
M0-control 819 2.0355606079101562 10.180962562561035
M0-control 820 2.2702512741088867 9.928895950317383
M0-control 821 2.307741641998291 10.020224809646606
M0-control 822 2.4094080924987793 10.056119441986084
M0-control 823 1.9769554138183594 10.06275463104248
M0-control 824 2.155264377593994 10.124671936035156
M0-control 825 2.056797981262207 10.016419410705566
M0-control 826 2.53171968460083 10.000041007995605
M0-control 827 2.103473424911499 10.109048843383789
M0-control 828 2.1776461601257324 10.002162218093872
M0-control 829 2.1443347930908203 10.047783851623535
M0-control 830 2.129025936126709 9.993942022323608
M0-control 831 2.1678097248077393 9.984980344772339
M0-control 832 2.1624059677124023 9.974524736404419
M0-control 833 2.182746410369873 9.963881731033325
M0-control 834 2.5410947799682617 10.001517534255981
M0-control 835 2.3202364444732666 10.037498474121094
M0-control 836 2.389307975769043 10.037850379943848
M0-control 837 2.0607235431671143 9.97928261756897
M0-control 838 2.188070774078369 9.951955795288086
M0-control 839 2.0859873294830322 10.063414096832275
M0-control 840 1.9925950765609741 9.896186590194702
M0-control 841 2.5653343200683594 10.063478946685791
M0-control 842 2.724055528640747 9.920502662658691
M0-control 843 2.2519195079803467 10.098835706710815
M0-control 844 2.206383228302002 10.015376806259155
M0-control 845 2.242825746536255 9.927022695541382
M0-control 846 2.3401288986206055 9.945338010787964
M0-control 847 2.1925671100616455 10.021140813827515
M0-control 848 2.48808217048645 10.03761601448059
M0-control 849 2.136629581451416 9.972338199615479
M0-control 850 2.280958890914917 10.064736604690552
M0-control 851 2.2188572883605957 9.980677604675293
M0-control 852 1.9920707941055298 9.983942747116089
M0-control 853 1.933017611503601 10.110487461090088
M0-control 854 2.354213237762451 10.00745439529419
M0-control 855 2.239283561706543 10.048481702804565
M0-control 856 2.0668866634368896 9.973610639572144
M0-control 857 2.4049129486083984 9.985610723495483
M0-control 858 1.9743884801864624 10.132245540618896
M0-control 859 1.9978132247924805 10.033237218856812
M0-control 860 2.099426031112671 10.039130449295044
M0-control 861 2.3216025829315186 10.007161140441895
M0-control 862 1.9939029216766357 10.083098411560059
M0-control 863 2.206641912460327 10.143838167190552
M0-control 864 2.3641180992126465 10.273108959197998
M0-control 865 2.1453940868377686 10.127459049224854
M0-control 866 2.358635187149048 9.983922958374023
M0-control 867 1.9744994640350342 10.11007308959961
M0-control 868 2.365802526473999 10.01131296157837
M0-control 869 2.3728079795837402 9.82902717590332
M0-control 870 2.2207136154174805 10.049978494644165
M0-control 871 2.314371347427368 9.991076231002808
M0-control 872 2.1521267890930176 10.13467788696289
M0-control 873 2.003779888153076 10.009079933166504
M0-control 874 2.335777759552002 10.03268313407898
M0-control 875 1.9813059568405151 10.036349296569824
M0-control 876 2.1053690910339355 10.031139612197876
M0-control 877 2.3129115104675293 9.982754468917847
M0-control 878 2.0258865356445312 9.990190744400024
M0-control 879 2.0280280113220215 10.06317925453186
M0-control 880 2.227609157562256 9.949415922164917
M0-control 881 2.0426371097564697 9.97859263420105
M0-control 882 2.03151798248291 10.04635214805603
M0-control 883 2.176976203918457 10.019457340240479
M0-control 884 2.2361748218536377 10.123604536056519
M0-control 885 2.1406145095825195 10.025787591934204
M0-control 886 2.336132049560547 10.143208265304565
M0-control 887 1.9716414213180542 10.009153604507446
M0-control 888 2.000077247619629 9.993484020233154
M0-control 889 2.294734239578247 10.10167384147644
M0-control 890 2.0677123069763184 10.018059730529785
M0-control 891 2.2190144062042236 9.999392747879028
M0-control 892 2.292362689971924 9.962863683700562
M0-control 893 2.0544610023498535 10.098165512084961
M0-control 894 2.2194271087646484 10.053723812103271
M0-control 895 2.406980514526367 10.031602144241333
M0-control 896 2.080022096633911 10.04666018486023
M0-control 897 2.2480392456054688 9.986828327178955
M0-control 898 2.082885265350342 10.076635360717773
M0-control 899 1.9917007684707642 9.999087810516357
M0-control 900 2.0424952507019043 10.082092046737671
M0-control 901 2.1415796279907227 9.526638984680176
M0-control 902 1.9487180709838867 10.05712342262268
M0-control 903 2.313565731048584 10.05570912361145
M0-control 904 2.249742269515991 9.987364292144775
M0-control 905 2.1086742877960205 10.096870183944702
M0-control 906 2.4277124404907227 9.984962701797485
M0-control 907 2.1781821250915527 10.009861469268799
M0-control 908 2.2641730308532715 9.998488903045654
M0-control 909 2.1561808586120605 9.982582807540894
M0-control 910 2.317605495452881 10.050497770309448
M0-control 911 2.230464458465576 9.982352256774902
M0-control 912 2.384106159210205 10.079917669296265
M0-control 913 2.3067703247070312 9.963754415512085
M0-control 914 2.0523149967193604 9.98239779472351
M0-control 915 2.2269389629364014 10.035548686981201
M0-control 916 2.4556944370269775 10.009784698486328
M0-control 917 2.253641128540039 10.079763174057007
M0-control 918 2.1876044273376465 9.961183071136475
M0-control 919 2.1458253860473633 9.96823263168335
M0-control 920 2.2748045921325684 10.01036262512207
M0-control 921 2.2695038318634033 9.93977165222168
M0-control 922 2.2700393199920654 10.060030460357666
M0-control 923 2.151578903198242 9.991162300109863
M0-control 924 2.1837122440338135 10.061475038528442
M0-control 925 2.138500213623047 9.973554849624634
M0-control 926 2.205247640609741 10.032529830932617
M0-control 927 2.1923389434814453 9.81908130645752
M0-control 928 2.130251884460449 10.035659313201904
M0-control 929 2.0853865146636963 10.15278148651123
M0-control 930 2.266500949859619 10.093874454498291
M0-control 931 2.06241774559021 10.032717227935791
M0-control 932 2.0290720462799072 10.057185173034668
M0-control 933 2.1883716583251953 10.053144216537476
M0-control 934 2.1032047271728516 10.187109470367432
M0-control 935 2.148289203643799 10.10479736328125
M0-control 936 2.2934279441833496 10.062333822250366
M0-control 937 2.065920114517212 10.199601411819458
M0-control 938 2.18477725982666 10.082813262939453
M0-control 939 2.297417163848877 10.172191619873047
M0-control 940 2.078667640686035 10.071268081665039
M0-control 941 2.067384719848633 10.07610821723938
M0-control 942 2.1206302642822266 10.0241219997406
M0-control 943 2.178551197052002 9.987648248672485
M0-control 944 2.4005048274993896 10.151009798049927
M0-control 945 2.1560778617858887 10.025710821151733
M0-control 946 2.3193116188049316 10.056407451629639
M0-control 947 2.121838092803955 10.047098875045776
M0-control 948 2.1449623107910156 10.09966492652893
M0-control 949 2.6568448543548584 10.048025369644165
M0-control 950 2.3536105155944824 10.034652948379517
M0-control 951 2.0651559829711914 10.047314643859863
M0-control 952 2.09834623336792 10.035128831863403
M0-control 953 2.175759792327881 10.04766058921814
M0-control 954 2.007746458053589 10.05608606338501
M0-control 955 2.138883113861084 10.048670291900635
M0-control 956 2.2418954372406006 10.12880563735962
M0-control 957 2.143991231918335 10.252562522888184
M0-control 958 1.9710497856140137 9.882893085479736
M0-control 959 2.0842294692993164 10.037518501281738
M0-control 960 2.4602246284484863 9.990819931030273
M0-control 961 2.4482035636901855 10.036422491073608
M0-control 962 2.3228955268859863 10.00583815574646
M0-control 963 2.2927231788635254 10.043994426727295
M0-control 964 2.013151168823242 10.014989376068115
M0-control 965 2.22441029548645 10.055935859680176
M0-control 966 2.1446306705474854 10.000842332839966
M0-control 967 2.3036680221557617 10.032569408416748
M0-control 968 2.1051814556121826 9.962768793106079
M0-control 969 2.1031494140625 10.089770555496216
M0-control 970 2.1640491485595703 9.95742678642273
M0-control 971 2.053579092025757 10.010837316513062
M0-control 972 2.031651258468628 10.121366739273071
M0-control 973 2.1889965534210205 9.98959469795227
M0-control 974 2.1088032722473145 9.98174500465393
M0-control 975 2.348137617111206 10.015882968902588
M0-control 976 2.0217881202697754 9.976597785949707
M0-control 977 2.112454652786255 10.083246946334839
M0-control 978 2.065124034881592 9.991087913513184
M0-control 979 2.1011459827423096 10.124252319335938
M0-control 980 2.225263833999634 9.968899250030518
M0-control 981 2.0669074058532715 10.077728986740112
M0-control 982 2.090198516845703 10.011850595474243
M0-control 983 2.2537145614624023 10.026280403137207
M0-control 984 2.034369945526123 10.122177839279175
M0-control 985 2.1191134452819824 9.96364450454712
M0-control 986 2.4471607208251953 9.991462230682373
M0-control 987 2.053284168243408 10.024561882019043
M0-control 988 2.138460159301758 9.967204809188843
M0-control 989 2.2623469829559326 10.091780185699463
M0-control 990 2.154888391494751 9.97318983078003
M0-control 991 2.115222454071045 10.152331829071045
M0-control 992 2.068161964416504 9.969295740127563
M0-control 993 2.0906589031219482 9.982736349105835
M0-control 994 2.1314237117767334 10.063539743423462
M0-control 995 2.263530731201172 10.047775745391846
M0-control 996 2.1402838230133057 10.113686800003052
M0-control 997 2.286978244781494 9.948748588562012
M0-control 998 2.323936939239502 10.119658708572388
M0-control 999 2.2261548042297363 10.00205373764038
M0-control 1000 2.5467967987060547 10.057943105697632
/home/zhengshiyi/react2025_new/.venv/lib/python3.10/site-packages/torch/_utils.py:831: UserWarning: TypedStorage is deprecated. It will be removed in the future and UntypedStorage will be the only storage class. This should only matter to you if you are using storages directly.  To access UntypedStorage directly, use tensor.untyped_storage() instead of tensor.storage()
  return self.fget.__get__(instance, owner)()
M0-control 1001 2.3414204120635986 4.964351415634155
M0-control 1002 2.2261223793029785 4.629693508148193
M0-control 1003 2.183220386505127 6.360622406005859
M0-control 1004 2.1688876152038574 10.140475034713745
M0-control 1005 2.4423978328704834 9.95789361000061
M0-control 1006 2.3498330116271973 9.995341062545776
M0-control 1007 2.0704691410064697 9.992199182510376
M0-control 1008 2.3076589107513428 9.962456703186035
M0-control 1009 2.159942626953125 10.062213897705078
M0-control 1010 2.022632122039795 9.935681343078613
M0-control 1011 2.2909903526306152 9.797632932662964
M0-control 1012 2.00972318649292 10.001852989196777
M0-control 1013 2.70060396194458 9.99465274810791
M0-control 1014 2.34969425201416 10.059308052062988
M0-control 1015 2.0191004276275635 10.059791564941406
M0-control 1016 2.0857536792755127 10.112066745758057
M0-control 1017 2.1638121604919434 9.912579774856567
M0-control 1018 2.3099615573883057 9.995611429214478
M0-control 1019 2.009744882583618 10.022383689880371
M0-control 1020 2.2791905403137207 10.007097721099854
M0-control 1021 2.323101043701172 10.069340229034424
M0-control 1022 2.1472363471984863 9.903672695159912
M0-control 1023 2.6135129928588867 10.153541803359985
M0-control 1024 2.164198875427246 9.959264039993286
M0-control 1025 2.075040817260742 10.027295112609863
M0-control 1026 1.9733178615570068 9.95386004447937
M0-control 1027 2.2039988040924072 9.9912691116333
M0-control 1028 2.2490522861480713 10.138022899627686
M0-control 1029 2.021585702896118 9.979390382766724
M0-control 1030 2.1018271446228027 9.942557334899902
M0-control 1031 2.1729774475097656 10.105228424072266
M0-control 1032 2.5892698764801025 9.907161712646484
M0-control 1033 1.964963436126709 10.088759899139404
M0-control 1034 2.3612208366394043 9.944668054580688
M0-control 1035 2.726050853729248 10.098716735839844
M0-control 1036 2.0090551376342773 9.9842529296875
M0-control 1037 2.160367012023926 10.119591236114502
M0-control 1038 2.0673272609710693 10.015964984893799
M0-control 1039 2.1173830032348633 9.913289546966553
M0-control 1040 2.0616869926452637 10.098304271697998
M0-control 1041 2.3733139038085938 9.958527565002441
M0-control 1042 2.1569437980651855 10.092967510223389
M0-control 1043 1.9983348846435547 9.968407154083252
M0-control 1044 2.1866824626922607 9.951635837554932
M0-control 1045 2.2706642150878906 10.10108757019043
M0-control 1046 2.25209641456604 9.955886363983154
M0-control 1047 2.0112404823303223 10.116329908370972
M0-control 1048 2.1771960258483887 9.95334506034851
M0-control 1049 2.3371834754943848 10.047834634780884
M0-control 1050 2.172773838043213 10.021164655685425
M0-control 1051 2.154205560684204 9.86257266998291
M0-control 1052 2.055549144744873 10.126420736312866
M0-control 1053 2.2589070796966553 9.963263750076294
M0-control 1054 2.2029876708984375 9.93939733505249
M0-control 1055 2.6697397232055664 10.050166130065918
M0-control 1056 2.2154905796051025 9.955016374588013
M0-control 1057 2.0855202674865723 10.071593999862671
M0-control 1058 2.148735761642456 9.930502653121948
M0-control 1059 2.098918914794922 10.127941608428955
M0-control 1060 2.2877886295318604 9.968638181686401
M0-control 1061 2.200133800506592 9.98413634300232
M0-control 1062 2.062425374984741 10.108898401260376
M0-control 1063 2.040388822555542 9.995939016342163
M0-control 1064 1.9828718900680542 10.095988035202026
M0-control 1065 2.2765955924987793 9.95340371131897
M0-control 1066 2.5334789752960205 9.968318939208984
M0-control 1067 1.9743291139602661 10.133318185806274
M0-control 1068 2.1777358055114746 9.941153287887573
M0-control 1069 2.259585380554199 9.950996398925781
M0-control 1070 2.1364755630493164 10.004656076431274
M0-control 1071 1.9933252334594727 9.938160419464111
M0-control 1072 2.3534321784973145 10.067373752593994
M0-control 1073 2.2004613876342773 10.011810541152954
M0-control 1074 2.1237125396728516 10.093698978424072
M0-control 1075 2.38681697845459 10.016776084899902
M0-control 1076 2.135725259780884 9.995390176773071
M0-control 1077 2.022566556930542 10.049741983413696
M0-control 1078 2.280694007873535 9.972736120223999
M0-control 1079 2.106785774230957 10.09325122833252
M0-control 1080 2.018371105194092 9.974210262298584
M0-control 1081 2.0054495334625244 10.049108505249023
M0-control 1082 2.2555932998657227 10.042390823364258
M0-control 1083 2.079411745071411 9.997591018676758
M0-control 1084 2.100677967071533 10.091256380081177
M0-control 1085 2.324209690093994 9.978371143341064
M0-control 1086 2.3847689628601074 10.120523691177368
M0-control 1087 2.1492412090301514 10.006685733795166
M0-control 1088 2.075439929962158 9.99708342552185
M0-control 1089 2.550468683242798 10.051747798919678
M0-control 1090 1.982895016670227 9.98904037475586
M0-control 1091 2.0001721382141113 10.083711862564087
M0-control 1092 2.208162784576416 10.012382745742798
M0-control 1093 1.972145915031433 10.04282832145691
M0-control 1094 2.261579751968384 10.011124610900879
M0-control 1095 2.147934675216675 9.997014999389648
M0-control 1096 2.2071220874786377 10.050671339035034
M0-control 1097 2.092008590698242 9.996611833572388
M0-control 1098 2.2506532669067383 10.121126174926758
M0-control 1099 2.1850671768188477 10.012098789215088
M0-control 1100 2.1129233837127686 9.969079494476318
M0-control 1101 2.0811173915863037 9.88051986694336
M0-control 1102 1.9936213493347168 10.002427816390991
M0-control 1103 2.160722255706787 9.706626176834106
M0-control 1104 2.1382694244384766 10.008721113204956
M0-control 1105 2.124765157699585 9.995943307876587
M0-control 1106 2.168280839920044 10.100592374801636
M0-control 1107 2.103632688522339 9.91315484046936
M0-control 1108 2.2955503463745117 9.98658275604248
M0-control 1109 2.278088331222534 10.108288049697876
M0-control 1110 2.0242650508880615 9.905314445495605
M0-control 1111 2.185319185256958 10.036146640777588
M0-control 1112 2.28517484664917 9.961623668670654
M0-control 1113 2.0855519771575928 10.062612056732178
M0-control 1114 2.1013364791870117 10.032033443450928
M0-control 1115 2.1688318252563477 10.008370637893677
M0-control 1116 2.376913547515869 9.967173337936401
M0-control 1117 2.10672664642334 10.024447917938232
M0-control 1118 1.9859192371368408 10.070915699005127
M0-control 1119 2.1866917610168457 9.965107202529907
M0-control 1120 2.2913663387298584 10.0221529006958
M0-control 1121 2.0971715450286865 10.114866256713867
M0-control 1122 2.8335089683532715 9.949840784072876
M0-control 1123 2.223344564437866 10.100903272628784
M0-control 1124 2.4534759521484375 10.004122257232666
M0-control 1125 2.1163382530212402 10.048927545547485
M0-control 1126 2.140289783477783 9.935343503952026
M0-control 1127 2.359389305114746 9.99150824546814
M0-control 1128 2.054842472076416 10.020049095153809
M0-control 1129 2.146684408187866 9.975569486618042
M0-control 1130 1.9642332792282104 10.023918390274048
M0-control 1131 2.200881004333496 9.963621139526367
M0-control 1132 2.116015672683716 9.982126235961914
M0-control 1133 2.2729477882385254 10.078983545303345
M0-control 1134 2.122711420059204 9.916350603103638
M0-control 1135 2.2717881202697754 10.102449417114258
M0-control 1136 2.2227635383605957 10.016658306121826
M0-control 1137 2.19339919090271 10.077874422073364
M0-control 1138 2.4252662658691406 10.0170738697052
M0-control 1139 1.9964451789855957 9.941551685333252
M0-control 1140 2.1297693252563477 10.09196925163269
M0-control 1141 1.9900074005126953 9.975637674331665
M0-control 1142 2.4084572792053223 10.173744678497314
M0-control 1143 2.5472054481506348 10.057905197143555
M0-control 1144 2.1424155235290527 9.9817636013031
M0-control 1145 2.0830376148223877 10.064443826675415
M0-control 1146 2.1180453300476074 9.981089353561401
M0-control 1147 2.352695941925049 9.950505256652832
M0-control 1148 2.365640640258789 10.08760142326355
M0-control 1149 2.368727207183838 9.991870641708374
M0-control 1150 2.393893241882324 10.115729093551636
M0-control 1151 2.1752688884735107 9.930577278137207
M0-control 1152 2.5244321823120117 10.185480833053589
M0-control 1153 2.066429376602173 9.981866598129272
M0-control 1154 2.1834561824798584 10.022631883621216
M0-control 1155 2.422787666320801 10.01261854171753
M0-control 1156 2.5134286880493164 9.937161684036255
M0-control 1157 2.1155829429626465 10.105414152145386
M0-control 1158 2.120323657989502 9.979867219924927
M0-control 1159 2.1702592372894287 10.152634620666504
M0-control 1160 2.0497474670410156 9.927700281143188
M0-control 1161 2.248619794845581 9.952349185943604
M0-control 1162 2.086268901824951 10.182902097702026
M0-control 1163 2.3655524253845215 9.92808198928833
M0-control 1164 2.196962356567383 10.251365423202515
M0-control 1165 2.2311549186706543 9.919011116027832
M0-control 1166 2.828032970428467 10.019620180130005
M0-control 1167 3.043023109436035 10.107263088226318
M0-control 1168 2.082509756088257 9.932563066482544
M0-control 1169 1.9537954330444336 10.06920051574707
M0-control 1170 2.342100143432617 9.92596697807312
M0-control 1171 2.0364339351654053 10.075919151306152
M0-control 1172 2.408581256866455 9.993172645568848
M0-control 1173 2.0182061195373535 9.95770001411438
M0-control 1174 2.198932647705078 10.155861854553223
M0-control 1175 2.2492432594299316 9.970119953155518
M0-control 1176 2.0341758728027344 10.148805856704712
M0-control 1177 2.4263358116149902 9.967339515686035
M0-control 1178 2.071209669113159 9.974630117416382
M0-control 1179 1.98674476146698 10.027705907821655
M0-control 1180 2.122236490249634 10.002741813659668
M0-control 1181 2.3270092010498047 10.181973218917847
M0-control 1182 2.0954957008361816 9.998658180236816
M0-control 1183 2.3294436931610107 10.007081508636475
M0-control 1184 2.517050266265869 10.129130125045776
M0-control 1185 2.156179428100586 10.019254922866821
M0-control 1186 2.227050304412842 10.128234624862671
M0-control 1187 2.0790963172912598 10.004850625991821
M0-control 1188 2.1901161670684814 10.200549125671387
M0-control 1189 2.258230447769165 10.033287763595581
M0-control 1190 2.162780284881592 9.867534399032593
M0-control 1191 2.2426836490631104 10.145633459091187
M0-control 1192 2.3122506141662598 9.950484275817871
M0-control 1193 2.1904642581939697 10.16977047920227
M0-control 1194 2.032761335372925 9.971877336502075
M0-control 1195 2.213714361190796 9.983840703964233
M0-control 1196 2.2418272495269775 10.142667293548584
M0-control 1197 2.441067695617676 10.087679624557495
M0-control 1198 2.0096919536590576 10.050818920135498
M0-control 1199 2.2616987228393555 10.075404167175293
M0-control 1200 2.1226649284362793 9.969746828079224
M0-control 1201 2.167816162109375 9.994050741195679
M0-control 1202 2.2594969272613525 9.975328922271729
M0-control 1203 2.144788980484009 9.67882227897644
M0-control 1204 2.051362991333008 9.980250358581543
M0-control 1205 2.3681795597076416 10.058650970458984
M0-control 1206 2.1186904907226562 10.075264692306519
M0-control 1207 2.0302035808563232 9.964576005935669
M0-control 1208 2.3927221298217773 10.210229635238647
M0-control 1209 2.2048912048339844 9.89551591873169
M0-control 1210 1.9427722692489624 10.025973320007324
M0-control 1211 2.231814384460449 10.059942722320557
M0-control 1212 1.994924545288086 9.998496055603027
M0-control 1213 2.5143189430236816 10.083983659744263
M0-control 1214 2.6111319065093994 10.01301097869873
M0-control 1215 2.251936674118042 10.097176551818848
M0-control 1216 2.1181836128234863 9.988304138183594
M0-control 1217 2.7087368965148926 10.009197235107422
M0-control 1218 1.9572362899780273 10.077767133712769
M0-control 1219 2.026455879211426 9.976245880126953
M0-control 1220 2.258375406265259 10.08277440071106
M0-control 1221 1.879944086074829 10.040497779846191
M0-control 1222 2.355797529220581 10.064255237579346
M0-control 1223 2.2390758991241455 10.040479183197021
M0-control 1224 2.3348379135131836 10.102749347686768
M0-control 1225 2.170551061630249 10.127347946166992
M0-control 1226 2.3276305198669434 10.007951021194458
M0-control 1227 2.0959243774414062 10.125245332717896
M0-control 1228 2.555009603500366 9.943778038024902
M0-control 1229 2.1000943183898926 10.025391817092896
M0-control 1230 2.1919984817504883 10.065450668334961
M0-control 1231 2.1225147247314453 9.989427089691162
M0-control 1232 2.473906993865967 10.109243392944336
M0-control 1233 2.130261182785034 10.090863943099976
M0-control 1234 2.027062177658081 9.933565139770508
M0-control 1235 2.137298822402954 10.096089363098145
M0-control 1236 2.2558062076568604 9.973782300949097
M0-control 1237 2.335488796234131 10.060206890106201
M0-control 1238 2.197991371154785 9.982637166976929
M0-control 1239 1.9331563711166382 10.177455186843872
M0-control 1240 2.0171284675598145 10.002326011657715
M0-control 1241 2.083332061767578 9.968278408050537
M0-control 1242 2.4936206340789795 10.110817670822144
M0-control 1243 2.147928237915039 9.993052244186401
M0-control 1244 2.246615171432495 10.105454444885254
M0-control 1245 2.286391019821167 9.959949731826782
M0-control 1246 2.179189443588257 10.029636144638062
M0-control 1247 2.4398269653320312 10.056226015090942
M0-control 1248 2.432507038116455 9.971073865890503
M0-control 1249 2.141831636428833 9.99423861503601
M0-control 1250 2.166560649871826 10.21322512626648
M0-control 1251 2.005404233932495 9.996142148971558
M0-control 1252 2.149613618850708 10.133300304412842
M0-control 1253 1.957613229751587 9.987384796142578
M0-control 1254 3.1167755126953125 10.091922998428345
M0-control 1255 3.130002975463867 9.961836576461792
M0-control 1256 2.0848593711853027 9.998582124710083
M0-control 1257 2.5784730911254883 10.174054622650146
M0-control 1258 2.0116119384765625 9.996019840240479
M0-control 1259 2.1647870540618896 10.05925703048706
M0-control 1260 2.320162773132324 10.058906555175781
M0-control 1261 1.9567301273345947 9.957780361175537
M0-control 1262 2.283851146697998 10.194274425506592
M0-control 1263 1.9673417806625366 10.015237808227539
M0-control 1264 2.171522855758667 10.187511444091797
M0-control 1265 2.2238590717315674 10.030062198638916
M0-control 1266 2.207476854324341 10.005922079086304
M0-control 1267 2.0353379249572754 9.99974513053894
M0-control 1268 2.070546865463257 9.991814851760864
M0-control 1269 2.453352451324463 10.119545936584473
M0-control 1270 2.025702476501465 9.988401412963867
M0-control 1271 2.1808810234069824 10.04459810256958
M0-control 1272 2.446937322616577 10.017194986343384
M0-control 1273 2.1254611015319824 9.986854553222656
M0-control 1274 2.2762653827667236 10.111928939819336
M0-control 1275 1.9392024278640747 10.026610612869263
M0-control 1276 2.315408706665039 10.09858751296997
M0-control 1277 2.3153929710388184 10.024429321289062
M0-control 1278 2.1396772861480713 10.043483257293701
M0-control 1279 2.025832414627075 10.010390758514404
M0-control 1280 2.3774213790893555 9.999041080474854
M0-control 1281 1.9492299556732178 10.140997886657715
M0-control 1282 2.3072898387908936 9.990514993667603
M0-control 1283 2.1435866355895996 10.005659341812134
M0-control 1284 2.203308582305908 9.96197247505188
M0-control 1285 2.5066680908203125 10.013082265853882
M0-control 1286 2.0969960689544678 10.106311082839966
M0-control 1287 2.3806934356689453 9.980306625366211
M0-control 1288 2.2182788848876953 10.100030183792114
M0-control 1289 2.0952181816101074 9.96684980392456
M0-control 1290 2.0346791744232178 9.97825288772583
M0-control 1291 2.0411288738250732 10.094630002975464
M0-control 1292 2.244929552078247 9.962027788162231
M0-control 1293 2.4012038707733154 10.136496305465698
M0-control 1294 2.122910499572754 9.98911166191101
M0-control 1295 2.488774538040161 10.040834188461304
M0-control 1296 2.2912697792053223 10.135112524032593
M0-control 1297 2.1394405364990234 10.016024112701416
M0-control 1298 2.0204057693481445 9.918804168701172
M0-control 1299 2.1370062828063965 10.008217573165894
M0-control 1300 2.474454641342163 10.012946128845215
M0-control 1301 2.012052059173584 10.038612127304077
M0-control 1302 2.23931884765625 9.973777294158936
M0-control 1303 2.0615508556365967 9.546232461929321
M0-control 1304 2.3643722534179688 9.979325771331787
M0-control 1305 2.07102632522583 10.04285717010498
M0-control 1306 2.1479263305664062 9.99017882347107
M0-control 1307 2.1798999309539795 10.021196365356445
M0-control 1308 2.303466558456421 10.152222156524658
M0-control 1309 2.1183550357818604 9.920917749404907
M0-control 1310 2.1731112003326416 10.101778030395508
M0-control 1311 2.300877094268799 9.98981761932373
M0-control 1312 2.1068286895751953 9.95888900756836
M0-control 1313 2.557701826095581 10.102620363235474
M0-control 1314 2.0631332397460938 9.939242124557495
M0-control 1315 2.2272086143493652 10.06256890296936
M0-control 1316 2.0548043251037598 9.990626573562622
M0-control 1317 2.2216134071350098 9.991055965423584
M0-control 1318 1.9903358221054077 10.139342308044434
M0-control 1319 2.480971336364746 9.965978145599365
M0-control 1320 1.9401077032089233 10.17996621131897
M0-control 1321 2.1903233528137207 9.99108362197876
M0-control 1322 1.9525117874145508 10.101306676864624
M0-control 1323 2.6562466621398926 10.138125658035278
M0-control 1324 2.2180373668670654 9.969149589538574
M0-control 1325 2.0888447761535645 10.03554105758667
M0-control 1326 2.0680830478668213 9.994061946868896
M0-control 1327 2.439167022705078 10.146516561508179
M0-control 1328 2.235936403274536 9.94904375076294
M0-control 1329 2.2446584701538086 10.020191669464111
M0-control 1330 2.026362895965576 10.187829494476318
M0-control 1331 2.1478281021118164 10.004249095916748
M0-control 1332 2.4504647254943848 10.088358640670776
M0-control 1333 1.9241524934768677 10.07443618774414
M0-control 1334 2.1587014198303223 10.101962089538574
M0-control 1335 2.6852526664733887 9.966537952423096
M0-control 1336 2.16347599029541 9.9680016040802
M0-control 1337 2.1571297645568848 10.077107429504395
M0-control 1338 2.361309051513672 10.015263557434082
M0-control 1339 2.34928560256958 10.160165786743164
M0-control 1340 2.08786678314209 9.951290369033813
M0-control 1341 2.06225848197937 10.0147066116333
M0-control 1342 2.0267648696899414 10.112594842910767
M0-control 1343 1.969337821006775 9.990220785140991
M0-control 1344 2.3625261783599854 10.012309074401855
M0-control 1345 2.164618492126465 10.119689464569092
M0-control 1346 2.0503578186035156 9.963089942932129
M0-control 1347 2.041990280151367 10.108611583709717
M0-control 1348 2.2855124473571777 10.019562244415283
M0-control 1349 2.2550790309906006 10.139087200164795
M0-control 1350 2.3220181465148926 10.0358145236969
M0-control 1351 2.182689666748047 10.013612747192383
M0-control 1352 2.026352882385254 10.059931755065918
M0-control 1353 2.1596076488494873 9.96146559715271
M0-control 1354 2.4160709381103516 10.15857195854187
M0-control 1355 2.4542412757873535 9.995251417160034
M0-control 1356 2.0016586780548096 9.987576246261597
M0-control 1357 2.0390431880950928 10.077810287475586
M0-control 1358 2.183051347732544 9.998626947402954
M0-control 1359 2.445713758468628 10.09740138053894
M0-control 1360 2.2057530879974365 10.01476764678955
M0-control 1361 2.368618965148926 10.106358051300049
M0-control 1362 2.315070629119873 9.964405059814453
M0-control 1363 2.1215999126434326 9.976778984069824
M0-control 1364 2.363018035888672 10.136622667312622
M0-control 1365 2.1020190715789795 9.973828077316284
M0-control 1366 2.2062125205993652 10.088738679885864
M0-control 1367 2.114286184310913 9.990200757980347
M0-control 1368 2.201770305633545 10.01388955116272
M0-control 1369 2.403672456741333 10.080349445343018
M0-control 1370 2.0597124099731445 10.00792145729065
M0-control 1371 2.2339515686035156 10.119137525558472
M0-control 1372 2.4364097118377686 9.992368221282959
M0-control 1373 2.433009624481201 10.115312576293945
M0-control 1374 2.3364346027374268 9.956332921981812
M0-control 1375 2.2804675102233887 10.027872562408447
M0-control 1376 2.213688850402832 10.156230449676514
M0-control 1377 1.9544765949249268 10.005056858062744
M0-control 1378 1.9411206245422363 10.138765573501587
M0-control 1379 2.0404605865478516 9.93941879272461
M0-control 1380 1.9412188529968262 9.994452238082886
M0-control 1381 2.2167646884918213 10.105668067932129
M0-control 1382 2.0437440872192383 10.02236032485962
M0-control 1383 2.248957395553589 10.017274379730225
M0-control 1384 2.2032408714294434 10.097718238830566
M0-control 1385 2.047569990158081 9.992269277572632
M0-control 1386 2.18323016166687 10.022455930709839
M0-control 1387 2.3775012493133545 10.028123617172241
M0-control 1388 2.0605525970458984 10.031072854995728
M0-control 1389 2.0533287525177 10.051749467849731
M0-control 1390 1.9211622476577759 10.031533479690552
M0-control 1391 2.1364006996154785 10.077718496322632
M0-control 1392 2.483880043029785 10.00317907333374
M0-control 1393 2.477123737335205 10.080155372619629
M0-control 1394 2.0730338096618652 9.980785846710205
M0-control 1395 2.0075461864471436 9.971384525299072
M0-control 1396 2.079421043395996 10.060852766036987
M0-control 1397 2.128509998321533 9.994446754455566
M0-control 1398 2.1324734687805176 10.09656572341919
M0-control 1399 2.1716625690460205 10.04533576965332
M0-control 1400 2.5681819915771484 10.047905921936035
M0-control 1401 2.013181686401367 9.74878478050232
M0-control 1402 2.202204465866089 9.991579532623291
M0-control 1403 2.1826319694519043 9.711081266403198
M0-control 1404 2.2487473487854004 10.051235437393188
M0-control 1405 1.9238510131835938 10.124842643737793
M0-control 1406 2.0155701637268066 9.985369682312012
M0-control 1407 2.173828363418579 10.030236005783081
M0-control 1408 2.2344143390655518 10.070868730545044
M0-control 1409 2.2488555908203125 9.98070502281189
M0-control 1410 2.254922866821289 10.078399419784546
M0-control 1411 2.3347055912017822 9.972058773040771
M0-control 1412 2.0713324546813965 10.103662014007568
M0-control 1413 2.194974899291992 9.96100902557373
M0-control 1414 2.1404149532318115 10.140580892562866
M0-control 1415 2.096043348312378 9.966492652893066
M0-control 1416 2.3293535709381104 10.019435167312622
M0-control 1417 3.0571281909942627 10.082200288772583
M0-control 1418 2.0824646949768066 10.032953977584839
M0-control 1419 2.3916361331939697 10.135094165802002
M0-control 1420 2.3169875144958496 9.985629081726074
M0-control 1421 1.9780946969985962 10.005776166915894
M0-control 1422 2.5466835498809814 10.148792028427124
M0-control 1423 2.3013315200805664 10.01680612564087
M0-control 1424 2.3956494331359863 10.080170392990112
M0-control 1425 2.024176597595215 10.03109884262085
M0-control 1426 2.4601545333862305 10.013526201248169
M0-control 1427 2.156606912612915 10.131741762161255
M0-control 1428 2.167957305908203 9.995853662490845
M0-control 1429 2.3198530673980713 10.161314725875854
M0-control 1430 2.4180490970611572 10.059672355651855
M0-control 1431 2.1218783855438232 10.104633808135986
M0-control 1432 2.090773344039917 10.02022123336792
M0-control 1433 2.0950801372528076 10.027787923812866
M0-control 1434 2.2567734718322754 10.065770864486694
M0-control 1435 2.07075834274292 10.055365324020386
M0-control 1436 2.129486322402954 10.15384030342102
M0-control 1437 2.0320892333984375 9.971838235855103
M0-control 1438 2.0607504844665527 10.015357255935669
M0-control 1439 2.1049842834472656 10.094568252563477
M0-control 1440 2.330907106399536 10.040762901306152
M0-control 1441 2.5415070056915283 10.026591062545776
M0-control 1442 2.058995246887207 10.107000827789307
M0-control 1443 1.9404351711273193 10.011627912521362
M0-control 1444 2.0988337993621826 9.987216711044312
M0-control 1445 2.0948076248168945 10.082662105560303
M0-control 1446 2.3929595947265625 10.1032874584198
M0-control 1447 2.181809186935425 10.052877426147461
M0-control 1448 2.0788514614105225 10.177825927734375
M0-control 1449 2.0582523345947266 10.017678499221802
M0-control 1450 2.095810651779175 10.088962316513062
M0-control 1451 2.1148319244384766 10.140489339828491
M0-control 1452 2.165348768234253 10.051379203796387
M0-control 1453 2.011636734008789 10.114320755004883
M0-control 1454 2.2963688373565674 10.00899338722229
M0-control 1455 2.34403395652771 10.053241729736328
M0-control 1456 2.106759548187256 10.126245021820068
M0-control 1457 1.9366403818130493 10.020426034927368
M0-control 1458 2.034383535385132 10.151685953140259
M0-control 1459 2.27451753616333 10.051593542098999
M0-control 1460 2.460599422454834 10.0322847366333
M0-control 1461 2.2045230865478516 10.121583461761475
M0-control 1462 2.042531967163086 10.002495288848877
M0-control 1463 2.13153076171875 10.110651969909668
M0-control 1464 2.2409863471984863 10.027314186096191
M0-control 1465 2.578566074371338 10.048235893249512
M0-control 1466 2.1049013137817383 10.216903924942017
M0-control 1467 2.262157917022705 10.050062894821167
M0-control 1468 1.9491373300552368 10.070074796676636
M0-control 1469 2.0684101581573486 10.15108060836792
M0-control 1470 2.133840560913086 10.011204957962036
M0-control 1471 2.045701265335083 10.167259931564331
M0-control 1472 1.982129454612732 10.132740497589111
M0-control 1473 2.223484992980957 10.098222970962524
M0-control 1474 2.0427327156066895 10.06567931175232
M0-control 1475 2.271446943283081 10.128929615020752
M0-control 1476 2.145362138748169 10.052597999572754
M0-control 1477 2.2766001224517822 10.087953090667725
M0-control 1478 2.0858871936798096 10.061131715774536
M0-control 1479 2.086007833480835 10.073281049728394
M0-control 1480 2.2861766815185547 10.170348167419434
M0-control 1481 2.6480908393859863 10.052428722381592
M0-control 1482 2.1077189445495605 10.102535963058472
M0-control 1483 2.028013229370117 10.204209327697754
M0-control 1484 1.981703281402588 10.12337350845337
M0-control 1485 2.014892101287842 10.11185336112976
M0-control 1486 2.1411497592926025 10.103853225708008
M0-control 1487 2.153735637664795 10.102041721343994
M0-control 1488 2.3128163814544678 10.189783573150635
M0-control 1489 2.041761636734009 10.04721212387085
M0-control 1490 2.091409206390381 10.171250581741333
M0-control 1491 2.3749232292175293 10.094345092773438
M0-control 1492 2.526036262512207 10.14841341972351
M0-control 1493 2.1204710006713867 10.026573419570923
M0-control 1494 2.164210081100464 10.141319751739502
M0-control 1495 2.4605677127838135 10.1665780544281
M0-control 1496 2.187638282775879 10.086384296417236
M0-control 1497 1.9848719835281372 10.220696687698364
M0-control 1498 2.0331244468688965 10.114920854568481
M0-control 1499 2.0702877044677734 10.083175420761108
M0-control 1500 2.2943832874298096 10.0848708152771
M0-control 1501 2.313987970352173 9.92757511138916
M0-control 1502 2.231379508972168 10.177078485488892
M0-control 1503 2.7391791343688965 9.74812364578247
M0-control 1504 2.325209140777588 10.194640398025513
M0-control 1505 2.258183479309082 10.107231140136719
M0-control 1506 2.330540895462036 10.142497539520264
M0-control 1507 2.3018178939819336 10.036211729049683
M0-control 1508 2.1797597408294678 10.018853664398193
M0-control 1509 2.3457155227661133 10.165674448013306
M0-control 1510 2.073698043823242 10.063663005828857
M0-control 1511 2.143418073654175 10.097489833831787
M0-control 1512 2.1720192432403564 10.129748106002808
M0-control 1513 2.3423776626586914 10.12504768371582
M0-control 1514 2.1364989280700684 10.112743139266968
M0-control 1515 2.1697936058044434 10.13130497932434
M0-control 1516 2.171844244003296 10.15610146522522
M0-control 1517 2.3146371841430664 10.029627799987793
M0-control 1518 2.0445973873138428 10.066211938858032
M0-control 1519 2.373499870300293 10.270853281021118
M0-control 1520 2.0860531330108643 10.108295440673828
M0-control 1521 2.261160373687744 10.067095279693604
M0-control 1522 2.3107800483703613 10.04822301864624
M0-control 1523 2.214756965637207 10.091668605804443
M0-control 1524 2.0671002864837646 10.027365922927856
M0-control 1525 2.0367984771728516 10.02513599395752
M0-control 1526 2.3050358295440674 10.120924234390259
M0-control 1527 2.1374168395996094 10.03708004951477
M0-control 1528 2.34397554397583 9.997412204742432
M0-control 1529 1.963482141494751 10.13090705871582
M0-control 1530 2.1171913146972656 10.002154111862183
M0-control 1531 2.2735445499420166 10.178688287734985
M0-control 1532 2.3139777183532715 10.018450498580933
M0-control 1533 2.026897430419922 10.138827085494995
M0-control 1534 2.0207085609436035 9.990636348724365
M0-control 1535 2.0912160873413086 10.036054849624634
M0-control 1536 2.0366153717041016 10.12926697731018
M0-control 1537 2.376103639602661 10.053871393203735
M0-control 1538 2.1465303897857666 10.145379304885864
M0-control 1539 2.255929470062256 10.06441855430603
M0-control 1540 1.9628138542175293 10.105384588241577
M0-control 1541 1.9270306825637817 9.982125759124756
M0-control 1542 2.1246280670166016 10.00151252746582
M0-control 1543 2.323753833770752 10.147690534591675
M0-control 1544 1.994140625 10.047346591949463
M0-control 1545 2.195558786392212 9.975030660629272
M0-control 1546 2.2479982376098633 10.154362440109253
M0-control 1547 2.0824432373046875 9.979472398757935
M0-control 1548 2.1597630977630615 10.11150312423706
M0-control 1549 2.413459062576294 10.071673393249512
M0-control 1550 2.2692108154296875 10.004923582077026
M0-control 1551 2.1287920475006104 9.991415739059448
M0-control 1552 1.9908097982406616 10.005386114120483
M0-control 1553 2.0590925216674805 10.180631637573242
M0-control 1554 2.5553784370422363 10.039795398712158
M0-control 1555 2.265652656555176 9.980949640274048
M0-control 1556 2.3156397342681885 10.13387417793274
M0-control 1557 2.106229782104492 10.002301931381226
M0-control 1558 2.394367218017578 10.174446821212769
