/home/zhengshiyi/react2025_new/.venv/lib/python3.10/site-packages/torch/_utils.py:831: UserWarning: TypedStorage is deprecated. It will be removed in the future and UntypedStorage will be the only storage class. This should only matter to you if you are using storages directly.  To access UntypedStorage directly, use tensor.untyped_storage() instead of tensor.storage()
  return self.fget.__get__(instance, owner)()
M1-mode prior 1 3.2295939922332764
M1-mode prior 25 2.898021697998047
M1-mode prior 50 2.5106446743011475
M1-mode prior 75 1.9294122457504272
M1-mode prior 100 2.339820146560669
M1-mode prior 125 2.1212477684020996
M1-mode prior 150 2.1918370723724365
M1-mode prior 175 2.163361072540283
M1-mode prior 200 2.130025625228882
M1-mode prior 225 2.437690019607544
M1-mode prior 250 1.922343373298645
M1-mode prior 275 1.8791064023971558
M1-mode prior 300 1.8439340591430664
M1-mode prior 325 1.9339460134506226
M1-mode prior 350 1.8474324941635132
M1-mode prior 375 1.7681509256362915
M1-mode prior 400 1.8018468618392944
M1-mode prior 425 2.1362974643707275
M1-mode prior 450 2.2343201637268066
M1-mode prior 475 2.097256898880005
M1-mode prior 500 2.356438398361206
M1-mode prior 525 1.9980731010437012
M1-mode prior 550 1.6432065963745117
M1-mode prior 575 1.466888189315796
M1-mode prior 600 1.904740333557129
M1-mode prior 625 1.770510196685791
M1-mode prior 650 1.8294916152954102
M1-mode prior 675 1.7797292470932007
M1-mode prior 700 1.6296530961990356
M1-mode prior 725 2.140880584716797
M1-mode prior 750 1.679465889930725
M1-mode prior 775 4.472654342651367
M1-mode prior 800 1.9498786926269531
M1-mode prior 825 1.5629088878631592
M1-mode prior 850 1.9394304752349854
M1-mode prior 875 1.7904462814331055
M1-mode prior 900 1.875342607498169
M1-mode prior 925 1.939439296722412
M1-mode prior 950 1.509802222251892
M1-mode prior 975 1.3877776861190796
M1-mode prior 1000 1.918723225593567
M1-mode prior 1025 1.963418960571289
M1-mode prior 1050 1.8008631467819214
M1-mode prior 1075 2.3258726596832275
M1-mode prior 1100 1.721785545349121
M1-mode prior 1125 1.8770560026168823
M1-mode prior 1150 1.6985529661178589
M1-mode prior 1175 1.960638403892517
M1-mode prior 1200 1.9224342107772827
M1-mode prior 1225 1.8215651512145996
M1-mode prior 1250 1.9004215002059937
M1-mode prior 1275 1.9180673360824585
M1-mode prior 1300 1.6159173250198364
M1-mode prior 1325 2.011821985244751
M1-mode prior 1350 1.6956061124801636
M1-mode prior 1375 1.6291661262512207
M1-mode prior 1400 1.540911078453064
M1-mode prior 1425 1.8130042552947998
M1-mode prior 1450 1.974644660949707
M1-mode prior 1475 1.9062151908874512
M1-mode prior 1500 1.9855085611343384
M1-mode prior 1525 1.6439670324325562
M1-mode prior 1550 1.4881961345672607
M1-mode prior 1575 1.7508268356323242
M1-mode prior 1600 1.8405156135559082
M1-mode prior 1625 1.5813056230545044
M1-mode prior 1650 1.9210509061813354
M1-mode prior 1675 2.318389415740967
M1-mode prior 1700 1.7485038042068481
M1-mode prior 1725 2.1130380630493164
M1-mode prior 1750 1.2725419998168945
M1-mode prior 1775 1.636650562286377
M1-mode prior 1800 1.816227912902832
M1-mode prior 1825 1.6034218072891235
M1-mode prior 1850 1.949058175086975
M1-mode prior 1875 1.502596139907837
M1-mode prior 1900 2.2748327255249023
M1-mode prior 1925 1.8482375144958496
M1-mode prior 1950 1.5336540937423706
M1-mode prior 1975 1.7147244215011597
M1-mode prior 2000 1.5916332006454468
M1-mode 1 1.9552104473114014 10.166499614715576
M1-mode 2 2.6942925453186035 10.180084943771362
M1-mode 3 2.301588296890259 10.182005882263184
M1-mode 4 2.1241486072540283 10.190009355545044
M1-mode 5 2.5370593070983887 10.140453100204468
M1-mode 6 2.0491418838500977 10.216624736785889
M1-mode 7 2.0486555099487305 10.17110013961792
M1-mode 8 2.2664835453033447 10.32158088684082
M1-mode 9 2.1064305305480957 10.195331811904907
M1-mode 10 2.289119005203247 10.15650987625122
M1-mode 11 2.0460619926452637 10.145426273345947
M1-mode 12 2.2817819118499756 10.119993686676025
M1-mode 13 2.8546864986419678 10.644957780838013
M1-mode 14 2.1380765438079834 10.167686939239502
M1-mode 15 2.29119610786438 9.755464792251587
M1-mode 16 2.060986280441284 10.236626625061035
M1-mode 17 2.3370516300201416 10.1612069606781
M1-mode 18 2.1139023303985596 10.825695037841797
M1-mode 19 2.086090087890625 10.16371774673462
M1-mode 20 2.1999623775482178 10.287189722061157
M1-mode 21 2.176197052001953 10.17914342880249
M1-mode 22 2.107820510864258 10.024942636489868
M1-mode 23 2.2329142093658447 10.238301515579224
M1-mode 24 2.228301525115967 9.96291446685791
M1-mode 25 2.061115264892578 10.225862264633179
M1-mode 26 2.1506505012512207 9.932023048400879
M1-mode 27 2.382530927658081 10.229612827301025
M1-mode 28 2.355742931365967 10.178781032562256
M1-mode 29 2.1599984169006348 9.89323353767395
M1-mode 30 2.0545098781585693 10.27008581161499
M1-mode 31 2.193103551864624 9.890132904052734
M1-mode 32 2.1503124237060547 10.19533395767212
M1-mode 33 1.9317238330841064 9.99170470237732
M1-mode 34 2.1184492111206055 10.166506052017212
M1-mode 35 2.017514944076538 10.131604433059692
M1-mode 36 2.241184711456299 10.01067590713501
M1-mode 37 2.140796422958374 10.233978509902954
M1-mode 38 2.2827231884002686 9.9688081741333
M1-mode 39 2.069887161254883 10.160304069519043
M1-mode 40 2.20575213432312 9.95449686050415
M1-mode 41 2.0935895442962646 10.05848217010498
M1-mode 42 2.153810739517212 10.067562341690063
M1-mode 43 2.112725019454956 9.80038070678711
M1-mode 44 2.1551015377044678 10.150157928466797
M1-mode 45 2.1844189167022705 9.949547290802002
M1-mode 46 2.2063827514648438 10.147631406784058
M1-mode 47 2.3080952167510986 9.941153049468994
M1-mode 48 2.254638671875 10.157633304595947
M1-mode 49 2.0818519592285156 10.08422040939331
M1-mode 50 2.59045147895813 9.996015787124634
M1-mode 51 2.044144868850708 10.13072156906128
M1-mode 52 2.229969024658203 9.898826837539673
M1-mode 53 2.043780565261841 10.18226408958435
M1-mode 54 2.23394775390625 9.902985095977783
M1-mode 55 2.1760318279266357 10.209812879562378
M1-mode 56 2.1858150959014893 10.133325338363647
M1-mode 57 2.233095169067383 9.799454927444458
M1-mode 58 2.3110978603363037 9.840623378753662
M1-mode 59 2.1728391647338867 9.953969478607178
M1-mode 60 2.6619443893432617 10.241100311279297
M1-mode 61 2.420553684234619 10.086634397506714
M1-mode 62 1.9796727895736694 10.01332402229309
M1-mode 63 2.141443967819214 10.083919048309326
M1-mode 64 2.1292569637298584 9.912739992141724
M1-mode 65 2.226706027984619 10.20710301399231
M1-mode 66 2.149324417114258 9.858700275421143
M1-mode 67 2.5375564098358154 10.163111209869385
M1-mode 68 2.153346300125122 10.096632719039917
M1-mode 69 2.3860902786254883 10.004966974258423
M1-mode 70 2.12727427482605 10.012511730194092
M1-mode 71 2.096604347229004 9.93876838684082
M1-mode 72 2.2121076583862305 10.186346054077148
M1-mode 73 2.107248544692993 9.924044370651245
M1-mode 74 2.702515125274658 10.197013854980469
M1-mode 75 2.2568061351776123 10.098265886306763
M1-mode 76 2.1783089637756348 9.965698480606079
M1-mode 77 2.2799196243286133 10.093300104141235
M1-mode 78 2.023858070373535 10.066524982452393
M1-mode 79 2.2107722759246826 10.060017824172974
M1-mode 80 2.4200453758239746 10.11804461479187
M1-mode 81 2.4132654666900635 9.878950834274292
M1-mode 82 2.110445022583008 10.046138525009155
M1-mode 83 2.3822200298309326 10.073380947113037
M1-mode 84 2.310152530670166 10.106181859970093
M1-mode 85 2.193117141723633 10.024330377578735
M1-mode 86 1.9857138395309448 10.11794638633728
M1-mode 87 2.288872718811035 10.030494689941406
M1-mode 88 2.508695125579834 10.011979341506958
M1-mode 89 2.223911762237549 10.068384408950806
M1-mode 90 2.359570264816284 10.007301807403564
M1-mode 91 2.141270637512207 10.117371082305908
M1-mode 92 2.3616204261779785 9.941556692123413
M1-mode 93 2.39005446434021 10.139702081680298
M1-mode 94 2.3772225379943848 9.91610860824585
M1-mode 95 2.2154159545898438 10.20232892036438
M1-mode 96 2.2205660343170166 10.083941459655762
M1-mode 97 2.1117894649505615 9.86209487915039
M1-mode 98 2.0964739322662354 10.0630464553833
M1-mode 99 2.2564151287078857 10.007152318954468
M1-mode 100 2.235649347305298 10.073399305343628
M1-mode 101 2.3152923583984375 10.064894914627075
M1-mode 102 2.162200689315796 9.485654830932617
M1-mode 103 2.187384843826294 10.095166206359863
M1-mode 104 2.1814820766448975 9.83357286453247
M1-mode 105 2.0580666065216064 10.048399209976196
M1-mode 106 2.1138415336608887 9.967074871063232
M1-mode 107 2.229325294494629 10.04836392402649
M1-mode 108 2.202141284942627 9.953037977218628
M1-mode 109 2.2998464107513428 10.063899755477905
M1-mode 110 2.3159162998199463 10.047298908233643
M1-mode 111 2.042642116546631 10.032984972000122
M1-mode 112 2.159914016723633 10.032259225845337
M1-mode 113 2.1185832023620605 10.0659019947052
M1-mode 114 2.229495048522949 10.079808950424194
M1-mode 115 2.0567893981933594 10.121811866760254
M1-mode 116 2.497479200363159 9.87414288520813
M1-mode 117 2.1308085918426514 10.095356941223145
M1-mode 118 2.0591466426849365 10.002000331878662
M1-mode 119 2.4020776748657227 9.999123096466064
M1-mode 120 2.191270589828491 10.007601737976074
M1-mode 121 2.081462860107422 10.06388235092163
M1-mode 122 2.2300374507904053 10.146888494491577
M1-mode 123 2.1415252685546875 9.903611898422241
M1-mode 124 2.2858448028564453 10.152509689331055
M1-mode 125 2.187333822250366 9.980252504348755
M1-mode 126 2.0583837032318115 10.037465810775757
M1-mode 127 1.9988876581192017 10.170063018798828
M1-mode 128 2.3954315185546875 9.789396286010742
M1-mode 129 2.406327724456787 10.164464950561523
M1-mode 130 2.0741958618164062 9.88786268234253
M1-mode 131 2.148959159851074 10.096665859222412
M1-mode 132 2.1569764614105225 9.922349214553833
M1-mode 133 2.1040589809417725 9.97987675666809
M1-mode 134 2.0207386016845703 9.98593020439148
M1-mode 135 2.1627752780914307 10.00660228729248
M1-mode 136 2.1032657623291016 10.16488790512085
M1-mode 137 2.3743162155151367 10.008573055267334
M1-mode 138 2.3117709159851074 10.066527128219604
M1-mode 139 2.1273112297058105 10.083372592926025
M1-mode 140 2.4625275135040283 9.907668828964233
M1-mode 141 2.1604208946228027 10.199854612350464
M1-mode 142 2.0556018352508545 9.922713041305542
M1-mode 143 2.341869592666626 10.198097467422485
M1-mode 144 2.1548585891723633 9.853671073913574
M1-mode 145 2.1873703002929688 10.204677820205688
M1-mode 146 2.2679383754730225 10.079969644546509
M1-mode 147 2.2432568073272705 9.786864042282104
M1-mode 148 2.43902587890625 10.06361174583435
M1-mode 149 2.043002128601074 10.003172397613525
M1-mode 150 2.1896848678588867 10.13353681564331
M1-mode 151 3.531583786010742 10.033591747283936
M1-mode 152 2.3034939765930176 9.922389268875122
M1-mode 153 2.1883602142333984 10.035874128341675
M1-mode 154 2.2897450923919678 10.07673954963684
M1-mode 155 2.142162322998047 10.07168173789978
M1-mode 156 2.2404298782348633 10.071322917938232
M1-mode 157 2.3069543838500977 9.898374319076538
M1-mode 158 2.127045154571533 9.62743616104126
M1-mode 159 2.0242488384246826 10.130198955535889
M1-mode 160 2.0792837142944336 10.117046594619751
M1-mode 161 3.1347973346710205 10.048759698867798
M1-mode 162 2.4071547985076904 10.171953439712524
M1-mode 163 2.4702720642089844 10.106857299804688
M1-mode 164 2.3144724369049072 10.058541059494019
M1-mode 165 2.165961742401123 10.098798513412476
M1-mode 166 2.2198326587677 10.032029151916504
M1-mode 167 2.216266393661499 10.021452903747559
M1-mode 168 2.137425661087036 10.025733232498169
M1-mode 169 2.2574586868286133 10.098349571228027
M1-mode 170 2.1927664279937744 10.122076034545898
M1-mode 171 2.2002182006835938 9.84938669204712
M1-mode 172 2.2684850692749023 10.068236351013184
M1-mode 173 2.145442008972168 9.986053943634033
M1-mode 174 2.1963768005371094 10.089807033538818
M1-mode 175 2.08415150642395 9.959681987762451
M1-mode 176 2.248988628387451 10.018530368804932
M1-mode 177 2.2334702014923096 9.917019605636597
M1-mode 178 2.562624216079712 10.153614282608032
M1-mode 179 2.1261579990386963 10.098187446594238
M1-mode 180 2.184343099594116 9.967066287994385
M1-mode 181 2.6137313842773438 10.05983591079712
M1-mode 182 2.2561142444610596 10.022939443588257
M1-mode 183 2.4858388900756836 10.07576298713684
M1-mode 184 2.317213296890259 9.985558271408081
M1-mode 185 1.9903217554092407 10.190725803375244
M1-mode 186 2.890306234359741 10.129571676254272
M1-mode 187 2.387650966644287 9.715004920959473
M1-mode 188 2.8063008785247803 10.083058834075928
M1-mode 189 2.1121983528137207 9.805602550506592
M1-mode 190 2.08414888381958 10.121473789215088
M1-mode 191 2.0278496742248535 9.895433187484741
M1-mode 192 2.747631072998047 10.179544687271118
M1-mode 193 2.252495765686035 10.071433305740356
M1-mode 194 2.3162999153137207 10.018038511276245
M1-mode 195 2.2203564643859863 10.070027112960815
M1-mode 196 2.2584517002105713 9.973097801208496
M1-mode 197 2.047434091567993 10.058858394622803
M1-mode 198 2.3316686153411865 10.142358779907227
M1-mode 199 2.448943614959717 9.911123514175415
M1-mode 200 2.1590983867645264 10.05101490020752
M1-mode 201 2.066279411315918 9.370340347290039
M1-mode 202 2.228882074356079 10.011139631271362
M1-mode 203 2.0531909465789795 9.930508613586426
M1-mode 204 2.1499533653259277 9.943894147872925
M1-mode 205 2.3314099311828613 10.089184045791626
M1-mode 206 2.2459018230438232 9.959590673446655
M1-mode 207 2.2673797607421875 10.110716819763184
M1-mode 208 2.238858699798584 10.028988361358643
M1-mode 209 2.0762133598327637 10.07902216911316
M1-mode 210 2.396475076675415 10.211039543151855
M1-mode 211 2.188493013381958 9.977647066116333
M1-mode 212 2.36303448677063 10.0581955909729
M1-mode 213 2.1736533641815186 10.018842458724976
M1-mode 214 2.114797353744507 10.000133037567139
M1-mode 215 2.1574859619140625 9.911362648010254
M1-mode 216 2.3823516368865967 10.009208917617798
M1-mode 217 2.3027944564819336 10.17185640335083
M1-mode 218 2.3140294551849365 9.909074783325195
M1-mode 219 2.263173818588257 10.065385580062866
M1-mode 220 2.370898962020874 10.020878314971924
M1-mode 221 2.1499247550964355 10.120665311813354
M1-mode 222 2.310166597366333 10.14339542388916
M1-mode 223 2.4087443351745605 9.942877292633057
M1-mode 224 2.6003382205963135 10.097994089126587
M1-mode 225 2.436123847961426 9.941025733947754
M1-mode 226 2.1528170108795166 10.061587572097778
M1-mode 227 2.2225301265716553 9.979990720748901
M1-mode 228 2.078108549118042 9.983023643493652
M1-mode 229 2.3464460372924805 10.185776233673096
M1-mode 230 2.017608880996704 9.933074235916138
M1-mode 231 2.138897657394409 10.135712385177612
M1-mode 232 2.3420205116271973 9.932167530059814
M1-mode 233 2.570222854614258 10.063024520874023
M1-mode 234 2.2568962574005127 10.070793867111206
M1-mode 235 2.217822790145874 9.793340682983398
M1-mode 236 2.051612138748169 10.158065557479858
M1-mode 237 2.1061506271362305 9.88768720626831
M1-mode 238 2.626126766204834 10.178732872009277
M1-mode 239 2.0863382816314697 9.919731855392456
M1-mode 240 2.3367340564727783 10.090059757232666
M1-mode 241 2.4966952800750732 8.906327486038208
M1-mode 242 2.0388882160186768 4.647691965103149
M1-mode 243 2.074347972869873 4.504950284957886
M1-mode 244 2.2212274074554443 4.53371262550354
M1-mode 245 2.380064010620117 4.705595016479492
M1-mode 246 2.216705322265625 4.605159521102905
M1-mode 247 2.253445863723755 4.770559310913086
M1-mode 248 2.4849600791931152 4.517107725143433
M1-mode 249 2.1923537254333496 4.573892831802368
M1-mode 250 2.1869544982910156 4.580892086029053
M1-mode 251 2.4761688709259033 4.578267812728882
M1-mode 252 2.131431818008423 4.683875799179077
M1-mode 253 2.0209341049194336 4.58093523979187
M1-mode 254 2.281916618347168 4.640499114990234
M1-mode 255 2.1916189193725586 4.529184341430664
M1-mode 256 2.338858127593994 4.607815742492676
M1-mode 257 1.997685194015503 4.561145544052124
M1-mode 258 2.399986743927002 4.56147837638855
M1-mode 259 2.5352895259857178 4.7045838832855225
M1-mode 260 2.181976795196533 4.542410612106323
M1-mode 261 2.2113449573516846 4.602680444717407
M1-mode 262 2.117871046066284 4.571080207824707
M1-mode 263 2.061457872390747 4.518465042114258
M1-mode 264 2.1032207012176514 4.586019039154053
M1-mode 265 2.513603925704956 4.489742040634155
M1-mode 266 2.0963425636291504 4.601206302642822
M1-mode 267 2.4753947257995605 4.564969301223755
M1-mode 268 2.266118049621582 4.630509376525879
M1-mode 269 2.0506513118743896 4.572829008102417
M1-mode 270 2.31850266456604 4.67071270942688
M1-mode 271 2.085432767868042 4.586734056472778
M1-mode 272 2.2147793769836426 4.546271324157715
M1-mode 273 2.5223751068115234 4.624403715133667
M1-mode 274 2.1478099822998047 4.560576677322388
M1-mode 275 2.277714967727661 4.6327738761901855
M1-mode 276 2.346173048019409 4.531976938247681
M1-mode 277 2.4413280487060547 4.536449193954468
M1-mode 278 2.7084271907806396 4.5850207805633545
M1-mode 279 2.3251662254333496 4.560415983200073
M1-mode 280 2.2385599613189697 4.640641212463379
M1-mode 281 2.2851200103759766 4.497053623199463
M1-mode 282 2.107954263687134 4.636984586715698
M1-mode 283 2.1875452995300293 4.571983098983765
Traceback (most recent call last):
  File "/home/zhengshiyi/.local/share/uv/python/cpython-3.10.19-linux-x86_64-gnu/lib/python3.10/runpy.py", line 196, in _run_module_as_main
    return _run_code(code, main_globals, None,
  File "/home/zhengshiyi/.local/share/uv/python/cpython-3.10.19-linux-x86_64-gnu/lib/python3.10/runpy.py", line 86, in _run_code
    exec(code, run_globals)
  File "/home/zhengshiyi/react2025_new/mode_supervision/train.py", line 128, in <module>
    p=argparse.ArgumentParser();p.add_argument('--arm',choices=['M0-control','M1-mode'],required=True);p.add_argument('--stop',type=int,default=6000);p.add_argument('--diagnostic',action='store_true');p.add_argument('--warmup-stop',type=int,default=2000);p.add_argument('--diagnostic-label',default='smoke');a=p.parse_args();run(a.arm,a.stop,a.diagnostic,a.warmup_stop,a.diagnostic_label)
  File "/home/zhengshiyi/react2025_new/mode_supervision/train.py", line 115, in run
    e.opt.zero_grad(set_to_none=True);fm,task,mode,parts=e.decoder_losses(x,rec);lm=(e.lambda_mode or 0)*min((j+1)/200,1);loss=fm+e.parent['calibration']['lambda_ref']*task+lm*mode;loss.backward()
  File "/home/zhengshiyi/react2025_new/mode_supervision/train.py", line 61, in decoder_losses
    task,parts=task_parts(pred,b)
  File "/home/zhengshiyi/react2025_new/reaction_flow/task_dynamics_train.py", line 21, in task_parts
    c,d=pair_costs(pred,batch['_targets'],batch['source_lengths'],batch['_target_lengths'],32)
  File "/home/zhengshiyi/react2025_new/mam_target/losses.py", line 36, in pair_costs
    if n<2:raise ValueError('task CCC needs at least two valid frames')
ValueError: task CCC needs at least two valid frames
/home/zhengshiyi/react2025_new/.venv/lib/python3.10/site-packages/torch/_utils.py:831: UserWarning: TypedStorage is deprecated. It will be removed in the future and UntypedStorage will be the only storage class. This should only matter to you if you are using storages directly.  To access UntypedStorage directly, use tensor.untyped_storage() instead of tensor.storage()
  return self.fget.__get__(instance, owner)()
M1-mode 201 2.066279411315918 11.086540460586548
M1-mode 202 2.228882074356079 10.160860538482666
M1-mode 203 2.0531909465789795 9.61140775680542
M1-mode 204 2.1499533653259277 9.82204556465149
M1-mode 205 2.3314099311828613 10.214442014694214
M1-mode 206 2.2459018230438232 10.1847403049469
M1-mode 207 2.2673797607421875 10.102783203125
M1-mode 208 2.238858699798584 11.110846042633057
M1-mode 209 2.0762133598327637 10.055272817611694
M1-mode 210 2.396475076675415 10.108071088790894
M1-mode 211 2.188493013381958 10.159980058670044
M1-mode 212 2.36303448677063 10.200584173202515
M1-mode 213 2.1736533641815186 9.965365409851074
M1-mode 214 2.114797353744507 10.167667150497437
M1-mode 215 2.1574859619140625 9.91586971282959
M1-mode 216 2.3823516368865967 10.213929414749146
M1-mode 217 2.3027944564819336 9.820367336273193
M1-mode 218 2.3140294551849365 10.11239218711853
M1-mode 219 2.263173818588257 10.07526421546936
M1-mode 220 2.370898962020874 9.941474676132202
M1-mode 221 2.1499247550964355 10.05668830871582
M1-mode 222 2.310166597366333 9.871320247650146
M1-mode 223 2.4087443351745605 10.127876043319702
M1-mode 224 2.6003382205963135 9.933308601379395
M1-mode 225 2.436123847961426 10.172947406768799
M1-mode 226 2.1528170108795166 9.836616277694702
M1-mode 227 2.2225301265716553 10.169179201126099
M1-mode 228 2.078108549118042 10.05172348022461
M1-mode 229 2.3464460372924805 9.79549264907837
M1-mode 230 2.017608880996704 10.12188720703125
M1-mode 231 2.138897657394409 9.623976707458496
M1-mode 232 2.3420205116271973 10.249329328536987
M1-mode 233 2.570222854614258 10.099846839904785
M1-mode 234 2.2568962574005127 9.930951356887817
M1-mode 235 2.217822790145874 10.0251145362854
M1-mode 236 2.051612138748169 9.963263750076294
M1-mode 237 2.1061506271362305 10.032086849212646
M1-mode 238 2.626126766204834 9.867918014526367
M1-mode 239 2.0863382816314697 10.232776403427124
M1-mode 240 2.3367340564727783 10.042828798294067
M1-mode 241 2.4966952800750732 9.88718843460083
M1-mode 242 2.0388882160186768 10.152885437011719
M1-mode 243 2.074347972869873 9.935309648513794
M1-mode 244 2.2212274074554443 10.014262676239014
M1-mode 245 2.380064010620117 10.105452537536621
M1-mode 246 2.216705322265625 9.559400796890259
M1-mode 247 2.253445863723755 10.118451356887817
M1-mode 248 2.4849600791931152 9.927045822143555
M1-mode 249 2.1923537254333496 10.094854831695557
M1-mode 250 2.1869544982910156 9.942959070205688
M1-mode 251 2.4761688709259033 10.031030178070068
M1-mode 252 2.131431818008423 10.160944700241089
M1-mode 253 2.0209341049194336 9.940978527069092
M1-mode 254 2.281916618347168 10.041790008544922
M1-mode 255 2.1916189193725586 10.006341457366943
M1-mode 256 2.338858127593994 10.041985750198364
M1-mode 257 1.997685194015503 9.948775291442871
M1-mode 258 2.399986743927002 10.000996828079224
M1-mode 259 2.5352895259857178 10.154832601547241
M1-mode 260 2.181976795196533 9.894160747528076
M1-mode 261 2.2113449573516846 10.034329175949097
M1-mode 262 2.117871046066284 10.031467914581299
M1-mode 263 2.061457872390747 10.0780668258667
M1-mode 264 2.1032207012176514 10.094669580459595
M1-mode 265 2.513603925704956 10.005684852600098
M1-mode 266 2.0963425636291504 10.071205139160156
M1-mode 267 2.4753947257995605 9.826438903808594
M1-mode 268 2.266118049621582 10.031488418579102
M1-mode 269 2.0506513118743896 9.844897031784058
M1-mode 270 2.31850266456604 10.06253457069397
M1-mode 271 2.085432767868042 10.133220195770264
M1-mode 272 2.2147793769836426 9.836981773376465
M1-mode 273 2.5223751068115234 10.029288530349731
M1-mode 274 2.1478099822998047 9.98991346359253
M1-mode 275 2.277714967727661 10.04042673110962
M1-mode 276 2.346173048019409 10.106497526168823
M1-mode 277 2.4413280487060547 9.847805738449097
M1-mode 278 2.7084271907806396 10.130542993545532
M1-mode 279 2.3251662254333496 9.829807996749878
M1-mode 280 2.2385599613189697 10.079360723495483
M1-mode 281 2.2851200103759766 9.8722562789917
M1-mode 282 2.107954263687134 10.044242143630981
M1-mode 283 2.1875452995300293 10.169360399246216
M1-mode 284 2.650752544403076 9.869361639022827
M1-mode 285 2.248044967651367 10.088972568511963
M1-mode 286 2.24369740486145 9.883876085281372
M1-mode 287 2.231431007385254 10.065442562103271
M1-mode 288 2.126664161682129 9.88680100440979
M1-mode 289 2.1576199531555176 10.011549711227417
M1-mode 290 2.2828867435455322 10.175726890563965
M1-mode 291 2.1558163166046143 9.85244083404541
M1-mode 292 2.0547637939453125 10.090556383132935
M1-mode 293 2.1487796306610107 9.884541988372803
M1-mode 294 2.2544281482696533 9.994177103042603
M1-mode 295 2.9588935375213623 9.852752447128296
M1-mode 296 1.984385371208191 10.011128902435303
M1-mode 297 2.4590392112731934 10.21161937713623
M1-mode 298 2.0826327800750732 9.794599533081055
M1-mode 299 1.9677101373672485 10.011879444122314
M1-mode 300 2.1774637699127197 9.919986963272095
M1-mode 301 2.1548233032226562 10.007513284683228
M1-mode 302 2.03003191947937 9.93319821357727
M1-mode 303 2.3944544792175293 9.695307731628418
M1-mode 304 2.054121255874634 10.177727699279785
M1-mode 305 2.239084482192993 9.774677991867065
M1-mode 306 2.20810866355896 10.021262407302856
M1-mode 307 2.0053935050964355 10.019047737121582
M1-mode 308 2.46274733543396 9.952818155288696
M1-mode 309 2.301344871520996 10.064852237701416
M1-mode 310 2.1880407333374023 9.890311241149902
M1-mode 311 1.9842052459716797 10.154736042022705
M1-mode 312 2.173036813735962 9.840208768844604
M1-mode 313 2.418231248855591 10.12557578086853
M1-mode 314 2.425919771194458 10.019570589065552
M1-mode 315 2.276258707046509 10.025031805038452
M1-mode 316 2.1756200790405273 10.049421072006226
M1-mode 317 2.297625780105591 9.729413509368896
M1-mode 318 2.1703250408172607 10.114221334457397
M1-mode 319 2.121985673904419 9.897838354110718
M1-mode 320 2.0973987579345703 10.092027425765991
M1-mode 321 2.6190311908721924 9.961784601211548
M1-mode 322 2.1788222789764404 9.695468664169312
M1-mode 323 2.1700901985168457 10.08929705619812
M1-mode 324 2.376688003540039 9.891638278961182
M1-mode 325 2.4919333457946777 10.11403775215149
M1-mode 326 2.1629297733306885 10.016721963882446
M1-mode 327 2.03879976272583 9.965790271759033
M1-mode 328 2.0987210273742676 10.052694082260132
M1-mode 329 2.0944387912750244 9.849228143692017
M1-mode 330 2.2351129055023193 10.136466264724731
M1-mode 331 2.188995599746704 10.046510934829712
M1-mode 332 1.9751403331756592 9.949406147003174
M1-mode 333 2.399728775024414 10.108379125595093
M1-mode 334 2.2612650394439697 9.932382106781006
M1-mode 335 2.2810239791870117 10.100653171539307
M1-mode 336 2.0631189346313477 9.872623443603516
M1-mode 337 2.1963021755218506 10.081466436386108
M1-mode 338 2.165227174758911 10.062409162521362
M1-mode 339 2.241981029510498 9.924545049667358
M1-mode 340 2.141770601272583 10.011323928833008
M1-mode 341 2.5351061820983887 9.988261222839355
M1-mode 342 2.378232955932617 10.049540519714355
M1-mode 343 2.1100151538848877 9.909552812576294
M1-mode 344 2.2313194274902344 10.09414267539978
M1-mode 345 2.187915802001953 10.085629224777222
M1-mode 346 2.0994887351989746 9.844684839248657
M1-mode 347 2.1719939708709717 9.962796211242676
M1-mode 348 2.159356117248535 10.015801191329956
M1-mode 349 2.301527261734009 10.026417970657349
M1-mode 350 2.245725631713867 9.894589185714722
M1-mode 351 2.0502076148986816 10.018313646316528
M1-mode 352 2.1198625564575195 10.069754838943481
M1-mode 353 2.3862266540527344 9.940589189529419
M1-mode 354 2.024167776107788 10.047611713409424
M1-mode 355 2.3602654933929443 9.953696727752686
M1-mode 356 2.2217092514038086 10.037273645401001
M1-mode 357 2.276355028152466 10.096436738967896
M1-mode 358 2.2923710346221924 9.88692855834961
M1-mode 359 2.2335264682769775 9.999305009841919
M1-mode 360 2.239497423171997 9.986002922058105
M1-mode 361 2.0854337215423584 9.988642454147339
M1-mode 362 2.017841100692749 10.009001016616821
M1-mode 363 2.2719831466674805 10.063177108764648
M1-mode 364 2.246734380722046 10.147247791290283
M1-mode 365 2.221029281616211 9.875984907150269
M1-mode 366 2.389441728591919 10.103106260299683
M1-mode 367 2.2129719257354736 10.044509172439575
M1-mode 368 2.142275810241699 10.074263095855713
M1-mode 369 2.153388023376465 10.201932668685913
M1-mode 370 2.1186418533325195 9.833105087280273
M1-mode 371 2.076564073562622 10.251613140106201
M1-mode 372 2.0980048179626465 9.838132858276367
M1-mode 373 2.4676826000213623 10.1752347946167
M1-mode 374 2.336441993713379 9.959721326828003
M1-mode 375 2.1204466819763184 10.073983430862427
M1-mode 376 2.160696268081665 9.999514818191528
M1-mode 377 2.375485420227051 10.048599243164062
M1-mode 378 2.296757936477661 10.05999231338501
M1-mode 379 2.0753839015960693 9.905519247055054
M1-mode 380 2.130389451980591 10.076904058456421
M1-mode 381 2.2039265632629395 9.900931596755981
M1-mode 382 2.176236152648926 10.10765027999878
M1-mode 383 2.4493179321289062 9.902406215667725
M1-mode 384 2.3626697063446045 10.086257934570312
M1-mode 385 2.350026845932007 10.03661584854126
M1-mode 386 2.173874616622925 9.799283266067505
M1-mode 387 2.4476723670959473 10.069538593292236
M1-mode 388 2.2953925132751465 9.976588249206543
M1-mode 389 2.107623815536499 10.025055646896362
M1-mode 390 2.059453010559082 10.122919082641602
M1-mode 391 2.2745468616485596 9.809362173080444
M1-mode 392 2.4646451473236084 10.051899909973145
M1-mode 393 1.9851843118667603 9.888048648834229
M1-mode 394 2.1024010181427 10.047035694122314
M1-mode 395 2.1714327335357666 9.97996711730957
M1-mode 396 2.178417205810547 10.051451921463013
M1-mode 397 2.23708176612854 10.021473169326782
M1-mode 398 2.4349517822265625 9.926536083221436
M1-mode 399 2.174257278442383 10.145179033279419
M1-mode 400 2.296834945678711 9.445324897766113
M1-mode 401 2.332341432571411 10.085842609405518
M1-mode 402 2.3678152561187744 9.648428440093994
M1-mode 403 2.602721691131592 10.001780986785889
M1-mode 404 2.1915557384490967 10.095280170440674
M1-mode 405 2.261733293533325 9.843447208404541
M1-mode 406 2.1519834995269775 10.11943531036377
M1-mode 407 2.013883352279663 9.920063495635986
M1-mode 408 2.9438700675964355 10.062376022338867
M1-mode 409 2.9693524837493896 10.067870855331421
M1-mode 410 2.142723798751831 9.672010898590088
M1-mode 411 2.212569236755371 10.071119785308838
M1-mode 412 2.180609703063965 9.920791387557983
M1-mode 413 2.2925939559936523 10.13849925994873
M1-mode 414 2.391327142715454 9.864795446395874
M1-mode 415 2.26633358001709 10.130744695663452
M1-mode 416 2.507366895675659 10.044332265853882
M1-mode 417 2.1809818744659424 9.72492790222168
M1-mode 418 2.381131887435913 10.167239665985107
M1-mode 419 2.1316919326782227 9.744499921798706
M1-mode 420 2.1959903240203857 10.150539636611938
M1-mode 421 2.177263021469116 9.852110385894775
M1-mode 422 2.1683192253112793 10.008145570755005
M1-mode 423 2.3926186561584473 9.978389263153076
M1-mode 424 2.298179864883423 10.0425705909729
M1-mode 425 2.0261127948760986 10.125278949737549
M1-mode 426 2.334378957748413 9.723455905914307
M1-mode 427 2.1504862308502197 10.15944528579712
M1-mode 428 2.2464282512664795 9.918261289596558
M1-mode 429 2.233485460281372 10.085253715515137
M1-mode 430 2.2715277671813965 9.995305061340332
M1-mode 431 2.2447121143341064 9.796086549758911
M1-mode 432 2.186418294906616 10.137310981750488
M1-mode 433 2.5803945064544678 9.867652893066406
M1-mode 434 2.102593183517456 10.129453182220459
M1-mode 435 2.230786085128784 10.066760301589966
M1-mode 436 2.04805064201355 9.672462224960327
M1-mode 437 2.1591379642486572 10.061301469802856
M1-mode 438 2.250955820083618 9.889405012130737
M1-mode 439 2.121947765350342 10.04830026626587
M1-mode 440 2.15824031829834 10.007672309875488
M1-mode 441 2.2543485164642334 10.139773845672607
M1-mode 442 2.251213788986206 10.105187892913818
M1-mode 443 2.174879550933838 9.774569511413574
M1-mode 444 2.1108551025390625 10.034322023391724
M1-mode 445 2.1967034339904785 9.831193923950195
M1-mode 446 2.273939847946167 10.142093181610107
M1-mode 447 2.2667922973632812 9.924594163894653
M1-mode 448 2.5250651836395264 10.150379657745361
M1-mode 449 2.03732967376709 9.88335132598877
M1-mode 450 2.0736024379730225 10.089794635772705
M1-mode 451 2.1779966354370117 10.092597723007202
M1-mode 452 2.3868441581726074 9.916000843048096
M1-mode 453 2.082152843475342 10.107536554336548
M1-mode 454 2.0324509143829346 9.971687078475952
M1-mode 455 2.261369466781616 10.153662204742432
M1-mode 456 2.1628377437591553 10.036336183547974
M1-mode 457 2.2685158252716064 9.830740928649902
M1-mode 458 2.086312770843506 10.02480435371399
M1-mode 459 2.1273045539855957 9.79725956916809
M1-mode 460 1.944326639175415 10.176423072814941
M1-mode 461 2.4280660152435303 9.798481702804565
M1-mode 462 2.5428555011749268 10.101905822753906
M1-mode 463 2.179661989212036 10.054349899291992
M1-mode 464 2.316882371902466 9.749330043792725
M1-mode 465 2.1794345378875732 10.152933120727539
M1-mode 466 2.1947524547576904 9.764666318893433
M1-mode 467 2.2332801818847656 10.135520458221436
M1-mode 468 2.2561028003692627 9.84046220779419
M1-mode 469 2.212491273880005 10.026476383209229
M1-mode 470 2.19741153717041 9.868367433547974
M1-mode 471 2.2027738094329834 10.104829788208008
M1-mode 472 2.1284239292144775 10.194409608840942
M1-mode 473 2.372633218765259 9.800906658172607
M1-mode 474 2.1792640686035156 10.12778902053833
M1-mode 475 2.311087131500244 9.925738096237183
M1-mode 476 2.300466299057007 10.10218620300293
M1-mode 477 2.171701192855835 10.087172985076904
M1-mode 478 2.2643492221832275 9.812893390655518
M1-mode 479 2.4817583560943604 10.074872493743896
M1-mode 480 2.086015224456787 9.727811813354492
M1-mode 481 2.297393798828125 10.146306276321411
M1-mode 482 2.6228902339935303 9.886298656463623
M1-mode 483 2.309739112854004 10.03622817993164
M1-mode 484 2.2203335762023926 10.152717590332031
M1-mode 485 2.2210328578948975 9.76403260231018
M1-mode 486 2.2009806632995605 10.1644926071167
M1-mode 487 2.6535322666168213 9.846741676330566
M1-mode 488 2.0411901473999023 10.048073053359985
M1-mode 489 2.079404354095459 9.953826665878296
M1-mode 490 2.2573416233062744 10.134299993515015
M1-mode 491 2.5125842094421387 10.191559553146362
M1-mode 492 2.3882133960723877 9.562504529953003
M1-mode 493 2.2172305583953857 10.030833721160889
M1-mode 494 2.2021188735961914 9.81317663192749
M1-mode 495 2.536726951599121 10.093891382217407
M1-mode 496 2.423388957977295 10.179261445999146
M1-mode 497 2.250854730606079 9.870134830474854
M1-mode 498 2.151362657546997 10.019598960876465
M1-mode 499 2.175008535385132 9.96876335144043
M1-mode 500 2.197767734527588 9.578038692474365
M1-mode 501 2.2996931076049805 9.983501195907593
M1-mode 502 2.0320959091186523 9.636568784713745
M1-mode 503 2.049318552017212 10.18393087387085
M1-mode 504 2.337578773498535 9.840883016586304
M1-mode 505 1.977247953414917 10.158940315246582
M1-mode 506 2.360553741455078 9.872270584106445
M1-mode 507 2.4531431198120117 10.10358738899231
M1-mode 508 1.9604016542434692 10.095906019210815
M1-mode 509 2.6234843730926514 9.668904542922974
M1-mode 510 2.2473959922790527 10.110230684280396
M1-mode 511 2.271172046661377 9.926273822784424
M1-mode 512 2.2466206550598145 10.081556558609009
M1-mode 513 2.085573673248291 9.957087993621826
M1-mode 514 2.2047765254974365 10.09773850440979
M1-mode 515 2.3429958820343018 9.965450286865234
M1-mode 516 2.2072603702545166 10.091292142868042
M1-mode 517 2.018159866333008 10.081617832183838
M1-mode 518 2.012009382247925 9.887312650680542
M1-mode 519 2.5956315994262695 10.030975103378296
M1-mode 520 2.286762237548828 9.967648029327393
M1-mode 521 2.1860499382019043 10.082241773605347
M1-mode 522 2.177518844604492 10.145910739898682
M1-mode 523 2.5055835247039795 9.81226658821106
M1-mode 524 2.2396202087402344 10.087718725204468
M1-mode 525 2.1690597534179688 9.85973858833313
/home/zhengshiyi/react2025_new/.venv/lib/python3.10/site-packages/torch/_utils.py:831: UserWarning: TypedStorage is deprecated. It will be removed in the future and UntypedStorage will be the only storage class. This should only matter to you if you are using storages directly.  To access UntypedStorage directly, use tensor.untyped_storage() instead of tensor.storage()
  return self.fget.__get__(instance, owner)()
M1-mode 501 2.2996931076049805 11.206518650054932
M1-mode 502 2.0320959091186523 10.012738943099976
M1-mode 503 2.049318552017212 9.777507543563843
M1-mode 504 2.337578773498535 9.705226421356201
M1-mode 505 1.977247953414917 10.10671854019165
M1-mode 506 2.360553741455078 10.141233921051025
M1-mode 507 2.4531431198120117 10.159911632537842
M1-mode 508 1.9604016542434692 10.103907108306885
M1-mode 509 2.6234843730926514 10.149845361709595
M1-mode 510 2.2473959922790527 10.14502739906311
M1-mode 511 2.271172046661377 10.139052152633667
M1-mode 512 2.2466206550598145 10.246869325637817
M1-mode 513 2.085573673248291 10.165128469467163
M1-mode 514 2.2047765254974365 10.353961944580078
M1-mode 515 2.3429958820343018 10.118807554244995
M1-mode 516 2.2072603702545166 10.302199363708496
M1-mode 517 2.018159866333008 11.472663879394531
M1-mode 518 2.012009382247925 10.199806690216064
M1-mode 519 2.5956315994262695 10.093939542770386
M1-mode 520 2.286762237548828 10.203176736831665
M1-mode 521 2.1860499382019043 10.137873649597168
M1-mode 522 2.177518844604492 10.101627349853516
M1-mode 523 2.5055835247039795 10.227163076400757
M1-mode 524 2.2396202087402344 9.974730968475342
M1-mode 525 2.1690597534179688 10.406429052352905
M1-mode 526 2.1755764484405518 10.125776290893555
M1-mode 527 2.0718424320220947 9.806022882461548
M1-mode 528 2.609121322631836 10.125023603439331
M1-mode 529 2.2506306171417236 10.012804985046387
M1-mode 530 2.461852550506592 10.32906436920166
M1-mode 531 2.203169345855713 10.060337781906128
M1-mode 532 2.180460214614868 9.733871459960938
M1-mode 533 2.2325081825256348 10.460412502288818
M1-mode 534 2.200320243835449 11.460282325744629
M1-mode 535 2.200303792953491 9.967445373535156
M1-mode 536 2.202629327774048 10.052200078964233
M1-mode 537 2.342583656311035 10.251018285751343
M1-mode 538 2.2830355167388916 10.26796293258667
M1-mode 539 2.0460517406463623 9.845125913619995
M1-mode 540 2.3489434719085693 10.098663330078125
M1-mode 541 2.095817804336548 9.987256288528442
M1-mode 542 2.2462048530578613 10.148584127426147
M1-mode 543 2.0985703468322754 10.02011489868164
M1-mode 544 2.2092247009277344 10.175366163253784
M1-mode 545 2.1663901805877686 9.96185564994812
M1-mode 546 2.283548355102539 9.992506265640259
M1-mode 547 2.342646837234497 10.167929887771606
M1-mode 548 2.376387357711792 9.794065952301025
M1-mode 549 2.2050321102142334 10.242671728134155
M1-mode 550 2.281219482421875 9.864568948745728
M1-mode 551 2.2215566635131836 10.341459274291992
M1-mode 552 2.35085129737854 10.012938261032104
M1-mode 553 2.3612186908721924 9.916887760162354
M1-mode 554 2.173475980758667 10.021839141845703
M1-mode 555 2.3679285049438477 9.956600666046143
M1-mode 556 2.27142596244812 10.106863260269165
M1-mode 557 2.501692056655884 10.118610143661499
M1-mode 558 2.16544508934021 9.653308153152466
M1-mode 559 2.4443843364715576 10.308618783950806
M1-mode 560 2.4835305213928223 9.792600631713867
M1-mode 561 2.2033119201660156 10.109819412231445
M1-mode 562 2.3374874591827393 9.952884674072266
M1-mode 563 2.033165693283081 10.014391422271729
M1-mode 564 2.134953498840332 10.037853479385376
M1-mode 565 2.3053295612335205 10.067935466766357
M1-mode 566 2.2061235904693604 10.135343551635742
M1-mode 567 2.5281336307525635 9.851866960525513
M1-mode 568 2.1534557342529297 10.082073211669922
M1-mode 569 2.3226375579833984 9.901180744171143
M1-mode 570 2.100895643234253 10.071494340896606
M1-mode 571 2.1506545543670654 10.247931480407715
M1-mode 572 2.213630199432373 9.800072193145752
M1-mode 573 2.3559534549713135 10.121532917022705
M1-mode 574 2.085101842880249 9.893846273422241
M1-mode 575 2.3668713569641113 10.062224626541138
M1-mode 576 2.1821448802948 10.107577085494995
M1-mode 577 2.4370157718658447 9.86679983139038
M1-mode 578 2.2589304447174072 10.021059274673462
M1-mode 579 2.238612651824951 9.994024753570557
M1-mode 580 2.2900404930114746 10.055176258087158
M1-mode 581 1.9973453283309937 10.078164339065552
M1-mode 582 2.238368272781372 10.102559804916382
M1-mode 583 2.1609601974487305 9.784664869308472
M1-mode 584 2.300137758255005 10.245099067687988
M1-mode 585 2.1120007038116455 10.235822439193726
M1-mode 586 2.1378285884857178 9.700955390930176
M1-mode 587 2.2233762741088867 10.0194251537323
M1-mode 588 2.030057191848755 10.038798809051514
M1-mode 589 2.0949547290802 10.071712017059326
M1-mode 590 2.3773884773254395 10.143591403961182
M1-mode 591 2.3542394638061523 9.801696538925171
M1-mode 592 2.155229091644287 10.11743450164795
M1-mode 593 2.158647060394287 9.976331233978271
M1-mode 594 2.3113341331481934 10.154333114624023
M1-mode 595 2.160024642944336 10.229569673538208
M1-mode 596 1.974418044090271 9.90633249282837
M1-mode 597 2.5122623443603516 10.162631750106812
M1-mode 598 2.265066146850586 9.7845458984375
M1-mode 599 2.457127094268799 10.248255491256714
M1-mode 600 2.380108118057251 9.673099040985107
M1-mode 601 2.0479767322540283 10.037319898605347
M1-mode 602 2.2141621112823486 9.937079668045044
M1-mode 603 2.5558524131774902 10.115533351898193
M1-mode 604 2.2413864135742188 9.945874452590942
M1-mode 605 2.0857295989990234 10.17154335975647
M1-mode 606 2.6279478073120117 10.128805160522461
M1-mode 607 2.0724310874938965 9.777740716934204
M1-mode 608 2.161790132522583 10.272846221923828
M1-mode 609 2.2134320735931396 9.83702278137207
M1-mode 610 2.2027947902679443 10.169546842575073
M1-mode 611 2.007892608642578 10.135579109191895
M1-mode 612 2.1059374809265137 9.814083814620972
M1-mode 613 2.936828851699829 10.075454235076904
M1-mode 614 2.401945114135742 9.797060489654541
M1-mode 615 2.3287928104400635 10.185522556304932
M1-mode 616 2.1736557483673096 9.98837685585022
M1-mode 617 2.330998182296753 10.18810749053955
M1-mode 618 2.260113477706909 10.118977546691895
M1-mode 619 2.334627151489258 10.035262107849121
M1-mode 620 2.268556833267212 10.080897808074951
M1-mode 621 2.3496804237365723 9.970962524414062
M1-mode 622 2.1497318744659424 10.20772671699524
M1-mode 623 2.422757863998413 10.001021146774292
M1-mode 624 2.237558603286743 9.99784255027771
M1-mode 625 2.570218324661255 10.09967851638794
M1-mode 626 2.1204609870910645 10.058987140655518
M1-mode 627 2.0137834548950195 10.002803564071655
M1-mode 628 2.3576364517211914 9.925243854522705
M1-mode 629 2.0451431274414062 10.1825692653656
M1-mode 630 2.167105197906494 10.11060357093811
M1-mode 631 2.3055059909820557 10.03131365776062
M1-mode 632 2.3412318229675293 10.077277421951294
M1-mode 633 2.299017906188965 10.100656747817993
M1-mode 634 2.256277084350586 10.07821011543274
M1-mode 635 2.1089277267456055 10.153261661529541
M1-mode 636 2.2469213008880615 9.924030065536499
M1-mode 637 2.1968350410461426 10.067434310913086
M1-mode 638 2.1578099727630615 10.025944471359253
M1-mode 639 2.1096651554107666 10.056677103042603
M1-mode 640 2.400818347930908 10.12782883644104
M1-mode 641 2.149026393890381 9.781526803970337
M1-mode 642 2.6742093563079834 10.155372619628906
M1-mode 643 2.102837085723877 9.954392671585083
M1-mode 644 2.1127116680145264 10.082093000411987
M1-mode 645 2.3172945976257324 10.055580615997314
M1-mode 646 2.309945583343506 10.084253787994385
M1-mode 647 2.6121089458465576 9.897786378860474
M1-mode 648 2.1040215492248535 10.091018915176392
M1-mode 649 2.1766586303710938 10.106690883636475
M1-mode 650 2.408419609069824 10.017098665237427
M1-mode 651 2.5968966484069824 10.138971328735352
M1-mode 652 2.2065136432647705 10.089092016220093
M1-mode 653 2.328824520111084 9.892375707626343
M1-mode 654 2.275789976119995 10.144342422485352
M1-mode 655 2.124481678009033 9.790239334106445
M1-mode 656 2.2405145168304443 10.096621990203857
M1-mode 657 2.28650164604187 9.970912218093872
M1-mode 658 2.377431869506836 10.1575767993927
M1-mode 659 2.372910976409912 10.013113498687744
M1-mode 660 2.002070188522339 10.077726602554321
M1-mode 661 2.356786012649536 10.069944620132446
M1-mode 662 2.167393922805786 10.015669107437134
M1-mode 663 2.2647297382354736 10.094062089920044
M1-mode 664 2.307541608810425 10.165919303894043
M1-mode 665 2.0574088096618652 9.800711393356323
M1-mode 666 2.0387959480285645 10.192898511886597
M1-mode 667 2.124171257019043 9.932295322418213
M1-mode 668 2.201700448989868 10.005162000656128
M1-mode 669 1.9681222438812256 10.041538715362549
M1-mode 670 2.0897200107574463 10.09503698348999
M1-mode 671 2.1512773036956787 9.969736099243164
M1-mode 672 2.0077240467071533 10.063211441040039
M1-mode 673 2.210841417312622 10.21094298362732
M1-mode 674 2.22265362739563 9.910280704498291
M1-mode 675 2.145732879638672 10.148667812347412
M1-mode 676 2.0578320026397705 9.796184062957764
M1-mode 677 2.3552563190460205 10.199985265731812
M1-mode 678 2.1455800533294678 10.15390658378601
M1-mode 679 2.0430126190185547 9.941549301147461
M1-mode 680 2.1215829849243164 10.101186990737915
M1-mode 681 1.972896933555603 9.994560956954956
M1-mode 682 2.1944987773895264 10.162543773651123
M1-mode 683 2.214827299118042 9.950386762619019
M1-mode 684 2.518141269683838 10.071541547775269
M1-mode 685 2.09344220161438 10.171372652053833
M1-mode 686 2.1997647285461426 9.84155559539795
M1-mode 687 2.2298548221588135 10.025165796279907
M1-mode 688 2.2602970600128174 10.074243783950806
M1-mode 689 2.1504037380218506 9.899564504623413
M1-mode 690 2.4362685680389404 10.122308254241943
M1-mode 691 2.4744925498962402 10.084995031356812
M1-mode 692 2.174774646759033 10.295984745025635
M1-mode 693 2.1666109561920166 10.09797978401184
M1-mode 694 1.9575655460357666 10.428073644638062
M1-mode 695 2.06999135017395 10.09913158416748
M1-mode 696 2.1263561248779297 10.21268367767334
M1-mode 697 2.28977370262146 10.237488269805908
M1-mode 698 2.202285051345825 9.793821811676025
M1-mode 699 2.218369245529175 10.029962062835693
M1-mode 700 2.0059409141540527 9.658789873123169
M1-mode 701 2.312563896179199 9.816571474075317
M1-mode 702 2.3816492557525635 10.115550756454468
M1-mode 703 2.015089273452759 9.840430498123169
M1-mode 704 2.4702038764953613 10.131984233856201
M1-mode 705 2.319347381591797 9.9692542552948
M1-mode 706 2.201281785964966 10.209532976150513
M1-mode 707 2.002872943878174 9.952493667602539
M1-mode 708 2.341628313064575 9.808236598968506
M1-mode 709 2.0340030193328857 10.105956077575684
M1-mode 710 2.1317968368530273 9.896658897399902
M1-mode 711 2.0881528854370117 10.178621530532837
M1-mode 712 2.1892619132995605 9.912043809890747
M1-mode 713 1.9896405935287476 10.24006700515747
M1-mode 714 2.0398929119110107 10.05462384223938
M1-mode 715 2.277465581893921 9.996230840682983
M1-mode 716 2.550649642944336 10.060255765914917
M1-mode 717 2.1248745918273926 9.931746482849121
M1-mode 718 2.021155834197998 10.18230390548706
M1-mode 719 2.1402292251586914 10.02193307876587
M1-mode 720 2.0982534885406494 10.061415433883667
M1-mode 721 2.2338404655456543 10.122952938079834
M1-mode 722 2.2775163650512695 9.892230033874512
M1-mode 723 2.501751661300659 10.213609457015991
M1-mode 724 2.1077823638916016 10.021987438201904
M1-mode 725 2.205885410308838 9.718460083007812
M1-mode 726 2.4333784580230713 10.078922986984253
M1-mode 727 2.2797796726226807 9.971266746520996
M1-mode 728 2.205265760421753 10.206290483474731
M1-mode 729 2.075634717941284 9.927987813949585
M1-mode 730 2.307427406311035 10.183834314346313
M1-mode 731 2.4665348529815674 10.02698278427124
M1-mode 732 2.312140703201294 9.958592891693115
M1-mode 733 2.3453078269958496 10.090363025665283
M1-mode 734 2.2329399585723877 9.788810014724731
M1-mode 735 2.717251777648926 10.186706066131592
M1-mode 736 2.108910083770752 9.899282217025757
M1-mode 737 2.2596662044525146 10.097344398498535
M1-mode 738 2.3035430908203125 10.126684427261353
M1-mode 739 2.1471757888793945 9.788499116897583
M1-mode 740 2.130718946456909 10.182383060455322
M1-mode 741 2.2549190521240234 9.946803569793701
M1-mode 742 2.3522324562072754 10.109094142913818
M1-mode 743 2.141597270965576 9.981796741485596
M1-mode 744 2.5214710235595703 10.115341663360596
M1-mode 745 2.5848004817962646 10.042252540588379
M1-mode 746 2.2113540172576904 9.902787446975708
M1-mode 747 2.135683536529541 10.094745874404907
M1-mode 748 2.043355941772461 10.064134359359741
M1-mode 749 2.1891496181488037 9.998710632324219
M1-mode 750 2.057068347930908 10.017091751098633
M1-mode 751 1.9846876859664917 9.79445195198059
M1-mode 752 2.232234239578247 10.053948640823364
M1-mode 753 2.620225667953491 9.945582151412964
M1-mode 754 2.353630781173706 10.148652791976929
M1-mode 755 2.1914525032043457 10.143460988998413
M1-mode 756 2.151660919189453 9.812373161315918
M1-mode 757 2.5088694095611572 10.209536075592041
M1-mode 758 2.142446994781494 9.928201675415039
M1-mode 759 2.2897825241088867 10.097859382629395
M1-mode 760 2.3461270332336426 9.956399917602539
M1-mode 761 2.1801505088806152 10.079771995544434
M1-mode 762 2.269197463989258 10.204374551773071
M1-mode 763 2.3768692016601562 9.786218643188477
M1-mode 764 2.2003588676452637 10.135696411132812
M1-mode 765 2.0615243911743164 10.136395931243896
M1-mode 766 2.1343250274658203 9.765843152999878
M1-mode 767 1.948354959487915 10.153441429138184
M1-mode 768 2.4363231658935547 9.958357095718384
M1-mode 769 2.2285561561584473 10.110431909561157
M1-mode 770 2.261805772781372 9.934951305389404
M1-mode 771 2.0185434818267822 9.982454776763916
M1-mode 772 2.3070342540740967 10.112000465393066
M1-mode 773 2.475332260131836 9.940500259399414
M1-mode 774 2.420419216156006 10.098437309265137
M1-mode 775 2.169283151626587 9.965154886245728
M1-mode 776 2.1715316772460938 10.13658595085144
M1-mode 777 2.627603054046631 10.074612140655518
M1-mode 778 2.3653948307037354 9.801817893981934
M1-mode 779 2.4625115394592285 10.104573249816895
M1-mode 780 2.3262510299682617 9.979108810424805
M1-mode 781 2.3842408657073975 10.18639087677002
M1-mode 782 2.171475410461426 10.118860483169556
M1-mode 783 2.160731315612793 9.790769338607788
M1-mode 784 2.012467384338379 10.340774059295654
M1-mode 785 1.9975574016571045 9.837927341461182
M1-mode 786 2.1714844703674316 10.279967546463013
M1-mode 787 2.5084786415100098 9.835424661636353
M1-mode 788 2.358279228210449 10.073798894882202
M1-mode 789 2.013247013092041 10.185251951217651
M1-mode 790 2.438689947128296 9.930942058563232
M1-mode 791 2.0348241329193115 10.202041149139404
M1-mode 792 2.3661670684814453 9.931443691253662
M1-mode 793 2.0561909675598145 10.151524305343628
M1-mode 794 2.1143245697021484 10.074755668640137
M1-mode 795 2.0593457221984863 9.873222351074219
M1-mode 796 2.1677629947662354 10.214064359664917
M1-mode 797 2.604677200317383 9.854338884353638
M1-mode 798 2.138070821762085 10.224940538406372
M1-mode 799 2.1783037185668945 9.92910122871399
M1-mode 800 2.2359535694122314 9.941102981567383
M1-mode 801 2.4001176357269287 9.91459035873413
M1-mode 802 2.2612805366516113 9.770228385925293
M1-mode 803 2.1629719734191895 10.216694593429565
M1-mode 804 2.171538829803467 9.862600088119507
M1-mode 805 2.292024612426758 10.234770059585571
M1-mode 806 2.355013608932495 9.887346744537354
M1-mode 807 2.244697332382202 10.123268604278564
M1-mode 808 2.116170644760132 10.063682556152344
M1-mode 809 2.1678218841552734 10.04014253616333
M1-mode 810 2.3381834030151367 10.170861721038818
M1-mode 811 2.391448974609375 9.96001148223877
M1-mode 812 2.073413610458374 10.171382665634155
M1-mode 813 2.268153429031372 10.149303197860718
M1-mode 814 2.1357152462005615 9.707749128341675
M1-mode 815 2.28033709526062 10.301375389099121
M1-mode 816 2.2846577167510986 9.807949304580688
M1-mode 817 2.402766227722168 10.257835865020752
M1-mode 818 2.2318410873413086 9.920198202133179
M1-mode 819 2.0979154109954834 10.095177412033081
M1-mode 820 2.308866500854492 10.185059785842896
M1-mode 821 2.3339459896087646 9.769488096237183
M1-mode 822 2.4157803058624268 10.193296432495117
M1-mode 823 2.0178682804107666 9.899240970611572
M1-mode 824 2.200918197631836 10.243251323699951
M1-mode 825 2.0922200679779053 10.116384267807007
M1-mode 826 2.5616273880004883 9.711310863494873
M1-mode 827 2.138636350631714 10.038190841674805
M1-mode 828 2.2372941970825195 9.991168737411499
M1-mode 829 2.209156036376953 10.140769958496094
M1-mode 830 2.1790294647216797 9.888746738433838
M1-mode 831 2.193314552307129 10.220978021621704
M1-mode 832 2.1967413425445557 10.108075141906738
M1-mode 833 2.2188527584075928 9.727861166000366
M1-mode 834 2.5515310764312744 10.04610824584961
M1-mode 835 2.3583996295928955 9.97078824043274
M1-mode 836 2.4240987300872803 10.175450801849365
M1-mode 837 2.106093645095825 10.029704809188843
M1-mode 838 2.2222824096679688 9.764427900314331
M1-mode 839 2.129962205886841 10.12869906425476
M1-mode 840 2.022050619125366 9.90666389465332
M1-mode 841 2.568821668624878 10.149868249893188
M1-mode 842 2.7312419414520264 9.853996276855469
M1-mode 843 2.29520845413208 10.178933382034302
M1-mode 844 2.267472743988037 10.072358846664429
M1-mode 845 2.2879252433776855 9.743988275527954
M1-mode 846 2.3800113201141357 10.22896432876587
M1-mode 847 2.239790439605713 9.750596284866333
M1-mode 848 2.5209882259368896 10.170181274414062
M1-mode 849 2.178438425064087 9.882963418960571
M1-mode 850 2.3238365650177 10.15247392654419
M1-mode 851 2.2510387897491455 10.09914255142212
M1-mode 852 2.0328001976013184 10.003073453903198
M1-mode 853 1.9649555683135986 10.068757057189941
M1-mode 854 2.3936140537261963 9.819222450256348
M1-mode 855 2.2811498641967773 10.178166627883911
M1-mode 856 2.1211395263671875 10.026025533676147
M1-mode 857 2.42269229888916 9.698048114776611
M1-mode 858 2.00899600982666 10.0805025100708
M1-mode 859 2.045238971710205 9.99576711654663
M1-mode 860 2.1413609981536865 10.132281064987183
M1-mode 861 2.368577718734741 9.975213527679443
M1-mode 862 2.052560567855835 10.170223951339722
M1-mode 863 2.2486603260040283 10.408644676208496
M1-mode 864 2.3751347064971924 9.956109285354614
M1-mode 865 2.188908338546753 10.100873947143555
M1-mode 866 2.365875005722046 9.989416122436523
M1-mode 867 2.010723829269409 10.097909688949585
M1-mode 868 2.408217430114746 9.95457649230957
M1-mode 869 2.3974711894989014 10.304485559463501
M1-mode 870 2.2519326210021973 9.994833707809448
M1-mode 871 2.3468375205993652 9.714237689971924
M1-mode 872 2.169827938079834 10.102245569229126
M1-mode 873 2.040642738342285 9.971843004226685
M1-mode 874 2.3705523014068604 10.138611793518066
M1-mode 875 2.017334222793579 10.019822597503662
M1-mode 876 2.15057373046875 10.098247528076172
M1-mode 877 2.330954074859619 10.132553577423096
M1-mode 878 2.0670113563537598 9.799655675888062
M1-mode 879 2.064791440963745 10.232373476028442
M1-mode 880 2.273056745529175 9.988828182220459
M1-mode 881 2.0872766971588135 9.849767446517944
M1-mode 882 2.097968578338623 10.162618637084961
M1-mode 883 2.2209722995758057 9.883665561676025
M1-mode 884 2.275399923324585 10.201252460479736
M1-mode 885 2.176170587539673 9.924465894699097
M1-mode 886 2.385525703430176 10.248594522476196
M1-mode 887 2.0038387775421143 10.09282374382019
M1-mode 888 2.0460739135742188 9.685542106628418
M1-mode 889 2.326594829559326 10.078003168106079
M1-mode 890 2.1020824909210205 10.004001140594482
M1-mode 891 2.2829623222351074 10.27803087234497
M1-mode 892 2.3404340744018555 9.812342882156372
M1-mode 893 2.1048800945281982 10.032706022262573
M1-mode 894 2.2630245685577393 10.071927070617676
M1-mode 895 2.4550364017486572 9.946151971817017
M1-mode 896 2.123667001724243 10.205250978469849
M1-mode 897 2.3040554523468018 9.86039686203003
M1-mode 898 2.1244866847991943 10.229142904281616
M1-mode 899 2.028175115585327 9.98485517501831
M1-mode 900 2.079023838043213 9.851551532745361
M1-mode 901 2.197896718978882 9.863296270370483
M1-mode 902 1.9932669401168823 9.876952886581421
M1-mode 903 2.347635269165039 10.16681957244873
M1-mode 904 2.293978691101074 9.81569790840149
M1-mode 905 2.151815891265869 10.170954942703247
M1-mode 906 2.459285020828247 10.039557695388794
M1-mode 907 2.216123104095459 9.770496368408203
M1-mode 908 2.301708221435547 10.206155776977539
M1-mode 909 2.19010329246521 9.839468002319336
M1-mode 910 2.3603339195251465 10.23213267326355
M1-mode 911 2.2789340019226074 9.839406728744507
M1-mode 912 2.41756272315979 10.167752981185913
M1-mode 913 2.3358871936798096 9.999784469604492
M1-mode 914 2.0836315155029297 9.83357834815979
M1-mode 915 2.2672111988067627 10.262130975723267
M1-mode 916 2.4740829467773438 9.837541341781616
M1-mode 917 2.272664785385132 10.14588189125061
M1-mode 918 2.2455508708953857 9.982254266738892
M1-mode 919 2.1841373443603516 9.727723836898804
M1-mode 920 2.3293957710266113 10.244759321212769
M1-mode 921 2.3174545764923096 9.816039085388184
M1-mode 922 2.315950632095337 10.19635796546936
M1-mode 923 2.190417528152466 9.944329977035522
M1-mode 924 2.2213456630706787 10.070021390914917
M1-mode 925 2.1778438091278076 10.123862504959106
M1-mode 926 2.238551139831543 9.215208292007446
M1-mode 927 2.2406771183013916 10.979763746261597
M1-mode 928 2.1662230491638184 9.532457113265991
M1-mode 929 2.1193673610687256 10.089638948440552
M1-mode 930 2.309265613555908 10.018219232559204
M1-mode 931 2.107565402984619 10.246365308761597
M1-mode 932 2.0677316188812256 10.182080268859863
M1-mode 933 2.2329647541046143 9.852897882461548
M1-mode 934 2.1331820487976074 10.278889417648315
M1-mode 935 2.201552152633667 10.186317682266235
M1-mode 936 2.343923330307007 9.82660698890686
M1-mode 937 2.1145458221435547 10.129738092422485
M1-mode 938 2.219874858856201 10.07478928565979
M1-mode 939 2.3196475505828857 10.246486186981201
M1-mode 940 2.1190054416656494 9.951219320297241
M1-mode 941 2.114499568939209 10.227534294128418
M1-mode 942 2.170422315597534 10.152135610580444
M1-mode 943 2.2235512733459473 9.706062316894531
M1-mode 944 2.4463882446289062 10.1203453540802
M1-mode 945 2.201308012008667 9.99999475479126
M1-mode 946 2.34555983543396 10.16233229637146
M1-mode 947 2.1539146900177 9.815722703933716
M1-mode 948 2.19140887260437 10.132017135620117
M1-mode 949 2.6931025981903076 10.023253917694092
M1-mode 950 2.3894591331481934 10.129534482955933
M1-mode 951 2.096590042114258 10.040189504623413
M1-mode 952 2.123898983001709 10.016793251037598
M1-mode 953 2.223714828491211 10.130541324615479
M1-mode 954 2.045720100402832 10.162499189376831
M1-mode 955 2.177330732345581 9.9136962890625
M1-mode 956 2.2696454524993896 9.775070190429688
M1-mode 957 2.1788454055786133 10.105382919311523
M1-mode 958 2.0201210975646973 10.22779893875122
M1-mode 959 2.1330716609954834 10.050909042358398
M1-mode 960 2.4563732147216797 10.190215587615967
M1-mode 961 2.4680287837982178 10.076061487197876
M1-mode 962 2.363772392272949 9.885236740112305
M1-mode 963 2.329590320587158 10.261156558990479
M1-mode 964 2.04951810836792 9.898336172103882
M1-mode 965 2.2577896118164062 10.18726897239685
M1-mode 966 2.173521041870117 9.940582275390625
M1-mode 967 2.336127758026123 10.194100379943848
M1-mode 968 2.150325298309326 9.882561206817627
M1-mode 969 2.1361734867095947 10.089991092681885
M1-mode 970 2.200103759765625 10.092668294906616
M1-mode 971 2.104945421218872 9.80801010131836
M1-mode 972 2.083320379257202 10.167569398880005
M1-mode 973 2.2385106086730957 10.141484260559082
M1-mode 974 2.155452013015747 9.681644201278687
M1-mode 975 2.37874174118042 10.225641250610352
M1-mode 976 2.0711255073547363 9.845696687698364
M1-mode 977 2.1524107456207275 10.13005518913269
M1-mode 978 2.1053829193115234 9.978305578231812
M1-mode 979 2.168257713317871 9.99274492263794
M1-mode 980 2.2460038661956787 10.029834985733032
M1-mode 981 2.104954719543457 10.101186752319336
M1-mode 982 2.1127407550811768 10.154500722885132
M1-mode 983 2.295116662979126 9.91266942024231
M1-mode 984 2.082246780395508 10.144249677658081
M1-mode 985 2.167114019393921 10.095864534378052
M1-mode 986 2.462162494659424 9.919509410858154
M1-mode 987 2.1057937145233154 10.12522006034851
M1-mode 988 2.179386854171753 9.76312804222107
M1-mode 989 2.3005435466766357 10.132089614868164
M1-mode 990 2.1976194381713867 9.918195724487305
M1-mode 991 2.1739883422851562 10.101623296737671
M1-mode 992 2.093567132949829 10.199076414108276
M1-mode 993 2.1382205486297607 9.731324911117554
M1-mode 994 2.1788201332092285 10.114023923873901
M1-mode 995 2.303287982940674 9.955124378204346
M1-mode 996 2.177851676940918 10.100223541259766
M1-mode 997 2.288654088973999 10.07109808921814
M1-mode 998 2.339939832687378 10.121058225631714
M1-mode 999 2.2684459686279297 10.033492088317871
M1-mode 1000 2.591975212097168 7.997720003128052
/home/zhengshiyi/react2025_new/.venv/lib/python3.10/site-packages/torch/_utils.py:831: UserWarning: TypedStorage is deprecated. It will be removed in the future and UntypedStorage will be the only storage class. This should only matter to you if you are using storages directly.  To access UntypedStorage directly, use tensor.untyped_storage() instead of tensor.storage()
  return self.fget.__get__(instance, owner)()
M1-mode 1001 2.373296022415161 10.559609174728394
M1-mode 1002 2.2734131813049316 10.138989210128784
M1-mode 1003 2.2085604667663574 9.892213582992554
M1-mode 1004 2.1964399814605713 10.214478254318237
M1-mode 1005 2.447856903076172 9.923009872436523
M1-mode 1006 2.38142991065979 10.044134855270386
M1-mode 1007 2.104396343231201 10.081831932067871
M1-mode 1008 2.3502538204193115 9.965972423553467
M1-mode 1009 2.201211452484131 10.756619691848755
M1-mode 1010 2.0585947036743164 10.291002035140991
M1-mode 1011 2.3274683952331543 9.010246515274048
M1-mode 1012 2.05391526222229 9.955801248550415
M1-mode 1013 2.662391185760498 9.904612064361572
M1-mode 1014 2.3846890926361084 10.068371057510376
M1-mode 1015 2.0292375087738037 9.980683088302612
M1-mode 1016 2.137444496154785 10.218376398086548
M1-mode 1017 2.2077131271362305 10.096076488494873
M1-mode 1018 2.331895112991333 9.744154691696167
M1-mode 1019 2.04583740234375 10.148301362991333
M1-mode 1020 2.322237014770508 9.837451457977295
M1-mode 1021 2.371121883392334 10.028615951538086
M1-mode 1022 2.1763758659362793 9.977152347564697
M1-mode 1023 2.621253728866577 10.207065105438232
M1-mode 1024 2.2007925510406494 10.129624366760254
M1-mode 1025 2.109726905822754 9.773659467697144
M1-mode 1026 2.0455541610717773 10.010152816772461
M1-mode 1027 2.253434181213379 10.17062258720398
M1-mode 1028 2.3027219772338867 9.765391111373901
M1-mode 1029 2.054640054702759 10.124198913574219
M1-mode 1030 2.144655704498291 9.97768259048462
M1-mode 1031 2.202895402908325 10.102091789245605
M1-mode 1032 2.620481491088867 9.927077531814575
M1-mode 1033 1.9937022924423218 10.08791995048523
M1-mode 1034 2.4163894653320312 9.953469514846802
M1-mode 1035 2.7521233558654785 10.042613983154297
M1-mode 1036 2.038011074066162 10.058140277862549
M1-mode 1037 2.1662673950195312 9.942208051681519
M1-mode 1038 2.1178648471832275 10.032355785369873
M1-mode 1039 2.1540262699127197 9.980876445770264
M1-mode 1040 2.09983229637146 10.122960090637207
M1-mode 1041 2.402512788772583 10.117942571640015
M1-mode 1042 2.1852564811706543 9.875776529312134
M1-mode 1043 2.0440144538879395 10.015530824661255
M1-mode 1044 2.2313616275787354 10.005088090896606
M1-mode 1045 2.31787109375 9.977945327758789
M1-mode 1046 2.292612314224243 10.048948764801025
M1-mode 1047 2.060483455657959 9.952807903289795
M1-mode 1048 2.2088894844055176 10.21668553352356
M1-mode 1049 2.3765182495117188 9.888837099075317
M1-mode 1050 2.204744815826416 10.120372772216797
M1-mode 1051 2.199627161026001 10.114253997802734
M1-mode 1052 2.0962419509887695 9.71927809715271
M1-mode 1053 2.2847492694854736 10.156944990158081
M1-mode 1054 2.2221646308898926 9.806179285049438
M1-mode 1055 2.724813222885132 10.05090045928955
M1-mode 1056 2.25948429107666 10.02512812614441
M1-mode 1057 2.133523941040039 10.056010246276855
M1-mode 1058 2.1901352405548096 10.083271026611328
M1-mode 1059 2.128786563873291 9.898447036743164
M1-mode 1060 2.311913251876831 10.094186305999756
M1-mode 1061 2.2337746620178223 9.987844228744507
M1-mode 1062 2.1099960803985596 10.020601034164429
M1-mode 1063 2.0888936519622803 10.206296682357788
M1-mode 1064 2.022444248199463 9.80415153503418
M1-mode 1065 2.3169164657592773 10.070272207260132
M1-mode 1066 2.5870285034179688 10.245734453201294
M1-mode 1067 2.010768413543701 9.74526858329773
M1-mode 1068 2.211052894592285 10.195547819137573
M1-mode 1069 2.2974860668182373 9.786900043487549
M1-mode 1070 2.1849682331085205 10.140393495559692
M1-mode 1071 2.0615394115448 9.945878028869629
M1-mode 1072 2.392893075942993 10.08771562576294
M1-mode 1073 2.2410192489624023 10.115636110305786
M1-mode 1074 2.189584493637085 9.855210781097412
M1-mode 1075 2.4114511013031006 10.206587314605713
M1-mode 1076 2.1799607276916504 9.84980034828186
M1-mode 1077 2.065269708633423 10.160507440567017
M1-mode 1078 2.30019474029541 9.980562448501587
M1-mode 1079 2.1555380821228027 10.086974620819092
M1-mode 1080 2.06487774848938 10.126532554626465
M1-mode 1081 2.0372543334960938 9.846619606018066
M1-mode 1082 2.281604528427124 10.203277587890625
M1-mode 1083 2.079603433609009 9.855177640914917
M1-mode 1084 2.1332035064697266 10.125130414962769
M1-mode 1085 2.3554630279541016 10.170166730880737
M1-mode 1086 2.4139914512634277 9.827765226364136
M1-mode 1087 2.1763148307800293 10.207431077957153
M1-mode 1088 2.107440948486328 9.812733888626099
M1-mode 1089 2.54467511177063 10.13887906074524
M1-mode 1090 2.018686056137085 10.085396766662598
M1-mode 1091 2.0423502922058105 9.840351104736328
M1-mode 1092 2.2542521953582764 10.228129625320435
M1-mode 1093 2.012627363204956 9.822563886642456
M1-mode 1094 2.30214524269104 10.256316184997559
M1-mode 1095 2.195385694503784 9.859398365020752
M1-mode 1096 2.246311902999878 10.120671033859253
M1-mode 1097 2.132866859436035 10.108881711959839
M1-mode 1098 2.2865548133850098 9.387884140014648
M1-mode 1099 2.191424608230591 10.2548987865448
M1-mode 1100 2.142627000808716 10.06404423713684
M1-mode 1101 2.1254141330718994 10.016217231750488
M1-mode 1102 2.048318862915039 10.035332918167114
M1-mode 1103 2.1869113445281982 9.631345510482788
M1-mode 1104 2.18363356590271 10.145373344421387
M1-mode 1105 2.1719603538513184 10.031574010848999
M1-mode 1106 2.2070271968841553 9.832112550735474
M1-mode 1107 2.145972967147827 10.138021230697632
M1-mode 1108 2.339218854904175 10.00396990776062
M1-mode 1109 2.3216378688812256 10.748137474060059
M1-mode 1110 2.0763649940490723 9.177242040634155
M1-mode 1111 2.2265572547912598 10.237829446792603
M1-mode 1112 2.3270392417907715 9.892052173614502
M1-mode 1113 2.1306681632995605 10.95240330696106
M1-mode 1114 2.135883092880249 10.225263833999634
M1-mode 1115 2.2173917293548584 8.92589282989502
M1-mode 1116 2.381704568862915 10.814592838287354
M1-mode 1117 2.1488282680511475 9.747151136398315
M1-mode 1118 2.01823091506958 9.383080244064331
M1-mode 1119 2.237774133682251 10.307459354400635
M1-mode 1120 2.3359591960906982 9.685038805007935
M1-mode 1121 2.1471405029296875 10.22703504562378
M1-mode 1122 2.8494927883148193 9.753228187561035
M1-mode 1123 2.2448699474334717 10.241677045822144
M1-mode 1124 2.4793858528137207 10.000082969665527
M1-mode 1125 2.155331611633301 9.841231346130371
M1-mode 1126 2.2037789821624756 10.116624593734741
M1-mode 1127 2.38647198677063 9.760459661483765
M1-mode 1128 2.1047518253326416 10.2652587890625
M1-mode 1129 2.195643424987793 9.990553140640259
M1-mode 1130 1.9999669790267944 9.764840841293335
M1-mode 1131 2.234633684158325 10.104052305221558
M1-mode 1132 2.1632590293884277 9.868451833724976
M1-mode 1133 2.3220698833465576 10.04823637008667
M1-mode 1134 2.148975372314453 9.812125205993652
M1-mode 1135 2.301290273666382 10.125245571136475
M1-mode 1136 2.2632627487182617 10.094222784042358
M1-mode 1137 2.226391553878784 10.0166494846344
M1-mode 1138 2.4637606143951416 10.120870590209961
M1-mode 1139 2.064547300338745 10.035851955413818
M1-mode 1140 2.1854629516601562 10.011219501495361
M1-mode 1141 2.017256259918213 10.129980325698853
M1-mode 1142 2.4183223247528076 10.012505054473877
M1-mode 1143 2.5729305744171143 10.114978551864624
M1-mode 1144 2.2005624771118164 10.113888263702393
M1-mode 1145 2.150975465774536 9.757330179214478
M1-mode 1146 2.1540744304656982 10.080329895019531
M1-mode 1147 2.385117292404175 9.92014741897583
M1-mode 1148 2.425055980682373 10.036537647247314
M1-mode 1149 2.41163969039917 9.883366823196411
M1-mode 1150 2.4236862659454346 10.157827854156494
M1-mode 1151 2.200059175491333 9.945536851882935
M1-mode 1152 2.5479061603546143 10.198447942733765
M1-mode 1153 2.104495048522949 10.073095560073853
M1-mode 1154 2.200951099395752 9.941801309585571
M1-mode 1155 2.45184326171875 10.082030773162842
M1-mode 1156 2.5484907627105713 9.9440016746521
M1-mode 1157 2.165860652923584 10.089635848999023
M1-mode 1158 2.167586326599121 10.15822148323059
M1-mode 1159 2.2146551609039307 9.858352899551392
M1-mode 1160 2.1143226623535156 10.092329263687134
M1-mode 1161 2.282350540161133 9.897656440734863
M1-mode 1162 2.118199586868286 10.17956280708313
M1-mode 1163 2.4014968872070312 10.135820627212524
M1-mode 1164 2.243791341781616 10.042468786239624
M1-mode 1165 2.2633464336395264 10.154283046722412
M1-mode 1166 2.8156392574310303 9.948623180389404
M1-mode 1167 2.9707765579223633 10.077961206436157
M1-mode 1168 2.1514923572540283 9.986856937408447
M1-mode 1169 2.0059680938720703 10.14521074295044
M1-mode 1170 2.3246121406555176 9.995588779449463
M1-mode 1171 2.0675952434539795 9.768753051757812
M1-mode 1172 2.431251287460327 10.149736642837524
M1-mode 1173 2.0484867095947266 9.952649593353271
M1-mode 1174 2.243499994277954 10.080944776535034
M1-mode 1175 2.285398006439209 10.19134521484375
M1-mode 1176 2.055274248123169 9.956085443496704
M1-mode 1177 2.46714448928833 10.149756908416748
M1-mode 1178 2.1175789833068848 9.778805494308472
M1-mode 1179 2.0345137119293213 10.0785071849823
M1-mode 1180 2.173949718475342 10.178816080093384
M1-mode 1181 2.3710803985595703 9.847354650497437
M1-mode 1182 2.13590931892395 10.11671257019043
M1-mode 1183 2.3371877670288086 10.041496276855469
M1-mode 1184 2.5496840476989746 10.127482891082764
M1-mode 1185 2.211704730987549 9.91586446762085
M1-mode 1186 2.2716000080108643 10.098098993301392
M1-mode 1187 2.1160292625427246 10.134817838668823
M1-mode 1188 2.223703145980835 10.008155107498169
M1-mode 1189 2.2952961921691895 10.106033563613892
M1-mode 1190 2.208099365234375 10.015144348144531
M1-mode 1191 2.2821462154388428 10.10868763923645
M1-mode 1192 2.378772497177124 10.2278151512146
M1-mode 1193 2.219897985458374 9.790594816207886
M1-mode 1194 2.0652449131011963 10.263593435287476
M1-mode 1195 2.2609143257141113 10.1547372341156
M1-mode 1196 2.2576904296875 9.79501748085022
M1-mode 1197 2.4750757217407227 10.241591930389404
M1-mode 1198 2.0410068035125732 9.446884155273438
M1-mode 1199 2.3038430213928223 10.247187614440918
M1-mode 1200 2.1622047424316406 10.090456247329712
M1-mode 1201 2.212278366088867 10.464765310287476
M1-mode 1202 2.3051135540008545 9.448282241821289
M1-mode 1203 2.192990303039551 9.699635744094849
M1-mode 1204 2.0907552242279053 10.2754807472229
M1-mode 1205 2.405601739883423 9.80799150466919
M1-mode 1206 2.160900115966797 10.109305143356323
M1-mode 1207 2.067613124847412 10.206982851028442
M1-mode 1208 2.418574571609497 9.871188640594482
M1-mode 1209 2.2145118713378906 10.209807872772217
M1-mode 1210 1.990539789199829 9.779908895492554
M1-mode 1211 2.2916884422302246 10.2353675365448
M1-mode 1212 2.0407257080078125 9.891058921813965
M1-mode 1213 2.5562336444854736 10.166208744049072
M1-mode 1214 2.6462016105651855 10.349308729171753
M1-mode 1215 2.272322177886963 9.66617488861084
M1-mode 1216 2.1782588958740234 10.152894735336304
M1-mode 1217 2.7610976696014404 9.772652626037598
M1-mode 1218 2.0051774978637695 10.235020160675049
M1-mode 1219 2.078723907470703 9.999789714813232
M1-mode 1220 2.30769419670105 10.592612504959106
M1-mode 1221 1.9261083602905273 10.502622604370117
M1-mode 1222 2.3786933422088623 9.084784507751465
M1-mode 1223 2.2664480209350586 10.254496574401855
M1-mode 1224 2.381075859069824 9.914735794067383
M1-mode 1225 2.223921060562134 10.153992891311646
M1-mode 1226 2.372764825820923 10.529760360717773
M1-mode 1227 2.138051986694336 9.499105453491211
M1-mode 1228 2.597353458404541 10.225863933563232
M1-mode 1229 2.1538517475128174 9.738286256790161
M1-mode 1230 2.237863540649414 10.046329259872437
M1-mode 1231 2.1709892749786377 10.116761445999146
M1-mode 1232 2.5136146545410156 9.867801666259766
M1-mode 1233 2.1539413928985596 10.154067277908325
M1-mode 1234 2.087351083755493 9.93649959564209
M1-mode 1235 2.1728858947753906 10.16222071647644
M1-mode 1236 2.2990527153015137 9.8484046459198
M1-mode 1237 2.3478643894195557 10.159152269363403
M1-mode 1238 2.234318733215332 10.167179822921753
M1-mode 1239 1.9668842554092407 9.820339918136597
M1-mode 1240 2.0693917274475098 10.281231164932251
M1-mode 1241 2.1404595375061035 9.878959655761719
M1-mode 1242 2.5425901412963867 10.239584684371948
M1-mode 1243 2.193953514099121 9.982386589050293
M1-mode 1244 2.2518553733825684 9.829335927963257
M1-mode 1245 2.332028388977051 10.21519422531128
M1-mode 1246 2.199753999710083 10.620977640151978
M1-mode 1247 2.4625070095062256 9.194913625717163
M1-mode 1248 2.445845365524292 10.106538772583008
M1-mode 1249 2.194093942642212 9.95389986038208
M1-mode 1250 2.200430393218994 10.24605393409729
M1-mode 1251 2.056030511856079 9.917425870895386
M1-mode 1252 2.1883440017700195 10.235287189483643
M1-mode 1253 1.9982576370239258 10.14274001121521
M1-mode 1254 3.0486462116241455 9.762279987335205
M1-mode 1255 3.1887998580932617 10.165521383285522
M1-mode 1256 2.1230556964874268 9.911314487457275
M1-mode 1257 2.5636789798736572 10.202765941619873
M1-mode 1258 2.0653302669525146 10.15382695198059
M1-mode 1259 2.193911552429199 9.789898157119751
M1-mode 1260 2.359382152557373 10.112406253814697
M1-mode 1261 2.006758689880371 10.0088472366333
M1-mode 1262 2.285897731781006 10.086928606033325
M1-mode 1263 2.006502151489258 10.06194806098938
M1-mode 1264 2.213186740875244 10.255853176116943
M1-mode 1265 2.2774226665496826 10.28759241104126
M1-mode 1266 2.246103525161743 9.690267086029053
M1-mode 1267 2.071836233139038 10.222932815551758
M1-mode 1268 2.098552942276001 9.872142553329468
M1-mode 1269 2.4908969402313232 10.237744331359863
M1-mode 1270 2.06801700592041 10.134929656982422
M1-mode 1271 2.223860025405884 9.616194248199463
M1-mode 1272 2.4743010997772217 10.105320453643799
M1-mode 1273 2.1687333583831787 9.952255964279175
M1-mode 1274 2.3116495609283447 10.004486560821533
M1-mode 1275 1.9794347286224365 9.912604093551636
M1-mode 1276 2.3619093894958496 10.169521808624268
M1-mode 1277 2.3451600074768066 10.170219659805298
M1-mode 1278 2.1726772785186768 9.94909954071045
M1-mode 1279 2.0601537227630615 10.109680891036987
M1-mode 1280 2.4097886085510254 10.032365798950195
M1-mode 1281 1.9793946743011475 10.246446371078491
M1-mode 1282 2.34958553314209 10.031152248382568
M1-mode 1283 2.1861181259155273 9.794796705245972
M1-mode 1284 2.2493984699249268 10.200812339782715
M1-mode 1285 2.533130645751953 9.926271438598633
M1-mode 1286 2.1280057430267334 10.177122354507446
M1-mode 1287 2.399928092956543 10.03570032119751
M1-mode 1288 2.2482311725616455 9.844541549682617
M1-mode 1289 2.1368930339813232 10.09502100944519
M1-mode 1290 2.0728940963745117 9.958871841430664
M1-mode 1291 2.083664894104004 10.085765600204468
M1-mode 1292 2.2701666355133057 10.041434049606323
M1-mode 1293 2.4496958255767822 9.937198162078857
M1-mode 1294 2.1543068885803223 10.083789587020874
M1-mode 1295 2.475289821624756 10.096516370773315
M1-mode 1296 2.3277480602264404 10.810259819030762
M1-mode 1297 2.145460844039917 10.087499856948853
M1-mode 1298 2.057274580001831 8.64343786239624
M1-mode 1299 2.1723432540893555 10.068569898605347
M1-mode 1300 2.502591609954834 10.133733987808228
M1-mode 1301 2.041687250137329 10.538774490356445
M1-mode 1302 2.284499406814575 9.164046287536621
M1-mode 1303 2.101653814315796 10.426766157150269
M1-mode 1304 2.3970947265625 10.043897867202759
M1-mode 1305 2.117628812789917 9.45806097984314
M1-mode 1306 2.200711965560913 10.257173538208008
M1-mode 1307 2.211388349533081 9.874185562133789
M1-mode 1308 2.3153796195983887 10.211750507354736
M1-mode 1309 2.1636312007904053 10.646199226379395
M1-mode 1310 2.210404634475708 9.213566780090332
M1-mode 1311 2.3510823249816895 10.287282466888428
M1-mode 1312 2.141162872314453 9.708614826202393
M1-mode 1313 2.592733860015869 10.171845436096191
M1-mode 1314 2.110621452331543 10.128520011901855
M1-mode 1315 2.263763666152954 9.60812497138977
M1-mode 1316 2.0934317111968994 10.051478385925293
M1-mode 1317 2.2570276260375977 10.023257732391357
M1-mode 1318 2.027519702911377 10.12865400314331
M1-mode 1319 2.4912221431732178 10.079379796981812
M1-mode 1320 1.9725040197372437 10.004836082458496
M1-mode 1321 2.236466646194458 10.168263673782349
M1-mode 1322 2.00901198387146 10.041545629501343
M1-mode 1323 2.625603437423706 10.285669803619385
M1-mode 1324 2.2613189220428467 9.815485000610352
M1-mode 1325 2.1370744705200195 10.212674617767334
M1-mode 1326 2.101616621017456 10.261640071868896
M1-mode 1327 2.4856817722320557 9.578088521957397
M1-mode 1328 2.2540178298950195 10.296425104141235
M1-mode 1329 2.2705790996551514 9.92756986618042
M1-mode 1330 2.053640842437744 10.120260953903198
M1-mode 1331 2.1879022121429443 10.114271402359009
M1-mode 1332 2.4801762104034424 10.195247173309326
M1-mode 1333 1.9495346546173096 10.737906455993652
M1-mode 1334 2.1935932636260986 9.177716493606567
M1-mode 1335 2.731172800064087 10.18123459815979
M1-mode 1336 2.2133119106292725 9.8152596950531
M1-mode 1337 2.1982970237731934 10.249712467193604
M1-mode 1338 2.3589792251586914 10.458234071731567
M1-mode 1339 2.3936550617218018 9.492329120635986
M1-mode 1340 2.123652696609497 10.188770771026611
M1-mode 1341 2.094726324081421 10.409749031066895
M1-mode 1342 2.0676732063293457 9.388608694076538
M1-mode 1343 2.003693103790283 10.253349542617798
M1-mode 1344 2.3833847045898438 9.824525356292725
M1-mode 1345 2.194889783859253 10.173200130462646
M1-mode 1346 2.072550058364868 9.940270185470581
M1-mode 1347 2.0835559368133545 10.130460500717163
M1-mode 1348 2.323420286178589 10.15657114982605
M1-mode 1349 2.279118537902832 9.866467475891113
M1-mode 1350 2.3660664558410645 10.210805177688599
M1-mode 1351 2.2243733406066895 9.954302310943604
M1-mode 1352 2.0592997074127197 10.202768087387085
M1-mode 1353 2.198796033859253 10.645140409469604
M1-mode 1354 2.453439235687256 9.410957098007202
M1-mode 1355 2.482438802719116 10.466739892959595
M1-mode 1356 2.0425658226013184 9.569735288619995
M1-mode 1357 2.0843734741210938 10.159559488296509
M1-mode 1358 2.208944082260132 9.85645318031311
M1-mode 1359 2.4862637519836426 10.171719312667847
M1-mode 1360 2.2446529865264893 10.517852067947388
M1-mode 1361 2.3935792446136475 9.412957906723022
M1-mode 1362 2.355404853820801 10.161102294921875
M1-mode 1363 2.1531448364257812 9.913762331008911
M1-mode 1364 2.3727035522460938 10.204009771347046
M1-mode 1365 2.145786762237549 10.00585651397705
M1-mode 1366 2.2359635829925537 9.849347591400146
M1-mode 1367 2.1711745262145996 10.192966938018799
M1-mode 1368 2.2374415397644043 9.855872869491577
M1-mode 1369 2.4341847896575928 10.039257049560547
M1-mode 1370 2.09132981300354 10.08454418182373
M1-mode 1371 2.2315242290496826 10.20189619064331
M1-mode 1372 2.451253652572632 10.06506061553955
M1-mode 1373 2.4032955169677734 9.845837354660034
M1-mode 1374 2.376040458679199 10.132087707519531
M1-mode 1375 2.2646076679229736 10.088020086288452
M1-mode 1376 2.2520172595977783 10.167993783950806
M1-mode 1377 1.9882594347000122 10.516798734664917
M1-mode 1378 1.9679489135742188 9.401754140853882
M1-mode 1379 2.070864200592041 10.138258934020996
M1-mode 1380 1.9858226776123047 10.110916137695312
M1-mode 1381 2.2566888332366943 10.00319766998291
M1-mode 1382 2.0820767879486084 10.53453540802002
M1-mode 1383 2.261793613433838 9.565838098526001
M1-mode 1384 2.260803699493408 10.589764833450317
M1-mode 1385 2.085172653198242 9.481940984725952
M1-mode 1386 2.1978163719177246 10.02488899230957
M1-mode 1387 2.423610210418701 10.035795211791992
M1-mode 1388 2.1083731651306152 9.804203748703003
M1-mode 1389 2.07729434967041 10.267340898513794
M1-mode 1390 1.9477633237838745 9.851370811462402
M1-mode 1391 2.1697752475738525 10.156450510025024
M1-mode 1392 2.5344035625457764 10.391327142715454
M1-mode 1393 2.512620449066162 9.566429138183594
M1-mode 1394 2.1125926971435547 10.17293643951416
M1-mode 1395 2.0429840087890625 9.847282409667969
M1-mode 1396 2.1287519931793213 10.236342906951904
M1-mode 1397 2.1518609523773193 10.050526142120361
M1-mode 1398 2.158457040786743 9.33751654624939
M1-mode 1399 2.2040231227874756 10.271449089050293
M1-mode 1400 2.6041617393493652 10.11283826828003
M1-mode 1401 2.0183517932891846 9.77959656715393
M1-mode 1402 2.231879711151123 9.823117733001709
M1-mode 1403 2.234060525894165 10.064767360687256
M1-mode 1404 2.2884795665740967 10.25871753692627
M1-mode 1405 1.9535698890686035 9.822872877120972
M1-mode 1406 2.0620322227478027 10.206379175186157
M1-mode 1407 2.208738088607788 9.831400632858276
M1-mode 1408 2.2439048290252686 10.141068696975708
M1-mode 1409 2.279815673828125 9.963079929351807
M1-mode 1410 2.28056263923645 10.21856951713562
M1-mode 1411 2.372098922729492 9.88978624343872
M1-mode 1412 2.1085872650146484 10.14237093925476
M1-mode 1413 2.2030751705169678 10.330577850341797
M1-mode 1414 2.1801199913024902 9.617356777191162
M1-mode 1415 2.1398630142211914 10.126726865768433
M1-mode 1416 2.3709166049957275 10.006600379943848
M1-mode 1417 3.0655152797698975 10.226512670516968
M1-mode 1418 2.1201870441436768 10.485981464385986
M1-mode 1419 2.4466516971588135 9.350316047668457
M1-mode 1420 2.335623025894165 10.300402164459229
M1-mode 1421 2.0389647483825684 9.873614311218262
M1-mode 1422 2.5835375785827637 10.269246101379395
M1-mode 1423 2.3354392051696777 10.584358215332031
M1-mode 1424 2.4619088172912598 9.273885011672974
M1-mode 1425 2.073024034500122 10.259921789169312
M1-mode 1426 2.4451966285705566 9.828886985778809
M1-mode 1427 2.188396453857422 10.224169731140137
M1-mode 1428 2.199221611022949 10.083775281906128
M1-mode 1429 2.358804225921631 10.234766960144043
M1-mode 1430 2.448810338973999 10.31261658668518
M1-mode 1431 2.150865077972412 9.722603797912598
M1-mode 1432 2.129880666732788 10.111005067825317
M1-mode 1433 2.1304967403411865 9.880197525024414
M1-mode 1434 2.283242702484131 10.215898990631104
M1-mode 1435 2.1272475719451904 10.698458194732666
M1-mode 1436 2.1817245483398438 9.387642621994019
M1-mode 1437 2.071927785873413 10.096359014511108
M1-mode 1438 2.1040945053100586 10.140106201171875
M1-mode 1439 2.1633636951446533 9.69221043586731
M1-mode 1440 2.3562631607055664 10.304819107055664
M1-mode 1441 2.525223731994629 9.96204948425293
M1-mode 1442 2.1061079502105713 10.030996322631836
M1-mode 1443 1.9992021322250366 9.961075782775879
M1-mode 1444 2.1397812366485596 10.24194884300232
M1-mode 1445 2.131955146789551 9.924010038375854
M1-mode 1446 2.4419195652008057 10.151815414428711
M1-mode 1447 2.1675539016723633 10.098536252975464
M1-mode 1448 2.115354299545288 9.947145462036133
M1-mode 1449 2.0918614864349365 10.260566711425781
M1-mode 1450 2.12347149848938 9.984451055526733
M1-mode 1451 2.1266188621520996 10.232254981994629
M1-mode 1452 2.201833963394165 10.136597394943237
M1-mode 1453 2.058732509613037 10.020418167114258
M1-mode 1454 2.338588237762451 10.076403141021729
M1-mode 1455 2.3675549030303955 9.882052659988403
M1-mode 1456 2.1383886337280273 10.145875930786133
M1-mode 1457 1.985150933265686 10.205054998397827
M1-mode 1458 2.0624852180480957 9.847996473312378
M1-mode 1459 2.3093771934509277 10.156489610671997
M1-mode 1460 2.479628562927246 10.03757119178772
M1-mode 1461 2.239727020263672 10.124677658081055
M1-mode 1462 2.076868772506714 10.1154146194458
M1-mode 1463 2.1657440662384033 9.833438158035278
M1-mode 1464 2.276715040206909 10.141479969024658
M1-mode 1465 2.6170108318328857 10.101814031600952
M1-mode 1466 2.135796070098877 9.984704494476318
M1-mode 1467 2.3026230335235596 10.167282342910767
M1-mode 1468 1.975468635559082 10.089757442474365
M1-mode 1469 2.1161558628082275 10.083834409713745
M1-mode 1470 2.1795284748077393 9.931611776351929
M1-mode 1471 2.0800681114196777 10.225988388061523
M1-mode 1472 2.0004560947418213 9.986319303512573
M1-mode 1473 2.258967876434326 10.28500485420227
M1-mode 1474 2.0820510387420654 10.2153639793396
M1-mode 1475 2.27839732170105 9.970431566238403
M1-mode 1476 2.1938676834106445 10.27053189277649
M1-mode 1477 2.3168485164642334 10.005402326583862
M1-mode 1478 2.133002281188965 10.240613460540771
M1-mode 1479 2.13749098777771 10.15380573272705
M1-mode 1480 2.3057119846343994 9.879334211349487
M1-mode 1481 2.6838629245758057 10.162131071090698
M1-mode 1482 2.1428627967834473 10.060666561126709
M1-mode 1483 2.0699832439422607 10.166073083877563
M1-mode 1484 2.028047561645508 10.242191553115845
M1-mode 1485 2.0433921813964844 9.902612447738647
M1-mode 1486 2.184176206588745 10.195534944534302
M1-mode 1487 2.181621789932251 10.112053394317627
M1-mode 1488 2.362100124359131 10.14423418045044
M1-mode 1489 2.077686071395874 10.099476337432861
M1-mode 1490 2.1453304290771484 10.219430208206177
M1-mode 1491 2.379951000213623 10.13476300239563
M1-mode 1492 2.483628749847412 9.964970827102661
M1-mode 1493 2.156841993331909 10.132550716400146
M1-mode 1494 2.1585123538970947 10.12732195854187
M1-mode 1495 2.468881368637085 10.11237096786499
M1-mode 1496 2.225848436355591 10.211036205291748
M1-mode 1497 2.034058094024658 10.30260443687439
M1-mode 1498 2.074345350265503 9.547043800354004
M1-mode 1499 2.103620767593384 10.239206075668335
M1-mode 1500 2.3328311443328857 10.258817672729492
M1-mode 1501 2.3288607597351074 9.687685489654541
M1-mode 1502 2.264521360397339 10.281745910644531
M1-mode 1503 2.683229923248291 9.975234985351562
M1-mode 1504 2.363455057144165 10.258089542388916
M1-mode 1505 2.310317039489746 10.13575553894043
M1-mode 1506 2.363189935684204 9.81438422203064
M1-mode 1507 2.3313634395599365 10.208415746688843
M1-mode 1508 2.2179384231567383 10.015336036682129
M1-mode 1509 2.324974775314331 10.202435493469238
M1-mode 1510 2.107076406478882 10.170740127563477
M1-mode 1511 2.188481569290161 9.873631238937378
M1-mode 1512 2.2096457481384277 10.265253782272339
M1-mode 1513 2.385547637939453 10.074703454971313
M1-mode 1514 2.1744091510772705 10.266636848449707
M1-mode 1515 2.196530818939209 10.11039924621582
M1-mode 1516 2.213239908218384 9.817623615264893
M1-mode 1517 2.31034255027771 10.130377292633057
M1-mode 1518 2.081843614578247 10.132696866989136
M1-mode 1519 2.438593626022339 10.268655061721802
M1-mode 1520 2.1289665699005127 10.051891565322876
M1-mode 1521 2.313814878463745 10.148975610733032
M1-mode 1522 2.3464715480804443 10.128929853439331
M1-mode 1523 2.2612297534942627 9.85973858833313
M1-mode 1524 2.082406759262085 10.142996311187744
M1-mode 1525 2.080155372619629 10.133738279342651
M1-mode 1526 2.3449952602386475 9.802788734436035
M1-mode 1527 2.1678621768951416 10.17115068435669
M1-mode 1528 2.37142276763916 9.945595026016235
M1-mode 1529 1.9946753978729248 10.124222755432129
M1-mode 1530 2.1032183170318604 10.048993349075317
M1-mode 1531 2.3069558143615723 10.20621371269226
M1-mode 1532 2.339143991470337 10.176362752914429
M1-mode 1533 2.063305616378784 9.89545726776123
M1-mode 1534 2.0621023178100586 10.087945938110352
M1-mode 1535 2.1373398303985596 10.002405166625977
M1-mode 1536 2.0771617889404297 10.14874005317688
M1-mode 1537 2.4192445278167725 9.992241144180298
M1-mode 1538 2.2043254375457764 10.233572244644165
M1-mode 1539 2.289806604385376 10.16277813911438
M1-mode 1540 2.004429578781128 9.789904356002808
M1-mode 1541 1.9773969650268555 10.102880001068115
M1-mode 1542 2.1864354610443115 10.170672416687012
M1-mode 1543 2.3566789627075195 9.809160709381104
M1-mode 1544 2.0355098247528076 10.153738498687744
M1-mode 1545 2.244307041168213 10.030410289764404
M1-mode 1546 2.3045589923858643 10.139492511749268
M1-mode 1547 2.102821111679077 10.047086715698242
M1-mode 1548 2.2254490852355957 10.227997303009033
M1-mode 1549 2.415114164352417 10.365403890609741
M1-mode 1550 2.199380874633789 9.510259628295898
M1-mode 1551 2.1733641624450684 10.082048654556274
M1-mode 1552 2.042612314224243 10.170714139938354
M1-mode 1553 2.09338641166687 9.89112663269043
M1-mode 1554 2.5800867080688477 10.145522594451904
M1-mode 1555 2.297426700592041 9.975278854370117
