A-repaired-RMGen 1 96
A-repaired-RMGen 2 96
A-repaired-RMGen 3 96
A-repaired-RMGen 4 96
A-repaired-RMGen 5 96
A-repaired-RMGen 6 96
A-repaired-RMGen 7 96
A-repaired-RMGen 8 96
A-repaired-RMGen 9 96
A-repaired-RMGen 10 96
A-repaired-RMGen 11 96
A-repaired-RMGen 12 96
A-repaired-RMGen 13 96
A-repaired-RMGen 14 96
A-repaired-RMGen 15 96
A-repaired-RMGen 16 96
A-repaired-RMGen 17 96
A-repaired-RMGen 18 96
A-repaired-RMGen 19 96
A-repaired-RMGen 20 96
A-repaired-RMGen 21 96
A-repaired-RMGen 22 96
A-repaired-RMGen 23 96
A-repaired-RMGen 24 96
A-repaired-RMGen 25 96
A-repaired-RMGen 26 96
A-repaired-RMGen 27 96
A-repaired-RMGen 28 96
A-repaired-RMGen 29 96
A-repaired-RMGen 30 96
A-repaired-RMGen 31 96
A-repaired-RMGen 32 96
A-repaired-RMGen 33 96
A-repaired-RMGen 34 96
A-repaired-RMGen 35 96
A-repaired-RMGen 36 96
A-repaired-RMGen 37 96
A-repaired-RMGen 38 96
A-repaired-RMGen 39 96
A-repaired-RMGen 40 96
A-repaired-RMGen 41 96
A-repaired-RMGen 42 96
A-repaired-RMGen 43 96
A-repaired-RMGen 44 96
A-repaired-RMGen 45 96
A-repaired-RMGen 46 96
A-repaired-RMGen 47 96
A-repaired-RMGen 48 96
A-repaired-RMGen 49 96
A-repaired-RMGen 50 96
A-repaired-RMGen 51 96
A-repaired-RMGen 52 96
A-repaired-RMGen 53 96
A-repaired-RMGen 54 96
A-repaired-RMGen 55 96
A-repaired-RMGen 56 96
A-repaired-RMGen 57 96
A-repaired-RMGen 58 96
A-repaired-RMGen 59 96
A-repaired-RMGen 60 96
A-repaired-RMGen 61 96
A-repaired-RMGen 62 96
A-repaired-RMGen 63 96
A-repaired-RMGen 64 96
A-repaired-RMGen 65 96
A-repaired-RMGen 66 96
A-repaired-RMGen 67 96
A-repaired-RMGen 68 96
A-repaired-RMGen 69 96
A-repaired-RMGen 70 96
A-repaired-RMGen 71 96
A-repaired-RMGen 72 96
A-repaired-RMGen 73 96
A-repaired-RMGen 74 96
A-repaired-RMGen 75 96
A-repaired-RMGen 76 96
A-repaired-RMGen 77 96
A-repaired-RMGen 78 96
A-repaired-RMGen 79 96
A-repaired-RMGen 80 96
A-repaired-RMGen 81 96
A-repaired-RMGen 82 96
A-repaired-RMGen 83 96
A-repaired-RMGen 84 96
A-repaired-RMGen 85 96
A-repaired-RMGen 86 96
A-repaired-RMGen 87 96
A-repaired-RMGen 88 96
A-repaired-RMGen 89 96
A-repaired-RMGen 90 96
A-repaired-RMGen 91 96
A-repaired-RMGen 92 96
A-repaired-RMGen 93 96
A-repaired-RMGen 94 96
A-repaired-RMGen 95 96
A-repaired-RMGen 96 96
B-quality-heads 1 96
B-quality-heads 2 96
B-quality-heads 3 96
B-quality-heads 4 96
B-quality-heads 5 96
B-quality-heads 6 96
B-quality-heads 7 96
B-quality-heads 8 96
B-quality-heads 9 96
B-quality-heads 10 96
B-quality-heads 11 96
B-quality-heads 12 96
B-quality-heads 13 96
B-quality-heads 14 96
B-quality-heads 15 96
B-quality-heads 16 96
B-quality-heads 17 96
B-quality-heads 18 96
B-quality-heads 19 96
B-quality-heads 20 96
B-quality-heads 21 96
B-quality-heads 22 96
B-quality-heads 23 96
B-quality-heads 24 96
B-quality-heads 25 96
B-quality-heads 26 96
B-quality-heads 27 96
B-quality-heads 28 96
B-quality-heads 29 96
B-quality-heads 30 96
B-quality-heads 31 96
B-quality-heads 32 96
B-quality-heads 33 96
B-quality-heads 34 96
B-quality-heads 35 96
B-quality-heads 36 96
B-quality-heads 37 96
B-quality-heads 38 96
B-quality-heads 39 96
B-quality-heads 40 96
B-quality-heads 41 96
B-quality-heads 42 96
B-quality-heads 43 96
B-quality-heads 44 96
B-quality-heads 45 96
B-quality-heads 46 96
B-quality-heads 47 96
B-quality-heads 48 96
B-quality-heads 49 96
B-quality-heads 50 96
B-quality-heads 51 96
B-quality-heads 52 96
B-quality-heads 53 96
B-quality-heads 54 96
B-quality-heads 55 96
B-quality-heads 56 96
B-quality-heads 57 96
B-quality-heads 58 96
B-quality-heads 59 96
B-quality-heads 60 96
B-quality-heads 61 96
B-quality-heads 62 96
B-quality-heads 63 96
B-quality-heads 64 96
B-quality-heads 65 96
B-quality-heads 66 96
B-quality-heads 67 96
B-quality-heads 68 96
B-quality-heads 69 96
B-quality-heads 70 96
B-quality-heads 71 96
B-quality-heads 72 96
B-quality-heads 73 96
B-quality-heads 74 96
B-quality-heads 75 96
B-quality-heads 76 96
B-quality-heads 77 96
B-quality-heads 78 96
B-quality-heads 79 96
B-quality-heads 80 96
B-quality-heads 81 96
B-quality-heads 82 96
B-quality-heads 83 96
B-quality-heads 84 96
B-quality-heads 85 96
B-quality-heads 86 96
B-quality-heads 87 96
B-quality-heads 88 96
B-quality-heads 89 96
B-quality-heads 90 96
B-quality-heads 91 96
B-quality-heads 92 96
B-quality-heads 93 96
B-quality-heads 94 96
B-quality-heads 95 96
B-quality-heads 96 96
