/home/zhengshiyi/react2025_new/.venv/lib/python3.10/site-packages/torch/_utils.py:831: UserWarning: TypedStorage is deprecated. It will be removed in the future and UntypedStorage will be the only storage class. This should only matter to you if you are using storages directly.  To access UntypedStorage directly, use tensor.untyped_storage() instead of tensor.storage()
  return self.fget.__get__(instance, owner)()
seed123_P3-bert-time_step15000_text 1 /80
seed123_P3-bert-time_step15000_text 2 /80
seed123_P3-bert-time_step15000_text 3 /80
seed123_P3-bert-time_step15000_text 4 /80
seed123_P3-bert-time_step15000_text 5 /80
seed123_P3-bert-time_step15000_text 6 /80
seed123_P3-bert-time_step15000_text 7 /80
seed123_P3-bert-time_step15000_text 8 /80
seed123_P3-bert-time_step15000_text 9 /80
seed123_P3-bert-time_step15000_text 10 /80
seed123_P3-bert-time_step15000_text 11 /80
seed123_P3-bert-time_step15000_text 12 /80
seed123_P3-bert-time_step15000_text 13 /80
seed123_P3-bert-time_step15000_text 14 /80
seed123_P3-bert-time_step15000_text 15 /80
seed123_P3-bert-time_step15000_text 16 /80
seed123_P3-bert-time_step15000_text 17 /80
seed123_P3-bert-time_step15000_text 18 /80
seed123_P3-bert-time_step15000_text 19 /80
seed123_P3-bert-time_step15000_text 20 /80
seed123_P3-bert-time_step15000_text 21 /80
seed123_P3-bert-time_step15000_text 22 /80
seed123_P3-bert-time_step15000_text 23 /80
seed123_P3-bert-time_step15000_text 24 /80
seed123_P3-bert-time_step15000_text 25 /80
seed123_P3-bert-time_step15000_text 26 /80
seed123_P3-bert-time_step15000_text 27 /80
seed123_P3-bert-time_step15000_text 28 /80
seed123_P3-bert-time_step15000_text 29 /80
seed123_P3-bert-time_step15000_text 30 /80
seed123_P3-bert-time_step15000_text 31 /80
seed123_P3-bert-time_step15000_text 32 /80
seed123_P3-bert-time_step15000_text 33 /80
seed123_P3-bert-time_step15000_text 34 /80
seed123_P3-bert-time_step15000_text 35 /80
seed123_P3-bert-time_step15000_text 36 /80
seed123_P3-bert-time_step15000_text 37 /80
seed123_P3-bert-time_step15000_text 38 /80
seed123_P3-bert-time_step15000_text 39 /80
seed123_P3-bert-time_step15000_text 40 /80
seed123_P3-bert-time_step15000_text 41 /80
seed123_P3-bert-time_step15000_text 42 /80
seed123_P3-bert-time_step15000_text 43 /80
seed123_P3-bert-time_step15000_text 44 /80
seed123_P3-bert-time_step15000_text 45 /80
seed123_P3-bert-time_step15000_text 46 /80
seed123_P3-bert-time_step15000_text 47 /80
seed123_P3-bert-time_step15000_text 48 /80
seed123_P3-bert-time_step15000_text 49 /80
seed123_P3-bert-time_step15000_text 50 /80
seed123_P3-bert-time_step15000_text 51 /80
seed123_P3-bert-time_step15000_text 52 /80
seed123_P3-bert-time_step15000_text 53 /80
seed123_P3-bert-time_step15000_text 54 /80
seed123_P3-bert-time_step15000_text 55 /80
seed123_P3-bert-time_step15000_text 56 /80
seed123_P3-bert-time_step15000_text 57 /80
seed123_P3-bert-time_step15000_text 58 /80
seed123_P3-bert-time_step15000_text 59 /80
seed123_P3-bert-time_step15000_text 60 /80
seed123_P3-bert-time_step15000_text 61 /80
seed123_P3-bert-time_step15000_text 62 /80
seed123_P3-bert-time_step15000_text 63 /80
seed123_P3-bert-time_step15000_text 64 /80
seed123_P3-bert-time_step15000_text 65 /80
seed123_P3-bert-time_step15000_text 66 /80
seed123_P3-bert-time_step15000_text 67 /80
seed123_P3-bert-time_step15000_text 68 /80
seed123_P3-bert-time_step15000_text 69 /80
seed123_P3-bert-time_step15000_text 70 /80
seed123_P3-bert-time_step15000_text 71 /80
seed123_P3-bert-time_step15000_text 72 /80
seed123_P3-bert-time_step15000_text 73 /80
seed123_P3-bert-time_step15000_text 74 /80
seed123_P3-bert-time_step15000_text 75 /80
seed123_P3-bert-time_step15000_text 76 /80
seed123_P3-bert-time_step15000_text 77 /80
seed123_P3-bert-time_step15000_text 78 /80
seed123_P3-bert-time_step15000_text 79 /80
seed123_P3-bert-time_step15000_text 80 /80
/home/zhengshiyi/react2025/framework/metrics/FRC.py:24: RuntimeWarning: invalid value encountered in divide
  c /= stddev[:, None]
/home/zhengshiyi/react2025/framework/metrics/FRC.py:25: RuntimeWarning: invalid value encountered in divide
  c /= stddev[None, :]
/home/zhengshiyi/react2025/framework/metrics/FRC.py:24: RuntimeWarning: invalid value encountered in divide
  c /= stddev[:, None]
/home/zhengshiyi/react2025/framework/metrics/FRC.py:25: RuntimeWarning: invalid value encountered in divide
  c /= stddev[None, :]
/home/zhengshiyi/react2025/framework/metrics/FRC.py:24: RuntimeWarning: invalid value encountered in divide
  c /= stddev[:, None]
/home/zhengshiyi/react2025/framework/metrics/FRC.py:25: RuntimeWarning: invalid value encountered in divide
  c /= stddev[None, :]
/home/zhengshiyi/react2025/framework/metrics/FRC.py:24: RuntimeWarning: invalid value encountered in divide
  c /= stddev[:, None]
/home/zhengshiyi/react2025/framework/metrics/FRC.py:25: RuntimeWarning: invalid value encountered in divide
  c /= stddev[None, :]
FRC    = 0.927630  (time: 11.5065s)
FRVar  = 0.053520  (time: 0.0798s)
smse   = 0.068189  (time: 0.0981s)
temporal_smse = 0.059096  (time: 0.1348s)
TLCC   = 46.687500  (time: 5.4821s)
{'FRC': 0.9276295287091566, 'FRC_time': 11.506479536066763, 'FRVar': 0.05352000892162323, 'FRVar_time': 0.07981612998992205, 'smse': 0.06818932294845581, 'smse_time': 0.09812300698831677, 'temporal_smse': 0.05909600853919983, 'temporal_smse_time': 0.13479505199939013, 'TLCC': 46.6875, 'TLCC_time': 5.482122382032685}
