/home/zhengshiyi/react2025_new/.venv/lib/python3.10/site-packages/torch/_utils.py:831: UserWarning: TypedStorage is deprecated. It will be removed in the future and UntypedStorage will be the only storage class. This should only matter to you if you are using storages directly.  To access UntypedStorage directly, use tensor.untyped_storage() instead of tensor.storage()
  return self.fget.__get__(instance, owner)()
seed123_P3-bert-time_step15000_time 1 /80
seed123_P3-bert-time_step15000_time 2 /80
seed123_P3-bert-time_step15000_time 3 /80
seed123_P3-bert-time_step15000_time 4 /80
seed123_P3-bert-time_step15000_time 5 /80
seed123_P3-bert-time_step15000_time 6 /80
seed123_P3-bert-time_step15000_time 7 /80
seed123_P3-bert-time_step15000_time 8 /80
seed123_P3-bert-time_step15000_time 9 /80
seed123_P3-bert-time_step15000_time 10 /80
seed123_P3-bert-time_step15000_time 11 /80
seed123_P3-bert-time_step15000_time 12 /80
seed123_P3-bert-time_step15000_time 13 /80
seed123_P3-bert-time_step15000_time 14 /80
seed123_P3-bert-time_step15000_time 15 /80
seed123_P3-bert-time_step15000_time 16 /80
seed123_P3-bert-time_step15000_time 17 /80
seed123_P3-bert-time_step15000_time 18 /80
seed123_P3-bert-time_step15000_time 19 /80
seed123_P3-bert-time_step15000_time 20 /80
seed123_P3-bert-time_step15000_time 21 /80
seed123_P3-bert-time_step15000_time 22 /80
seed123_P3-bert-time_step15000_time 23 /80
seed123_P3-bert-time_step15000_time 24 /80
seed123_P3-bert-time_step15000_time 25 /80
seed123_P3-bert-time_step15000_time 26 /80
seed123_P3-bert-time_step15000_time 27 /80
seed123_P3-bert-time_step15000_time 28 /80
seed123_P3-bert-time_step15000_time 29 /80
seed123_P3-bert-time_step15000_time 30 /80
seed123_P3-bert-time_step15000_time 31 /80
seed123_P3-bert-time_step15000_time 32 /80
seed123_P3-bert-time_step15000_time 33 /80
seed123_P3-bert-time_step15000_time 34 /80
seed123_P3-bert-time_step15000_time 35 /80
seed123_P3-bert-time_step15000_time 36 /80
seed123_P3-bert-time_step15000_time 37 /80
seed123_P3-bert-time_step15000_time 38 /80
seed123_P3-bert-time_step15000_time 39 /80
seed123_P3-bert-time_step15000_time 40 /80
seed123_P3-bert-time_step15000_time 41 /80
seed123_P3-bert-time_step15000_time 42 /80
seed123_P3-bert-time_step15000_time 43 /80
seed123_P3-bert-time_step15000_time 44 /80
seed123_P3-bert-time_step15000_time 45 /80
seed123_P3-bert-time_step15000_time 46 /80
seed123_P3-bert-time_step15000_time 47 /80
seed123_P3-bert-time_step15000_time 48 /80
seed123_P3-bert-time_step15000_time 49 /80
seed123_P3-bert-time_step15000_time 50 /80
seed123_P3-bert-time_step15000_time 51 /80
seed123_P3-bert-time_step15000_time 52 /80
seed123_P3-bert-time_step15000_time 53 /80
seed123_P3-bert-time_step15000_time 54 /80
seed123_P3-bert-time_step15000_time 55 /80
seed123_P3-bert-time_step15000_time 56 /80
seed123_P3-bert-time_step15000_time 57 /80
seed123_P3-bert-time_step15000_time 58 /80
seed123_P3-bert-time_step15000_time 59 /80
seed123_P3-bert-time_step15000_time 60 /80
seed123_P3-bert-time_step15000_time 61 /80
seed123_P3-bert-time_step15000_time 62 /80
seed123_P3-bert-time_step15000_time 63 /80
seed123_P3-bert-time_step15000_time 64 /80
seed123_P3-bert-time_step15000_time 65 /80
seed123_P3-bert-time_step15000_time 66 /80
seed123_P3-bert-time_step15000_time 67 /80
seed123_P3-bert-time_step15000_time 68 /80
seed123_P3-bert-time_step15000_time 69 /80
seed123_P3-bert-time_step15000_time 70 /80
seed123_P3-bert-time_step15000_time 71 /80
seed123_P3-bert-time_step15000_time 72 /80
seed123_P3-bert-time_step15000_time 73 /80
seed123_P3-bert-time_step15000_time 74 /80
seed123_P3-bert-time_step15000_time 75 /80
seed123_P3-bert-time_step15000_time 76 /80
seed123_P3-bert-time_step15000_time 77 /80
seed123_P3-bert-time_step15000_time 78 /80
seed123_P3-bert-time_step15000_time 79 /80
seed123_P3-bert-time_step15000_time 80 /80
/home/zhengshiyi/react2025/framework/metrics/FRC.py:24: RuntimeWarning: invalid value encountered in divide
  c /= stddev[:, None]
/home/zhengshiyi/react2025/framework/metrics/FRC.py:25: RuntimeWarning: invalid value encountered in divide
  c /= stddev[None, :]
/home/zhengshiyi/react2025/framework/metrics/FRC.py:24: RuntimeWarning: invalid value encountered in divide
  c /= stddev[:, None]
/home/zhengshiyi/react2025/framework/metrics/FRC.py:25: RuntimeWarning: invalid value encountered in divide
  c /= stddev[None, :]
/home/zhengshiyi/react2025/framework/metrics/FRC.py:24: RuntimeWarning: invalid value encountered in divide
  c /= stddev[:, None]
/home/zhengshiyi/react2025/framework/metrics/FRC.py:25: RuntimeWarning: invalid value encountered in divide
  c /= stddev[None, :]
/home/zhengshiyi/react2025/framework/metrics/FRC.py:24: RuntimeWarning: invalid value encountered in divide
  c /= stddev[:, None]
/home/zhengshiyi/react2025/framework/metrics/FRC.py:25: RuntimeWarning: invalid value encountered in divide
  c /= stddev[None, :]
FRC    = 0.930029  (time: 11.5147s)
FRVar  = 0.053730  (time: 0.0842s)
smse   = 0.068332  (time: 0.0975s)
temporal_smse = 0.059275  (time: 0.1608s)
TLCC   = 46.299999  (time: 5.4104s)
{'FRC': 0.9300292650813994, 'FRC_time': 11.514655751059763, 'FRVar': 0.05372987687587738, 'FRVar_time': 0.08423205395229161, 'smse': 0.06833191215991974, 'smse_time': 0.09753701300360262, 'temporal_smse': 0.05927513912320137, 'temporal_smse_time': 0.16075088700745255, 'TLCC': 46.29999923706055, 'TLCC_time': 5.410409213043749}
