A-repaired-RMGen 1 {'base_context': 0.6941285878419876, 'temporal': 0.6906653940677643, 'weak_context': 0.6791061162948608, 'generated': 0.6931197643280029} [0.39179863035678864, 0.4174289293587208]
A-repaired-RMGen 25 {'base_context': 0.6886581182479858, 'temporal': 0.6933038830757141, 'weak_context': 0.6774306893348694, 'generated': 0.6931656002998352} [0.647846907377243, 0.26703014969825745]
A-repaired-RMGen 50 {'base_context': 0.693873792886734, 'temporal': 0.6954629123210907, 'weak_context': 0.6247354745864868, 'generated': 0.7870790958404541} [0.6278188526630402, 0.3003469184041023]
A-repaired-RMGen 75 {'base_context': 0.7582306414842606, 'temporal': 0.6851620674133301, 'weak_context': 0.5894681215286255, 'generated': 0.620120644569397} [0.7848254442214966, 0.1937413364648819]
A-repaired-RMGen 100 {'base_context': 0.723692923784256, 'temporal': 0.6872143745422363, 'weak_context': 0.6796712875366211, 'generated': 0.896160364151001} [0.7673287391662598, 0.21672574430704117]
A-repaired-RMGen 125 {'base_context': 0.7400866597890854, 'temporal': 0.7005774974822998, 'weak_context': 0.5497527122497559, 'generated': 0.7871655225753784} [0.34126977622509, 0.16560839489102364]
A-repaired-RMGen 150 {'base_context': 0.6952558010816574, 'temporal': 0.6895223259925842, 'weak_context': 0.6195391416549683, 'generated': 0.7482511401176453} [0.2920474410057068, 0.6523668169975281]
A-repaired-RMGen 175 {'base_context': 0.6929804533720016, 'temporal': 0.6849205195903778, 'weak_context': 0.6493961811065674, 'generated': 0.47346431016921997} [0.1909060850739479, 0.11227214243263006]
A-repaired-RMGen 200 {'base_context': 0.6857284903526306, 'temporal': 0.644208550453186, 'weak_context': 0.6792945861816406, 'generated': 0.5826247930526733} [0.4096839427947998, 0.22830793261528015]
A-repaired-RMGen 225 {'base_context': 0.6462435722351074, 'temporal': 0.6558131873607635, 'weak_context': 0.8044613599777222, 'generated': 0.6516669988632202} [0.844555139541626, 0.3538588657975197]
A-repaired-RMGen 250 {'base_context': 0.8644927442073822, 'temporal': 0.6000836789608002, 'weak_context': 0.6191020011901855, 'generated': 0.6409653425216675} [0.41070880740880966, 0.24665281921625137]
A-repaired-RMGen 275 {'base_context': 0.6429146900773048, 'temporal': 0.7141938209533691, 'weak_context': 0.6922455430030823, 'generated': 0.6294983625411987} [0.22052603587508202, 0.3067074865102768]
A-repaired-RMGen 300 {'base_context': 0.6583495885133743, 'temporal': 0.7129599452018738, 'weak_context': 0.654217004776001, 'generated': 0.5086871385574341} [0.1264205165207386, 0.3091140538454056]
A-repaired-RMGen 325 {'base_context': 0.5531376302242279, 'temporal': 0.7028228938579559, 'weak_context': 0.6888241767883301, 'generated': 0.9370805621147156} [0.43933214247226715, 0.28698641806840897]
A-repaired-RMGen 350 {'base_context': 0.766195759177208, 'temporal': 0.6624818444252014, 'weak_context': 0.5030933022499084, 'generated': 0.7878763675689697} [0.1909584179520607, 0.3162881340831518]
A-repaired-RMGen 375 {'base_context': 0.5091366171836853, 'temporal': 0.6816709935665131, 'weak_context': 0.7422947287559509, 'generated': 0.3601379096508026} [0.6381242498755455, 0.28073354065418243]
A-repaired-RMGen 400 {'base_context': 0.5588085353374481, 'temporal': 0.7120919525623322, 'weak_context': 0.7225087881088257, 'generated': 0.6853392720222473} [0.8822677135467529, 0.5426888465881348]
A-repaired-RMGen 425 {'base_context': 0.47149229794740677, 'temporal': 0.6777239143848419, 'weak_context': 0.8601354956626892, 'generated': 0.7129547595977783} [0.3462340161204338, 0.7643354833126068]
A-repaired-RMGen 450 {'base_context': 0.5073665976524353, 'temporal': 0.6339547336101532, 'weak_context': 0.37591999769210815, 'generated': 0.7993472814559937} [0.18962151557207108, 0.5077620670199394]
A-repaired-RMGen 475 {'base_context': 0.7397916316986084, 'temporal': 0.6795241236686707, 'weak_context': 0.6371660232543945, 'generated': 0.9352385401725769} [0.23913633078336716, 0.9888302981853485]
A-repaired-RMGen 500 {'base_context': 0.6065580919384956, 'temporal': 0.5957645326852798, 'weak_context': 0.9566067457199097, 'generated': 0.3591344356536865} [0.22372792661190033, 0.38259609416127205]
A-repaired-RMGen 525 {'base_context': 0.8114314377307892, 'temporal': 0.6085295081138611, 'weak_context': 0.7320101857185364, 'generated': 0.6236276626586914} [0.19766270881518722, 1.2598353028297424]
A-repaired-RMGen 550 {'base_context': 0.37635549530386925, 'temporal': 0.6514117121696472, 'weak_context': 0.5336079597473145, 'generated': 0.5075980424880981} [0.5273664891719818, 0.13834811002016068]
A-repaired-RMGen 575 {'base_context': 0.5796758085489273, 'temporal': 0.7011743187904358, 'weak_context': 1.2050113677978516, 'generated': 0.5666118264198303} [0.16974042542278767, 0.3275459259748459]
A-repaired-RMGen 600 {'base_context': 0.6138323843479156, 'temporal': 0.6649038791656494, 'weak_context': 0.4436567723751068, 'generated': 0.5665371417999268} [0.20693451911211014, 0.1756504327058792]
A-repaired-RMGen 625 {'base_context': 0.483945120126009, 'temporal': 0.6785227656364441, 'weak_context': 0.7393285632133484, 'generated': 0.594476044178009} [0.21409127116203308, 0.9853772409260273]
A-repaired-RMGen 650 {'base_context': 0.38631290197372437, 'temporal': 0.6784284710884094, 'weak_context': 1.356025218963623, 'generated': 0.3043496608734131} [0.45688342303037643, 0.6820644438266754]
A-repaired-RMGen 675 {'base_context': 0.339016929268837, 'temporal': 0.7396043539047241, 'weak_context': 0.6609591245651245, 'generated': 0.5879461765289307} [0.27300284057855606, 0.7933962345123291]
A-repaired-RMGen 700 {'base_context': 0.7471510395407677, 'temporal': 0.5946650803089142, 'weak_context': 0.5004556179046631, 'generated': 0.5408458709716797} [0.22050820291042328, 0.33212748914957047]
A-repaired-RMGen 725 {'base_context': 0.24896753020584583, 'temporal': 0.7233817279338837, 'weak_context': 1.0733006000518799, 'generated': 0.3502506613731384} [0.08628307329490781, 0.22139687463641167]
A-repaired-RMGen 750 {'base_context': 0.37505143508315086, 'temporal': 0.6554696261882782, 'weak_context': 0.9474272727966309, 'generated': 0.7268929481506348} [0.11189396865665913, 0.7960136830806732]
A-repaired-RMGen 775 {'base_context': 0.5406254529953003, 'temporal': 0.6849876046180725, 'weak_context': 0.8740053772926331, 'generated': 0.6489698886871338} [0.1007385365664959, 0.3492439091205597]
A-repaired-RMGen 800 {'base_context': 0.5456638932228088, 'temporal': 0.6334912776947021, 'weak_context': 1.1939671039581299, 'generated': 0.7324057817459106} [0.10384292528033257, 0.871238499879837]
A-repaired-RMGen 825 {'base_context': 0.7091488465666771, 'temporal': 0.7005254328250885, 'weak_context': 0.5949898958206177, 'generated': 0.5297022461891174} [0.16814206168055534, 0.6986826360225677]
A-repaired-RMGen 850 {'base_context': 0.30795352905988693, 'temporal': 0.7987558245658875, 'weak_context': 0.608040452003479, 'generated': 0.5848270654678345} [0.14620765671133995, 0.4871976748108864]
A-repaired-RMGen 875 {'base_context': 0.6286307275295258, 'temporal': 0.5197207033634186, 'weak_context': 0.4951956272125244, 'generated': 0.45763951539993286} [0.3141920417547226, 0.3965972438454628]
A-repaired-RMGen 900 {'base_context': 0.5467643141746521, 'temporal': 0.5603255182504654, 'weak_context': 0.44147324562072754, 'generated': 0.3048410713672638} [0.23985067754983902, 0.5225809924304485]
A-repaired-RMGen 925 {'base_context': 0.4376774728298187, 'temporal': 0.694300502538681, 'weak_context': 0.2334299087524414, 'generated': 0.3938470482826233} [0.20058809220790863, 0.8072351515293121]
A-repaired-RMGen 950 {'base_context': 0.34654686599969864, 'temporal': 0.5946936309337616, 'weak_context': 0.49416422843933105, 'generated': 0.19589054584503174} [0.614688029512763, 0.6821350157260895]
A-repaired-RMGen 975 {'base_context': 0.5033602565526962, 'temporal': 0.5617944598197937, 'weak_context': 0.4042384624481201, 'generated': 0.053837716579437256} [0.0889082532376051, 0.22377509623765945]
A-repaired-RMGen 1000 {'base_context': 0.3092784397304058, 'temporal': 0.6916457712650299, 'weak_context': 0.4942011833190918, 'generated': 0.3139062821865082} [0.17826233804225922, 0.37354177981615067]
A-repaired-RMGen 1025 {'base_context': 0.47297781705856323, 'temporal': 0.6490446925163269, 'weak_context': 0.2745416760444641, 'generated': 0.45717206597328186} [0.4632541239261627, 0.35379959642887115]
A-repaired-RMGen 1050 {'base_context': 0.6463963761925697, 'temporal': 0.646126925945282, 'weak_context': 0.6953842043876648, 'generated': 0.21859873831272125} [0.19971362501382828, 0.0963869234547019]
A-repaired-RMGen 1075 {'base_context': 0.38814157247543335, 'temporal': 0.5814942121505737, 'weak_context': 0.5574788451194763, 'generated': 0.2311369925737381} [0.13086021319031715, 0.6636532843112946]
A-repaired-RMGen 1100 {'base_context': 0.46024669893085957, 'temporal': 0.46701639890670776, 'weak_context': 0.259397953748703, 'generated': 0.403847336769104} [0.25010908395051956, 0.5071950554847717]
A-repaired-RMGen 1125 {'base_context': 0.34957367926836014, 'temporal': 0.6993580460548401, 'weak_context': 1.0378977060317993, 'generated': 0.6283512711524963} [0.11666724644601345, 0.5411388445645571]
A-repaired-RMGen 1150 {'base_context': 0.2675500586628914, 'temporal': 0.666363537311554, 'weak_context': 0.6786733865737915, 'generated': 0.3683329224586487} [0.6156945154070854, 0.2963297162204981]
A-repaired-RMGen 1175 {'base_context': 0.195826746057719, 'temporal': 0.6191173195838928, 'weak_context': 0.17510439455509186, 'generated': 0.9441192150115967} [0.19061530171893537, 0.18450724333524704]
A-repaired-RMGen 1200 {'base_context': 0.28251343220472336, 'temporal': 0.5807926952838898, 'weak_context': 0.39229291677474976, 'generated': 0.5204763412475586} [0.8902072012424469, 0.2135382778942585]
A-repaired-RMGen 1225 {'base_context': 0.24438197910785675, 'temporal': 0.6644796431064606, 'weak_context': 0.6529253721237183, 'generated': 0.4690585732460022} [0.6590982303023338, 0.23932412266731262]
A-repaired-RMGen 1250 {'base_context': 0.2438616743311286, 'temporal': 0.43701232969760895, 'weak_context': 0.45273953676223755, 'generated': 0.910983681678772} [0.09798748791217804, 0.39416835829615593]
A-repaired-RMGen 1275 {'base_context': 0.3115922063589096, 'temporal': 0.618712842464447, 'weak_context': 0.4577532112598419, 'generated': 0.5586494207382202} [0.25560614466667175, 0.39746803045272827]
A-repaired-RMGen 1300 {'base_context': 0.3170027323067188, 'temporal': 0.6795286238193512, 'weak_context': 0.4485134780406952, 'generated': 0.07026626169681549} [0.3387701250612736, 0.4274035096168518]
A-repaired-RMGen 1325 {'base_context': 0.2403377927839756, 'temporal': 0.6703595221042633, 'weak_context': 0.17594876885414124, 'generated': 0.384002685546875} [0.33120086789131165, 0.2885430343449116]
A-repaired-RMGen 1350 {'base_context': 0.24624313414096832, 'temporal': 0.6213458478450775, 'weak_context': 0.5652488470077515, 'generated': 0.23117056488990784} [0.332693412899971, 0.8131460696458817]
A-repaired-RMGen 1375 {'base_context': 0.3673646152019501, 'temporal': 0.6735352128744125, 'weak_context': 0.42335206270217896, 'generated': 0.20049023628234863} [0.194081898778677, 0.6139001101255417]
A-repaired-RMGen 1400 {'base_context': 0.15294353291392326, 'temporal': 0.6677212715148926, 'weak_context': 0.9627537131309509, 'generated': 0.23203045129776} [0.547384712845087, 0.2780037261545658]
A-repaired-RMGen 1425 {'base_context': 0.165257609449327, 'temporal': 0.6174009144306183, 'weak_context': 0.7330813407897949, 'generated': 0.2730361819267273} [0.9430140256881714, 0.2839198112487793]
A-repaired-RMGen 1450 {'base_context': 0.23671857733279467, 'temporal': 0.5542289912700653, 'weak_context': 0.4378330409526825, 'generated': 0.5607624053955078} [0.3500641770660877, 0.36799027398228645]
A-repaired-RMGen 1475 {'base_context': 0.22874709591269493, 'temporal': 0.4858320504426956, 'weak_context': 1.5743024349212646, 'generated': 0.5069183707237244} [0.33608127385377884, 0.2629636749625206]
A-repaired-RMGen 1500 {'base_context': 0.09240560373291373, 'temporal': 0.6520392596721649, 'weak_context': 0.4047044813632965, 'generated': 0.1142967939376831} [0.16083256900310516, 0.6432665586471558]
A-repaired-RMGen 1525 {'base_context': 0.21435641683638096, 'temporal': 0.49053263664245605, 'weak_context': 0.1430235207080841, 'generated': 0.3197561502456665} [0.4192648380994797, 0.18986033275723457]
A-repaired-RMGen 1550 {'base_context': 0.1392733547836542, 'temporal': 0.6429083049297333, 'weak_context': 0.34984999895095825, 'generated': 0.8987349271774292} [0.13935986906290054, 0.24860191391780972]
A-repaired-RMGen 1575 {'base_context': 0.25807508174329996, 'temporal': 0.532063752412796, 'weak_context': 0.3092164993286133, 'generated': 0.37683743238449097} [0.04793508490547538, 0.31652937084436417]
A-repaired-RMGen 1600 {'base_context': 0.10763055505231023, 'temporal': 0.5035629570484161, 'weak_context': 2.374912977218628, 'generated': 0.5997093915939331} [0.14725423231720924, 0.4319491535425186]
A-repaired-RMGen 1625 {'base_context': 0.09023776126559824, 'temporal': 0.4850046932697296, 'weak_context': 0.010518863797187805, 'generated': 0.10955671221017838} [0.3303064778447151, 0.4071437790989876]
A-repaired-RMGen 1650 {'base_context': 0.3690385948866606, 'temporal': 0.48383672535419464, 'weak_context': 0.41755151748657227, 'generated': 0.11240530014038086} [0.46615244448184967, 0.38468400202691555]
A-repaired-RMGen 1675 {'base_context': 0.023285437375307083, 'temporal': 0.8312958776950836, 'weak_context': 0.10903149843215942, 'generated': 0.10781089961528778} [0.2631664276123047, 0.22328436374664307]
A-repaired-RMGen 1700 {'base_context': 0.06788907805457711, 'temporal': 0.4926477372646332, 'weak_context': 0.33743053674697876, 'generated': 0.4045870304107666} [0.6569775603711605, 0.24008013680577278]
A-repaired-RMGen 1725 {'base_context': 0.03273267485201359, 'temporal': 0.6411661803722382, 'weak_context': 1.0067379474639893, 'generated': 0.5471662282943726} [0.12614833936095238, 1.2083298563957214]
A-repaired-RMGen 1750 {'base_context': 0.30496326042339206, 'temporal': 0.7767018973827362, 'weak_context': 1.7187906503677368, 'generated': 0.16821163892745972} [0.2623737007379532, 0.6262105107307434]
A-repaired-RMGen 1775 {'base_context': 0.17295937705785036, 'temporal': 0.4590805768966675, 'weak_context': 0.3637554347515106, 'generated': 0.1932167112827301} [0.18750564754009247, 0.6001347303390503]
A-repaired-RMGen 1800 {'base_context': 0.10919296834617853, 'temporal': 0.6475326120853424, 'weak_context': 0.2424154281616211, 'generated': 0.7923089265823364} [0.24112736247479916, 0.4493771493434906]
A-repaired-RMGen 1825 {'base_context': 0.13750253058969975, 'temporal': 0.35977015644311905, 'weak_context': 0.6276943683624268, 'generated': 0.1671387255191803} [0.09736636932939291, 0.560231626033783]
A-repaired-RMGen 1850 {'base_context': 0.12588736414909363, 'temporal': 0.4011129289865494, 'weak_context': 1.0586793422698975, 'generated': 0.4822092652320862} [0.981210321187973, 0.09683320485055447]
A-repaired-RMGen 1875 {'base_context': 0.24843463022261858, 'temporal': 0.4785160422325134, 'weak_context': 0.527813732624054, 'generated': 0.16303032636642456} [0.23127685021609068, 0.5067267343401909]
A-repaired-RMGen 1900 {'base_context': 0.22532753832638264, 'temporal': 0.2966441959142685, 'weak_context': 0.11446790397167206, 'generated': 0.6780681610107422} [0.09991554915904999, 0.9042061567306519]
A-repaired-RMGen 1925 {'base_context': 0.15390209411270916, 'temporal': 0.584630697965622, 'weak_context': 0.1400754451751709, 'generated': 0.48624029755592346} [0.2500642240047455, 0.2836939338594675]
A-repaired-RMGen 1950 {'base_context': 0.11565741593949497, 'temporal': 0.44274425506591797, 'weak_context': 0.30039602518081665, 'generated': 0.2598266303539276} [0.4244217574596405, 0.39585764706134796]
A-repaired-RMGen 1975 {'base_context': 0.04577878839336336, 'temporal': 0.4867415130138397, 'weak_context': 0.023681286722421646, 'generated': 0.16780124604701996} [0.26811037957668304, 0.6625413149595261]
A-repaired-RMGen 2000 {'base_context': 0.15557433245703578, 'temporal': 0.5108971893787384, 'weak_context': 0.8951495289802551, 'generated': 0.037515655159950256} [0.38365867733955383, 0.13141286931931973]
A-repaired-RMGen 2025 {'base_context': 0.24463438242673874, 'temporal': 0.37236182391643524, 'weak_context': 0.3519238233566284, 'generated': 0.12298017740249634} [0.7002430334687233, 0.7212587893009186]
A-repaired-RMGen 2050 {'base_context': 0.026103990618139505, 'temporal': 0.2050899714231491, 'weak_context': 0.5029461979866028, 'generated': 0.39490261673927307} [0.5411132350564003, 0.7448005974292755]
A-repaired-RMGen 2075 {'base_context': 0.0530137219466269, 'temporal': 0.3071296364068985, 'weak_context': 0.3773007392883301, 'generated': 1.0313857793807983} [0.7318980991840363, 0.20727092772722244]
A-repaired-RMGen 2100 {'base_context': 0.06674148805905133, 'temporal': 0.5405548512935638, 'weak_context': 0.7975009679794312, 'generated': 0.3847072720527649} [0.4055830091238022, 0.6606356799602509]
A-repaired-RMGen 2125 {'base_context': 0.10421236231923103, 'temporal': 0.5171534270048141, 'weak_context': 0.15927951037883759, 'generated': 0.24354836344718933} [0.30610327422618866, 0.2303096503019333]
A-repaired-RMGen 2150 {'base_context': 0.21374299563467503, 'temporal': 0.5593529939651489, 'weak_context': 0.22847071290016174, 'generated': 0.05019519850611687} [0.250322550535202, 0.5461119115352631]
A-repaired-RMGen 2175 {'base_context': 0.042510777711868286, 'temporal': 0.7007519602775574, 'weak_context': 0.14866146445274353, 'generated': 0.6412001252174377} [1.3298434019088745, 0.8875511884689331]
A-repaired-RMGen 2200 {'base_context': 0.19312414643354714, 'temporal': 0.5802164226770401, 'weak_context': 0.11772917211055756, 'generated': 0.16231891512870789} [0.2170974314212799, 0.13274119049310684]
A-repaired-RMGen 2225 {'base_context': 0.0659615759504959, 'temporal': 0.435153067111969, 'weak_context': 0.06370005011558533, 'generated': 0.02127029001712799} [0.32819423638284206, 0.230701744556427]
A-repaired-RMGen 2250 {'base_context': 0.14574828511103988, 'temporal': 0.53879015147686, 'weak_context': 0.48419302701950073, 'generated': 0.0022415751591324806} [0.0909405667334795, 0.4378393441438675]
A-repaired-RMGen 2275 {'base_context': 0.054335242602974176, 'temporal': 0.28102757036685944, 'weak_context': 0.8177444934844971, 'generated': 1.027159571647644} [0.4051559120416641, 0.06833801418542862]
A-repaired-RMGen 2300 {'base_context': 0.006099377853388432, 'temporal': 0.21938057988882065, 'weak_context': 0.06243608891963959, 'generated': 0.12259481847286224} [0.9070606380701065, 0.2569919601082802]
A-repaired-RMGen 2325 {'base_context': 0.08963941311230883, 'temporal': 0.6503922045230865, 'weak_context': 0.30582064390182495, 'generated': 0.27579283714294434} [0.1400884035974741, 0.35044923424720764]
A-repaired-RMGen 2350 {'base_context': 0.1999105931026861, 'temporal': 0.43690158426761627, 'weak_context': 0.05616641789674759, 'generated': 0.029873669147491455} [1.0328929424285889, 0.7133791446685791]
A-repaired-RMGen 2375 {'base_context': 0.05769168573897332, 'temporal': 0.33575424551963806, 'weak_context': 0.3089224398136139, 'generated': 0.3581992983818054} [1.285072684288025, 0.84959776699543]
A-repaired-RMGen 2400 {'base_context': 0.022543604398379102, 'temporal': 0.34922951459884644, 'weak_context': 0.512200117111206, 'generated': 0.18122704327106476} [0.32780924439430237, 0.2619691789150238]
A-repaired-RMGen 2425 {'base_context': 0.020744787994772196, 'temporal': 0.4612974524497986, 'weak_context': 0.2570849657058716, 'generated': 0.14603780210018158} [0.3354686200618744, 0.07527041435241699]
A-repaired-RMGen 2450 {'base_context': 0.04267456312663853, 'temporal': 0.4232484996318817, 'weak_context': 0.27650389075279236, 'generated': 0.8717523813247681} [0.38552701473236084, 0.6950184106826782]
A-repaired-RMGen 2475 {'base_context': 0.06456191698816838, 'temporal': 0.2721652165055275, 'weak_context': 0.05957437679171562, 'generated': 0.16191518306732178} [0.1530236452817917, 0.7810595035552979]
A-repaired-RMGen 2500 {'base_context': 0.01280920417048037, 'temporal': 0.38207755982875824, 'weak_context': 0.09993823617696762, 'generated': 0.09298817068338394} [0.16293549723923206, 0.8122671544551849]
A-repaired-RMGen 2525 {'base_context': 0.05421625846065581, 'temporal': 0.277413547039032, 'weak_context': 0.09363040328025818, 'generated': 0.1471700221300125} [0.4264846295118332, 0.6235182033851743]
A-repaired-RMGen 2550 {'base_context': 0.015601756000251044, 'temporal': 0.33354929834604263, 'weak_context': 1.2715754508972168, 'generated': 0.13742782175540924} [0.54207444190979, 0.18317962437868118]
A-repaired-RMGen 2575 {'base_context': 0.014805221173446625, 'temporal': 0.5910547971725464, 'weak_context': 0.025767454877495766, 'generated': 0.5306625366210938} [0.3341318443417549, 0.41904449462890625]
A-repaired-RMGen 2600 {'base_context': 0.11437919270247221, 'temporal': 0.6078440696001053, 'weak_context': 0.3699522912502289, 'generated': 0.32017773389816284} [0.33272938430309296, 0.2390292063355446]
A-repaired-RMGen 2625 {'base_context': 0.08300205622799695, 'temporal': 0.4386567622423172, 'weak_context': 0.03127569332718849, 'generated': 0.26381224393844604} [0.2772771269083023, 0.9536294788122177]
A-repaired-RMGen 2650 {'base_context': 0.13966484868433326, 'temporal': 0.35750700533390045, 'weak_context': 0.6612287163734436, 'generated': 0.013621747493743896} [1.0038454569876194, 0.9780967831611633]
A-repaired-RMGen 2675 {'base_context': 0.015010453727882123, 'temporal': 0.25900161266326904, 'weak_context': 0.6376359462738037, 'generated': 0.684642493724823} [0.24160021543502808, 0.5691487342119217]
A-repaired-RMGen 2700 {'base_context': 0.06951019355619792, 'temporal': 0.12102960608899593, 'weak_context': 0.08162550628185272, 'generated': 0.0046794721856713295} [0.18264887481927872, 0.9053087532520294]
A-repaired-RMGen 2725 {'base_context': 0.009360716154333204, 'temporal': 0.499894455075264, 'weak_context': 0.021042821928858757, 'generated': 0.2748064398765564} [0.24156787618994713, 0.6584013402462006]
A-repaired-RMGen 2750 {'base_context': 0.03411753475666046, 'temporal': 0.24801187962293625, 'weak_context': 0.13653917610645294, 'generated': 0.3993006646633148} [0.9581686556339264, 0.2644289433956146]
A-repaired-RMGen 2775 {'base_context': 0.024312984314747155, 'temporal': 0.49839641712605953, 'weak_context': 0.022957108914852142, 'generated': 0.044177182018756866} [0.11442586220800877, 0.5165975689888]
A-repaired-RMGen 2800 {'base_context': 0.057732002111151814, 'temporal': 0.8984228372573853, 'weak_context': 0.055764373391866684, 'generated': 0.13993485271930695} [0.6108070611953735, 0.6181095689535141]
A-repaired-RMGen 2825 {'base_context': 0.08559699534089305, 'temporal': 0.503755047917366, 'weak_context': 0.19423696398735046, 'generated': 0.07483886927366257} [0.36966077983379364, 0.35250434279441833]
A-repaired-RMGen 2850 {'base_context': 0.01466168783372268, 'temporal': 0.34062713384628296, 'weak_context': 0.07366228848695755, 'generated': 0.10634630173444748} [0.6105053946375847, 0.43714235723018646]
A-repaired-RMGen 2875 {'base_context': 0.05222629033960402, 'temporal': 0.2333834022283554, 'weak_context': 0.1462036818265915, 'generated': 0.002532768761739135} [0.1805385984480381, 0.39505448937416077]
A-repaired-RMGen 2900 {'base_context': 0.14172018831595778, 'temporal': 0.185218108817935, 'weak_context': 0.0010255397064611316, 'generated': 1.0023131370544434} [0.4987783804535866, 0.5901142209768295]
A-repaired-RMGen 2925 {'base_context': 0.02433489970280789, 'temporal': 0.2975991740822792, 'weak_context': 0.6222732663154602, 'generated': 0.037171803414821625} [0.28429020941257477, 0.9734445810317993]
A-repaired-RMGen 2950 {'base_context': 0.04485252426457009, 'temporal': 0.5268249958753586, 'weak_context': 0.13281752169132233, 'generated': 1.2327641248703003} [0.2894826605916023, 0.32206327468156815]
A-repaired-RMGen 2975 {'base_context': 0.04928178964291874, 'temporal': 0.35636213421821594, 'weak_context': 0.1802775263786316, 'generated': 0.00761282816529274} [0.45084746181964874, 0.50361168384552]
A-repaired-RMGen 3000 {'base_context': 0.018051842431304976, 'temporal': 0.5813613533973694, 'weak_context': 0.5287899374961853, 'generated': 0.02555304393172264} [0.5198725759983063, 0.08839860185980797]
A-repaired-RMGen 3025 {'base_context': 0.021678725199308246, 'temporal': 0.5929632037878036, 'weak_context': 0.011246266774833202, 'generated': 0.10802213847637177} [1.101117491722107, 0.5211533010005951]
A-repaired-RMGen 3050 {'base_context': 0.033895713509991765, 'temporal': 0.5663945525884628, 'weak_context': 0.016139991581439972, 'generated': 0.9492939710617065} [0.26985402405261993, 0.4289357662200928]
A-repaired-RMGen 3075 {'base_context': 0.14354967986582778, 'temporal': 0.37266357988119125, 'weak_context': 0.013010786846280098, 'generated': 0.3245263993740082} [0.2236822210252285, 0.22016963362693787]
A-repaired-RMGen 3100 {'base_context': 0.03982782596722245, 'temporal': 0.37441249191761017, 'weak_context': 0.07080847769975662, 'generated': 0.17311358451843262} [0.14316068962216377, 0.2569820135831833]
A-repaired-RMGen 3125 {'base_context': 0.1011924187605473, 'temporal': 0.14038659259676933, 'weak_context': 0.023837309330701828, 'generated': 0.02282063290476799} [0.43145928904414177, 0.5522920340299606]
A-repaired-RMGen 3150 {'base_context': 0.00728279646136798, 'temporal': 0.132144283503294, 'weak_context': 0.0006029643700458109, 'generated': 0.2108011543750763} [0.259581558406353, 0.668891578912735]
A-repaired-RMGen 3175 {'base_context': 0.023704752326011658, 'temporal': 0.2864643931388855, 'weak_context': 1.3026278018951416, 'generated': 0.26623156666755676} [0.15696141123771667, 0.7541723400354385]
A-repaired-RMGen 3200 {'base_context': 0.0072447200800525025, 'temporal': 0.19040095061063766, 'weak_context': 0.01398497261106968, 'generated': 0.003954574465751648} [0.24578822404146194, 0.2600759044289589]
A-repaired-RMGen 3225 {'base_context': 0.06806071463870467, 'temporal': 0.5310405194759369, 'weak_context': 0.0029967438895255327, 'generated': 0.13493141531944275} [0.5165747851133347, 0.8526414632797241]
A-repaired-RMGen 3250 {'base_context': 0.0019058113975916058, 'temporal': 0.2791391499340534, 'weak_context': 0.37101009488105774, 'generated': 0.004055649507790804} [1.3021225333213806, 0.4709208458662033]
A-repaired-RMGen 3275 {'base_context': 0.012928592282605678, 'temporal': 0.09661673195660114, 'weak_context': 0.06112848222255707, 'generated': 0.009743787348270416} [0.12562010437250137, 0.24084897339344025]
A-repaired-RMGen 3300 {'base_context': 0.05311550680198707, 'temporal': 0.5779871642589569, 'weak_context': 0.8837121725082397, 'generated': 1.1286224126815796} [0.21871131658554077, 0.40865276753902435]
A-repaired-RMGen 3325 {'base_context': 0.11423133593052626, 'temporal': 0.21237672865390778, 'weak_context': 0.001419319654814899, 'generated': 0.036153484135866165} [0.9112028852105141, 0.3109578415751457]
A-repaired-RMGen 3350 {'base_context': 0.0037679572124034166, 'temporal': 0.39797867834568024, 'weak_context': 0.03729820251464844, 'generated': 0.25062739849090576} [0.1953827142715454, 0.3436809405684471]
A-repaired-RMGen 3375 {'base_context': 0.004594412283040583, 'temporal': 0.3765963651239872, 'weak_context': 0.03685314208269119, 'generated': 0.075111985206604} [0.14816080033779144, 0.1977778896689415]
A-repaired-RMGen 3400 {'base_context': 0.012620582805539016, 'temporal': 0.1689040306955576, 'weak_context': 0.7046450972557068, 'generated': 0.15846027433872223} [0.5773917138576508, 0.09394828788936138]
A-repaired-RMGen 3425 {'base_context': 0.02385591711572488, 'temporal': 0.4320913031697273, 'weak_context': 0.057949941605329514, 'generated': 0.4534050226211548} [0.30795685946941376, 0.5801005512475967]
A-repaired-RMGen 3450 {'base_context': 0.004461714449917054, 'temporal': 0.1061258502304554, 'weak_context': 0.527331531047821, 'generated': 0.00892963632941246} [0.44460225105285645, 0.3477584198117256]
A-repaired-RMGen 3475 {'base_context': 0.0011279885948169976, 'temporal': 0.4019124358892441, 'weak_context': 0.25473135709762573, 'generated': 0.0033704168163239956} [0.08106603473424911, 0.7357909977436066]
A-repaired-RMGen 3500 {'base_context': 0.001338622913067411, 'temporal': 0.06487199664115906, 'weak_context': 0.5056933164596558, 'generated': 0.008667315356433392} [0.12434779293835163, 0.4765411615371704]
A-repaired-RMGen 3525 {'base_context': 0.018455133656971157, 'temporal': 0.10158779285848141, 'weak_context': 0.5405625104904175, 'generated': 0.9050708413124084} [0.09729356318712234, 0.3357885479927063]
A-repaired-RMGen 3550 {'base_context': 0.03787571549764834, 'temporal': 0.3158744126558304, 'weak_context': 0.009274227544665337, 'generated': 0.006560558918863535} [0.12370571121573448, 0.22483927756547928]
A-repaired-RMGen 3575 {'base_context': 0.04356419248506427, 'temporal': 0.18878947477787733, 'weak_context': 0.09735850989818573, 'generated': 0.08774273842573166} [0.17900123447179794, 0.2609810698777437]
A-repaired-RMGen 3600 {'base_context': 0.005756395228672773, 'temporal': 0.20824933052062988, 'weak_context': 0.03246593475341797, 'generated': 0.11785060167312622} [0.28589819371700287, 0.53719162940979]
A-repaired-RMGen 3625 {'base_context': 0.030129172599117737, 'temporal': 0.03744210582226515, 'weak_context': 0.03604647517204285, 'generated': 0.12475534528493881} [0.7007698118686676, 0.6119480431079865]
A-repaired-RMGen 3650 {'base_context': 0.0014357126965478528, 'temporal': 0.135689839720726, 'weak_context': 1.4196795225143433, 'generated': 0.5283312797546387} [0.44623003900051117, 0.23184508085250854]
A-repaired-RMGen 3675 {'base_context': 0.00755956384819001, 'temporal': 0.2602901756763458, 'weak_context': 0.0054928818717598915, 'generated': 0.0999908521771431} [0.22362850606441498, 0.9241560101509094]
A-repaired-RMGen 3700 {'base_context': 0.030840441962936893, 'temporal': 0.24408552050590515, 'weak_context': 0.0033373429905623198, 'generated': 0.13650885224342346} [0.7318830788135529, 0.3710026852786541]
A-repaired-RMGen 3725 {'base_context': 0.0010659313993528485, 'temporal': 0.12877831608057022, 'weak_context': 0.006406297441571951, 'generated': 0.01019933819770813} [0.19653340429067612, 0.5606910586357117]
A-repaired-RMGen 3750 {'base_context': 0.0026202668668702245, 'temporal': 0.43996138870716095, 'weak_context': 0.14317502081394196, 'generated': 0.0004108876164536923} [0.20374929904937744, 0.38611288368701935]
A-repaired-RMGen 3775 {'base_context': 0.0128185692592524, 'temporal': 0.07619178667664528, 'weak_context': 0.12097577005624771, 'generated': 0.06355525553226471} [0.2099766880273819, 0.44344306737184525]
A-repaired-RMGen 3800 {'base_context': 0.009342744568130001, 'temporal': 0.28231728821992874, 'weak_context': 0.008747200481593609, 'generated': 0.4528321325778961} [0.5330241229385138, 0.2510694731026888]
A-repaired-RMGen 3825 {'base_context': 0.014194536535796942, 'temporal': 0.2856915146112442, 'weak_context': 0.012924394570291042, 'generated': 0.06668004393577576} [0.31056998670101166, 0.15238883346319199]
A-repaired-RMGen 3850 {'base_context': 0.006374691118253395, 'temporal': 0.4383869469165802, 'weak_context': 0.006535605527460575, 'generated': 0.10266875475645065} [0.37268759310245514, 0.8363703936338425]
A-repaired-RMGen 3875 {'base_context': 0.002907799411900669, 'temporal': 0.4222124069929123, 'weak_context': 0.0020650161895900965, 'generated': 0.00020119381952099502} [0.44940557703375816, 0.5197287499904633]
A-repaired-RMGen 3900 {'base_context': 0.010476634342921898, 'temporal': 0.1239231750369072, 'weak_context': 0.05121409893035889, 'generated': 0.041553352028131485} [0.325916051864624, 0.20199578255414963]
A-repaired-RMGen 3925 {'base_context': 0.0075793042979057645, 'temporal': 0.05880512110888958, 'weak_context': 0.2400374710559845, 'generated': 2.0488407611846924} [0.8236939162015915, 0.33910900354385376]
A-repaired-RMGen 3950 {'base_context': 0.019056562671721622, 'temporal': 0.22773417830467224, 'weak_context': 0.07259412854909897, 'generated': 0.13181179761886597} [0.39485234394669533, 0.10113299265503883]
A-repaired-RMGen 3975 {'base_context': 0.09383325527596753, 'temporal': 0.4288628548383713, 'weak_context': 0.001448676222935319, 'generated': 0.18494467437267303} [0.18471170589327812, 0.685448095202446]
A-repaired-RMGen 4000 {'base_context': 0.006907179407789954, 'temporal': 0.18921232223510742, 'weak_context': 0.3319600224494934, 'generated': 0.8639585375785828} [0.06669769994914532, 0.7648820020258427]
