B-quality-heads 1 {'base_context': 0.6941285878419876, 'temporal': 0.6906653940677643, 'weak_context': 0.6791061162948608, 'generated': 0.6931197643280029} [0.39179863035678864, 0.4174289293587208]
B-quality-heads 25 {'base_context': 0.6888445615768433, 'temporal': 0.6940297484397888, 'weak_context': 0.6894354820251465, 'generated': 0.7016439437866211} [0.4626750499010086, 0.2640890032052994]
B-quality-heads 50 {'base_context': 0.6950564533472061, 'temporal': 0.6986205279827118, 'weak_context': 0.654064416885376, 'generated': 0.7756091356277466} [0.5038531273603439, 0.3963901102542877]
B-quality-heads 75 {'base_context': 0.7336959689855576, 'temporal': 0.691961795091629, 'weak_context': 0.633751392364502, 'generated': 0.6391918659210205} [0.624295711517334, 0.20613998174667358]
B-quality-heads 100 {'base_context': 0.7168278694152832, 'temporal': 0.6931353509426117, 'weak_context': 0.6813411116600037, 'generated': 0.8425540924072266} [0.5611100420355797, 0.1214403361082077]
B-quality-heads 125 {'base_context': 0.732659786939621, 'temporal': 0.6998305022716522, 'weak_context': 0.5641754865646362, 'generated': 0.7913172245025635} [0.177244633436203, 0.21524712443351746]
B-quality-heads 150 {'base_context': 0.6869160532951355, 'temporal': 0.6890871524810791, 'weak_context': 0.6575549244880676, 'generated': 0.7350435853004456} [0.11407114565372467, 0.6331409811973572]
B-quality-heads 175 {'base_context': 0.6835030913352966, 'temporal': 0.6946316957473755, 'weak_context': 0.6579465866088867, 'generated': 0.5461680889129639} [0.0502513637766242, 0.041767614893615246]
B-quality-heads 200 {'base_context': 0.6784501075744629, 'temporal': 0.658178299665451, 'weak_context': 0.6754230856895447, 'generated': 0.6345281600952148} [0.3530561774969101, 0.42009058594703674]
B-quality-heads 225 {'base_context': 0.6560750901699066, 'temporal': 0.6675733923912048, 'weak_context': 0.6813971400260925, 'generated': 0.6558288335800171} [1.1706730127334595, 0.3609578013420105]
B-quality-heads 250 {'base_context': 0.8026766628026962, 'temporal': 0.6283683180809021, 'weak_context': 0.6007397174835205, 'generated': 0.7146958112716675} [0.15457634814083576, 0.3922997824847698]
B-quality-heads 275 {'base_context': 0.7262371182441711, 'temporal': 0.7372285723686218, 'weak_context': 0.5949183702468872, 'generated': 0.631633996963501} [0.4079806860536337, 0.05616666190326214]
B-quality-heads 300 {'base_context': 0.6767762154340744, 'temporal': 0.6815464496612549, 'weak_context': 0.5954155921936035, 'generated': 0.8342491388320923} [0.11314950883388519, 0.20689664781093597]
B-quality-heads 325 {'base_context': 0.706655278801918, 'temporal': 0.6858012080192566, 'weak_context': 0.746886670589447, 'generated': 0.6934738755226135} [0.22054006159305573, 0.24411846697330475]
B-quality-heads 350 {'base_context': 0.7607872188091278, 'temporal': 0.6836845278739929, 'weak_context': 0.546711266040802, 'generated': 0.7331730127334595} [0.14465071260929108, 0.21407680213451385]
B-quality-heads 375 {'base_context': 0.5806129574775696, 'temporal': 0.6939719915390015, 'weak_context': 0.733383059501648, 'generated': 0.461577445268631} [0.4425225593149662, 0.24796142429113388]
B-quality-heads 400 {'base_context': 0.6282412558794022, 'temporal': 0.6962202787399292, 'weak_context': 0.67806476354599, 'generated': 0.6304932832717896} [0.6529817581176758, 0.31369079649448395]
B-quality-heads 425 {'base_context': 0.6797473430633545, 'temporal': 0.7129177153110504, 'weak_context': 0.9400060772895813, 'generated': 0.7453628778457642} [0.32950093410909176, 0.46084530651569366]
B-quality-heads 450 {'base_context': 0.6328968778252602, 'temporal': 0.5991703867912292, 'weak_context': 0.36284562945365906, 'generated': 0.669718861579895} [0.1789039820432663, 0.3934621959924698]
B-quality-heads 475 {'base_context': 0.7044414430856705, 'temporal': 0.7564966082572937, 'weak_context': 0.7085391879081726, 'generated': 0.8173971176147461} [0.12015325203537941, 0.49030790477991104]
B-quality-heads 500 {'base_context': 0.4958769977092743, 'temporal': 0.5812471359968185, 'weak_context': 0.9391933083534241, 'generated': 0.3231467604637146} [0.23189101368188858, 0.13816122710704803]
B-quality-heads 525 {'base_context': 0.833007887005806, 'temporal': 0.6139205694198608, 'weak_context': 0.87222820520401, 'generated': 0.6464414000511169} [0.1722395345568657, 0.7715918868780136]
B-quality-heads 550 {'base_context': 0.4327490031719208, 'temporal': 0.6422564387321472, 'weak_context': 0.5496446490287781, 'generated': 0.558458685874939} [0.48482370376586914, 0.14878404140472412]
B-quality-heads 575 {'base_context': 0.5091025307774544, 'temporal': 0.7329896092414856, 'weak_context': 0.9189943671226501, 'generated': 0.5081297755241394} [0.18322700820863247, 0.2096249982714653]
B-quality-heads 600 {'base_context': 0.44788113981485367, 'temporal': 0.6804966926574707, 'weak_context': 0.5771303176879883, 'generated': 0.6799660921096802} [0.25042789056897163, 0.02520907763391733]
B-quality-heads 625 {'base_context': 0.47511716187000275, 'temporal': 0.6759030818939209, 'weak_context': 1.104032278060913, 'generated': 0.470885694026947} [0.08314411714673042, 0.6104035079479218]
B-quality-heads 650 {'base_context': 0.445248581469059, 'temporal': 0.6920741498470306, 'weak_context': 1.6561554670333862, 'generated': 0.33266568183898926} [0.15185357257723808, 0.22591642290353775]
B-quality-heads 675 {'base_context': 0.45220018923282623, 'temporal': 0.6768538653850555, 'weak_context': 0.5350226163864136, 'generated': 0.6314572095870972} [0.25181199982762337, 0.13142457650974393]
B-quality-heads 700 {'base_context': 0.7542284205555916, 'temporal': 0.6325279176235199, 'weak_context': 1.2132327556610107, 'generated': 0.4645763039588928} [0.05499627348035574, 0.08690626174211502]
B-quality-heads 725 {'base_context': 0.40078262239694595, 'temporal': 0.7159694135189056, 'weak_context': 0.7225362658500671, 'generated': 0.42508843541145325} [0.3140164092183113, 0.1971571370959282]
B-quality-heads 750 {'base_context': 0.2797162365168333, 'temporal': 0.6926096081733704, 'weak_context': 1.282875657081604, 'generated': 0.5729120969772339} [0.08294603228569031, 0.5290762633085251]
B-quality-heads 775 {'base_context': 0.543451800942421, 'temporal': 0.7351506352424622, 'weak_context': 0.46360206604003906, 'generated': 0.3697519302368164} [0.07056684046983719, 0.36273641884326935]
B-quality-heads 800 {'base_context': 0.38669171184301376, 'temporal': 0.6454428732395172, 'weak_context': 0.9359663128852844, 'generated': 0.7800167798995972} [0.09576010704040527, 0.41615602374076843]
B-quality-heads 825 {'base_context': 0.5510099120438099, 'temporal': 0.6907841265201569, 'weak_context': 0.8096928596496582, 'generated': 0.7158759236335754} [0.1407199203968048, 0.21115074306726456]
B-quality-heads 850 {'base_context': 0.4165959991514683, 'temporal': 0.7630817294120789, 'weak_context': 0.623346209526062, 'generated': 0.5257943868637085} [0.08139108866453171, 0.2265321332961321]
B-quality-heads 875 {'base_context': 0.5182502269744873, 'temporal': 0.6204997897148132, 'weak_context': 0.35231542587280273, 'generated': 0.25799787044525146} [0.09110700711607933, 0.1791662871837616]
B-quality-heads 900 {'base_context': 0.34475257992744446, 'temporal': 0.5684838891029358, 'weak_context': 0.43990927934646606, 'generated': 0.38771122694015503} [0.07956884242594242, 0.41650248412042856]
B-quality-heads 925 {'base_context': 0.318983256816864, 'temporal': 0.739278644323349, 'weak_context': 0.31034234166145325, 'generated': 0.19904987514019012} [0.24817011877894402, 0.19385014846920967]
B-quality-heads 950 {'base_context': 0.28739495389163494, 'temporal': 0.6002680659294128, 'weak_context': 0.40902307629585266, 'generated': 0.44067180156707764} [0.5127576165832579, 0.42283549904823303]
B-quality-heads 975 {'base_context': 0.26504065468907356, 'temporal': 0.4983229637145996, 'weak_context': 0.4587591886520386, 'generated': 0.09956281632184982} [0.08617696911096573, 0.30536261573433876]
B-quality-heads 1000 {'base_context': 0.23015355318784714, 'temporal': 0.6081565022468567, 'weak_context': 0.413114994764328, 'generated': 0.06811055541038513} [0.13006259500980377, 0.08844057843089104]
B-quality-heads 1025 {'base_context': 0.3986381031572819, 'temporal': 0.6644808650016785, 'weak_context': 0.5708271861076355, 'generated': 0.3480070233345032} [0.1273873969912529, 0.3216624930500984]
B-quality-heads 1050 {'base_context': 0.3334012031555176, 'temporal': 0.6629931181669235, 'weak_context': 0.5145686864852905, 'generated': 0.26886555552482605} [0.12025332823395729, 0.08677222393453121]
B-quality-heads 1075 {'base_context': 0.26581360772252083, 'temporal': 0.49886082112789154, 'weak_context': 0.5909289717674255, 'generated': 0.6342644691467285} [0.07150116749107838, 0.40607209131121635]
B-quality-heads 1100 {'base_context': 0.3277738196775317, 'temporal': 0.6413815021514893, 'weak_context': 0.4137634038925171, 'generated': 0.4567762017250061} [0.07107903156429529, 0.5470298174768686]
B-quality-heads 1125 {'base_context': 0.20095321908593178, 'temporal': 0.7280282378196716, 'weak_context': 0.8815504312515259, 'generated': 0.4705073833465576} [0.10242571495473385, 0.15942320600152016]
B-quality-heads 1150 {'base_context': 0.3421913981437683, 'temporal': 0.5917416214942932, 'weak_context': 0.7601398229598999, 'generated': 0.289293497800827} [0.42707913694903255, 0.16689564287662506]
B-quality-heads 1175 {'base_context': 0.29521327931433916, 'temporal': 0.6477926969528198, 'weak_context': 0.05497356504201889, 'generated': 1.0825461149215698} [0.1244332636706531, 0.07391950767487288]
B-quality-heads 1200 {'base_context': 0.13244801480323076, 'temporal': 0.5184789597988129, 'weak_context': 0.21459954977035522, 'generated': 0.21790888905525208} [0.2604794055223465, 0.09667178243398666]
B-quality-heads 1225 {'base_context': 0.10183806577697396, 'temporal': 0.5906243622303009, 'weak_context': 0.4025256037712097, 'generated': 0.6852257251739502} [0.1373179629445076, 0.14620935171842575]
B-quality-heads 1250 {'base_context': 0.20146193634718657, 'temporal': 0.4583790600299835, 'weak_context': 0.9975976347923279, 'generated': 0.5398654341697693} [0.06205553188920021, 0.18063639849424362]
B-quality-heads 1275 {'base_context': 0.17636649124324322, 'temporal': 0.6473872661590576, 'weak_context': 0.7606231570243835, 'generated': 0.7795054316520691} [0.18122944235801697, 0.07401982322335243]
B-quality-heads 1300 {'base_context': 0.1828362289816141, 'temporal': 0.692794680595398, 'weak_context': 0.104650117456913, 'generated': 0.3245996832847595} [0.06617401540279388, 0.1732175424695015]
B-quality-heads 1325 {'base_context': 0.12046013493090868, 'temporal': 0.6837536096572876, 'weak_context': 0.5779447555541992, 'generated': 0.48470890522003174} [0.4341137111186981, 0.07741690240800381]
B-quality-heads 1350 {'base_context': 0.11038717860355973, 'temporal': 0.6549240946769714, 'weak_context': 0.21493013203144073, 'generated': 0.31233638525009155} [0.3422202914953232, 0.33541449904441833]
B-quality-heads 1375 {'base_context': 0.29517173022031784, 'temporal': 0.7203277349472046, 'weak_context': 0.7423849701881409, 'generated': 0.3458746671676636} [0.05437185429036617, 0.3716386705636978]
B-quality-heads 1400 {'base_context': 0.10242497641593218, 'temporal': 0.6729439496994019, 'weak_context': 0.31816789507865906, 'generated': 0.13404417037963867} [0.1844576671719551, 0.27195149660110474]
B-quality-heads 1425 {'base_context': 0.09943112824112177, 'temporal': 0.7394790053367615, 'weak_context': 1.0768547058105469, 'generated': 0.3821035921573639} [0.1782958023250103, 0.040961261838674545]
B-quality-heads 1450 {'base_context': 0.17841075640171766, 'temporal': 0.5354374945163727, 'weak_context': 0.8251006007194519, 'generated': 0.9459846019744873} [0.07067729532718658, 0.10689546912908554]
B-quality-heads 1475 {'base_context': 0.35505022713914514, 'temporal': 0.5302832126617432, 'weak_context': 0.8098433017730713, 'generated': 0.3454718291759491} [0.30597328394651413, 0.16379552707076073]
B-quality-heads 1500 {'base_context': 0.06026529220980592, 'temporal': 0.5464671924710274, 'weak_context': 0.12400981038808823, 'generated': 0.18565191328525543} [0.10394419357180595, 0.0930801946669817]
B-quality-heads 1525 {'base_context': 0.14745144825428724, 'temporal': 0.4949919730424881, 'weak_context': 0.19975410401821136, 'generated': 0.490805447101593} [0.40653592348098755, 0.06362539529800415]
B-quality-heads 1550 {'base_context': 0.1561125312000513, 'temporal': 0.8815125524997711, 'weak_context': 0.2386930137872696, 'generated': 0.6820258498191833} [0.09083007276058197, 0.09461937472224236]
B-quality-heads 1575 {'base_context': 0.18840282876044512, 'temporal': 0.3803147077560425, 'weak_context': 0.3706178665161133, 'generated': 0.15020103752613068} [0.20341474190354347, 0.18881357088685036]
B-quality-heads 1600 {'base_context': 0.1173160276375711, 'temporal': 0.4551817923784256, 'weak_context': 1.1057941913604736, 'generated': 0.4203938841819763} [0.07612882717512548, 0.04934024251997471]
B-quality-heads 1625 {'base_context': 0.10159029846545309, 'temporal': 0.6231629848480225, 'weak_context': 0.02208755537867546, 'generated': 0.21620458364486694} [0.13782653212547302, 0.04586496949195862]
B-quality-heads 1650 {'base_context': 0.09151064045727253, 'temporal': 0.5872123092412949, 'weak_context': 0.11119420826435089, 'generated': 0.1504209041595459} [0.07622023299336433, 0.10085046105086803]
B-quality-heads 1675 {'base_context': 0.01990242989268154, 'temporal': 0.719973087310791, 'weak_context': 0.4766747057437897, 'generated': 0.12152792513370514} [0.1020920779556036, 0.23795699328184128]
B-quality-heads 1700 {'base_context': 0.039168505812995136, 'temporal': 0.6365075707435608, 'weak_context': 0.4212085008621216, 'generated': 0.17928723990917206} [0.2548503503203392, 0.07267283648252487]
B-quality-heads 1725 {'base_context': 0.055128118954598904, 'temporal': 0.5271405875682831, 'weak_context': 0.9876201152801514, 'generated': 0.28847721219062805} [0.07296636886894703, 0.7506309449672699]
B-quality-heads 1750 {'base_context': 0.12457426456967369, 'temporal': 0.5244513601064682, 'weak_context': 1.140457034111023, 'generated': 0.014541903510689735} [0.11811486631631851, 0.3512796312570572]
B-quality-heads 1775 {'base_context': 0.10196436592377722, 'temporal': 0.5420982986688614, 'weak_context': 0.5836266875267029, 'generated': 0.0907745212316513} [0.2038305178284645, 0.31730110198259354]
B-quality-heads 1800 {'base_context': 0.036391515750437975, 'temporal': 0.7159181237220764, 'weak_context': 0.13524454832077026, 'generated': 0.17499957978725433} [0.06231589731760323, 0.19958174973726273]
B-quality-heads 1825 {'base_context': 0.03878269577398896, 'temporal': 0.4417317658662796, 'weak_context': 0.5634634494781494, 'generated': 0.32512348890304565} [0.04020755831152201, 0.08917232230305672]
B-quality-heads 1850 {'base_context': 0.1053449185565114, 'temporal': 0.4136166200041771, 'weak_context': 1.156891107559204, 'generated': 0.2472570836544037} [0.3043128326535225, 0.1523376889526844]
B-quality-heads 1875 {'base_context': 0.11887195985764265, 'temporal': 0.6718602180480957, 'weak_context': 0.34592270851135254, 'generated': 0.5445641279220581} [0.18614001921378076, 0.16474655270576477]
B-quality-heads 1900 {'base_context': 0.1569749116897583, 'temporal': 0.5207033902406693, 'weak_context': 0.20479446649551392, 'generated': 0.20606088638305664} [0.22907273471355438, 0.11487516760826111]
B-quality-heads 1925 {'base_context': 0.05355394454090856, 'temporal': 0.6080250591039658, 'weak_context': 0.04434291273355484, 'generated': 0.09437636286020279} [0.32839398086071014, 0.08277961239218712]
B-quality-heads 1950 {'base_context': 0.06411521974951029, 'temporal': 0.549910768866539, 'weak_context': 0.777884304523468, 'generated': 2.0154805183410645} [0.2777237184345722, 0.08128482289612293]
B-quality-heads 1975 {'base_context': 0.007371058745775372, 'temporal': 0.6369898319244385, 'weak_context': 0.132990762591362, 'generated': 0.09570498019456863} [0.37748248130083084, 0.32394422590732574]
B-quality-heads 2000 {'base_context': 0.1027220991672948, 'temporal': 0.5647254586219788, 'weak_context': 0.8267357349395752, 'generated': 0.18722814321517944} [0.11924555152654648, 0.06990693137049675]
B-quality-heads 2025 {'base_context': 0.08754138741642237, 'temporal': 0.34896717965602875, 'weak_context': 0.18260958790779114, 'generated': 0.15642158687114716} [0.05826481059193611, 0.18323591351509094]
B-quality-heads 2050 {'base_context': 0.020421240478754044, 'temporal': 0.294296994805336, 'weak_context': 0.2517799139022827, 'generated': 0.1496717482805252} [0.17798945307731628, 0.5148481279611588]
B-quality-heads 2075 {'base_context': 0.09784682001918554, 'temporal': 0.5519582331180573, 'weak_context': 1.649333119392395, 'generated': 0.22070550918579102} [0.32024678587913513, 0.2754204049706459]
B-quality-heads 2100 {'base_context': 0.019958337070420384, 'temporal': 0.6680671572685242, 'weak_context': 0.5514526963233948, 'generated': 0.920806884765625} [0.11305370926856995, 0.34752677381038666]
B-quality-heads 2125 {'base_context': 0.0207726844237186, 'temporal': 0.7506980001926422, 'weak_context': 0.2953445613384247, 'generated': 0.017349883913993835} [0.17949211597442627, 0.050424402579665184]
B-quality-heads 2150 {'base_context': 0.12824116386764217, 'temporal': 0.9425639510154724, 'weak_context': 0.06533238291740417, 'generated': 0.6523059606552124} [0.26091815531253815, 0.31839474476873875]
B-quality-heads 2175 {'base_context': 0.014185813372023404, 'temporal': 0.6878942400217056, 'weak_context': 0.27691859006881714, 'generated': 1.3082249164581299} [0.6637856364250183, 0.07473938539624214]
B-quality-heads 2200 {'base_context': 0.12231419164163526, 'temporal': 0.6796973049640656, 'weak_context': 0.15731385350227356, 'generated': 0.05856098234653473} [0.19411025941371918, 0.08977605402469635]
B-quality-heads 2225 {'base_context': 0.09963243920356035, 'temporal': 0.4563535302877426, 'weak_context': 0.8465099334716797, 'generated': 0.006556933745741844} [0.0770456288009882, 0.20700360089540482]
B-quality-heads 2250 {'base_context': 0.021709235850721598, 'temporal': 0.22310379147529602, 'weak_context': 0.028950268402695656, 'generated': 0.01926286146044731} [0.7315179705619812, 0.3716858886182308]
B-quality-heads 2275 {'base_context': 0.037694933358579874, 'temporal': 0.4897027015686035, 'weak_context': 2.2042999267578125, 'generated': 0.6535539031028748} [0.057932816445827484, 0.20021532475948334]
B-quality-heads 2300 {'base_context': 0.016553639878111426, 'temporal': 0.4810716509819031, 'weak_context': 0.11398422718048096, 'generated': 0.8813686966896057} [0.4318147674202919, 0.03843778930604458]
B-quality-heads 2325 {'base_context': 0.16656148782931268, 'temporal': 0.5825464427471161, 'weak_context': 0.08251728117465973, 'generated': 0.20604418218135834} [0.16766498237848282, 0.17499776557087898]
B-quality-heads 2350 {'base_context': 0.05107560862961691, 'temporal': 0.46038544178009033, 'weak_context': 0.003143755253404379, 'generated': 0.51679927110672} [0.2626713514328003, 0.10081792995333672]
B-quality-heads 2375 {'base_context': 0.012934892321936786, 'temporal': 0.5724711716175079, 'weak_context': 0.01037697121500969, 'generated': 0.22151745855808258} [0.1270783320069313, 0.09182345867156982]
B-quality-heads 2400 {'base_context': 0.07369695382658392, 'temporal': 0.4911055713891983, 'weak_context': 1.0507540702819824, 'generated': 0.12720073759555817} [0.12564236298203468, 0.15560678020119667]
B-quality-heads 2425 {'base_context': 0.08244127762736753, 'temporal': 0.49497124552726746, 'weak_context': 0.08413691818714142, 'generated': 0.5103403329849243} [0.17641867324709892, 0.1602783054113388]
B-quality-heads 2450 {'base_context': 0.07973154104547575, 'temporal': 0.42538002133369446, 'weak_context': 0.1317148655653, 'generated': 1.234715223312378} [0.20392922312021255, 0.13736917451024055]
B-quality-heads 2475 {'base_context': 0.011857906429213472, 'temporal': 0.42511337995529175, 'weak_context': 0.09766961634159088, 'generated': 0.24148471653461456} [0.02169385366141796, 0.23615746945142746]
B-quality-heads 2500 {'base_context': 0.018009833693213295, 'temporal': 0.4706881493330002, 'weak_context': 0.14365418255329132, 'generated': 0.10694701969623566} [0.0206954013556242, 0.2513160854578018]
B-quality-heads 2525 {'base_context': 0.19247630049358122, 'temporal': 0.3498358726501465, 'weak_context': 0.14092877507209778, 'generated': 0.12341500073671341} [0.11565597634762526, 0.3463354539126158]
B-quality-heads 2550 {'base_context': 0.06171112461015582, 'temporal': 0.3603060692548752, 'weak_context': 0.21120832860469818, 'generated': 0.1526942402124405} [0.07653371710330248, 0.08807900734245777]
B-quality-heads 2575 {'base_context': 0.012037914370012004, 'temporal': 0.48580773174762726, 'weak_context': 0.33937978744506836, 'generated': 0.06611005961894989} [0.151163749396801, 0.333197683095932]
B-quality-heads 2600 {'base_context': 0.19601425901055336, 'temporal': 0.5928289890289307, 'weak_context': 0.06076082959771156, 'generated': 0.23758886754512787} [0.2568540871143341, 0.059226772747933865]
B-quality-heads 2625 {'base_context': 0.03316728363279253, 'temporal': 0.717317134141922, 'weak_context': 0.11260475218296051, 'generated': 0.09641571342945099} [0.19250045344233513, 0.7039785236120224]
B-quality-heads 2650 {'base_context': 0.12792435754090548, 'temporal': 0.5128768533468246, 'weak_context': 0.12952733039855957, 'generated': 1.0791311264038086} [0.7851849421858788, 0.22408194839954376]
B-quality-heads 2675 {'base_context': 0.10336190508678555, 'temporal': 0.35539527237415314, 'weak_context': 0.2608617842197418, 'generated': 0.019892171025276184} [0.11180765181779861, 0.2963717207312584]
B-quality-heads 2700 {'base_context': 0.0167297960142605, 'temporal': 0.21586337685585022, 'weak_context': 0.02338845282793045, 'generated': 0.0755494087934494} [0.05702783912420273, 0.3957812786102295]
B-quality-heads 2725 {'base_context': 0.006653212225501193, 'temporal': 0.34971126914024353, 'weak_context': 0.009742858819663525, 'generated': 0.04088803008198738} [0.19419948756694794, 0.3069378137588501]
B-quality-heads 2750 {'base_context': 0.006731491153914249, 'temporal': 0.5821360200643539, 'weak_context': 0.21704334020614624, 'generated': 0.14013563096523285} [0.24176589772105217, 0.13269679248332977]
B-quality-heads 2775 {'base_context': 0.025407201559573878, 'temporal': 0.4157811105251312, 'weak_context': 0.5446891784667969, 'generated': 0.15457041561603546} [0.051584736444056034, 0.08373676426708698]
B-quality-heads 2800 {'base_context': 0.016386389499530196, 'temporal': 0.6130100935697556, 'weak_context': 0.363244891166687, 'generated': 0.2882898449897766} [0.13552896678447723, 0.11226985976099968]
B-quality-heads 2825 {'base_context': 0.30741742233476543, 'temporal': 0.3902800381183624, 'weak_context': 0.8445584177970886, 'generated': 0.26571667194366455} [0.1308860145509243, 0.057371221482753754]
B-quality-heads 2850 {'base_context': 0.01821014935558196, 'temporal': 0.6231869161128998, 'weak_context': 0.02568243443965912, 'generated': 0.0592493861913681} [0.15979713574051857, 0.3783819302916527]
B-quality-heads 2875 {'base_context': 0.0012169808833277784, 'temporal': 0.40866878628730774, 'weak_context': 0.2873549461364746, 'generated': 0.0035287635400891304} [0.0969076044857502, 0.23758455365896225]
B-quality-heads 2900 {'base_context': 0.02133529243292287, 'temporal': 0.2417782060801983, 'weak_context': 0.0026754545979201794, 'generated': 0.17017334699630737} [0.10508965328335762, 0.1837623044848442]
B-quality-heads 2925 {'base_context': 0.04724109824746847, 'temporal': 0.37734751403331757, 'weak_context': 0.048180192708969116, 'generated': 0.027313120663166046} [0.20474759861826897, 0.6834432780742645]
B-quality-heads 2950 {'base_context': 0.0007561374543456623, 'temporal': 0.5120592266321182, 'weak_context': 0.05651937052607536, 'generated': 0.31507158279418945} [0.09140253067016602, 0.09391621313989162]
B-quality-heads 2975 {'base_context': 0.04704385969398572, 'temporal': 0.5853782743215561, 'weak_context': 0.15805268287658691, 'generated': 0.14265123009681702} [0.09661411494016647, 0.15801351703703403]
B-quality-heads 3000 {'base_context': 0.010538598540733801, 'temporal': 0.5653605312108994, 'weak_context': 0.9717844724655151, 'generated': 0.00028806651243939996} [0.24610301852226257, 0.11398072354495525]
B-quality-heads 3025 {'base_context': 0.02970176632516086, 'temporal': 0.7877193093299866, 'weak_context': 0.5384051203727722, 'generated': 0.3333774209022522} [0.5174733996391296, 0.1575985588133335]
B-quality-heads 3050 {'base_context': 0.014466070619164384, 'temporal': 0.5869358479976654, 'weak_context': 0.002714921487495303, 'generated': 0.05341469496488571} [0.14149324409663677, 0.07211344689130783]
B-quality-heads 3075 {'base_context': 0.02306928555481136, 'temporal': 0.1261827927082777, 'weak_context': 0.003001972334459424, 'generated': 0.12194709479808807} [0.17342537641525269, 0.1371012143790722]
B-quality-heads 3100 {'base_context': 0.02065087178880276, 'temporal': 0.48440922051668167, 'weak_context': 0.0020049791783094406, 'generated': 0.03965103626251221} [0.076136015355587, 0.21850807964801788]
B-quality-heads 3125 {'base_context': 0.007961072988109663, 'temporal': 0.1863306611776352, 'weak_context': 0.019973494112491608, 'generated': 0.023987462744116783} [0.1432424560189247, 0.3106267750263214]
B-quality-heads 3150 {'base_context': 0.004967804692569189, 'temporal': 0.24675772339105606, 'weak_context': 0.005378791596740484, 'generated': 0.6116482615470886} [0.12338917329907417, 0.34093499928712845]
B-quality-heads 3175 {'base_context': 0.0022689174438710324, 'temporal': 0.3768806904554367, 'weak_context': 0.7621697187423706, 'generated': 0.01617005467414856} [0.029859503731131554, 0.13127181306481361]
B-quality-heads 3200 {'base_context': 0.03509904636302963, 'temporal': 0.3934990018606186, 'weak_context': 0.3679942190647125, 'generated': 0.017327317968010902} [0.08463627193123102, 0.1906207576394081]
B-quality-heads 3225 {'base_context': 0.008039201420615427, 'temporal': 0.27333756536245346, 'weak_context': 0.002311088377609849, 'generated': 0.24426913261413574} [0.16140666604042053, 0.03675894718617201]
B-quality-heads 3250 {'base_context': 0.1555274477796047, 'temporal': 0.23495325446128845, 'weak_context': 0.4728942811489105, 'generated': 0.00048048622556962073} [0.30678489059209824, 0.06370938196778297]
B-quality-heads 3275 {'base_context': 0.005893859610296204, 'temporal': 0.3773213401436806, 'weak_context': 0.010084566660225391, 'generated': 0.0007661098497919738} [0.03714018873870373, 0.13867104798555374]
B-quality-heads 3300 {'base_context': 0.003143947153148474, 'temporal': 0.2586117312312126, 'weak_context': 0.12383498251438141, 'generated': 0.9804314970970154} [0.09565437212586403, 0.22534101828932762]
B-quality-heads 3325 {'base_context': 0.13291137785927276, 'temporal': 0.25622034445405006, 'weak_context': 0.00017504960123915225, 'generated': 0.11020001769065857} [0.14075352624058723, 0.12786316871643066]
B-quality-heads 3350 {'base_context': 0.022878832896822132, 'temporal': 0.27401861548423767, 'weak_context': 0.4487956166267395, 'generated': 0.26558390259742737} [0.25704295188188553, 0.2069717338308692]
B-quality-heads 3375 {'base_context': 0.0006641431209573057, 'temporal': 0.37374104652553797, 'weak_context': 0.0005237364675849676, 'generated': 0.0009950654348358512} [0.11377871781587601, 0.13309279084205627]
B-quality-heads 3400 {'base_context': 0.0030854556962367496, 'temporal': 0.22034843266010284, 'weak_context': 0.006406009197235107, 'generated': 0.14697931706905365} [0.17877202481031418, 0.06904521584510803]
B-quality-heads 3425 {'base_context': 0.0008584305705880979, 'temporal': 0.7800059616565704, 'weak_context': 0.01706085167825222, 'generated': 0.24765637516975403} [0.10330621153116226, 0.35073963180184364]
B-quality-heads 3450 {'base_context': 0.11558861540106591, 'temporal': 0.12642046809196472, 'weak_context': 0.2964429557323456, 'generated': 0.0012814919464290142} [0.4209452122449875, 0.08372902870178223]
B-quality-heads 3475 {'base_context': 0.004844537037570262, 'temporal': 0.10142453387379646, 'weak_context': 0.040321771055459976, 'generated': 0.0015697234775871038} [0.045646658167243004, 0.1695489101111889]
B-quality-heads 3500 {'base_context': 0.08233770706647192, 'temporal': 0.36754719354212284, 'weak_context': 0.03339938819408417, 'generated': 0.037262190133333206} [0.20176371186971664, 0.13027974590659142]
B-quality-heads 3525 {'base_context': 0.004459160251826688, 'temporal': 0.1381608471274376, 'weak_context': 0.02125265635550022, 'generated': 0.38813868165016174} [0.08608225733041763, 0.08552666008472443]
B-quality-heads 3550 {'base_context': 0.0020345123041352053, 'temporal': 0.7504712045192719, 'weak_context': 0.0002674779389053583, 'generated': 0.0037970757111907005} [0.24286197125911713, 0.12949541583657265]
B-quality-heads 3575 {'base_context': 0.0018920322287385716, 'temporal': 0.1642962358891964, 'weak_context': 0.1958027184009552, 'generated': 0.001607418991625309} [0.04018894210457802, 0.1660012798383832]
B-quality-heads 3600 {'base_context': 0.00046034300976316445, 'temporal': 0.11314578400924802, 'weak_context': 0.9355142116546631, 'generated': 0.0287330262362957} [0.26264509558677673, 0.24694859981536865]
B-quality-heads 3625 {'base_context': 0.008146477934133145, 'temporal': 0.08623652055393904, 'weak_context': 0.0018169503891840577, 'generated': 0.0539017990231514} [0.061655739322304726, 0.14772678166627884]
B-quality-heads 3650 {'base_context': 0.017924821316626094, 'temporal': 0.3551172465085983, 'weak_context': 0.02717687375843525, 'generated': 0.0023344175424426794} [0.2690888084471226, 0.03841397678479552]
B-quality-heads 3675 {'base_context': 0.002303513434753768, 'temporal': 0.4335523545742035, 'weak_context': 0.003958398941904306, 'generated': 0.04587007686495781} [0.17751892283558846, 0.11798875778913498]
B-quality-heads 3700 {'base_context': 0.007186974136857316, 'temporal': 0.23696490097790956, 'weak_context': 0.5588879585266113, 'generated': 0.0027205836959183216} [0.17733025550842285, 0.19929037988185883]
B-quality-heads 3725 {'base_context': 0.0009625859938751091, 'temporal': 0.1989698758115992, 'weak_context': 0.00017258345906157047, 'generated': 0.04208719730377197} [0.08955884352326393, 0.059742990881204605]
B-quality-heads 3750 {'base_context': 0.007148417756980052, 'temporal': 0.4731253683567047, 'weak_context': 0.012606656178832054, 'generated': 0.028838425874710083} [0.2066645547747612, 0.12910861521959305]
B-quality-heads 3775 {'base_context': 0.0005844749630341539, 'temporal': 0.3448116108775139, 'weak_context': 0.0003702773537952453, 'generated': 0.0032613014336675406} [0.11957534402608871, 0.08984540775418282]
B-quality-heads 3800 {'base_context': 0.004057104772073217, 'temporal': 0.1333974339067936, 'weak_context': 0.0007076359470374882, 'generated': 0.00011608206114033237} [0.018513514194637537, 0.03506521973758936]
B-quality-heads 3825 {'base_context': 0.01722801395590068, 'temporal': 0.2510846182703972, 'weak_context': 0.09617462754249573, 'generated': 0.0016341456212103367} [0.13062224350869656, 0.10282718762755394]
B-quality-heads 3850 {'base_context': 0.0007420373390232271, 'temporal': 0.2902553975582123, 'weak_context': 0.010800490155816078, 'generated': 0.04311224818229675} [0.16621396504342556, 0.13434495218098164]
B-quality-heads 3875 {'base_context': 0.0029789763284497894, 'temporal': 0.24186725914478302, 'weak_context': 0.011240950785577297, 'generated': 0.0026058757212013006} [0.08995503559708595, 0.04756590723991394]
B-quality-heads 3900 {'base_context': 0.0017905219947351725, 'temporal': 0.7784063220024109, 'weak_context': 0.2339494675397873, 'generated': 0.005834773648530245} [0.37579743564128876, 0.10641677677631378]
B-quality-heads 3925 {'base_context': 0.35769230162986787, 'temporal': 0.16390641033649445, 'weak_context': 0.46332770586013794, 'generated': 1.7825782299041748} [0.2657076083123684, 0.10123432986438274]
B-quality-heads 3950 {'base_context': 0.00025628071489336435, 'temporal': 0.28686293959617615, 'weak_context': 0.0735461413860321, 'generated': 0.0038496898487210274} [0.3535379357635975, 0.12999867275357246]
B-quality-heads 3975 {'base_context': 7.56238000576559e-05, 'temporal': 0.4184274971485138, 'weak_context': 0.0021167616359889507, 'generated': 0.09817153215408325} [0.14402592927217484, 0.39327725023031235]
B-quality-heads 4000 {'base_context': 0.0012990993018320296, 'temporal': 0.6673554331064224, 'weak_context': 0.910197377204895, 'generated': 0.09786390513181686} [0.29931463301181793, 0.4616491124033928]
