RM-Multi step 1 loss {'base_context': 0.6968291699886322, 'temporal': None, 'weak_context': None, 'generated': None}
RM-Multi step 25 loss {'base_context': 0.6624810472130775, 'temporal': None, 'weak_context': 0.6859316825866699, 'generated': None}
RM-Multi step 50 loss {'base_context': 0.6719290465116501, 'temporal': None, 'weak_context': 0.6263142824172974, 'generated': None}
RM-Multi step 75 loss {'base_context': 0.6904427781701088, 'temporal': None, 'weak_context': 0.6584975123405457, 'generated': None}
RM-Multi step 100 loss {'base_context': 0.6921515911817551, 'temporal': None, 'weak_context': 0.5748685598373413, 'generated': None}
RM-Multi step 125 loss {'base_context': 0.574893444776535, 'temporal': 0.7098069190979004, 'weak_context': 0.6173609495162964, 'generated': None}
RM-Multi step 150 loss {'base_context': 0.4728061854839325, 'temporal': None, 'weak_context': 0.8823097944259644, 'generated': None}
RM-Multi step 175 loss {'base_context': 0.6772582232952118, 'temporal': None, 'weak_context': 0.19270461797714233, 'generated': None}
RM-Multi step 200 loss {'base_context': 0.43816693499684334, 'temporal': None, 'weak_context': 1.8575043678283691, 'generated': None}
RM-Multi step 225 loss {'base_context': 0.1435564011335373, 'temporal': None, 'weak_context': 0.5796316266059875, 'generated': None}
RM-Multi step 250 loss {'base_context': 0.05530292168259621, 'temporal': None, 'weak_context': 1.1348695755004883, 'generated': None}
RM-Multi step 275 loss {'base_context': 0.0489103770814836, 'temporal': None, 'weak_context': 0.23137949407100677, 'generated': None}
RM-Multi step 300 loss {'base_context': 0.368713203817606, 'temporal': None, 'weak_context': 0.9009358286857605, 'generated': None}
RM-Multi step 325 loss {'base_context': 0.09334229864180088, 'temporal': None, 'weak_context': 0.006215722765773535, 'generated': None}
RM-Multi step 350 loss {'base_context': 0.7525415054988116, 'temporal': None, 'weak_context': 0.11562350392341614, 'generated': None}
RM-Multi step 375 loss {'base_context': 0.0004946961416862905, 'temporal': 0.359183132648468, 'weak_context': 0.004790999926626682, 'generated': None}
RM-Multi step 400 loss {'base_context': 0.17526015640669357, 'temporal': 0.5802292823791504, 'weak_context': 0.29919639229774475, 'generated': None}
RM-Multi step 425 loss {'base_context': 0.9676943770609796, 'temporal': 0.7941452860832214, 'weak_context': 0.6069226861000061, 'generated': None}
RM-Multi step 450 loss {'base_context': 0.16185050609055907, 'temporal': 0.6703155636787415, 'weak_context': 0.0015781134134158492, 'generated': None}
RM-Multi step 475 loss {'base_context': 0.2776317197130993, 'temporal': None, 'weak_context': 0.0010938056511804461, 'generated': None}
RM-Multi step 500 loss {'base_context': 0.008474358720377495, 'temporal': None, 'weak_context': 0.0062187048606574535, 'generated': None}
RM-Multi step 525 loss {'base_context': 0.02364042818044254, 'temporal': None, 'weak_context': 0.20670419931411743, 'generated': None}
RM-Multi step 550 loss {'base_context': 0.002520504902349785, 'temporal': None, 'weak_context': 0.12459008395671844, 'generated': None}
RM-Multi step 575 loss {'base_context': 0.648420002079547, 'temporal': None, 'weak_context': 0.03131550922989845, 'generated': None}
RM-Multi step 600 loss {'base_context': 0.0011862415267387405, 'temporal': 0.4200160801410675, 'weak_context': 0.0011902239639312029, 'generated': None}
RM-Multi step 625 loss {'base_context': 0.0004012152785435319, 'temporal': None, 'weak_context': 0.005290883127599955, 'generated': None}
RM-Multi step 650 loss {'base_context': 5.062211698714236e-06, 'temporal': None, 'weak_context': 0.0002545369206927717, 'generated': None}
RM-Multi step 675 loss {'base_context': 0.0003738980940397596, 'temporal': 0.7068907022476196, 'weak_context': None, 'generated': None}
RM-Multi step 700 loss {'base_context': 0.004630764644389274, 'temporal': None, 'weak_context': 0.05778086185455322, 'generated': None}
RM-Multi step 725 loss {'base_context': 1.6412894808581768e-05, 'temporal': None, 'weak_context': 8.826969133224338e-05, 'generated': None}
RM-Multi step 750 loss {'base_context': 0.0005881337922346574, 'temporal': 0.056025002151727676, 'weak_context': 0.0070414296351373196, 'generated': None}
RM-Multi step 775 loss {'base_context': 6.422801703820369e-05, 'temporal': None, 'weak_context': 0.000662952777929604, 'generated': None}
RM-Multi step 800 loss {'base_context': 0.00010546140538281179, 'temporal': 1.098438024520874, 'weak_context': 0.044066473841667175, 'generated': None}
RM-Multi step 825 loss {'base_context': 0.000557825823307212, 'temporal': None, 'weak_context': 0.0006308883894234896, 'generated': None}
RM-Multi step 850 loss {'base_context': 0.0016125079564517364, 'temporal': None, 'weak_context': 0.00024622605997137725, 'generated': None}
RM-Multi step 875 loss {'base_context': 0.0030571539437005413, 'temporal': None, 'weak_context': 0.001403261674568057, 'generated': None}
RM-Multi step 900 loss {'base_context': 0.00011196357138487656, 'temporal': None, 'weak_context': 1.144838506661472e-06, 'generated': None}
RM-Multi step 925 loss {'base_context': 7.878248624137996e-06, 'temporal': None, 'weak_context': 2.416545248706825e-05, 'generated': None}
RM-Multi step 950 loss {'base_context': 0.04626854327534602, 'temporal': None, 'weak_context': 7.59955364628695e-05, 'generated': None}
RM-Multi step 975 loss {'base_context': 1.7853400069434144e-06, 'temporal': None, 'weak_context': 0.0006988756358623505, 'generated': None}
RM-Multi step 1000 loss {'base_context': 0.00014969856806601456, 'temporal': None, 'weak_context': 0.001200389233417809, 'generated': None}
Traceback (most recent call last):
  File "/home/zhengshiyi/.local/share/uv/python/cpython-3.10.19-linux-x86_64-gnu/lib/python3.10/runpy.py", line 196, in _run_module_as_main
    return _run_code(code, main_globals, None,
  File "/home/zhengshiyi/.local/share/uv/python/cpython-3.10.19-linux-x86_64-gnu/lib/python3.10/runpy.py", line 86, in _run_code
    exec(code, run_globals)
  File "/home/zhengshiyi/react2025_new/reaction_reward/train.py", line 58, in <module>
    p=argparse.ArgumentParser();p.add_argument('--arm',choices=ARMS,required=True);main(p.parse_args().arm)
  File "/home/zhengshiyi/react2025_new/reaction_reward/train.py", line 46, in main
    save(dest/'checkpoints'/f'step_{step+1:06d}.pt',state);pred=evaluate(model,data,cal);write(dest/f'cal_{step+1:06d}.json',pred)
  File "/home/zhengshiyi/react2025_new/.venv/lib/python3.10/site-packages/torch/utils/_contextlib.py", line 115, in decorate_context
    return func(*args, **kwargs)
  File "/home/zhengshiyi/react2025_new/reaction_reward/train.py", line 21, in evaluate
    part=rs[start:start+8];ds=difference(model,data,part,family).cpu().tolist()
  File "/home/zhengshiyi/react2025_new/reaction_reward/train.py", line 12, in difference
    a=score(model,data,rows,'A');b=score(model,data,rows,'B');d=a-b;return d[:,0] if family in ['base_context','weak_context'] else d[:,1] if family=='temporal' else d.sum(-1)
  File "/home/zhengshiyi/react2025_new/reaction_reward/train.py", line 10, in score
    def score(model,data,rows,key):return model(*data.batch(rows,key))
  File "/home/zhengshiyi/react2025_new/reaction_reward/data.py", line 23, in batch
    n=r['n'];x,t=self.source(r['source'],r['start'],n);y,u=self.target(r[which],n);assert len(x)==len(y)==n;xs.append(x);ys.append(y);xt.append(t);yt.append(u);ns.append(n)
AssertionError
RM-Multi step 1025 loss {'base_context': 7.061044107103953e-05, 'temporal': None, 'weak_context': 0.0006138105527497828, 'generated': None}
RM-Multi step 1050 loss {'base_context': 1.9361182206079075e-06, 'temporal': 0.056948717683553696, 'weak_context': 0.0012483940226957202, 'generated': None}
RM-Multi step 1075 loss {'base_context': 0.5498058525274274, 'temporal': None, 'weak_context': 0.0002819969377014786, 'generated': None}
RM-Multi step 1100 loss {'base_context': 0.014634406583525106, 'temporal': None, 'weak_context': 9.478345600655302e-05, 'generated': None}
RM-Multi step 1125 loss {'base_context': 0.00017328470823585462, 'temporal': 0.0004924448439851403, 'weak_context': 2.321052670595236e-05, 'generated': None}
RM-Multi step 1150 loss {'base_context': 0.003624295189183613, 'temporal': None, 'weak_context': None, 'generated': None}
RM-Multi step 1175 loss {'base_context': 0.007475598139762951, 'temporal': None, 'weak_context': 9.68870608630823e-06, 'generated': None}
RM-Multi step 1200 loss {'base_context': 0.00047068432532548776, 'temporal': None, 'weak_context': 0.0020310929976403713, 'generated': None}
RM-Multi step 1225 loss {'base_context': 5.761093466105649e-05, 'temporal': 0.16018103063106537, 'weak_context': 5.217035868554376e-05, 'generated': None}
RM-Multi step 1250 loss {'base_context': 5.660391051709457e-08, 'temporal': None, 'weak_context': 1.758031612553168e-05, 'generated': None}
RM-Multi step 1275 loss {'base_context': 4.189388924658033e-06, 'temporal': None, 'weak_context': 2.031873975738563e-07, 'generated': None}
RM-Multi step 1300 loss {'base_context': 1.0812191533204896e-05, 'temporal': 8.431203513126206e-10, 'weak_context': 3.3974475860595703, 'generated': None}
RM-Multi step 1325 loss {'base_context': 2.859560879642231e-06, 'temporal': None, 'weak_context': None, 'generated': None}
RM-Multi step 1350 loss {'base_context': 5.724486604208323e-05, 'temporal': None, 'weak_context': 6.080524599383352e-07, 'generated': None}
RM-Multi step 1375 loss {'base_context': 1.0114079586287517e-05, 'temporal': None, 'weak_context': 0.0006667914567515254, 'generated': None}
RM-Multi step 1400 loss {'base_context': 4.358557771411142e-05, 'temporal': None, 'weak_context': 1.247224012956849e-08, 'generated': None}
RM-Multi step 1425 loss {'base_context': 0.0002042487752067501, 'temporal': 0.0034733444917947054, 'weak_context': 1.0675792339043255e-07, 'generated': None}
RM-Multi step 1450 loss {'base_context': 4.1166224917787986e-07, 'temporal': None, 'weak_context': 4.471217380341841e-06, 'generated': None}
RM-Multi step 1475 loss {'base_context': 4.978022807855531e-07, 'temporal': None, 'weak_context': 1.1779098940678523e-07, 'generated': None}
RM-Multi step 1500 loss {'base_context': 6.483256864697751e-07, 'temporal': 3.1251048970837303e-10, 'weak_context': 0.0003300317912362516, 'generated': None}
RM-Multi step 1525 loss {'base_context': 1.5047721575456308e-06, 'temporal': 0.00031050044344738126, 'weak_context': 0.0008863674593158066, 'generated': None}
RM-Multi step 1550 loss {'base_context': 0.05561560999511428, 'temporal': 0.009588400833308697, 'weak_context': 3.41697086696513e-05, 'generated': None}
RM-Multi step 1575 loss {'base_context': 1.4176185142433795e-07, 'temporal': None, 'weak_context': 4.4082364183850586e-05, 'generated': None}
RM-Multi step 1600 loss {'base_context': 0.149556091055274, 'temporal': None, 'weak_context': 2.1255491446936503e-06, 'generated': None}
RM-Multi step 1625 loss {'base_context': 0.00011218661065104385, 'temporal': 9.428961220692145e-07, 'weak_context': 0.0010787586215883493, 'generated': None}
RM-Multi step 1650 loss {'base_context': 4.8179304656947863e-08, 'temporal': None, 'weak_context': 3.5820874018099857e-06, 'generated': None}
RM-Multi step 1675 loss {'base_context': 7.926609019603958e-06, 'temporal': None, 'weak_context': 4.314662191973184e-07, 'generated': None}
RM-Multi step 1700 loss {'base_context': 0.0021561171459870687, 'temporal': None, 'weak_context': 7.528566214887178e-09, 'generated': None}
RM-Multi step 1725 loss {'base_context': 6.616314180973859e-07, 'temporal': None, 'weak_context': 2.522425347706303e-06, 'generated': None}
RM-Multi step 1750 loss {'base_context': 1.2225682818112205e-05, 'temporal': None, 'weak_context': 3.268091313657351e-05, 'generated': None}
RM-Multi step 1775 loss {'base_context': 3.478953822799724e-07, 'temporal': 1.6746906595851985e-12, 'weak_context': 0.04551531374454498, 'generated': None}
RM-Multi step 1800 loss {'base_context': 2.5394540207705277e-06, 'temporal': None, 'weak_context': 4.880868686996109e-07, 'generated': None}
RM-Multi step 1825 loss {'base_context': 0.0007247998335060402, 'temporal': 6.675116310361773e-05, 'weak_context': 2.964844689201662e-11, 'generated': None}
RM-Multi step 1850 loss {'base_context': 7.1960337137966235e-06, 'temporal': None, 'weak_context': 0.01807451620697975, 'generated': None}
RM-Multi step 1875 loss {'base_context': 4.009772227298036e-05, 'temporal': None, 'weak_context': 4.610493124346249e-05, 'generated': None}
RM-Multi step 1900 loss {'base_context': 8.009842332867834e-05, 'temporal': 2.5699380785226822e-05, 'weak_context': 2.150547970813932e-07, 'generated': None}
RM-Multi step 1925 loss {'base_context': 1.7176423756361475e-06, 'temporal': None, 'weak_context': 7.805814154770996e-12, 'generated': None}
RM-Multi step 1950 loss {'base_context': 8.757985374923229e-12, 'temporal': None, 'weak_context': 9.501677666889918e-09, 'generated': None}
RM-Multi step 1975 loss {'base_context': 1.2993409356874006e-09, 'temporal': None, 'weak_context': 0.0001102213718695566, 'generated': None}
RM-Multi step 2000 loss {'base_context': 0.0015434384932407528, 'temporal': None, 'weak_context': 1.0835552290491823e-12, 'generated': None}
RM-Multi step 2025 loss {'base_context': 6.115645305726503e-07, 'temporal': None, 'weak_context': 8.17816089693224e-06, 'generated': None}
RM-Multi step 2050 loss {'base_context': 3.397102635305238e-08, 'temporal': None, 'weak_context': 3.968422674915928e-07, 'generated': None}
RM-Multi step 2075 loss {'base_context': 6.9516702621910675e-06, 'temporal': None, 'weak_context': 3.0110487436729727e-09, 'generated': None}
RM-Multi step 2100 loss {'base_context': 9.922500368020337e-06, 'temporal': 2.7207236144022318e-06, 'weak_context': 7.343023966654982e-09, 'generated': None}
RM-Multi step 2125 loss {'base_context': 5.216759113579883e-08, 'temporal': None, 'weak_context': 1.8211788699318276e-07, 'generated': None}
RM-Multi step 2150 loss {'base_context': 2.4713976759923803e-06, 'temporal': 9.208728215526207e-07, 'weak_context': 4.328539091602579e-07, 'generated': None}
RM-Multi step 2175 loss {'base_context': 6.710170865071707e-07, 'temporal': None, 'weak_context': 2.8770518953336044e-12, 'generated': None}
RM-Multi step 2200 loss {'base_context': 3.4669031641982936e-07, 'temporal': None, 'weak_context': 1.728594489769364e-10, 'generated': None}
RM-Multi step 2225 loss {'base_context': 4.0587121077351185e-06, 'temporal': None, 'weak_context': 1.5524356058449484e-06, 'generated': None}
RM-Multi step 2250 loss {'base_context': 1.2371299768498822e-05, 'temporal': None, 'weak_context': 4.768289318946017e-09, 'generated': None}
RM-Multi step 2275 loss {'base_context': 4.0655801925026935e-07, 'temporal': None, 'weak_context': 7.702515958385447e-09, 'generated': None}
RM-Multi step 2300 loss {'base_context': 2.158998063661599e-09, 'temporal': 3.893885150318965e-05, 'weak_context': 2.0931092876708135e-06, 'generated': None}
RM-Multi step 2325 loss {'base_context': 4.2256244073250954e-07, 'temporal': 2.6848208563023945e-06, 'weak_context': 2.7628602183860096e-10, 'generated': None}
RM-Multi step 2350 loss {'base_context': 9.05943659120726e-12, 'temporal': 2.391219311448367e-07, 'weak_context': 1.982091816898901e-06, 'generated': None}
RM-Multi step 2375 loss {'base_context': 4.1656812881460436e-10, 'temporal': 1.2557210311570088e-06, 'weak_context': 6.250692852205475e-09, 'generated': None}
RM-Multi step 2400 loss {'base_context': 1.722854247429859e-07, 'temporal': 1.9759089298077015e-07, 'weak_context': 4.299991473999398e-09, 'generated': None}
RM-Multi step 2425 loss {'base_context': 1.4625801114987742e-07, 'temporal': 9.373831488801443e-09, 'weak_context': 1.7989757253311645e-11, 'generated': None}
RM-Multi step 2450 loss {'base_context': 4.701716218701718e-08, 'temporal': None, 'weak_context': 1.3842843728273277e-16, 'generated': None}
RM-Multi step 2475 loss {'base_context': 5.9507306406198094e-08, 'temporal': None, 'weak_context': 4.3612091715772294e-09, 'generated': None}
RM-Multi step 2500 loss {'base_context': 9.71116065784372e-07, 'temporal': 1.2574818128996412e-06, 'weak_context': 1.9264757611381356e-07, 'generated': None}
RM-Multi step 2525 loss {'base_context': 7.186007012702222e-07, 'temporal': None, 'weak_context': 6.113543265379162e-12, 'generated': None}
RM-Multi step 2550 loss {'base_context': 1.321663836077562e-08, 'temporal': 3.566980922187213e-06, 'weak_context': 4.721464938484132e-05, 'generated': None}
RM-Multi step 2575 loss {'base_context': 3.4028587062736823e-09, 'temporal': None, 'weak_context': None, 'generated': None}
RM-Multi step 2600 loss {'base_context': 1.949838497239398e-05, 'temporal': 7.704854151406267e-16, 'weak_context': 2.1513864339794964e-05, 'generated': None}
RM-Multi step 2625 loss {'base_context': 2.4991321555605675e-06, 'temporal': None, 'weak_context': 1.1525778770446777, 'generated': None}
RM-Multi step 2650 loss {'base_context': 4.994057341278779e-09, 'temporal': None, 'weak_context': None, 'generated': None}
RM-Multi step 2675 loss {'base_context': 5.188652973530002e-10, 'temporal': None, 'weak_context': None, 'generated': None}
RM-Multi step 2700 loss {'base_context': 2.788841824575422e-11, 'temporal': None, 'weak_context': 2.9004576518332215e-09, 'generated': None}
RM-Multi step 2725 loss {'base_context': 2.997957332352555e-11, 'temporal': None, 'weak_context': 2.431848333817044e-10, 'generated': None}
RM-Multi step 2750 loss {'base_context': 4.906099860345938e-09, 'temporal': None, 'weak_context': None, 'generated': None}
RM-Multi step 2775 loss {'base_context': 6.614627495369306e-11, 'temporal': None, 'weak_context': 5.578901056402241e-12, 'generated': None}
RM-Multi step 2800 loss {'base_context': 2.8760334800153817e-06, 'temporal': None, 'weak_context': 1.5069090864017198e-08, 'generated': None}
RM-Multi step 2825 loss {'base_context': 1.1130505653440814e-10, 'temporal': 0.0005907497834414244, 'weak_context': 1.1456339876758648e-07, 'generated': None}
RM-Multi step 2850 loss {'base_context': 3.042316763151291e-11, 'temporal': None, 'weak_context': 1.3608790483399247e-10, 'generated': None}
RM-Multi step 2875 loss {'base_context': 2.0612051132367585e-08, 'temporal': 2.417020732536912e-05, 'weak_context': 2.8070959956494335e-07, 'generated': None}
RM-Multi step 2900 loss {'base_context': 1.0018737764725489e-10, 'temporal': None, 'weak_context': 7.456403182004578e-06, 'generated': None}
RM-Multi step 2925 loss {'base_context': 7.874635129081e-09, 'temporal': 3.857279352814658e-06, 'weak_context': None, 'generated': None}
RM-Multi step 2950 loss {'base_context': 1.3343146755884542e-11, 'temporal': None, 'weak_context': 9.858720610711469e-12, 'generated': None}
RM-Multi step 2975 loss {'base_context': 2.2159038918995524e-06, 'temporal': None, 'weak_context': 8.520240888959963e-15, 'generated': None}
RM-Multi step 3000 loss {'base_context': 6.933350302417654e-11, 'temporal': 8.259411515609827e-06, 'weak_context': 6.101179674325441e-13, 'generated': None}
RM-Multi step 3025 loss {'base_context': 5.716939175613158e-10, 'temporal': None, 'weak_context': 1.004989735520212e-05, 'generated': None}
RM-Multi step 3050 loss {'base_context': 4.08901298491233e-12, 'temporal': None, 'weak_context': 5.563482333551288e-16, 'generated': None}
RM-Multi step 3075 loss {'base_context': 8.115083823836523e-06, 'temporal': None, 'weak_context': 9.053168215089613e-10, 'generated': None}
RM-Multi step 3100 loss {'base_context': 1.6149289547230834e-12, 'temporal': None, 'weak_context': 1.4812187600909965e-06, 'generated': None}
RM-Multi step 3125 loss {'base_context': 3.642589578887969e-08, 'temporal': None, 'weak_context': None, 'generated': None}
RM-Multi step 3150 loss {'base_context': 6.226406101418123e-08, 'temporal': None, 'weak_context': 2.1955083084890248e-08, 'generated': None}
RM-Multi step 3175 loss {'base_context': 8.062526567043093e-06, 'temporal': None, 'weak_context': 3.0109771387287765e-07, 'generated': None}
RM-Multi step 3200 loss {'base_context': 0.04926403002302493, 'temporal': None, 'weak_context': 1.7504973411560059, 'generated': None}
RM-Multi step 3225 loss {'base_context': 1.889715932623659e-07, 'temporal': None, 'weak_context': 1.0589349130896153e-06, 'generated': None}
RM-Multi step 3250 loss {'base_context': 5.18447910735631e-06, 'temporal': None, 'weak_context': 1.4047053450982894e-12, 'generated': None}
RM-Multi step 3275 loss {'base_context': 1.0298059383018199e-07, 'temporal': 2.6089450329891406e-05, 'weak_context': 1.0567139524519931e-10, 'generated': None}
RM-Multi step 3300 loss {'base_context': 2.366733427666992e-06, 'temporal': None, 'weak_context': 3.3115298947450356e-08, 'generated': None}
RM-Multi step 3325 loss {'base_context': 1.4792481928770345e-08, 'temporal': 1.89959008463567e-18, 'weak_context': 5.029133944844943e-07, 'generated': None}
RM-Multi step 3350 loss {'base_context': 4.149406505199333e-08, 'temporal': None, 'weak_context': 0.0005243399064056575, 'generated': None}
RM-Multi step 3375 loss {'base_context': 2.5792104452193598e-08, 'temporal': None, 'weak_context': 1.1462948634743952e-07, 'generated': None}
RM-Multi step 3400 loss {'base_context': 0.00024670388759684414, 'temporal': None, 'weak_context': 0.000944703642744571, 'generated': None}
RM-Multi step 3425 loss {'base_context': 0.0003248651386584811, 'temporal': None, 'weak_context': 1.760677541262634e-11, 'generated': None}
RM-Multi step 3450 loss {'base_context': 3.844208929848492e-06, 'temporal': 0.02113431505858898, 'weak_context': None, 'generated': None}
RM-Multi step 3475 loss {'base_context': 1.1297728692433173e-06, 'temporal': None, 'weak_context': 4.390881969129623e-08, 'generated': None}
RM-Multi step 3500 loss {'base_context': 1.5314850711559136e-07, 'temporal': 7.013507830055943e-11, 'weak_context': 0.08323375135660172, 'generated': None}
RM-Multi step 3525 loss {'base_context': 2.9744270577225507e-05, 'temporal': None, 'weak_context': 2.5239970113943855e-07, 'generated': None}
RM-Multi step 3550 loss {'base_context': 1.0331432180876732e-06, 'temporal': None, 'weak_context': 0.01089559681713581, 'generated': None}
RM-Multi step 3575 loss {'base_context': 6.423818075806942e-07, 'temporal': None, 'weak_context': 2.5135216219496215e-07, 'generated': None}
RM-Multi step 3600 loss {'base_context': 0.0028436231999399014, 'temporal': 4.3311697978110075e-11, 'weak_context': 3.430011702221236e-06, 'generated': None}
RM-Multi step 3625 loss {'base_context': 9.590408057275545e-06, 'temporal': None, 'weak_context': 1.2423079169820994e-06, 'generated': None}
RM-Multi step 3650 loss {'base_context': 3.4324803834806517e-06, 'temporal': None, 'weak_context': 7.741296940366738e-06, 'generated': None}
RM-Multi step 3675 loss {'base_context': 7.971247276694626e-07, 'temporal': None, 'weak_context': None, 'generated': None}
RM-Multi step 3700 loss {'base_context': 0.00021398715237275212, 'temporal': None, 'weak_context': None, 'generated': None}
RM-Multi step 3725 loss {'base_context': 6.209173871289837e-06, 'temporal': 5.715279485229985e-07, 'weak_context': 8.277111440690987e-09, 'generated': None}
RM-Multi step 3750 loss {'base_context': 6.388643069460137e-08, 'temporal': 3.151788163791025e-08, 'weak_context': 6.814785592723638e-05, 'generated': None}
RM-Multi step 3775 loss {'base_context': 7.431724501202538e-11, 'temporal': None, 'weak_context': 4.5641142165024455e-15, 'generated': None}
RM-Multi step 3800 loss {'base_context': 1.245419475878138e-13, 'temporal': None, 'weak_context': 1.279433605358066e-16, 'generated': None}
RM-Multi step 3825 loss {'base_context': 2.527688768400819e-07, 'temporal': None, 'weak_context': 5.1942023598927634e-11, 'generated': None}
RM-Multi step 3850 loss {'base_context': 1.0607392351633105e-10, 'temporal': None, 'weak_context': 5.070111001259647e-06, 'generated': None}
RM-Multi step 3875 loss {'base_context': 4.70652536943561e-08, 'temporal': None, 'weak_context': 4.49545539682461e-11, 'generated': None}
RM-Multi step 3900 loss {'base_context': 1.1232319215362385e-09, 'temporal': None, 'weak_context': None, 'generated': None}
RM-Multi step 3925 loss {'base_context': 3.708110458865903e-07, 'temporal': None, 'weak_context': 8.227846703754555e-16, 'generated': None}
RM-Multi step 3950 loss {'base_context': 3.4804089121820425e-07, 'temporal': 0.000214876388781704, 'weak_context': 3.364331924160524e-09, 'generated': None}
RM-Multi step 3975 loss {'base_context': 2.1829433858643575e-05, 'temporal': None, 'weak_context': 7.926798417656755e-08, 'generated': None}
RM-Multi step 4000 loss {'base_context': 1.8645492984826974e-08, 'temporal': 1.1139156633111456e-19, 'weak_context': 0.009632715955376625, 'generated': None}
RM-Multi SELECTED 1000
