RM-Paired step 1 loss {'base_context': 0.6968291699886322, 'temporal': None, 'weak_context': None, 'generated': None}
RM-Paired step 25 loss {'base_context': 0.6604533270001411, 'temporal': None, 'weak_context': None, 'generated': None}
RM-Paired step 50 loss {'base_context': 0.6838001757860184, 'temporal': None, 'weak_context': None, 'generated': None}
RM-Paired step 75 loss {'base_context': 0.6861557289958, 'temporal': None, 'weak_context': None, 'generated': None}
RM-Paired step 100 loss {'base_context': 0.6841891258955002, 'temporal': None, 'weak_context': None, 'generated': None}
RM-Paired step 125 loss {'base_context': 0.5157074928283691, 'temporal': 0.7140018939971924, 'weak_context': None, 'generated': None}
RM-Paired step 150 loss {'base_context': 0.44885358214378357, 'temporal': None, 'weak_context': None, 'generated': None}
RM-Paired step 175 loss {'base_context': 0.6093454211950302, 'temporal': None, 'weak_context': None, 'generated': None}
RM-Paired step 200 loss {'base_context': 0.46829175017774105, 'temporal': None, 'weak_context': None, 'generated': None}
RM-Paired step 225 loss {'base_context': 0.1795325204730034, 'temporal': None, 'weak_context': None, 'generated': None}
RM-Paired step 250 loss {'base_context': 0.033738302532583475, 'temporal': None, 'weak_context': None, 'generated': None}
RM-Paired step 275 loss {'base_context': 0.13202013354748487, 'temporal': None, 'weak_context': None, 'generated': None}
RM-Paired step 300 loss {'base_context': 0.1824573976919055, 'temporal': None, 'weak_context': None, 'generated': None}
RM-Paired step 325 loss {'base_context': 0.027302741538733244, 'temporal': None, 'weak_context': None, 'generated': None}
RM-Paired step 350 loss {'base_context': 0.4440101720392704, 'temporal': None, 'weak_context': None, 'generated': None}
RM-Paired step 375 loss {'base_context': 0.005065209232270718, 'temporal': 0.44048741459846497, 'weak_context': None, 'generated': None}
RM-Paired step 400 loss {'base_context': 0.0030166943615768105, 'temporal': 0.5780124664306641, 'weak_context': None, 'generated': None}
RM-Paired step 425 loss {'base_context': 0.47564414399676025, 'temporal': 0.4319106936454773, 'weak_context': None, 'generated': None}
RM-Paired step 450 loss {'base_context': 0.027562521339859813, 'temporal': 0.6342726945877075, 'weak_context': None, 'generated': None}
RM-Paired step 475 loss {'base_context': 0.5320765654323623, 'temporal': None, 'weak_context': None, 'generated': None}
RM-Paired step 500 loss {'base_context': 0.008666995650855824, 'temporal': None, 'weak_context': None, 'generated': None}
RM-Paired step 525 loss {'base_context': 0.24924072704743594, 'temporal': None, 'weak_context': None, 'generated': None}
RM-Paired step 550 loss {'base_context': 0.0006992430480750045, 'temporal': None, 'weak_context': None, 'generated': None}
RM-Paired step 575 loss {'base_context': 0.34894198332040105, 'temporal': None, 'weak_context': None, 'generated': None}
RM-Paired step 600 loss {'base_context': 9.501090198682505e-05, 'temporal': 0.6362727880477905, 'weak_context': None, 'generated': None}
RM-Paired step 625 loss {'base_context': 8.617416096967645e-05, 'temporal': None, 'weak_context': None, 'generated': None}
RM-Paired step 650 loss {'base_context': 0.00024309477489836695, 'temporal': None, 'weak_context': None, 'generated': None}
RM-Paired step 675 loss {'base_context': 0.00017987892351811752, 'temporal': 0.1888321042060852, 'weak_context': None, 'generated': None}
RM-Paired step 700 loss {'base_context': 0.0003281891009123683, 'temporal': None, 'weak_context': None, 'generated': None}
RM-Paired step 725 loss {'base_context': 3.6359645491756964e-05, 'temporal': None, 'weak_context': None, 'generated': None}
RM-Paired step 750 loss {'base_context': 0.00014930785346223274, 'temporal': 0.26480045914649963, 'weak_context': None, 'generated': None}
RM-Paired step 775 loss {'base_context': 0.00021516095875995234, 'temporal': None, 'weak_context': None, 'generated': None}
RM-Paired step 800 loss {'base_context': 0.00010191837645834312, 'temporal': 0.3076470196247101, 'weak_context': None, 'generated': None}
RM-Paired step 825 loss {'base_context': 6.300719212504191e-05, 'temporal': None, 'weak_context': None, 'generated': None}
RM-Paired step 850 loss {'base_context': 0.0028774416055057372, 'temporal': None, 'weak_context': None, 'generated': None}
RM-Paired step 875 loss {'base_context': 0.0001626531970941869, 'temporal': None, 'weak_context': None, 'generated': None}
RM-Paired step 900 loss {'base_context': 1.5915138007471796e-06, 'temporal': None, 'weak_context': None, 'generated': None}
RM-Paired step 925 loss {'base_context': 0.00014011145333370223, 'temporal': None, 'weak_context': None, 'generated': None}
RM-Paired step 950 loss {'base_context': 3.419274992211285e-05, 'temporal': None, 'weak_context': None, 'generated': None}
RM-Paired step 975 loss {'base_context': 4.656226138521902e-05, 'temporal': None, 'weak_context': None, 'generated': None}
RM-Paired step 1000 loss {'base_context': 4.123728222485412e-05, 'temporal': None, 'weak_context': None, 'generated': None}
Traceback (most recent call last):
  File "/home/zhengshiyi/.local/share/uv/python/cpython-3.10.19-linux-x86_64-gnu/lib/python3.10/runpy.py", line 196, in _run_module_as_main
    return _run_code(code, main_globals, None,
  File "/home/zhengshiyi/.local/share/uv/python/cpython-3.10.19-linux-x86_64-gnu/lib/python3.10/runpy.py", line 86, in _run_code
    exec(code, run_globals)
  File "/home/zhengshiyi/react2025_new/reaction_reward/train.py", line 58, in <module>
    p=argparse.ArgumentParser();p.add_argument('--arm',choices=ARMS,required=True);main(p.parse_args().arm)
  File "/home/zhengshiyi/react2025_new/reaction_reward/train.py", line 46, in main
    save(dest/'checkpoints'/f'step_{step+1:06d}.pt',state);pred=evaluate(model,data,cal);write(dest/f'cal_{step+1:06d}.json',pred)
  File "/home/zhengshiyi/react2025_new/.venv/lib/python3.10/site-packages/torch/utils/_contextlib.py", line 115, in decorate_context
    return func(*args, **kwargs)
  File "/home/zhengshiyi/react2025_new/reaction_reward/train.py", line 21, in evaluate
    part=rs[start:start+8];ds=difference(model,data,part,family).cpu().tolist()
  File "/home/zhengshiyi/react2025_new/reaction_reward/train.py", line 12, in difference
    a=score(model,data,rows,'A');b=score(model,data,rows,'B');d=a-b;return d[:,0] if family in ['base_context','weak_context'] else d[:,1] if family=='temporal' else d.sum(-1)
  File "/home/zhengshiyi/react2025_new/reaction_reward/train.py", line 10, in score
    def score(model,data,rows,key):return model(*data.batch(rows,key))
  File "/home/zhengshiyi/react2025_new/reaction_reward/data.py", line 23, in batch
    n=r['n'];x,t=self.source(r['source'],r['start'],n);y,u=self.target(r[which],n);assert len(x)==len(y)==n;xs.append(x);ys.append(y);xt.append(t);yt.append(u);ns.append(n)
AssertionError
RM-Paired step 1025 loss {'base_context': 6.887299754509968e-06, 'temporal': None, 'weak_context': None, 'generated': None}
RM-Paired step 1050 loss {'base_context': 1.3932425009688387e-05, 'temporal': 1.885029945469796e-07, 'weak_context': None, 'generated': None}
RM-Paired step 1075 loss {'base_context': 0.11808485739175012, 'temporal': None, 'weak_context': None, 'generated': None}
RM-Paired step 1100 loss {'base_context': 0.015513997122980072, 'temporal': None, 'weak_context': None, 'generated': None}
RM-Paired step 1125 loss {'base_context': 5.694913352272124e-05, 'temporal': 0.00034290074836462736, 'weak_context': None, 'generated': None}
RM-Paired step 1150 loss {'base_context': 0.002049221871516238, 'temporal': None, 'weak_context': None, 'generated': None}
RM-Paired step 1175 loss {'base_context': 0.009798711121531967, 'temporal': None, 'weak_context': None, 'generated': None}
RM-Paired step 1200 loss {'base_context': 0.00042203335387114294, 'temporal': None, 'weak_context': None, 'generated': None}
RM-Paired step 1225 loss {'base_context': 2.1619388945737228e-08, 'temporal': 0.0018571572145447135, 'weak_context': None, 'generated': None}
RM-Paired step 1250 loss {'base_context': 2.52273260761271e-05, 'temporal': None, 'weak_context': None, 'generated': None}
RM-Paired step 1275 loss {'base_context': 1.223955057694237e-06, 'temporal': None, 'weak_context': None, 'generated': None}
RM-Paired step 1300 loss {'base_context': 0.0006830316242059098, 'temporal': 5.336286449164618e-06, 'weak_context': None, 'generated': None}
RM-Paired step 1325 loss {'base_context': 0.0002715784395661558, 'temporal': None, 'weak_context': None, 'generated': None}
RM-Paired step 1350 loss {'base_context': 1.4861206381056036e-06, 'temporal': None, 'weak_context': None, 'generated': None}
RM-Paired step 1375 loss {'base_context': 3.555437615432311e-07, 'temporal': None, 'weak_context': None, 'generated': None}
RM-Paired step 1400 loss {'base_context': 0.0021101746388012543, 'temporal': None, 'weak_context': None, 'generated': None}
RM-Paired step 1425 loss {'base_context': 0.0004215129063140921, 'temporal': 3.622083397658571e-07, 'weak_context': None, 'generated': None}
RM-Paired step 1450 loss {'base_context': 5.3768014538491116e-05, 'temporal': None, 'weak_context': None, 'generated': None}
RM-Paired step 1475 loss {'base_context': 6.548092468250388e-06, 'temporal': None, 'weak_context': None, 'generated': None}
RM-Paired step 1500 loss {'base_context': 1.8744561714356678e-05, 'temporal': 1.0371438747824868e-06, 'weak_context': None, 'generated': None}
RM-Paired step 1525 loss {'base_context': 1.8317090564323735e-06, 'temporal': 5.957159601166495e-07, 'weak_context': None, 'generated': None}
RM-Paired step 1550 loss {'base_context': 1.9523018358114097e-05, 'temporal': 1.0298379926609869e-08, 'weak_context': None, 'generated': None}
RM-Paired step 1575 loss {'base_context': 3.2666224853983294e-06, 'temporal': None, 'weak_context': None, 'generated': None}
RM-Paired step 1600 loss {'base_context': 9.63988736657484e-06, 'temporal': None, 'weak_context': None, 'generated': None}
RM-Paired step 1625 loss {'base_context': 7.639257047387105e-06, 'temporal': 5.956985091870592e-07, 'weak_context': None, 'generated': None}
RM-Paired step 1650 loss {'base_context': 2.4319199458151678e-06, 'temporal': None, 'weak_context': None, 'generated': None}
RM-Paired step 1675 loss {'base_context': 7.868111069342376e-07, 'temporal': None, 'weak_context': None, 'generated': None}
RM-Paired step 1700 loss {'base_context': 2.2082621331520613e-07, 'temporal': None, 'weak_context': None, 'generated': None}
RM-Paired step 1725 loss {'base_context': 1.902187278801648e-07, 'temporal': None, 'weak_context': None, 'generated': None}
RM-Paired step 1750 loss {'base_context': 3.3115242743519957e-06, 'temporal': None, 'weak_context': None, 'generated': None}
RM-Paired step 1775 loss {'base_context': 2.3058707656065103e-06, 'temporal': 1.0884452228410169e-09, 'weak_context': None, 'generated': None}
RM-Paired step 1800 loss {'base_context': 0.0007764175188640365, 'temporal': None, 'weak_context': None, 'generated': None}
RM-Paired step 1825 loss {'base_context': 0.02527364419074729, 'temporal': 0.1331736445426941, 'weak_context': None, 'generated': None}
RM-Paired step 1850 loss {'base_context': 1.1199316389820524e-06, 'temporal': None, 'weak_context': None, 'generated': None}
RM-Paired step 1875 loss {'base_context': 3.939095165605977e-07, 'temporal': None, 'weak_context': None, 'generated': None}
RM-Paired step 1900 loss {'base_context': 2.069356060019345e-05, 'temporal': 1.282410124758826e-07, 'weak_context': None, 'generated': None}
RM-Paired step 1925 loss {'base_context': 4.4163404323708036e-07, 'temporal': None, 'weak_context': None, 'generated': None}
RM-Paired step 1950 loss {'base_context': 3.5609727083371623e-07, 'temporal': None, 'weak_context': None, 'generated': None}
RM-Paired step 1975 loss {'base_context': 1.566260084295834e-06, 'temporal': None, 'weak_context': None, 'generated': None}
RM-Paired step 2000 loss {'base_context': 4.6166936158442695e-06, 'temporal': None, 'weak_context': None, 'generated': None}
RM-Paired step 2025 loss {'base_context': 2.2252691034285732e-07, 'temporal': None, 'weak_context': None, 'generated': None}
RM-Paired step 2050 loss {'base_context': 1.3602802678529258e-07, 'temporal': None, 'weak_context': None, 'generated': None}
RM-Paired step 2075 loss {'base_context': 1.4248324760046671e-06, 'temporal': None, 'weak_context': None, 'generated': None}
RM-Paired step 2100 loss {'base_context': 2.821858480217543e-07, 'temporal': 1.1827668089381405e-07, 'weak_context': None, 'generated': None}
RM-Paired step 2125 loss {'base_context': 7.539400410094821e-07, 'temporal': None, 'weak_context': None, 'generated': None}
RM-Paired step 2150 loss {'base_context': 2.190742605989726e-06, 'temporal': 8.506697213306325e-07, 'weak_context': None, 'generated': None}
RM-Paired step 2175 loss {'base_context': 3.82217779919692e-09, 'temporal': None, 'weak_context': None, 'generated': None}
RM-Paired step 2200 loss {'base_context': 5.153665977308819e-07, 'temporal': None, 'weak_context': None, 'generated': None}
RM-Paired step 2225 loss {'base_context': 3.3016543738995097e-06, 'temporal': None, 'weak_context': None, 'generated': None}
RM-Paired step 2250 loss {'base_context': 7.80077688528058e-07, 'temporal': None, 'weak_context': None, 'generated': None}
RM-Paired step 2275 loss {'base_context': 2.3390615777607593e-07, 'temporal': None, 'weak_context': None, 'generated': None}
RM-Paired step 2300 loss {'base_context': 5.672880902807265e-07, 'temporal': 3.1016295451991027e-06, 'weak_context': None, 'generated': None}
RM-Paired step 2325 loss {'base_context': 7.381714972609643e-08, 'temporal': 4.184387307759607e-07, 'weak_context': None, 'generated': None}
RM-Paired step 2350 loss {'base_context': 2.5372101042364648e-06, 'temporal': 1.7453003238188103e-06, 'weak_context': None, 'generated': None}
RM-Paired step 2375 loss {'base_context': 2.1022990760949725e-07, 'temporal': 1.2695310260824044e-06, 'weak_context': None, 'generated': None}
RM-Paired step 2400 loss {'base_context': 4.050951171393619e-06, 'temporal': 1.173145051325264e-06, 'weak_context': None, 'generated': None}
RM-Paired step 2425 loss {'base_context': 2.550001656498324e-07, 'temporal': 6.892184600815199e-10, 'weak_context': None, 'generated': None}
RM-Paired step 2450 loss {'base_context': 4.247484667985191e-06, 'temporal': None, 'weak_context': None, 'generated': None}
RM-Paired step 2475 loss {'base_context': 2.9884256114165453e-07, 'temporal': None, 'weak_context': None, 'generated': None}
RM-Paired step 2500 loss {'base_context': 2.2108637267592712e-06, 'temporal': 5.3800082611132893e-08, 'weak_context': None, 'generated': None}
RM-Paired step 2525 loss {'base_context': 1.7012843329666794e-06, 'temporal': None, 'weak_context': None, 'generated': None}
RM-Paired step 2550 loss {'base_context': 2.996897312534941e-07, 'temporal': 2.6491511562198866e-07, 'weak_context': None, 'generated': None}
RM-Paired step 2575 loss {'base_context': 1.623759986468798e-07, 'temporal': None, 'weak_context': None, 'generated': None}
RM-Paired step 2600 loss {'base_context': 9.530976452509776e-08, 'temporal': 6.100160732103177e-08, 'weak_context': None, 'generated': None}
RM-Paired step 2625 loss {'base_context': 1.6042579761149645e-08, 'temporal': None, 'weak_context': None, 'generated': None}
RM-Paired step 2650 loss {'base_context': 2.9030970116750154e-07, 'temporal': None, 'weak_context': None, 'generated': None}
RM-Paired step 2675 loss {'base_context': 2.5689836938291855e-08, 'temporal': None, 'weak_context': None, 'generated': None}
RM-Paired step 2700 loss {'base_context': 1.8928064129397626e-06, 'temporal': None, 'weak_context': None, 'generated': None}
RM-Paired step 2725 loss {'base_context': 7.129655354987108e-08, 'temporal': None, 'weak_context': None, 'generated': None}
RM-Paired step 2750 loss {'base_context': 1.2660797504837618e-07, 'temporal': None, 'weak_context': None, 'generated': None}
RM-Paired step 2775 loss {'base_context': 2.980345845671195e-07, 'temporal': None, 'weak_context': None, 'generated': None}
RM-Paired step 2800 loss {'base_context': 1.7118003419192007e-06, 'temporal': None, 'weak_context': None, 'generated': None}
RM-Paired step 2825 loss {'base_context': 1.4545568305379675e-08, 'temporal': 5.1591605370049365e-06, 'weak_context': None, 'generated': None}
RM-Paired step 2850 loss {'base_context': 6.768760362763082e-07, 'temporal': None, 'weak_context': None, 'generated': None}
RM-Paired step 2875 loss {'base_context': 9.487247871753368e-07, 'temporal': 1.5592107160955493e-07, 'weak_context': None, 'generated': None}
RM-Paired step 2900 loss {'base_context': 1.9651796989705872e-07, 'temporal': None, 'weak_context': None, 'generated': None}
RM-Paired step 2925 loss {'base_context': 5.265722250891863e-07, 'temporal': 3.354032003244356e-07, 'weak_context': None, 'generated': None}
RM-Paired step 2950 loss {'base_context': 3.1534900950063414e-07, 'temporal': None, 'weak_context': None, 'generated': None}
RM-Paired step 2975 loss {'base_context': 3.987433316865463e-07, 'temporal': None, 'weak_context': None, 'generated': None}
RM-Paired step 3000 loss {'base_context': 1.0872838762665538e-07, 'temporal': 1.319634338869946e-05, 'weak_context': None, 'generated': None}
RM-Paired step 3025 loss {'base_context': 9.183817344417256e-07, 'temporal': None, 'weak_context': None, 'generated': None}
RM-Paired step 3050 loss {'base_context': 2.1546226054020012e-07, 'temporal': None, 'weak_context': None, 'generated': None}
RM-Paired step 3075 loss {'base_context': 3.3710162078426364e-07, 'temporal': None, 'weak_context': None, 'generated': None}
RM-Paired step 3100 loss {'base_context': 1.2093650747502238e-07, 'temporal': None, 'weak_context': None, 'generated': None}
RM-Paired step 3125 loss {'base_context': 5.277034076378584e-08, 'temporal': None, 'weak_context': None, 'generated': None}
RM-Paired step 3150 loss {'base_context': 1.4067363198983027e-06, 'temporal': None, 'weak_context': None, 'generated': None}
RM-Paired step 3175 loss {'base_context': 3.810857346353558e-08, 'temporal': None, 'weak_context': None, 'generated': None}
RM-Paired step 3200 loss {'base_context': 1.3983154173100032e-07, 'temporal': None, 'weak_context': None, 'generated': None}
RM-Paired step 3225 loss {'base_context': 1.1854992816584531e-07, 'temporal': None, 'weak_context': None, 'generated': None}
RM-Paired step 3250 loss {'base_context': 3.119696643238967e-07, 'temporal': None, 'weak_context': None, 'generated': None}
RM-Paired step 3275 loss {'base_context': 6.305227584491035e-08, 'temporal': 2.557943048486777e-07, 'weak_context': None, 'generated': None}
RM-Paired step 3300 loss {'base_context': 3.1443540299269657e-08, 'temporal': None, 'weak_context': None, 'generated': None}
RM-Paired step 3325 loss {'base_context': 9.339373817085495e-07, 'temporal': 6.382642823155038e-07, 'weak_context': None, 'generated': None}
RM-Paired step 3350 loss {'base_context': 3.544899340734986e-08, 'temporal': None, 'weak_context': None, 'generated': None}
RM-Paired step 3375 loss {'base_context': 4.624804927910731e-09, 'temporal': None, 'weak_context': None, 'generated': None}
RM-Paired step 3400 loss {'base_context': 1.6574005856639928e-07, 'temporal': None, 'weak_context': None, 'generated': None}
RM-Paired step 3425 loss {'base_context': 1.5228424032898147e-07, 'temporal': None, 'weak_context': None, 'generated': None}
RM-Paired step 3450 loss {'base_context': 4.3543032773657106e-07, 'temporal': 2.299598879373921e-12, 'weak_context': None, 'generated': None}
RM-Paired step 3475 loss {'base_context': 7.355375086781635e-08, 'temporal': None, 'weak_context': None, 'generated': None}
RM-Paired step 3500 loss {'base_context': 2.9132996814951184e-07, 'temporal': 5.773725386681861e-10, 'weak_context': None, 'generated': None}
RM-Paired step 3525 loss {'base_context': 9.379157095423807e-08, 'temporal': None, 'weak_context': None, 'generated': None}
RM-Paired step 3550 loss {'base_context': 1.0882424366087662e-06, 'temporal': None, 'weak_context': None, 'generated': None}
RM-Paired step 3575 loss {'base_context': 1.2564387836255797e-06, 'temporal': None, 'weak_context': None, 'generated': None}
RM-Paired step 3600 loss {'base_context': 7.948315108863291e-07, 'temporal': 2.2737183229953883e-12, 'weak_context': None, 'generated': None}
RM-Paired step 3625 loss {'base_context': 2.606784630931891e-07, 'temporal': None, 'weak_context': None, 'generated': None}
RM-Paired step 3650 loss {'base_context': 4.885852105118715e-07, 'temporal': None, 'weak_context': None, 'generated': None}
RM-Paired step 3675 loss {'base_context': 3.360534972518536e-08, 'temporal': None, 'weak_context': None, 'generated': None}
RM-Paired step 3700 loss {'base_context': 7.554323503966565e-07, 'temporal': None, 'weak_context': None, 'generated': None}
RM-Paired step 3725 loss {'base_context': 2.8856333678106694e-07, 'temporal': 2.1994477350517627e-08, 'weak_context': None, 'generated': None}
RM-Paired step 3750 loss {'base_context': 1.3805476106742987e-07, 'temporal': 7.146843472582987e-08, 'weak_context': None, 'generated': None}
RM-Paired step 3775 loss {'base_context': 1.513692426888258e-07, 'temporal': None, 'weak_context': None, 'generated': None}
RM-Paired step 3800 loss {'base_context': 1.7431847965099223e-08, 'temporal': None, 'weak_context': None, 'generated': None}
RM-Paired step 3825 loss {'base_context': 1.541504417446049e-07, 'temporal': None, 'weak_context': None, 'generated': None}
RM-Paired step 3850 loss {'base_context': 3.6429624827860607e-07, 'temporal': None, 'weak_context': None, 'generated': None}
RM-Paired step 3875 loss {'base_context': 5.300039696010117e-07, 'temporal': None, 'weak_context': None, 'generated': None}
RM-Paired step 3900 loss {'base_context': 3.555078755823615e-07, 'temporal': None, 'weak_context': None, 'generated': None}
RM-Paired step 3925 loss {'base_context': 7.75053421442351e-09, 'temporal': None, 'weak_context': None, 'generated': None}
RM-Paired step 3950 loss {'base_context': 8.578236143641504e-08, 'temporal': 6.853507272808201e-08, 'weak_context': None, 'generated': None}
RM-Paired step 3975 loss {'base_context': 4.72445033871359e-07, 'temporal': None, 'weak_context': None, 'generated': None}
RM-Paired step 4000 loss {'base_context': 6.482616525527174e-07, 'temporal': 4.2585451831556043e-10, 'weak_context': None, 'generated': None}
RM-Paired SELECTED 1000
